Archive member included to satisfy reference by file (symbol)

c:\Users\Spencer\Desktop\Keyboard\Firmware\BadgersRunFirmware\Build/core\core.a(gcc_startup_nrf52.S.o)
                              (Reset_Handler)
c:\Users\Spencer\Desktop\Keyboard\Firmware\BadgersRunFirmware\Build/core\core.a(system_nrf52.c.o)
                              c:\Users\Spencer\Desktop\Keyboard\Firmware\BadgersRunFirmware\Build/core\core.a(gcc_startup_nrf52.S.o) (SystemInit)
c:\Users\Spencer\Desktop\Keyboard\Firmware\BadgersRunFirmware\Build/core\core.a(wiring_digital.c.o)
                              c:\Users\Spencer\Desktop\Keyboard\Firmware\BadgersRunFirmware\Build\sketch\keyboard.ino.cpp.o (pinMode)
c:\Users\Spencer\Desktop\Keyboard\Firmware\BadgersRunFirmware\Build/core\core.a(main.cpp.o)
                              c:/users/spencer/appdata/local/arduino15/packages/adafruit/tools/arm-none-eabi-gcc/9-2019q4/bin/../lib/gcc/arm-none-eabi/9.2.1/../../../../arm-none-eabi/lib/thumb/v7e-m+fp/hard/crt0.o (main)
c:\Users\Spencer\Desktop\Keyboard\Firmware\BadgersRunFirmware\Build/core\core.a(rtos.cpp.o)
                              c:\Users\Spencer\Desktop\Keyboard\Firmware\BadgersRunFirmware\Build/core\core.a(main.cpp.o) (yield)
c:\Users\Spencer\Desktop\Keyboard\Firmware\BadgersRunFirmware\Build/core\core.a(debug.cpp.o)
                              c:\Users\Spencer\Desktop\Keyboard\Firmware\BadgersRunFirmware\Build/core\core.a(main.cpp.o) (dbgPrintVersion)
c:\Users\Spencer\Desktop\Keyboard\Firmware\BadgersRunFirmware\Build/core\core.a(heap_3.c.o)
                              c:\Users\Spencer\Desktop\Keyboard\Firmware\BadgersRunFirmware\Build/core\core.a(debug.cpp.o) (pvPortMalloc)
c:\Users\Spencer\Desktop\Keyboard\Firmware\BadgersRunFirmware\Build/core\core.a(tasks.c.o)
                              c:\Users\Spencer\Desktop\Keyboard\Firmware\BadgersRunFirmware\Build/core\core.a(main.cpp.o) (xTaskCreate)
c:\Users\Spencer\Desktop\Keyboard\Firmware\BadgersRunFirmware\Build/core\core.a(timers.c.o)
                              c:\Users\Spencer\Desktop\Keyboard\Firmware\BadgersRunFirmware\Build/core\core.a(tasks.c.o) (xTimerCreateTimerTask)
c:\Users\Spencer\Desktop\Keyboard\Firmware\BadgersRunFirmware\Build/core\core.a(port_cmsis.c.o)
                              c:\Users\Spencer\Desktop\Keyboard\Firmware\BadgersRunFirmware\Build/core\core.a(tasks.c.o) (pxPortInitialiseStack)
c:\Users\Spencer\Desktop\Keyboard\Firmware\BadgersRunFirmware\Build/core\core.a(port_cmsis_systick.c.o)
                              c:\Users\Spencer\Desktop\Keyboard\Firmware\BadgersRunFirmware\Build/core\core.a(port_cmsis.c.o) (vPortSetupTimerInterrupt)
c:\Users\Spencer\Desktop\Keyboard\Firmware\BadgersRunFirmware\Build/core\core.a(port.c.o)
                              c:\Users\Spencer\Desktop\Keyboard\Firmware\BadgersRunFirmware\Build/core\core.a(port_cmsis.c.o) (vPortStartFirstTask)
c:\Users\Spencer\Desktop\Keyboard\Firmware\BadgersRunFirmware\Build/core\core.a(hooks.c.o)
                              c:\Users\Spencer\Desktop\Keyboard\Firmware\BadgersRunFirmware\Build/core\core.a(tasks.c.o) (vApplicationIdleHook)
c:\Users\Spencer\Desktop\Keyboard\Firmware\BadgersRunFirmware\Build/core\core.a(AdaCallback.c.o)
                              c:\Users\Spencer\Desktop\Keyboard\Firmware\BadgersRunFirmware\Build/core\core.a(main.cpp.o) (ada_callback_init)
c:\Users\Spencer\Desktop\Keyboard\Firmware\BadgersRunFirmware\Build/core\core.a(utilities.c.o)
                              c:\Users\Spencer\Desktop\Keyboard\Firmware\BadgersRunFirmware\Build/core\core.a(debug.cpp.o) (lookup_find)
c:\Users\Spencer\Desktop\Keyboard\Firmware\BadgersRunFirmware\Build/core\core.a(wiring.c.o)
                              c:\Users\Spencer\Desktop\Keyboard\Firmware\BadgersRunFirmware\Build/core\core.a(main.cpp.o) (init)
c:\Users\Spencer\Desktop\Keyboard\Firmware\BadgersRunFirmware\Build/core\core.a(Uart.cpp.o)
                              c:\Users\Spencer\Desktop\Keyboard\Firmware\BadgersRunFirmware\Build/core\core.a(main.cpp.o) (Uart::write(unsigned char const*, unsigned int))
c:\Users\Spencer\Desktop\Keyboard\Firmware\BadgersRunFirmware\Build/core\core.a(list.c.o)
                              c:\Users\Spencer\Desktop\Keyboard\Firmware\BadgersRunFirmware\Build/core\core.a(tasks.c.o) (vListInitialise)
c:\Users\Spencer\Desktop\Keyboard\Firmware\BadgersRunFirmware\Build/core\core.a(queue.c.o)
                              c:\Users\Spencer\Desktop\Keyboard\Firmware\BadgersRunFirmware\Build/core\core.a(timers.c.o) (xQueueGenericCreateStatic)
c:\Users\Spencer\Desktop\Keyboard\Firmware\BadgersRunFirmware\Build/core\core.a(RingBuffer.cpp.o)
                              c:\Users\Spencer\Desktop\Keyboard\Firmware\BadgersRunFirmware\Build/core\core.a(Uart.cpp.o) (RingBuffer::RingBuffer())
c:/users/spencer/appdata/local/arduino15/packages/adafruit/tools/arm-none-eabi-gcc/9-2019q4/bin/../lib/gcc/arm-none-eabi/9.2.1/../../../../arm-none-eabi/lib/thumb/v7e-m+fp/hard\libc_nano.a(lib_a-exit.o)
[...]
Memory Configuration

Name             Origin             Length             Attributes
FLASH            0x00026000         0x00047000         xr
RAM              0x20003600         0x0000ca00         xrw
*default*        0x00000000         0xffffffff

Linker script and memory map

                0x00000800                __StackSize = 0x800
                0x20010000                PROVIDE (__StackTop = (ORIGIN (RAM) + LENGTH (RAM)))
                0x2000f800                PROVIDE (__StackLimit = (__StackTop - __StackSize))
                0x20010000                PROVIDE (__stack = __StackTop)
                0x00026000                __flash_arduino_start = ORIGIN (FLASH)
                0x0006d000                __flash_arduino_end = (ORIGIN (FLASH) + LENGTH (FLASH))

.text           0x00026000     0x7f8c
 *(.isr_vector)
 .isr_vector    0x00026000      0x200 c:\Users\Spencer\Desktop\Keyboard\Firmware\BadgersRunFirmware\Build/core\core.a(gcc_startup_nrf52.S.o)
                0x00026000                __isr_vector
 *(.text*)
 .text.startup  0x00026200       0x10 c:/users/spencer/appdata/local/arduino15/packages/adafruit/tools/arm-none-eabi-gcc/9-2019q4/bin/../lib/gcc/arm-none-eabi/9.2.1/thumb/v7e-m+fp/hard/crtfastmath.o
 .text          0x00026210       0x40 c:/users/spencer/appdata/local/arduino15/packages/adafruit/tools/arm-none-eabi-gcc/9-2019q4/bin/../lib/gcc/arm-none-eabi/9.2.1/thumb/v7e-m+fp/hard/crtbegin.o
 .text          0x00026250       0x74 c:/users/spencer/appdata/local/arduino15/packages/adafruit/tools/arm-none-eabi-gcc/9-2019q4/bin/../lib/gcc/arm-none-eabi/9.2.1/../../../../arm-none-eabi/lib/thumb/v7e-m+fp/hard/crt0.o
                0x00026250                _start
                0x00026250                _mainCRTStartup
 .text.setup    0x000262c4       0x4c c:\Users\Spencer\Desktop\Keyboard\Firmware\BadgersRunFirmware\Build\sketch\keyboard.ino.cpp.o
                0x000262c4                setup
 .text.loop     0x00026310       0x1c c:\Users\Spencer\Desktop\Keyboard\Firmware\BadgersRunFirmware\Build\sketch\keyboard.ino.cpp.o
                0x00026310                loop
 .text._Z11initVariantv
                0x0002632c       0x24 c:\Users\Spencer\Desktop\Keyboard\Firmware\BadgersRunFirmware\Build\core\variant.cpp.o
                0x0002632c                initVariant()
 .text          0x00026350       0x54 c:\Users\Spencer\Desktop\Keyboard\Firmware\BadgersRunFirmware\Build/core\core.a(gcc_startup_nrf52.S.o)
                0x00026350                Reset_Handler
                0x00026390                NMI_Handler
                0x00026394                MemoryManagement_Handler
                0x00026396                BusFault_Handler
                0x00026398                UsageFault_Handler
                0x0002639c                DebugMon_Handler
                0x000263a0                SysTick_Handler
                0x000263a2                SWI0_EGU0_IRQHandler
                0x000263a2                POWER_CLOCK_IRQHandler
                0x000263a2                RADIO_IRQHandler
                0x000263a2                PWM1_IRQHandler
                0x000263a2                GPIOTE_IRQHandler
                0x000263a2                TEMP_IRQHandler
                0x000263a2                QDEC_IRQHandler
                0x000263a2                TIMER3_IRQHandler
                0x000263a2                FPU_IRQHandler
                0x000263a2                SPIM0_SPIS0_TWIM0_TWIS0_SPI0_TWI0_IRQHandler
                0x000263a2                PDM_IRQHandler
                0x000263a2                TIMER4_IRQHandler
                0x000263a2                I2S_IRQHandler
                0x000263a2                RTC0_IRQHandler
                0x000263a2                TIMER0_IRQHandler
                0x000263a2                SWI2_EGU2_IRQHandler
                0x000263a2                TIMER1_IRQHandler
                0x000263a2                PWM2_IRQHandler
                0x000263a2                ECB_IRQHandler
                0x000263a2                SPIM1_SPIS1_TWIM1_TWIS1_SPI1_TWI1_IRQHandler
                0x000263a2                Default_Handler
                0x000263a2                SAADC_IRQHandler
                0x000263a2                CCM_AAR_IRQHandler
                0x000263a2                WDT_IRQHandler
                0x000263a2                SWI5_EGU5_IRQHandler
                0x000263a2                RNG_IRQHandler
                0x000263a2                RTC2_IRQHandler
                0x000263a2                PWM0_IRQHandler
                0x000263a2                SWI3_EGU3_IRQHandler
                0x000263a2                SWI1_EGU1_IRQHandler
                0x000263a2                SPIM2_SPIS2_SPI2_IRQHandler
                0x000263a2                NFCT_IRQHandler
                0x000263a2                SWI4_EGU4_IRQHandler
                0x000263a2                MWU_IRQHandler
                0x000263a2                TIMER2_IRQHandler
                0x000263a2                COMP_LPCOMP_IRQHandler
 .text.SystemInit
                0x000263a4      0x388 c:\Users\Spencer\Desktop\Keyboard\Firmware\BadgersRunFirmware\Build/core\core.a(system_nrf52.c.o)
                0x000263a4                SystemInit
 .text.pinMode  0x0002672c       0x84 c:\Users\Spencer\Desktop\Keyboard\Firmware\BadgersRunFirmware\Build/core\core.a(wiring_digital.c.o)
                0x0002672c                pinMode
 .text.digitalWrite
                0x000267b0       0x2c c:\Users\Spencer\Desktop\Keyboard\Firmware\BadgersRunFirmware\Build/core\core.a(wiring_digital.c.o)
                0x000267b0                digitalWrite
 .text.digitalRead
                0x000267dc       0x34 c:\Users\Spencer\Desktop\Keyboard\Firmware\BadgersRunFirmware\Build/core\core.a(wiring_digital.c.o)
                0x000267dc                digitalRead
 .text.ledOff   0x00026810       0x1c c:\Users\Spencer\Desktop\Keyboard\Firmware\BadgersRunFirmware\Build/core\core.a(wiring_digital.c.o)
                0x00026810                ledOff
 .text._Z19Bluefruit_printInfov
                0x0002682c        0x4 c:\Users\Spencer\Desktop\Keyboard\Firmware\BadgersRunFirmware\Build/core\core.a(main.cpp.o)
                0x0002682c                Bluefruit_printInfo()
 .text.startup.main
                0x00026830       0x5c c:\Users\Spencer\Desktop\Keyboard\Firmware\BadgersRunFirmware\Build/core\core.a(main.cpp.o)
                0x00026830                main
 .text._ZL9loop_taskPv
                0x0002688c       0x74 c:\Users\Spencer\Desktop\Keyboard\Firmware\BadgersRunFirmware\Build/core\core.a(main.cpp.o)
 .text._write   0x00026900       0x14 c:\Users\Spencer\Desktop\Keyboard\Firmware\BadgersRunFirmware\Build/core\core.a(main.cpp.o)
                0x00026900                _write
 .text.yield    0x00026914       0x18 c:\Users\Spencer\Desktop\Keyboard\Firmware\BadgersRunFirmware\Build/core\core.a(rtos.cpp.o)
                0x00026914                yield
 .text.vApplicationStackOverflowHook
                0x0002692c       0x40 c:\Users\Spencer\Desktop\Keyboard\Firmware\BadgersRunFirmware\Build/core\core.a(rtos.cpp.o)
                0x0002692c                vApplicationStackOverflowHook
 .text.vApplicationMallocFailedHook
                0x0002696c       0x44 c:\Users\Spencer\Desktop\Keyboard\Firmware\BadgersRunFirmware\Build/core\core.a(rtos.cpp.o)
                0x0002696c                vApplicationMallocFailedHook
 .text.vApplicationGetIdleTaskMemory
                0x000269b0       0x1c c:\Users\Spencer\Desktop\Keyboard\Firmware\BadgersRunFirmware\Build/core\core.a(rtos.cpp.o)
                0x000269b0                vApplicationGetIdleTaskMemory
 .text.vApplicationGetTimerTaskMemory
                0x000269cc       0x20 c:\Users\Spencer\Desktop\Keyboard\Firmware\BadgersRunFirmware\Build/core\core.a(rtos.cpp.o)
                0x000269cc                vApplicationGetTimerTaskMemory
 .text.HardFault_Handler
                0x000269ec       0x24 c:\Users\Spencer\Desktop\Keyboard\Firmware\BadgersRunFirmware\Build/core\core.a(debug.cpp.o)
                0x000269ec                HardFault_Handler
 .text.dbgPrintVersion
                0x00026a10       0x3c c:\Users\Spencer\Desktop\Keyboard\Firmware\BadgersRunFirmware\Build/core\core.a(debug.cpp.o)
                0x00026a10                dbgPrintVersion
 .text.dbg_err_str
                0x00026a4c       0x2c c:\Users\Spencer\Desktop\Keyboard\Firmware\BadgersRunFirmware\Build/core\core.a(debug.cpp.o)
                0x00026a4c                dbg_err_str
 .text.pvPortMalloc
                0x00026a78       0x24 c:\Users\Spencer\Desktop\Keyboard\Firmware\BadgersRunFirmware\Build/core\core.a(heap_3.c.o)
                0x00026a78                pvPortMalloc
 .text.vPortFree
                0x00026a9c       0x1c c:\Users\Spencer\Desktop\Keyboard\Firmware\BadgersRunFirmware\Build/core\core.a(heap_3.c.o)
                0x00026a9c                vPortFree
 .text.prvAddNewTaskToReadyList
                0x00026ab8      0x124 c:\Users\Spencer\Desktop\Keyboard\Firmware\BadgersRunFirmware\Build/core\core.a(tasks.c.o)
 .text.xTaskCreateStatic
                0x00026bdc       0xe0 c:\Users\Spencer\Desktop\Keyboard\Firmware\BadgersRunFirmware\Build/core\core.a(tasks.c.o)
                0x00026bdc                xTaskCreateStatic
 .text.xTaskCreate
                0x00026cbc       0xf0 c:\Users\Spencer\Desktop\Keyboard\Firmware\BadgersRunFirmware\Build/core\core.a(tasks.c.o)
                0x00026cbc                xTaskCreate
 .text.vTaskStartScheduler
                0x00026dac       0xcc c:\Users\Spencer\Desktop\Keyboard\Firmware\BadgersRunFirmware\Build/core\core.a(tasks.c.o)
                0x00026dac                vTaskStartScheduler
 .text.vTaskSuspendAll
                0x00026e78       0x10 c:\Users\Spencer\Desktop\Keyboard\Firmware\BadgersRunFirmware\Build/core\core.a(tasks.c.o)
                0x00026e78                vTaskSuspendAll
 .text.xTaskGetTickCount
                0x00026e88        0xc c:\Users\Spencer\Desktop\Keyboard\Firmware\BadgersRunFirmware\Build/core\core.a(tasks.c.o)
                0x00026e88                xTaskGetTickCount
 .text.pcTaskGetName
                0x00026e94       0x14 c:\Users\Spencer\Desktop\Keyboard\Firmware\BadgersRunFirmware\Build/core\core.a(tasks.c.o)
                0x00026e94                pcTaskGetName
 .text.vTaskStepTick
                0x00026ea8       0x10 c:\Users\Spencer\Desktop\Keyboard\Firmware\BadgersRunFirmware\Build/core\core.a(tasks.c.o)
                0x00026ea8                vTaskStepTick
 .text.xTaskIncrementTick
                0x00026eb8      0x134 c:\Users\Spencer\Desktop\Keyboard\Firmware\BadgersRunFirmware\Build/core\core.a(tasks.c.o)
                0x00026eb8                xTaskIncrementTick
 .text.xTaskResumeAll
                0x00026fec      0x120 c:\Users\Spencer\Desktop\Keyboard\Firmware\BadgersRunFirmware\Build/core\core.a(tasks.c.o)
                0x00026fec                xTaskResumeAll
 .text.prvIdleTask
                0x0002710c      0x118 c:\Users\Spencer\Desktop\Keyboard\Firmware\BadgersRunFirmware\Build/core\core.a(tasks.c.o)
 .text.vTaskSwitchContext
                0x00027224       0xbc c:\Users\Spencer\Desktop\Keyboard\Firmware\BadgersRunFirmware\Build/core\core.a(tasks.c.o)
                0x00027224                vTaskSwitchContext
 .text.vTaskPlaceOnEventList
                0x000272e0       0x78 c:\Users\Spencer\Desktop\Keyboard\Firmware\BadgersRunFirmware\Build/core\core.a(tasks.c.o)
                0x000272e0                vTaskPlaceOnEventList
 .text.vTaskPlaceOnEventListRestricted
                0x00027358       0x80 c:\Users\Spencer\Desktop\Keyboard\Firmware\BadgersRunFirmware\Build/core\core.a(tasks.c.o)
                0x00027358                vTaskPlaceOnEventListRestricted
 .text.xTaskRemoveFromEventList
                0x000273d8       0xa4 c:\Users\Spencer\Desktop\Keyboard\Firmware\BadgersRunFirmware\Build/core\core.a(tasks.c.o)
                0x000273d8                xTaskRemoveFromEventList
 .text.vTaskInternalSetTimeOutState
                0x0002747c       0x18 c:\Users\Spencer\Desktop\Keyboard\Firmware\BadgersRunFirmware\Build/core\core.a(tasks.c.o)
                0x0002747c                vTaskInternalSetTimeOutState
 .text.xTaskCheckForTimeOut
                0x00027494       0x68 c:\Users\Spencer\Desktop\Keyboard\Firmware\BadgersRunFirmware\Build/core\core.a(tasks.c.o)
                0x00027494                xTaskCheckForTimeOut
 .text.vTaskMissedYield
                0x000274fc        0xc c:\Users\Spencer\Desktop\Keyboard\Firmware\BadgersRunFirmware\Build/core\core.a(tasks.c.o)
                0x000274fc                vTaskMissedYield
 .text.eTaskConfirmSleepModeStatus
                0x00027508       0x38 c:\Users\Spencer\Desktop\Keyboard\Firmware\BadgersRunFirmware\Build/core\core.a(tasks.c.o)
                0x00027508                eTaskConfirmSleepModeStatus
 .text.xTaskGetCurrentTaskHandle
                0x00027540        0xc c:\Users\Spencer\Desktop\Keyboard\Firmware\BadgersRunFirmware\Build/core\core.a(tasks.c.o)
                0x00027540                xTaskGetCurrentTaskHandle
 .text.xTaskGetSchedulerState
                0x0002754c       0x20 c:\Users\Spencer\Desktop\Keyboard\Firmware\BadgersRunFirmware\Build/core\core.a(tasks.c.o)
                0x0002754c                xTaskGetSchedulerState
 .text.xTaskPriorityInherit
                0x0002756c       0x8c c:\Users\Spencer\Desktop\Keyboard\Firmware\BadgersRunFirmware\Build/core\core.a(tasks.c.o)
                0x0002756c                xTaskPriorityInherit
 .text.xTaskPriorityDisinherit
                0x000275f8       0x60 c:\Users\Spencer\Desktop\Keyboard\Firmware\BadgersRunFirmware\Build/core\core.a(tasks.c.o)
                0x000275f8                xTaskPriorityDisinherit
 .text.vTaskPriorityDisinheritAfterTimeout
                0x00027658       0x74 c:\Users\Spencer\Desktop\Keyboard\Firmware\BadgersRunFirmware\Build/core\core.a(tasks.c.o)
                0x00027658                vTaskPriorityDisinheritAfterTimeout
 .text.pvTaskIncrementMutexHeldCount
                0x000276cc       0x18 c:\Users\Spencer\Desktop\Keyboard\Firmware\BadgersRunFirmware\Build/core\core.a(tasks.c.o)
                0x000276cc                pvTaskIncrementMutexHeldCount
 .text.prvSwitchTimerLists
                0x000276e4       0x88 c:\Users\Spencer\Desktop\Keyboard\Firmware\BadgersRunFirmware\Build/core\core.a(timers.c.o)
 .text.prvTimerTask
                0x0002776c      0x240 c:\Users\Spencer\Desktop\Keyboard\Firmware\BadgersRunFirmware\Build/core\core.a(timers.c.o)
 .text.xTimerCreateTimerTask
                0x000279ac       0xac c:\Users\Spencer\Desktop\Keyboard\Firmware\BadgersRunFirmware\Build/core\core.a(timers.c.o)
                0x000279ac                xTimerCreateTimerTask
 .text.prvTaskExitError
                0x00027a58        0x8 c:\Users\Spencer\Desktop\Keyboard\Firmware\BadgersRunFirmware\Build/core\core.a(port_cmsis.c.o)
 .text.pxPortInitialiseStack
                0x00027a60       0x2c c:\Users\Spencer\Desktop\Keyboard\Firmware\BadgersRunFirmware\Build/core\core.a(port_cmsis.c.o)
                0x00027a60                pxPortInitialiseStack
 .text.xPortStartScheduler
                0x00027a8c       0x4c c:\Users\Spencer\Desktop\Keyboard\Firmware\BadgersRunFirmware\Build/core\core.a(port_cmsis.c.o)
                0x00027a8c                xPortStartScheduler
 .text.vPortEnterCritical
                0x00027ad8       0x14 c:\Users\Spencer\Desktop\Keyboard\Firmware\BadgersRunFirmware\Build/core\core.a(port_cmsis.c.o)
                0x00027ad8                vPortEnterCritical
 .text.vPortExitCritical
                0x00027aec       0x14 c:\Users\Spencer\Desktop\Keyboard\Firmware\BadgersRunFirmware\Build/core\core.a(port_cmsis.c.o)
                0x00027aec                vPortExitCritical
 .text.sd_app_evt_wait
                0x00027b00        0x4 c:\Users\Spencer\Desktop\Keyboard\Firmware\BadgersRunFirmware\Build/core\core.a(port_cmsis_systick.c.o)
 .text.sd_softdevice_is_enabled
                0x00027b04        0x4 c:\Users\Spencer\Desktop\Keyboard\Firmware\BadgersRunFirmware\Build/core\core.a(port_cmsis_systick.c.o)
 .text.RTC1_IRQHandler
                0x00027b08       0x88 c:\Users\Spencer\Desktop\Keyboard\Firmware\BadgersRunFirmware\Build/core\core.a(port_cmsis_systick.c.o)
                0x00027b08                RTC1_IRQHandler
 .text.vPortSetupTimerInterrupt
                0x00027b90       0x3c c:\Users\Spencer\Desktop\Keyboard\Firmware\BadgersRunFirmware\Build/core\core.a(port_cmsis_systick.c.o)
                0x00027b90                vPortSetupTimerInterrupt
 .text.vPortSuppressTicksAndSleep
                0x00027bcc      0x1c0 c:\Users\Spencer\Desktop\Keyboard\Firmware\BadgersRunFirmware\Build/core\core.a(port_cmsis_systick.c.o)
                0x00027bcc                vPortSuppressTicksAndSleep
 .text.vPortStartFirstTask
                0x00027d8c       0x24 c:\Users\Spencer\Desktop\Keyboard\Firmware\BadgersRunFirmware\Build/core\core.a(port.c.o)
                0x00027d8c                vPortStartFirstTask
 .text.SVC_Handler
                0x00027db0       0x20 c:\Users\Spencer\Desktop\Keyboard\Firmware\BadgersRunFirmware\Build/core\core.a(port.c.o)
                0x00027db0                SVC_Handler
 .text.PendSV_Handler
                0x00027dd0       0x60 c:\Users\Spencer\Desktop\Keyboard\Firmware\BadgersRunFirmware\Build/core\core.a(port.c.o)
                0x00027dd0                PendSV_Handler
 .text.__empty  0x00027e30        0x4 c:\Users\Spencer\Desktop\Keyboard\Firmware\BadgersRunFirmware\Build/core\core.a(hooks.c.o)
                0x00027e30                vApplicationIdleHook
 .text.adafruit_callback_task
                0x00027e34       0xc4 c:\Users\Spencer\Desktop\Keyboard\Firmware\BadgersRunFirmware\Build/core\core.a(AdaCallback.c.o)
                0x00027e34                adafruit_callback_task
 .text.ada_callback_init
                0x00027ef8       0x48 c:\Users\Spencer\Desktop\Keyboard\Firmware\BadgersRunFirmware\Build/core\core.a(AdaCallback.c.o)
                0x00027ef8                ada_callback_init
 .text.lookup_find
                0x00027f40       0x28 c:\Users\Spencer\Desktop\Keyboard\Firmware\BadgersRunFirmware\Build/core\core.a(utilities.c.o)
                0x00027f40                lookup_find
 .text.getBootloaderVersion
                0x00027f68       0x80 c:\Users\Spencer\Desktop\Keyboard\Firmware\BadgersRunFirmware\Build/core\core.a(utilities.c.o)
                0x00027f68                getBootloaderVersion
 .text.getMcuUniqueID
                0x00027fe8       0x28 c:\Users\Spencer\Desktop\Keyboard\Firmware\BadgersRunFirmware\Build/core\core.a(utilities.c.o)
                0x00027fe8                getMcuUniqueID
 .text.init     0x00028010       0x5c c:\Users\Spencer\Desktop\Keyboard\Firmware\BadgersRunFirmware\Build/core\core.a(wiring.c.o)
                0x00028010                init
 .text._ZN5Print17availableForWriteEv
                0x0002806c        0x4 c:\Users\Spencer\Desktop\Keyboard\Firmware\BadgersRunFirmware\Build/core\core.a(Uart.cpp.o)
                0x0002806c                Print::availableForWrite()
 .text._ZN4UartcvbEv
                0x00028070        0x8 c:\Users\Spencer\Desktop\Keyboard\Firmware\BadgersRunFirmware\Build/core\core.a(Uart.cpp.o)
                0x00028070                Uart::operator bool()
 .text._ZN4Uart3endEv
                0x00028078       0x70 c:\Users\Spencer\Desktop\Keyboard\Firmware\BadgersRunFirmware\Build/core\core.a(Uart.cpp.o)
                0x00028078                Uart::end()
 .text._ZN4Uart9availableEv
                0x000280e8        0x8 c:\Users\Spencer\Desktop\Keyboard\Firmware\BadgersRunFirmware\Build/core\core.a(Uart.cpp.o)
                0x000280e8                Uart::available()
 .text._ZN4Uart4peekEv
                0x000280f0        0x8 c:\Users\Spencer\Desktop\Keyboard\Firmware\BadgersRunFirmware\Build/core\core.a(Uart.cpp.o)
                0x000280f0                Uart::peek()
 .text._ZN4Uart4readEv
                0x000280f8        0x8 c:\Users\Spencer\Desktop\Keyboard\Firmware\BadgersRunFirmware\Build/core\core.a(Uart.cpp.o)
                0x000280f8                Uart::read()
 .text._ZN4Uart5flushEv
                0x00028100       0x2c c:\Users\Spencer\Desktop\Keyboard\Firmware\BadgersRunFirmware\Build/core\core.a(Uart.cpp.o)
                0x00028100                Uart::flush()
 .text._ZN4Uart5writeEh
                0x0002812c       0x48 c:\Users\Spencer\Desktop\Keyboard\Firmware\BadgersRunFirmware\Build/core\core.a(Uart.cpp.o)
                0x0002812c                Uart::write(unsigned char)
 .text._ZN4Uart5writeEPKhj
                0x00028174       0x54 c:\Users\Spencer\Desktop\Keyboard\Firmware\BadgersRunFirmware\Build/core\core.a(Uart.cpp.o)
                0x00028174                Uart::write(unsigned char const*, unsigned int)
 .text._ZN4Uart5beginEm
                0x000281c8      0x1bc c:\Users\Spencer\Desktop\Keyboard\Firmware\BadgersRunFirmware\Build/core\core.a(Uart.cpp.o)
                0x000281c8                Uart::begin(unsigned long)
 .text._ZN4Uart5beginEmt
                0x00028384      0x1a0 c:\Users\Spencer\Desktop\Keyboard\Firmware\BadgersRunFirmware\Build/core\core.a(Uart.cpp.o)
                0x00028384                Uart::begin(unsigned long, unsigned short)
 .text._Z14serialEventRunv
                0x00028524       0x20 c:\Users\Spencer\Desktop\Keyboard\Firmware\BadgersRunFirmware\Build/core\core.a(Uart.cpp.o)
                0x00028524                serialEventRun()
 .text.UARTE0_UART0_IRQHandler
                0x00028544       0x4c c:\Users\Spencer\Desktop\Keyboard\Firmware\BadgersRunFirmware\Build/core\core.a(Uart.cpp.o)
                0x00028544                UARTE0_UART0_IRQHandler
 .text.startup._GLOBAL__sub_I__ZN4UartC2EP14NRF_UARTE_Type9IRQn_Typehh
                0x00028590       0x4c c:\Users\Spencer\Desktop\Keyboard\Firmware\BadgersRunFirmware\Build/core\core.a(Uart.cpp.o)
 .text.vListInitialise
                0x000285dc       0x18 c:\Users\Spencer\Desktop\Keyboard\Firmware\BadgersRunFirmware\Build/core\core.a(list.c.o)
                0x000285dc                vListInitialise
 .text.vListInitialiseItem
                0x000285f4        0x8 c:\Users\Spencer\Desktop\Keyboard\Firmware\BadgersRunFirmware\Build/core\core.a(list.c.o)
                0x000285f4                vListInitialiseItem
 .text.vListInsertEnd
                0x000285fc       0x20 c:\Users\Spencer\Desktop\Keyboard\Firmware\BadgersRunFirmware\Build/core\core.a(list.c.o)
                0x000285fc                vListInsertEnd
 .text.vListInsert
                0x0002861c       0x30 c:\Users\Spencer\Desktop\Keyboard\Firmware\BadgersRunFirmware\Build/core\core.a(list.c.o)
                0x0002861c                vListInsert
 .text.uxListRemove
                0x0002864c       0x28 c:\Users\Spencer\Desktop\Keyboard\Firmware\BadgersRunFirmware\Build/core\core.a(list.c.o)
                0x0002864c                uxListRemove
 .text.xQueueGenericCreateStatic
                0x00028674       0x60 c:\Users\Spencer\Desktop\Keyboard\Firmware\BadgersRunFirmware\Build/core\core.a(queue.c.o)
                0x00028674                xQueueGenericCreateStatic
 .text.xQueueGenericCreate
                0x000286d4       0x84 c:\Users\Spencer\Desktop\Keyboard\Firmware\BadgersRunFirmware\Build/core\core.a(queue.c.o)
                0x000286d4                xQueueGenericCreate
 .text.xQueueGenericSend
                0x00028758      0x360 c:\Users\Spencer\Desktop\Keyboard\Firmware\BadgersRunFirmware\Build/core\core.a(queue.c.o)
                0x00028758                xQueueGenericSend
 .text.xQueueCreateMutex
                0x00028ab8       0x70 c:\Users\Spencer\Desktop\Keyboard\Firmware\BadgersRunFirmware\Build/core\core.a(queue.c.o)
                0x00028ab8                xQueueCreateMutex
 .text.xQueueGiveFromISR
                0x00028b28       0x60 c:\Users\Spencer\Desktop\Keyboard\Firmware\BadgersRunFirmware\Build/core\core.a(queue.c.o)
                0x00028b28                xQueueGiveFromISR
 .text.xQueueReceive
                0x00028b88      0x2b8 c:\Users\Spencer\Desktop\Keyboard\Firmware\BadgersRunFirmware\Build/core\core.a(queue.c.o)
                0x00028b88                xQueueReceive
 .text.xQueueSemaphoreTake
                0x00028e40      0x2f8 c:\Users\Spencer\Desktop\Keyboard\Firmware\BadgersRunFirmware\Build/core\core.a(queue.c.o)
                0x00028e40                xQueueSemaphoreTake
 .text.vQueueDelete
                0x00029138       0x48 c:\Users\Spencer\Desktop\Keyboard\Firmware\BadgersRunFirmware\Build/core\core.a(queue.c.o)
                0x00029138                vQueueDelete
 .text.vQueueAddToRegistry
                0x00029180       0x24 c:\Users\Spencer\Desktop\Keyboard\Firmware\BadgersRunFirmware\Build/core\core.a(queue.c.o)
                0x00029180                vQueueAddToRegistry
 .text.vQueueWaitForMessageRestricted
                0x000291a4       0xcc c:\Users\Spencer\Desktop\Keyboard\Firmware\BadgersRunFirmware\Build/core\core.a(queue.c.o)
                0x000291a4                vQueueWaitForMessageRestricted
 .text._ZN10RingBufferC2Ev
                0x00029270       0x18 c:\Users\Spencer\Desktop\Keyboard\Firmware\BadgersRunFirmware\Build/core\core.a(RingBuffer.cpp.o)
                0x00029270                RingBuffer::RingBuffer()
                0x00029270                RingBuffer::RingBuffer()
 .text._ZN10RingBuffer10store_charEh
                0x00029288       0x1c c:\Users\Spencer\Desktop\Keyboard\Firmware\BadgersRunFirmware\Build/core\core.a(RingBuffer.cpp.o)
                0x00029288                RingBuffer::store_char(unsigned char)
 .text._ZN10RingBuffer5clearEv
                0x000292a4        0x8 c:\Users\Spencer\Desktop\Keyboard\Firmware\BadgersRunFirmware\Build/core\core.a(RingBuffer.cpp.o)
                0x000292a4                RingBuffer::clear()
 .text._ZN10RingBuffer9read_charEv
                0x000292ac       0x1c c:\Users\Spencer\Desktop\Keyboard\Firmware\BadgersRunFirmware\Build/core\core.a(RingBuffer.cpp.o)
                0x000292ac                RingBuffer::read_char()
 .text._ZN10RingBuffer9availableEv
                0x000292c8        0xc c:\Users\Spencer\Desktop\Keyboard\Firmware\BadgersRunFirmware\Build/core\core.a(RingBuffer.cpp.o)
                0x000292c8                RingBuffer::available()
 .text._ZN10RingBuffer4peekEv
                0x000292d4       0x10 c:\Users\Spencer\Desktop\Keyboard\Firmware\BadgersRunFirmware\Build/core\core.a(RingBuffer.cpp.o)
                0x000292d4                RingBuffer::peek()
 .text.exit     0x000292e4       0x28 c:/users/spencer/appdata/local/arduino15/packages/adafruit/tools/arm-none-eabi-gcc/9-2019q4/bin/../lib/gcc/arm-none-eabi/9.2.1/../../../../arm-none-eabi/lib/thumb/v7e-m+fp/hard\libc_nano.a(lib_a-exit.o)
                0x000292e4                exit
 .text.__libc_init_array
                0x0002930c       0x48 c:/users/spencer/appdata/local/arduino15/packages/adafruit/tools/arm-none-eabi-gcc/9-2019q4/bin/../lib/gcc/arm-none-eabi/9.2.1/../../../../arm-none-eabi/lib/thumb/v7e-m+fp/hard\libc_nano.a(lib_a-init.o)
                0x0002930c                __libc_init_array
 .text.malloc   0x00029354       0x10 c:/users/spencer/appdata/local/arduino15/packages/adafruit/tools/arm-none-eabi-gcc/9-2019q4/bin/../lib/gcc/arm-none-eabi/9.2.1/../../../../arm-none-eabi/lib/thumb/v7e-m+fp/hard\libc_nano.a(lib_a-malloc.o)
                0x00029354                malloc
 .text.free     0x00029364       0x10 c:/users/spencer/appdata/local/arduino15/packages/adafruit/tools/arm-none-eabi-gcc/9-2019q4/bin/../lib/gcc/arm-none-eabi/9.2.1/../../../../arm-none-eabi/lib/thumb/v7e-m+fp/hard\libc_nano.a(lib_a-malloc.o)
                0x00029364                free
 .text.memcpy   0x00029374       0x1c c:/users/spencer/appdata/local/arduino15/packages/adafruit/tools/arm-none-eabi-gcc/9-2019q4/bin/../lib/gcc/arm-none-eabi/9.2.1/../../../../arm-none-eabi/lib/thumb/v7e-m+fp/hard\libc_nano.a(lib_a-memcpy-stub.o)
                0x00029374                memcpy
 .text.memset   0x00029390       0x10 c:/users/spencer/appdata/local/arduino15/packages/adafruit/tools/arm-none-eabi-gcc/9-2019q4/bin/../lib/gcc/arm-none-eabi/9.2.1/../../../../arm-none-eabi/lib/thumb/v7e-m+fp/hard\libc_nano.a(lib_a-memset.o)
                0x00029390                memset
 .text._free_r  0x000293a0       0xa0 c:/users/spencer/appdata/local/arduino15/packages/adafruit/tools/arm-none-eabi-gcc/9-2019q4/bin/../lib/gcc/arm-none-eabi/9.2.1/../../../../arm-none-eabi/lib/thumb/v7e-m+fp/hard\libc_nano.a(lib_a-nano-freer.o)
                0x000293a0                _free_r
 .text._malloc_r
                0x00029440       0xb4 c:/users/spencer/appdata/local/arduino15/packages/adafruit/tools/arm-none-eabi-gcc/9-2019q4/bin/../lib/gcc/arm-none-eabi/9.2.1/../../../../arm-none-eabi/lib/thumb/v7e-m+fp/hard\libc_nano.a(lib_a-nano-mallocr.o)
                0x00029440                _malloc_r
 .text.__cvt    0x000294f4       0xc4 c:/users/spencer/appdata/local/arduino15/packages/adafruit/tools/arm-none-eabi-gcc/9-2019q4/bin/../lib/gcc/arm-none-eabi/9.2.1/../../../../arm-none-eabi/lib/thumb/v7e-m+fp/hard\libc_nano.a(lib_a-nano-vfprintf_float.o)
                0x000294f4                __cvt
 .text.__exponent
                0x000295b8       0x7c c:/users/spencer/appdata/local/arduino15/packages/adafruit/tools/arm-none-eabi-gcc/9-2019q4/bin/../lib/gcc/arm-none-eabi/9.2.1/../../../../arm-none-eabi/lib/thumb/v7e-m+fp/hard\libc_nano.a(lib_a-nano-vfprintf_float.o)
                0x000295b8                __exponent
 .text._printf_float
                0x00029634      0x46c c:/users/spencer/appdata/local/arduino15/packages/adafruit/tools/arm-none-eabi-gcc/9-2019q4/bin/../lib/gcc/arm-none-eabi/9.2.1/../../../../arm-none-eabi/lib/thumb/v7e-m+fp/hard\libc_nano.a(lib_a-nano-vfprintf_float.o)
                0x00029634                _printf_float
 .text._printf_common
                0x00029aa0       0xda c:/users/spencer/appdata/local/arduino15/packages/adafruit/tools/arm-none-eabi-gcc/9-2019q4/bin/../lib/gcc/arm-none-eabi/9.2.1/../../../../arm-none-eabi/lib/thumb/v7e-m+fp/hard\libc_nano.a(lib_a-nano-vfprintf_i.o)
                0x00029aa0                _printf_common
 *fill*         0x00029b7a        0x2 
 .text._printf_i
                0x00029b7c      0x24c c:/users/spencer/appdata/local/arduino15/packages/adafruit/tools/arm-none-eabi-gcc/9-2019q4/bin/../lib/gcc/arm-none-eabi/9.2.1/../../../../arm-none-eabi/lib/thumb/v7e-m+fp/hard\libc_nano.a(lib_a-nano-vfprintf_i.o)
                0x00029b7c                _printf_i
 .text.printf   0x00029dc8       0x30 c:/users/spencer/appdata/local/arduino15/packages/adafruit/tools/arm-none-eabi-gcc/9-2019q4/bin/../lib/gcc/arm-none-eabi/9.2.1/../../../../arm-none-eabi/lib/thumb/v7e-m+fp/hard\libc_nano.a(lib_a-printf.o)
                0x00029dc8                iprintf
                0x00029dc8                printf
 .text.putchar  0x00029df8       0x2c c:/users/spencer/appdata/local/arduino15/packages/adafruit/tools/arm-none-eabi-gcc/9-2019q4/bin/../lib/gcc/arm-none-eabi/9.2.1/../../../../arm-none-eabi/lib/thumb/v7e-m+fp/hard\libc_nano.a(lib_a-putchar.o)
                0x00029df8                putchar
 .text._puts_r  0x00029e24       0xdc c:/users/spencer/appdata/local/arduino15/packages/adafruit/tools/arm-none-eabi-gcc/9-2019q4/bin/../lib/gcc/arm-none-eabi/9.2.1/../../../../arm-none-eabi/lib/thumb/v7e-m+fp/hard\libc_nano.a(lib_a-puts.o)
                0x00029e24                _puts_r
 .text.puts     0x00029f00       0x10 c:/users/spencer/appdata/local/arduino15/packages/adafruit/tools/arm-none-eabi-gcc/9-2019q4/bin/../lib/gcc/arm-none-eabi/9.2.1/../../../../arm-none-eabi/lib/thumb/v7e-m+fp/hard\libc_nano.a(lib_a-puts.o)
                0x00029f00                puts
 .text._sbrk_r  0x00029f10       0x20 c:/users/spencer/appdata/local/arduino15/packages/adafruit/tools/arm-none-eabi-gcc/9-2019q4/bin/../lib/gcc/arm-none-eabi/9.2.1/../../../../arm-none-eabi/lib/thumb/v7e-m+fp/hard\libc_nano.a(lib_a-sbrkr.o)
                0x00029f10                _sbrk_r
 .text.sprintf  0x00029f30       0x40 c:/users/spencer/appdata/local/arduino15/packages/adafruit/tools/arm-none-eabi-gcc/9-2019q4/bin/../lib/gcc/arm-none-eabi/9.2.1/../../../../arm-none-eabi/lib/thumb/v7e-m+fp/hard\libc_nano.a(lib_a-sprintf.o)
                0x00029f30                siprintf
                0x00029f30                sprintf
 .text          0x00029f70       0x10 c:/users/spencer/appdata/local/arduino15/packages/adafruit/tools/arm-none-eabi-gcc/9-2019q4/bin/../lib/gcc/arm-none-eabi/9.2.1/../../../../arm-none-eabi/lib/thumb/v7e-m+fp/hard\libc_nano.a(lib_a-strlen.o)
                0x00029f70                strlen
 .text.__swbuf_r
                0x00029f80       0xa4 c:/users/spencer/appdata/local/arduino15/packages/adafruit/tools/arm-none-eabi-gcc/9-2019q4/bin/../lib/gcc/arm-none-eabi/9.2.1/../../../../arm-none-eabi/lib/thumb/v7e-m+fp/hard\libc_nano.a(lib_a-wbuf.o)
                0x00029f80                __swbuf_r
 .text.__swsetup_r
                0x0002a024       0xdc c:/users/spencer/appdata/local/arduino15/packages/adafruit/tools/arm-none-eabi-gcc/9-2019q4/bin/../lib/gcc/arm-none-eabi/9.2.1/../../../../arm-none-eabi/lib/thumb/v7e-m+fp/hard\libc_nano.a(lib_a-wsetup.o)
                0x0002a024                __swsetup_r
 .text.quorem   0x0002a100      0x116 c:/users/spencer/appdata/local/arduino15/packages/adafruit/tools/arm-none-eabi-gcc/9-2019q4/bin/../lib/gcc/arm-none-eabi/9.2.1/../../../../arm-none-eabi/lib/thumb/v7e-m+fp/hard\libc_nano.a(lib_a-dtoa.o)
 *fill*         0x0002a216        0x2 
 .text._dtoa_r  0x0002a218      0xbbc c:/users/spencer/appdata/local/arduino15/packages/adafruit/tools/arm-none-eabi-gcc/9-2019q4/bin/../lib/gcc/arm-none-eabi/9.2.1/../../../../arm-none-eabi/lib/thumb/v7e-m+fp/hard\libc_nano.a(lib_a-dtoa.o)
                0x0002a218                _dtoa_r
 .text.__sflush_r
                0x0002add4      0x10c c:/users/spencer/appdata/local/arduino15/packages/adafruit/tools/arm-none-eabi-gcc/9-2019q4/bin/../lib/gcc/arm-none-eabi/9.2.1/../../../../arm-none-eabi/lib/thumb/v7e-m+fp/hard\libc_nano.a(lib_a-fflush.o)
                0x0002add4                __sflush_r
 .text._fflush_r
                0x0002aee0       0x78 c:/users/spencer/appdata/local/arduino15/packages/adafruit/tools/arm-none-eabi-gcc/9-2019q4/bin/../lib/gcc/arm-none-eabi/9.2.1/../../../../arm-none-eabi/lib/thumb/v7e-m+fp/hard\libc_nano.a(lib_a-fflush.o)
                0x0002aee0                _fflush_r
 .text.std      0x0002af58       0x48 c:/users/spencer/appdata/local/arduino15/packages/adafruit/tools/arm-none-eabi-gcc/9-2019q4/bin/../lib/gcc/arm-none-eabi/9.2.1/../../../../arm-none-eabi/lib/thumb/v7e-m+fp/hard\libc_nano.a(lib_a-findfp.o)
 .text._cleanup_r
                0x0002afa0        0xc c:/users/spencer/appdata/local/arduino15/packages/adafruit/tools/arm-none-eabi-gcc/9-2019q4/bin/../lib/gcc/arm-none-eabi/9.2.1/../../../../arm-none-eabi/lib/thumb/v7e-m+fp/hard\libc_nano.a(lib_a-findfp.o)
                0x0002afa0                _cleanup_r
 .text.__sfmoreglue
                0x0002afac       0x2c c:/users/spencer/appdata/local/arduino15/packages/adafruit/tools/arm-none-eabi-gcc/9-2019q4/bin/../lib/gcc/arm-none-eabi/9.2.1/../../../../arm-none-eabi/lib/thumb/v7e-m+fp/hard\libc_nano.a(lib_a-findfp.o)
                0x0002afac                __sfmoreglue
 .text.__sfp_lock_acquire
                0x0002afd8        0xc c:/users/spencer/appdata/local/arduino15/packages/adafruit/tools/arm-none-eabi-gcc/9-2019q4/bin/../lib/gcc/arm-none-eabi/9.2.1/../../../../arm-none-eabi/lib/thumb/v7e-m+fp/hard\libc_nano.a(lib_a-findfp.o)
                0x0002afd8                __sfp_lock_acquire
 .text.__sfp_lock_release
                0x0002afe4        0xc c:/users/spencer/appdata/local/arduino15/packages/adafruit/tools/arm-none-eabi-gcc/9-2019q4/bin/../lib/gcc/arm-none-eabi/9.2.1/../../../../arm-none-eabi/lib/thumb/v7e-m+fp/hard\libc_nano.a(lib_a-findfp.o)
                0x0002afe4                __sfp_lock_release
 .text.__sinit_lock_acquire
                0x0002aff0        0xc c:/users/spencer/appdata/local/arduino15/packages/adafruit/tools/arm-none-eabi-gcc/9-2019q4/bin/../lib/gcc/arm-none-eabi/9.2.1/../../../../arm-none-eabi/lib/thumb/v7e-m+fp/hard\libc_nano.a(lib_a-findfp.o)
                0x0002aff0                __sinit_lock_acquire
 .text.__sinit_lock_release
                0x0002affc        0xc c:/users/spencer/appdata/local/arduino15/packages/adafruit/tools/arm-none-eabi-gcc/9-2019q4/bin/../lib/gcc/arm-none-eabi/9.2.1/../../../../arm-none-eabi/lib/thumb/v7e-m+fp/hard\libc_nano.a(lib_a-findfp.o)
                0x0002affc                __sinit_lock_release
 .text.__sinit  0x0002b008       0x70 c:/users/spencer/appdata/local/arduino15/packages/adafruit/tools/arm-none-eabi-gcc/9-2019q4/bin/../lib/gcc/arm-none-eabi/9.2.1/../../../../arm-none-eabi/lib/thumb/v7e-m+fp/hard\libc_nano.a(lib_a-findfp.o)
                0x0002b008                __sinit
 .text.__sfp    0x0002b078       0x8c c:/users/spencer/appdata/local/arduino15/packages/adafruit/tools/arm-none-eabi-gcc/9-2019q4/bin/../lib/gcc/arm-none-eabi/9.2.1/../../../../arm-none-eabi/lib/thumb/v7e-m+fp/hard\libc_nano.a(lib_a-findfp.o)
                0x0002b078                __sfp
 .text._fwalk_reent
                0x0002b104       0x3e c:/users/spencer/appdata/local/arduino15/packages/adafruit/tools/arm-none-eabi-gcc/9-2019q4/bin/../lib/gcc/arm-none-eabi/9.2.1/../../../../arm-none-eabi/lib/thumb/v7e-m+fp/hard\libc_nano.a(lib_a-fwalk.o)
                0x0002b104                _fwalk_reent
 *fill*         0x0002b142        0x2 
 .text._localeconv_r
                0x0002b144        0x8 c:/users/spencer/appdata/local/arduino15/packages/adafruit/tools/arm-none-eabi-gcc/9-2019q4/bin/../lib/gcc/arm-none-eabi/9.2.1/../../../../arm-none-eabi/lib/thumb/v7e-m+fp/hard\libc_nano.a(lib_a-localeconv.o)
                0x0002b144                _localeconv_r
 .text.__retarget_lock_init_recursive
                0x0002b14c        0x2 c:/users/spencer/appdata/local/arduino15/packages/adafruit/tools/arm-none-eabi-gcc/9-2019q4/bin/../lib/gcc/arm-none-eabi/9.2.1/../../../../arm-none-eabi/lib/thumb/v7e-m+fp/hard\libc_nano.a(lib_a-lock.o)
                0x0002b14c                __retarget_lock_init_recursive
 .text.__retarget_lock_acquire_recursive
                0x0002b14e        0x2 c:/users/spencer/appdata/local/arduino15/packages/adafruit/tools/arm-none-eabi-gcc/9-2019q4/bin/../lib/gcc/arm-none-eabi/9.2.1/../../../../arm-none-eabi/lib/thumb/v7e-m+fp/hard\libc_nano.a(lib_a-lock.o)
                0x0002b14e                __retarget_lock_acquire_recursive
 .text.__retarget_lock_release_recursive
                0x0002b150        0x2 c:/users/spencer/appdata/local/arduino15/packages/adafruit/tools/arm-none-eabi-gcc/9-2019q4/bin/../lib/gcc/arm-none-eabi/9.2.1/../../../../arm-none-eabi/lib/thumb/v7e-m+fp/hard\libc_nano.a(lib_a-lock.o)
                0x0002b150                __retarget_lock_release_recursive
 .text.__swhatbuf_r
                0x0002b152       0x48 c:/users/spencer/appdata/local/arduino15/packages/adafruit/tools/arm-none-eabi-gcc/9-2019q4/bin/../lib/gcc/arm-none-eabi/9.2.1/../../../../arm-none-eabi/lib/thumb/v7e-m+fp/hard\libc_nano.a(lib_a-makebuf.o)
                0x0002b152                __swhatbuf_r
 *fill*         0x0002b19a        0x2 
 .text.__smakebuf_r
                0x0002b19c       0x80 c:/users/spencer/appdata/local/arduino15/packages/adafruit/tools/arm-none-eabi-gcc/9-2019q4/bin/../lib/gcc/arm-none-eabi/9.2.1/../../../../arm-none-eabi/lib/thumb/v7e-m+fp/hard\libc_nano.a(lib_a-makebuf.o)
                0x0002b19c                __smakebuf_r
 *fill*         0x0002b21c        0x4 
 .text          0x0002b220       0xa0 c:/users/spencer/appdata/local/arduino15/packages/adafruit/tools/arm-none-eabi-gcc/9-2019q4/bin/../lib/gcc/arm-none-eabi/9.2.1/../../../../arm-none-eabi/lib/thumb/v7e-m+fp/hard\libc_nano.a(lib_a-memchr.o)
                0x0002b220                memchr
 .text.__malloc_lock
                0x0002b2c0        0xc c:/users/spencer/appdata/local/arduino15/packages/adafruit/tools/arm-none-eabi-gcc/9-2019q4/bin/../lib/gcc/arm-none-eabi/9.2.1/../../../../arm-none-eabi/lib/thumb/v7e-m+fp/hard\libc_nano.a(lib_a-mlock.o)
                0x0002b2c0                __malloc_lock
 .text.__malloc_unlock
                0x0002b2cc        0xc c:/users/spencer/appdata/local/arduino15/packages/adafruit/tools/arm-none-eabi-gcc/9-2019q4/bin/../lib/gcc/arm-none-eabi/9.2.1/../../../../arm-none-eabi/lib/thumb/v7e-m+fp/hard\libc_nano.a(lib_a-mlock.o)
                0x0002b2cc                __malloc_unlock
 .text._Balloc  0x0002b2d8       0x68 c:/users/spencer/appdata/local/arduino15/packages/adafruit/tools/arm-none-eabi-gcc/9-2019q4/bin/../lib/gcc/arm-none-eabi/9.2.1/../../../../arm-none-eabi/lib/thumb/v7e-m+fp/hard\libc_nano.a(lib_a-mprec.o)
                0x0002b2d8                _Balloc
 .text._Bfree   0x0002b340       0x2e c:/users/spencer/appdata/local/arduino15/packages/adafruit/tools/arm-none-eabi-gcc/9-2019q4/bin/../lib/gcc/arm-none-eabi/9.2.1/../../../../arm-none-eabi/lib/thumb/v7e-m+fp/hard\libc_nano.a(lib_a-mprec.o)
                0x0002b340                _Bfree
 .text.__multadd
                0x0002b36e       0x7c c:/users/spencer/appdata/local/arduino15/packages/adafruit/tools/arm-none-eabi-gcc/9-2019q4/bin/../lib/gcc/arm-none-eabi/9.2.1/../../../../arm-none-eabi/lib/thumb/v7e-m+fp/hard\libc_nano.a(lib_a-mprec.o)
                0x0002b36e                __multadd
 .text.__hi0bits
                0x0002b3ea       0x40 c:/users/spencer/appdata/local/arduino15/packages/adafruit/tools/arm-none-eabi-gcc/9-2019q4/bin/../lib/gcc/arm-none-eabi/9.2.1/../../../../arm-none-eabi/lib/thumb/v7e-m+fp/hard\libc_nano.a(lib_a-mprec.o)
                0x0002b3ea                __hi0bits
 .text.__lo0bits
                0x0002b42a       0x60 c:/users/spencer/appdata/local/arduino15/packages/adafruit/tools/arm-none-eabi-gcc/9-2019q4/bin/../lib/gcc/arm-none-eabi/9.2.1/../../../../arm-none-eabi/lib/thumb/v7e-m+fp/hard\libc_nano.a(lib_a-mprec.o)
                0x0002b42a                __lo0bits
 .text.__i2b    0x0002b48a       0x12 c:/users/spencer/appdata/local/arduino15/packages/adafruit/tools/arm-none-eabi-gcc/9-2019q4/bin/../lib/gcc/arm-none-eabi/9.2.1/../../../../arm-none-eabi/lib/thumb/v7e-m+fp/hard\libc_nano.a(lib_a-mprec.o)
                0x0002b48a                __i2b
 .text.__multiply
                0x0002b49c      0x138 c:/users/spencer/appdata/local/arduino15/packages/adafruit/tools/arm-none-eabi-gcc/9-2019q4/bin/../lib/gcc/arm-none-eabi/9.2.1/../../../../arm-none-eabi/lib/thumb/v7e-m+fp/hard\libc_nano.a(lib_a-mprec.o)
                0x0002b49c                __multiply
 .text.__pow5mult
                0x0002b5d4       0x9c c:/users/spencer/appdata/local/arduino15/packages/adafruit/tools/arm-none-eabi-gcc/9-2019q4/bin/../lib/gcc/arm-none-eabi/9.2.1/../../../../arm-none-eabi/lib/thumb/v7e-m+fp/hard\libc_nano.a(lib_a-mprec.o)
                0x0002b5d4                __pow5mult
 .text.__lshift
                0x0002b670       0xbe c:/users/spencer/appdata/local/arduino15/packages/adafruit/tools/arm-none-eabi-gcc/9-2019q4/bin/../lib/gcc/arm-none-eabi/9.2.1/../../../../arm-none-eabi/lib/thumb/v7e-m+fp/hard\libc_nano.a(lib_a-mprec.o)
                0x0002b670                __lshift
 .text.__mcmp   0x0002b72e       0x38 c:/users/spencer/appdata/local/arduino15/packages/adafruit/tools/arm-none-eabi-gcc/9-2019q4/bin/../lib/gcc/arm-none-eabi/9.2.1/../../../../arm-none-eabi/lib/thumb/v7e-m+fp/hard\libc_nano.a(lib_a-mprec.o)
                0x0002b72e                __mcmp
 .text.__mdiff  0x0002b766       0xec c:/users/spencer/appdata/local/arduino15/packages/adafruit/tools/arm-none-eabi-gcc/9-2019q4/bin/../lib/gcc/arm-none-eabi/9.2.1/../../../../arm-none-eabi/lib/thumb/v7e-m+fp/hard\libc_nano.a(lib_a-mprec.o)
                0x0002b766                __mdiff
 .text.__d2b    0x0002b852       0xa0 c:/users/spencer/appdata/local/arduino15/packages/adafruit/tools/arm-none-eabi-gcc/9-2019q4/bin/../lib/gcc/arm-none-eabi/9.2.1/../../../../arm-none-eabi/lib/thumb/v7e-m+fp/hard\libc_nano.a(lib_a-mprec.o)
                0x0002b852                __d2b
 .text._calloc_r
                0x0002b8f2       0x1e c:/users/spencer/appdata/local/arduino15/packages/adafruit/tools/arm-none-eabi-gcc/9-2019q4/bin/../lib/gcc/arm-none-eabi/9.2.1/../../../../arm-none-eabi/lib/thumb/v7e-m+fp/hard\libc_nano.a(lib_a-nano-callocr.o)
                0x0002b8f2                _calloc_r
 .text.__ssputs_r
                0x0002b910       0xb6 c:/users/spencer/appdata/local/arduino15/packages/adafruit/tools/arm-none-eabi-gcc/9-2019q4/bin/../lib/gcc/arm-none-eabi/9.2.1/../../../../arm-none-eabi/lib/thumb/v7e-m+fp/hard\libc_nano.a(lib_a-nano-svfprintf.o)
                0x0002b910                __ssputs_r
 *fill*         0x0002b9c6        0x2 
 .text._svfprintf_r
                0x0002b9c8      0x200 c:/users/spencer/appdata/local/arduino15/packages/adafruit/tools/arm-none-eabi-gcc/9-2019q4/bin/../lib/gcc/arm-none-eabi/9.2.1/../../../../arm-none-eabi/lib/thumb/v7e-m+fp/hard\libc_nano.a(lib_a-nano-svfprintf.o)
                0x0002b9c8                _svfiprintf_r
                0x0002b9c8                _svfprintf_r
 .text.__sfputc_r
                0x0002bbc8       0x2e c:/users/spencer/appdata/local/arduino15/packages/adafruit/tools/arm-none-eabi-gcc/9-2019q4/bin/../lib/gcc/arm-none-eabi/9.2.1/../../../../arm-none-eabi/lib/thumb/v7e-m+fp/hard\libc_nano.a(lib_a-nano-vfprintf.o)
 .text.__sfputs_r
                0x0002bbf6       0x24 c:/users/spencer/appdata/local/arduino15/packages/adafruit/tools/arm-none-eabi-gcc/9-2019q4/bin/../lib/gcc/arm-none-eabi/9.2.1/../../../../arm-none-eabi/lib/thumb/v7e-m+fp/hard\libc_nano.a(lib_a-nano-vfprintf.o)
                0x0002bbf6                __sfputs_r
 *fill*         0x0002bc1a        0x2 
 .text._vfprintf_r
                0x0002bc1c      0x260 c:/users/spencer/appdata/local/arduino15/packages/adafruit/tools/arm-none-eabi-gcc/9-2019q4/bin/../lib/gcc/arm-none-eabi/9.2.1/../../../../arm-none-eabi/lib/thumb/v7e-m+fp/hard\libc_nano.a(lib_a-nano-vfprintf.o)
                0x0002bc1c                _vfprintf_r
                0x0002bc1c                _vfiprintf_r
 .text._putc_r  0x0002be7c       0x90 c:/users/spencer/appdata/local/arduino15/packages/adafruit/tools/arm-none-eabi-gcc/9-2019q4/bin/../lib/gcc/arm-none-eabi/9.2.1/../../../../arm-none-eabi/lib/thumb/v7e-m+fp/hard\libc_nano.a(lib_a-putc.o)
                0x0002be7c                _putc_r
 .text.__sread  0x0002bf0c       0x22 c:/users/spencer/appdata/local/arduino15/packages/adafruit/tools/arm-none-eabi-gcc/9-2019q4/bin/../lib/gcc/arm-none-eabi/9.2.1/../../../../arm-none-eabi/lib/thumb/v7e-m+fp/hard\libc_nano.a(lib_a-stdio.o)
                0x0002bf0c                __sread
 .text.__swrite
                0x0002bf2e       0x38 c:/users/spencer/appdata/local/arduino15/packages/adafruit/tools/arm-none-eabi-gcc/9-2019q4/bin/../lib/gcc/arm-none-eabi/9.2.1/../../../../arm-none-eabi/lib/thumb/v7e-m+fp/hard\libc_nano.a(lib_a-stdio.o)
                0x0002bf2e                __swrite
 .text.__sseek  0x0002bf66       0x24 c:/users/spencer/appdata/local/arduino15/packages/adafruit/tools/arm-none-eabi-gcc/9-2019q4/bin/../lib/gcc/arm-none-eabi/9.2.1/../../../../arm-none-eabi/lib/thumb/v7e-m+fp/hard\libc_nano.a(lib_a-stdio.o)
                0x0002bf66                __sseek
 .text.__sclose
                0x0002bf8a        0x8 c:/users/spencer/appdata/local/arduino15/packages/adafruit/tools/arm-none-eabi-gcc/9-2019q4/bin/../lib/gcc/arm-none-eabi/9.2.1/../../../../arm-none-eabi/lib/thumb/v7e-m+fp/hard\libc_nano.a(lib_a-stdio.o)
                0x0002bf8a                __sclose
 *fill*         0x0002bf92        0x2 
 .text._write_r
                0x0002bf94       0x24 c:/users/spencer/appdata/local/arduino15/packages/adafruit/tools/arm-none-eabi-gcc/9-2019q4/bin/../lib/gcc/arm-none-eabi/9.2.1/../../../../arm-none-eabi/lib/thumb/v7e-m+fp/hard\libc_nano.a(lib_a-writer.o)
                0x0002bf94                _write_r
 .text._close_r
                0x0002bfb8       0x20 c:/users/spencer/appdata/local/arduino15/packages/adafruit/tools/arm-none-eabi-gcc/9-2019q4/bin/../lib/gcc/arm-none-eabi/9.2.1/../../../../arm-none-eabi/lib/thumb/v7e-m+fp/hard\libc_nano.a(lib_a-closer.o)
                0x0002bfb8                _close_r
 .text._fstat_r
                0x0002bfd8       0x24 c:/users/spencer/appdata/local/arduino15/packages/adafruit/tools/arm-none-eabi-gcc/9-2019q4/bin/../lib/gcc/arm-none-eabi/9.2.1/../../../../arm-none-eabi/lib/thumb/v7e-m+fp/hard\libc_nano.a(lib_a-fstatr.o)
                0x0002bfd8                _fstat_r
 .text._isatty_r
                0x0002bffc       0x20 c:/users/spencer/appdata/local/arduino15/packages/adafruit/tools/arm-none-eabi-gcc/9-2019q4/bin/../lib/gcc/arm-none-eabi/9.2.1/../../../../arm-none-eabi/lib/thumb/v7e-m+fp/hard\libc_nano.a(lib_a-isattyr.o)
                0x0002bffc                _isatty_r
 .text._lseek_r
                0x0002c01c       0x24 c:/users/spencer/appdata/local/arduino15/packages/adafruit/tools/arm-none-eabi-gcc/9-2019q4/bin/../lib/gcc/arm-none-eabi/9.2.1/../../../../arm-none-eabi/lib/thumb/v7e-m+fp/hard\libc_nano.a(lib_a-lseekr.o)
                0x0002c01c                _lseek_r
 .text.__ascii_mbtowc
                0x0002c040       0x24 c:/users/spencer/appdata/local/arduino15/packages/adafruit/tools/arm-none-eabi-gcc/9-2019q4/bin/../lib/gcc/arm-none-eabi/9.2.1/../../../../arm-none-eabi/lib/thumb/v7e-m+fp/hard\libc_nano.a(lib_a-mbtowc_r.o)
                0x0002c040                __ascii_mbtowc
 .text.memmove  0x0002c064       0x34 c:/users/spencer/appdata/local/arduino15/packages/adafruit/tools/arm-none-eabi-gcc/9-2019q4/bin/../lib/gcc/arm-none-eabi/9.2.1/../../../../arm-none-eabi/lib/thumb/v7e-m+fp/hard\libc_nano.a(lib_a-memmove.o)
                0x0002c064                memmove
 .text._realloc_r
                0x0002c098       0x4c c:/users/spencer/appdata/local/arduino15/packages/adafruit/tools/arm-none-eabi-gcc/9-2019q4/bin/../lib/gcc/arm-none-eabi/9.2.1/../../../../arm-none-eabi/lib/thumb/v7e-m+fp/hard\libc_nano.a(lib_a-nano-reallocr.o)
                0x0002c098                _realloc_r
 .text._read_r  0x0002c0e4       0x24 c:/users/spencer/appdata/local/arduino15/packages/adafruit/tools/arm-none-eabi-gcc/9-2019q4/bin/../lib/gcc/arm-none-eabi/9.2.1/../../../../arm-none-eabi/lib/thumb/v7e-m+fp/hard\libc_nano.a(lib_a-readr.o)
                0x0002c0e4                _read_r
 .text.__ascii_wctomb
                0x0002c108       0x1a c:/users/spencer/appdata/local/arduino15/packages/adafruit/tools/arm-none-eabi-gcc/9-2019q4/bin/../lib/gcc/arm-none-eabi/9.2.1/../../../../arm-none-eabi/lib/thumb/v7e-m+fp/hard\libc_nano.a(lib_a-wctomb_r.o)
                0x0002c108                __ascii_wctomb
 .text._malloc_usable_size_r
                0x0002c122       0x10 c:/users/spencer/appdata/local/arduino15/packages/adafruit/tools/arm-none-eabi-gcc/9-2019q4/bin/../lib/gcc/arm-none-eabi/9.2.1/../../../../arm-none-eabi/lib/thumb/v7e-m+fp/hard\libc_nano.a(lib_a-nano-msizer.o)
                0x0002c122                _malloc_usable_size_r
 *fill*         0x0002c132        0x2 
 .text          0x0002c134      0x378 c:/users/spencer/appdata/local/arduino15/packages/adafruit/tools/arm-none-eabi-gcc/9-2019q4/bin/../lib/gcc/arm-none-eabi/9.2.1/thumb/v7e-m+fp/hard\libgcc.a(_arm_addsubdf3.o)
                0x0002c134                __aeabi_drsub
                0x0002c13c                __aeabi_dsub
                0x0002c13c                __subdf3
                0x0002c140                __aeabi_dadd
                0x0002c140                __adddf3
                0x0002c3b8                __floatunsidf
                0x0002c3b8                __aeabi_ui2d
                0x0002c3d8                __floatsidf
                0x0002c3d8                __aeabi_i2d
                0x0002c3fc                __aeabi_f2d
                0x0002c3fc                __extendsfdf2
                0x0002c440                __floatundidf
                0x0002c440                __aeabi_ul2d
                0x0002c450                __floatdidf
                0x0002c450                __aeabi_l2d
 .text          0x0002c4ac      0x424 c:/users/spencer/appdata/local/arduino15/packages/adafruit/tools/arm-none-eabi-gcc/9-2019q4/bin/../lib/gcc/arm-none-eabi/9.2.1/thumb/v7e-m+fp/hard\libgcc.a(_arm_muldivdf3.o)
                0x0002c4ac                __aeabi_dmul
                0x0002c4ac                __muldf3
                0x0002c700                __divdf3
                0x0002c700                __aeabi_ddiv
 .text          0x0002c8d0      0x110 c:/users/spencer/appdata/local/arduino15/packages/adafruit/tools/arm-none-eabi-gcc/9-2019q4/bin/../lib/gcc/arm-none-eabi/9.2.1/thumb/v7e-m+fp/hard\libgcc.a(_arm_cmpdf2.o)
                0x0002c8d0                __gtdf2
                0x0002c8d0                __gedf2
                0x0002c8d8                __ltdf2
                0x0002c8d8                __ledf2
                0x0002c8e0                __nedf2
                0x0002c8e0                __eqdf2
                0x0002c8e0                __cmpdf2
                0x0002c95c                __aeabi_cdrcmple
                0x0002c96c                __aeabi_cdcmpeq
                0x0002c96c                __aeabi_cdcmple
                0x0002c97c                __aeabi_dcmpeq
                0x0002c990                __aeabi_dcmplt
                0x0002c9a4                __aeabi_dcmple
                0x0002c9b8                __aeabi_dcmpge
                0x0002c9cc                __aeabi_dcmpgt
 .text          0x0002c9e0       0x2c c:/users/spencer/appdata/local/arduino15/packages/adafruit/tools/arm-none-eabi-gcc/9-2019q4/bin/../lib/gcc/arm-none-eabi/9.2.1/thumb/v7e-m+fp/hard\libgcc.a(_arm_unorddf2.o)
                0x0002c9e0                __unorddf2
                0x0002c9e0                __aeabi_dcmpun
 .text          0x0002ca0c       0x50 c:/users/spencer/appdata/local/arduino15/packages/adafruit/tools/arm-none-eabi-gcc/9-2019q4/bin/../lib/gcc/arm-none-eabi/9.2.1/thumb/v7e-m+fp/hard\libgcc.a(_arm_fixdfsi.o)
                0x0002ca0c                __aeabi_d2iz
                0x0002ca0c                __fixdfsi
 .text._close   0x0002ca5c       0x10 c:/users/spencer/appdata/local/arduino15/packages/adafruit/tools/arm-none-eabi-gcc/9-2019q4/bin/../lib/gcc/arm-none-eabi/9.2.1/../../../../arm-none-eabi/lib/thumb/v7e-m+fp/hard\libnosys.a(close.o)
                0x0002ca5c                _close
 .text._fstat   0x0002ca6c       0x10 c:/users/spencer/appdata/local/arduino15/packages/adafruit/tools/arm-none-eabi-gcc/9-2019q4/bin/../lib/gcc/arm-none-eabi/9.2.1/../../../../arm-none-eabi/lib/thumb/v7e-m+fp/hard\libnosys.a(fstat.o)
                0x0002ca6c                _fstat
 .text._isatty  0x0002ca7c       0x10 c:/users/spencer/appdata/local/arduino15/packages/adafruit/tools/arm-none-eabi-gcc/9-2019q4/bin/../lib/gcc/arm-none-eabi/9.2.1/../../../../arm-none-eabi/lib/thumb/v7e-m+fp/hard\libnosys.a(isatty.o)
                0x0002ca7c                _isatty
 .text._lseek   0x0002ca8c       0x10 c:/users/spencer/appdata/local/arduino15/packages/adafruit/tools/arm-none-eabi-gcc/9-2019q4/bin/../lib/gcc/arm-none-eabi/9.2.1/../../../../arm-none-eabi/lib/thumb/v7e-m+fp/hard\libnosys.a(lseek.o)
                0x0002ca8c                _lseek
 .text._read    0x0002ca9c       0x10 c:/users/spencer/appdata/local/arduino15/packages/adafruit/tools/arm-none-eabi-gcc/9-2019q4/bin/../lib/gcc/arm-none-eabi/9.2.1/../../../../arm-none-eabi/lib/thumb/v7e-m+fp/hard\libnosys.a(read.o)
                0x0002ca9c                _read
 .text._sbrk    0x0002caac       0x1c c:/users/spencer/appdata/local/arduino15/packages/adafruit/tools/arm-none-eabi-gcc/9-2019q4/bin/../lib/gcc/arm-none-eabi/9.2.1/../../../../arm-none-eabi/lib/thumb/v7e-m+fp/hard\libnosys.a(sbrk.o)
                0x0002caac                _sbrk
 .text._exit    0x0002cac8        0x4 c:/users/spencer/appdata/local/arduino15/packages/adafruit/tools/arm-none-eabi-gcc/9-2019q4/bin/../lib/gcc/arm-none-eabi/9.2.1/../../../../arm-none-eabi/lib/thumb/v7e-m+fp/hard\libnosys.a(_exit.o)
                0x0002cac8                _exit
 *(.init)
 .init          0x0002cacc        0x4 c:/users/spencer/appdata/local/arduino15/packages/adafruit/tools/arm-none-eabi-gcc/9-2019q4/bin/../lib/gcc/arm-none-eabi/9.2.1/thumb/v7e-m+fp/hard/crti.o
                0x0002cacc                _init
 .init          0x0002cad0        0x8 c:/users/spencer/appdata/local/arduino15/packages/adafruit/tools/arm-none-eabi-gcc/9-2019q4/bin/../lib/gcc/arm-none-eabi/9.2.1/thumb/v7e-m+fp/hard/crtn.o
 *(.fini)
 .fini          0x0002cad8        0x4 c:/users/spencer/appdata/local/arduino15/packages/adafruit/tools/arm-none-eabi-gcc/9-2019q4/bin/../lib/gcc/arm-none-eabi/9.2.1/thumb/v7e-m+fp/hard/crti.o
                0x0002cad8                _fini
 .fini          0x0002cadc        0x8 c:/users/spencer/appdata/local/arduino15/packages/adafruit/tools/arm-none-eabi-gcc/9-2019q4/bin/../lib/gcc/arm-none-eabi/9.2.1/thumb/v7e-m+fp/hard/crtn.o
 *crtbegin.o(.ctors)
 *crtbegin?.o(.ctors)
 *(EXCLUDE_FILE(*crtend.o *crtend?.o) .ctors)
 *(SORT_BY_NAME(.ctors.*))
 *(.ctors)
 *crtbegin.o(.dtors)
 *crtbegin?.o(.dtors)
 *(EXCLUDE_FILE(*crtend.o *crtend?.o) .dtors)
 *(SORT_BY_NAME(.dtors.*))
 *(.dtors)
 *(.rodata*)
 .rodata.g_ADigitalPinMap
                0x0002cae4       0x80 c:\Users\Spencer\Desktop\Keyboard\Firmware\BadgersRunFirmware\Build\core\variant.cpp.o
                0x0002cae4                g_ADigitalPinMap
 .rodata.CSWTCH.14
                0x0002cb64        0x4 c:\Users\Spencer\Desktop\Keyboard\Firmware\BadgersRunFirmware\Build/core\core.a(system_nrf52.c.o)
 .rodata.CSWTCH.18
                0x0002cb68        0x4 c:\Users\Spencer\Desktop\Keyboard\Firmware\BadgersRunFirmware\Build/core\core.a(system_nrf52.c.o)
 .rodata.CSWTCH.4
                0x0002cb6c        0x4 c:\Users\Spencer\Desktop\Keyboard\Firmware\BadgersRunFirmware\Build/core\core.a(system_nrf52.c.o)
 .rodata.main.str1.4
                0x0002cb70        0x5 c:\Users\Spencer\Desktop\Keyboard\Firmware\BadgersRunFirmware\Build/core\core.a(main.cpp.o)
 *fill*         0x0002cb75        0x3 
 .rodata.vApplicationStackOverflowHook.str1.4
                0x0002cb78       0x2c c:\Users\Spencer\Desktop\Keyboard\Firmware\BadgersRunFirmware\Build/core\core.a(rtos.cpp.o)
 .rodata.vApplicationMallocFailedHook.str1.4
                0x0002cba4       0x1a c:\Users\Spencer\Desktop\Keyboard\Firmware\BadgersRunFirmware\Build/core\core.a(rtos.cpp.o)
 *fill*         0x0002cbbe        0x2 
 .rodata.dbgPrintVersion.str1.4
                0x0002cbc0       0x3e c:\Users\Spencer\Desktop\Keyboard\Firmware\BadgersRunFirmware\Build/core\core.a(debug.cpp.o)
 *fill*         0x0002cbfe        0x2 
 .rodata.dbg_err_str.str1.4
                0x0002cc00        0x8 c:\Users\Spencer\Desktop\Keyboard\Firmware\BadgersRunFirmware\Build/core\core.a(debug.cpp.o)
 .rodata.str1.4
                0x0002cc08      0xe92 c:\Users\Spencer\Desktop\Keyboard\Firmware\BadgersRunFirmware\Build/core\core.a(debug.cpp.o)
 *fill*         0x0002da9a        0x2 
 .rodata._ZL13_strerr_table
                0x0002da9c        0x8 c:\Users\Spencer\Desktop\Keyboard\Firmware\BadgersRunFirmware\Build/core\core.a(debug.cpp.o)
 .rodata._ZL14_strerr_lookup
                0x0002daa4      0x178 c:\Users\Spencer\Desktop\Keyboard\Firmware\BadgersRunFirmware\Build/core\core.a(debug.cpp.o)
 .rodata.xTimerCreateTimerTask.str1.4
                0x0002dc1c       0x10 c:\Users\Spencer\Desktop\Keyboard\Firmware\BadgersRunFirmware\Build/core\core.a(timers.c.o)
 .rodata.adafruit_callback_task.str1.4
                0x0002dc2c       0x20 c:\Users\Spencer\Desktop\Keyboard\Firmware\BadgersRunFirmware\Build/core\core.a(AdaCallback.c.o)
 .rodata.ada_callback_init.str1.4
                0x0002dc4c        0x9 c:\Users\Spencer\Desktop\Keyboard\Firmware\BadgersRunFirmware\Build/core\core.a(AdaCallback.c.o)
 *fill*         0x0002dc55        0x3 
 .rodata.__PRETTY_FUNCTION__.11486
                0x0002dc58       0x17 c:\Users\Spencer\Desktop\Keyboard\Firmware\BadgersRunFirmware\Build/core\core.a(AdaCallback.c.o)
 *fill*         0x0002dc6f        0x1 
 .rodata.getBootloaderVersion.str1.4
                0x0002dc70       0x11 c:\Users\Spencer\Desktop\Keyboard\Firmware\BadgersRunFirmware\Build/core\core.a(utilities.c.o)
 *fill*         0x0002dc81        0x3 
 .rodata.getMcuUniqueID.str1.4
                0x0002dc84        0xb c:\Users\Spencer\Desktop\Keyboard\Firmware\BadgersRunFirmware\Build/core\core.a(utilities.c.o)
 *fill*         0x0002dc8f        0x1 
 .rodata._ZTV4Uart
                0x0002dc90       0x34 c:\Users\Spencer\Desktop\Keyboard\Firmware\BadgersRunFirmware\Build/core\core.a(Uart.cpp.o)
                0x0002dc90                vtable for Uart
 .rodata._global_impure_ptr
                0x0002dcc4        0x4 c:/users/spencer/appdata/local/arduino15/packages/adafruit/tools/arm-none-eabi-gcc/9-2019q4/bin/../lib/gcc/arm-none-eabi/9.2.1/../../../../arm-none-eabi/lib/thumb/v7e-m+fp/hard\libc_nano.a(lib_a-impure.o)
                0x0002dcc4                _global_impure_ptr
 .rodata._printf_float.str1.1
                0x0002dcc8       0x12 c:/users/spencer/appdata/local/arduino15/packages/adafruit/tools/arm-none-eabi-gcc/9-2019q4/bin/../lib/gcc/arm-none-eabi/9.2.1/../../../../arm-none-eabi/lib/thumb/v7e-m+fp/hard\libc_nano.a(lib_a-nano-vfprintf_float.o)
 .rodata._printf_i.str1.1
                0x0002dcda       0x22 c:/users/spencer/appdata/local/arduino15/packages/adafruit/tools/arm-none-eabi-gcc/9-2019q4/bin/../lib/gcc/arm-none-eabi/9.2.1/../../../../arm-none-eabi/lib/thumb/v7e-m+fp/hard\libc_nano.a(lib_a-nano-vfprintf_i.o)
 .rodata._ctype_
                0x0002dcfc      0x101 c:/users/spencer/appdata/local/arduino15/packages/adafruit/tools/arm-none-eabi-gcc/9-2019q4/bin/../lib/gcc/arm-none-eabi/9.2.1/../../../../arm-none-eabi/lib/thumb/v7e-m+fp/hard\libc_nano.a(lib_a-ctype_.o)
                0x0002dcfc                _ctype_
 .rodata._dtoa_r.str1.1
                0x0002ddfd        0xd c:/users/spencer/appdata/local/arduino15/packages/adafruit/tools/arm-none-eabi-gcc/9-2019q4/bin/../lib/gcc/arm-none-eabi/9.2.1/../../../../arm-none-eabi/lib/thumb/v7e-m+fp/hard\libc_nano.a(lib_a-dtoa.o)
                                  0xf (size before relaxing)
 *fill*         0x0002de0a        0x2 
 .rodata.__sf_fake_stderr
                0x0002de0c       0x20 c:/users/spencer/appdata/local/arduino15/packages/adafruit/tools/arm-none-eabi-gcc/9-2019q4/bin/../lib/gcc/arm-none-eabi/9.2.1/../../../../arm-none-eabi/lib/thumb/v7e-m+fp/hard\libc_nano.a(lib_a-findfp.o)
                0x0002de0c                __sf_fake_stderr
 .rodata.__sf_fake_stdin
                0x0002de2c       0x20 c:/users/spencer/appdata/local/arduino15/packages/adafruit/tools/arm-none-eabi-gcc/9-2019q4/bin/../lib/gcc/arm-none-eabi/9.2.1/../../../../arm-none-eabi/lib/thumb/v7e-m+fp/hard\libc_nano.a(lib_a-findfp.o)
                0x0002de2c                __sf_fake_stdin
 .rodata.__sf_fake_stdout
                0x0002de4c       0x20 c:/users/spencer/appdata/local/arduino15/packages/adafruit/tools/arm-none-eabi-gcc/9-2019q4/bin/../lib/gcc/arm-none-eabi/9.2.1/../../../../arm-none-eabi/lib/thumb/v7e-m+fp/hard\libc_nano.a(lib_a-findfp.o)
                0x0002de4c                __sf_fake_stdout
 *fill*         0x0002de6c        0x4 
 .rodata.__mprec_bigtens
                0x0002de70       0x28 c:/users/spencer/appdata/local/arduino15/packages/adafruit/tools/arm-none-eabi-gcc/9-2019q4/bin/../lib/gcc/arm-none-eabi/9.2.1/../../../../arm-none-eabi/lib/thumb/v7e-m+fp/hard\libc_nano.a(lib_a-mprec.o)
                0x0002de70                __mprec_bigtens
 .rodata.__mprec_tens
                0x0002de98       0xc8 c:/users/spencer/appdata/local/arduino15/packages/adafruit/tools/arm-none-eabi-gcc/9-2019q4/bin/../lib/gcc/arm-none-eabi/9.2.1/../../../../arm-none-eabi/lib/thumb/v7e-m+fp/hard\libc_nano.a(lib_a-mprec.o)
                0x0002de98                __mprec_tens
 .rodata.p05.7490
                0x0002df60        0xc c:/users/spencer/appdata/local/arduino15/packages/adafruit/tools/arm-none-eabi-gcc/9-2019q4/bin/../lib/gcc/arm-none-eabi/9.2.1/../../../../arm-none-eabi/lib/thumb/v7e-m+fp/hard\libc_nano.a(lib_a-mprec.o)
 .rodata._svfprintf_r.str1.1
                0x0002df6c       0x11 c:/users/spencer/appdata/local/arduino15/packages/adafruit/tools/arm-none-eabi-gcc/9-2019q4/bin/../lib/gcc/arm-none-eabi/9.2.1/../../../../arm-none-eabi/lib/thumb/v7e-m+fp/hard\libc_nano.a(lib_a-nano-svfprintf.o)
 .rodata._vfprintf_r.str1.1
                0x0002df7d       0x11 c:/users/spencer/appdata/local/arduino15/packages/adafruit/tools/arm-none-eabi-gcc/9-2019q4/bin/../lib/gcc/arm-none-eabi/9.2.1/../../../../arm-none-eabi/lib/thumb/v7e-m+fp/hard\libc_nano.a(lib_a-nano-vfprintf.o)
 .rodata._setlocale_r.str1.1
                0x0002df7d        0x8 c:/users/spencer/appdata/local/arduino15/packages/adafruit/tools/arm-none-eabi-gcc/9-2019q4/bin/../lib/gcc/arm-none-eabi/9.2.1/../../../../arm-none-eabi/lib/thumb/v7e-m+fp/hard\libc_nano.a(lib_a-locale.o)
                                  0x9 (size before relaxing)
 .rodata.str1.1
                0x0002df85        0x2 c:/users/spencer/appdata/local/arduino15/packages/adafruit/tools/arm-none-eabi-gcc/9-2019q4/bin/../lib/gcc/arm-none-eabi/9.2.1/../../../../arm-none-eabi/lib/thumb/v7e-m+fp/hard\libc_nano.a(lib_a-locale.o)
 *(.eh_frame*)
 *fill*         0x0002df87        0x1 
 .eh_frame      0x0002df88        0x0 c:/users/spencer/appdata/local/arduino15/packages/adafruit/tools/arm-none-eabi-gcc/9-2019q4/bin/../lib/gcc/arm-none-eabi/9.2.1/thumb/v7e-m+fp/hard/crtbegin.o
 .eh_frame      0x0002df88        0x4 c:/users/spencer/appdata/local/arduino15/packages/adafruit/tools/arm-none-eabi-gcc/9-2019q4/bin/../lib/gcc/arm-none-eabi/9.2.1/thumb/v7e-m+fp/hard/crtend.o

.glue_7         0x0002df8c        0x0
 .glue_7        0x0002df8c        0x0 linker stubs

.glue_7t        0x0002df8c        0x0
 .glue_7t       0x0002df8c        0x0 linker stubs

.vfp11_veneer   0x0002df8c        0x0
 .vfp11_veneer  0x0002df8c        0x0 linker stubs

.v4_bx          0x0002df8c        0x0
 .v4_bx         0x0002df8c        0x0 linker stubs

.iplt           0x0002df8c        0x0
 .iplt          0x0002df8c        0x0 c:/users/spencer/appdata/local/arduino15/packages/adafruit/tools/arm-none-eabi-gcc/9-2019q4/bin/../lib/gcc/arm-none-eabi/9.2.1/thumb/v7e-m+fp/hard/crtfastmath.o

.ARM.extab
 *(.ARM.extab* .gnu.linkonce.armextab.*)
                0x0002df8c                __exidx_start = .

.ARM.exidx      0x0002df8c        0x8
 *(.ARM.exidx* .gnu.linkonce.armexidx.*)
 .ARM.exidx     0x0002df8c        0x8 c:/users/spencer/appdata/local/arduino15/packages/adafruit/tools/arm-none-eabi-gcc/9-2019q4/bin/../lib/gcc/arm-none-eabi/9.2.1/../../../../arm-none-eabi/lib/thumb/v7e-m+fp/hard/crt0.o
                0x0002df94                __exidx_end = .
                0x0002df94                __etext = .

.rel.dyn        0x0002df94        0x0
 .rel.iplt      0x0002df94        0x0 c:/users/spencer/appdata/local/arduino15/packages/adafruit/tools/arm-none-eabi-gcc/9-2019q4/bin/../lib/gcc/arm-none-eabi/9.2.1/thumb/v7e-m+fp/hard/crtfastmath.o

.data           0x20003600      0x1fc load address 0x0002df94
                0x20003600                __data_start__ = .
 *(vtable)
 *(.data*)
 .data.cols     0x20003600        0xd c:\Users\Spencer\Desktop\Keyboard\Firmware\BadgersRunFirmware\Build\sketch\keyboard.ino.cpp.o
                0x20003600                cols
 *fill*         0x2000360d        0x3 
 .data.rows     0x20003610        0x6 c:\Users\Spencer\Desktop\Keyboard\Firmware\BadgersRunFirmware\Build\sketch\keyboard.ino.cpp.o
                0x20003610                rows
 *fill*         0x20003616        0x2 
 .data.SystemCoreClock
                0x20003618        0x4 c:\Users\Spencer\Desktop\Keyboard\Firmware\BadgersRunFirmware\Build/core\core.a(system_nrf52.c.o)
                0x20003618                SystemCoreClock
 .data._impure_ptr
                0x2000361c        0x4 c:/users/spencer/appdata/local/arduino15/packages/adafruit/tools/arm-none-eabi-gcc/9-2019q4/bin/../lib/gcc/arm-none-eabi/9.2.1/../../../../arm-none-eabi/lib/thumb/v7e-m+fp/hard\libc_nano.a(lib_a-impure.o)
                0x2000361c                _impure_ptr
 .data.impure_data
                0x20003620       0x60 c:/users/spencer/appdata/local/arduino15/packages/adafruit/tools/arm-none-eabi-gcc/9-2019q4/bin/../lib/gcc/arm-none-eabi/9.2.1/../../../../arm-none-eabi/lib/thumb/v7e-m+fp/hard\libc_nano.a(lib_a-impure.o)
 .data.__global_locale
                0x20003680      0x16c c:/users/spencer/appdata/local/arduino15/packages/adafruit/tools/arm-none-eabi-gcc/9-2019q4/bin/../lib/gcc/arm-none-eabi/9.2.1/../../../../arm-none-eabi/lib/thumb/v7e-m+fp/hard\libc_nano.a(lib_a-locale.o)
                0x20003680                __global_locale
                0x200037ec                . = ALIGN (0x4)
                0x200037ec                PROVIDE (__preinit_array_start = .)
 *(.preinit_array)
                0x200037ec                PROVIDE (__preinit_array_end = .)
                0x200037ec                . = ALIGN (0x4)
                0x200037ec                PROVIDE (__init_array_start = .)
 *(SORT_BY_NAME(.init_array.*))
 *(.init_array)
 .init_array    0x200037ec        0x4 c:/users/spencer/appdata/local/arduino15/packages/adafruit/tools/arm-none-eabi-gcc/9-2019q4/bin/../lib/gcc/arm-none-eabi/9.2.1/thumb/v7e-m+fp/hard/crtfastmath.o
 .init_array    0x200037f0        0x4 c:/users/spencer/appdata/local/arduino15/packages/adafruit/tools/arm-none-eabi-gcc/9-2019q4/bin/../lib/gcc/arm-none-eabi/9.2.1/thumb/v7e-m+fp/hard/crtbegin.o
 .init_array    0x200037f4        0x4 c:\Users\Spencer\Desktop\Keyboard\Firmware\BadgersRunFirmware\Build/core\core.a(Uart.cpp.o)
                0x200037f8                PROVIDE (__init_array_end = .)
                0x200037f8                . = ALIGN (0x4)
                [!provide]                PROVIDE (__fini_array_start = .)
 *(SORT_BY_NAME(.fini_array.*))
 *(.fini_array)
 .fini_array    0x200037f8        0x4 c:/users/spencer/appdata/local/arduino15/packages/adafruit/tools/arm-none-eabi-gcc/9-2019q4/bin/../lib/gcc/arm-none-eabi/9.2.1/thumb/v7e-m+fp/hard/crtbegin.o
                [!provide]                PROVIDE (__fini_array_end = .)
 *(.jcr*)
                0x200037fc                . = ALIGN (0x4)
                0x200037fc                __data_end__ = .
LOAD c:/users/spencer/appdata/local/arduino15/packages/adafruit/tools/arm-none-eabi-gcc/9-2019q4/bin/../lib/gcc/arm-none-eabi/9.2.1/thumb/v7e-m+fp/hard/crtfastmath.o
LOAD c:/users/spencer/appdata/local/arduino15/packages/adafruit/tools/arm-none-eabi-gcc/9-2019q4/bin/../lib/gcc/arm-none-eabi/9.2.1/thumb/v7e-m+fp/hard/crti.o
LOAD c:/users/spencer/appdata/local/arduino15/packages/adafruit/tools/arm-none-eabi-gcc/9-2019q4/bin/../lib/gcc/arm-none-eabi/9.2.1/thumb/v7e-m+fp/hard/crtbegin.o
LOAD c:/users/spencer/appdata/local/arduino15/packages/adafruit/tools/arm-none-eabi-gcc/9-2019q4/bin/../lib/gcc/arm-none-eabi/9.2.1/../../../../arm-none-eabi/lib/thumb/v7e-m+fp/hard/crt0.o
LOAD c:\Users\Spencer\Desktop\Keyboard\Firmware\BadgersRunFirmware\Build\sketch\keyboard.ino.cpp.o
LOAD c:\Users\Spencer\Desktop\Keyboard\Firmware\BadgersRunFirmware\Build\core\variant.cpp.o
START GROUP
LOAD c:/users/spencer/appdata/local/arduino15/packages/adafruit/tools/arm-none-eabi-gcc/9-2019q4/bin/../lib/gcc/arm-none-eabi/9.2.1/../../../../arm-none-eabi/lib/thumb/v7e-m+fp/hard\libm.a
LOAD c:\Users\Spencer\Desktop\Keyboard\Firmware\BadgersRunFirmware\Build/core\core.a
END GROUP
START GROUP
LOAD c:/users/spencer/appdata/local/arduino15/packages/adafruit/tools/arm-none-eabi-gcc/9-2019q4/bin/../lib/gcc/arm-none-eabi/9.2.1/thumb/v7e-m+fp/hard\libgcc.a
LOAD c:/users/spencer/appdata/local/arduino15/packages/adafruit/tools/arm-none-eabi-gcc/9-2019q4/bin/../lib/gcc/arm-none-eabi/9.2.1/../../../../arm-none-eabi/lib/thumb/v7e-m+fp/hard\libc_nano.a
END GROUP
START GROUP
LOAD c:/users/spencer/appdata/local/arduino15/packages/adafruit/tools/arm-none-eabi-gcc/9-2019q4/bin/../lib/gcc/arm-none-eabi/9.2.1/thumb/v7e-m+fp/hard\libgcc.a
LOAD c:/users/spencer/appdata/local/arduino15/packages/adafruit/tools/arm-none-eabi-gcc/9-2019q4/bin/../lib/gcc/arm-none-eabi/9.2.1/../../../../arm-none-eabi/lib/thumb/v7e-m+fp/hard\libc_nano.a
LOAD c:/users/spencer/appdata/local/arduino15/packages/adafruit/tools/arm-none-eabi-gcc/9-2019q4/bin/../lib/gcc/arm-none-eabi/9.2.1/../../../../arm-none-eabi/lib/thumb/v7e-m+fp/hard\libnosys.a
END GROUP
START GROUP
LOAD c:/users/spencer/appdata/local/arduino15/packages/adafruit/tools/arm-none-eabi-gcc/9-2019q4/bin/../lib/gcc/arm-none-eabi/9.2.1/thumb/v7e-m+fp/hard\libgcc.a
LOAD c:/users/spencer/appdata/local/arduino15/packages/adafruit/tools/arm-none-eabi-gcc/9-2019q4/bin/../lib/gcc/arm-none-eabi/9.2.1/../../../../arm-none-eabi/lib/thumb/v7e-m+fp/hard\libc_nano.a
LOAD c:/users/spencer/appdata/local/arduino15/packages/adafruit/tools/arm-none-eabi-gcc/9-2019q4/bin/../lib/gcc/arm-none-eabi/9.2.1/../../../../arm-none-eabi/lib/thumb/v7e-m+fp/hard\libnosys.a
END GROUP
LOAD c:/users/spencer/appdata/local/arduino15/packages/adafruit/tools/arm-none-eabi-gcc/9-2019q4/bin/../lib/gcc/arm-none-eabi/9.2.1/thumb/v7e-m+fp/hard/crtend.o
LOAD c:/users/spencer/appdata/local/arduino15/packages/adafruit/tools/arm-none-eabi-gcc/9-2019q4/bin/../lib/gcc/arm-none-eabi/9.2.1/thumb/v7e-m+fp/hard/crtn.o
START GROUP
LOAD c:/users/spencer/appdata/local/arduino15/packages/adafruit/tools/arm-none-eabi-gcc/9-2019q4/bin/../lib/gcc/arm-none-eabi/9.2.1/thumb/v7e-m+fp/hard\libgcc.a
LOAD c:/users/spencer/appdata/local/arduino15/packages/adafruit/tools/arm-none-eabi-gcc/9-2019q4/bin/../lib/gcc/arm-none-eabi/9.2.1/../../../../arm-none-eabi/lib/thumb/v7e-m+fp/hard\libc.a
LOAD c:/users/spencer/appdata/local/arduino15/packages/adafruit/tools/arm-none-eabi-gcc/9-2019q4/bin/../lib/gcc/arm-none-eabi/9.2.1/../../../../arm-none-eabi/lib/thumb/v7e-m+fp/hard\libnosys.a
END GROUP

.igot.plt       0x200037fc        0x0 load address 0x0002e190
 .igot.plt      0x200037fc        0x0 c:/users/spencer/appdata/local/arduino15/packages/adafruit/tools/arm-none-eabi-gcc/9-2019q4/bin/../lib/gcc/arm-none-eabi/9.2.1/thumb/v7e-m+fp/hard/crtfastmath.o
                0x200037fc                . = ALIGN (0x4)

.svc_data       0x200037fc        0x0
                [!provide]                PROVIDE (__start_svc_data = .)
 *(.svc_data)
                [!provide]                PROVIDE (__stop_svc_data = .)

.fs_data        0x200037fc        0x0
                [!provide]                PROVIDE (__start_fs_data = .)
 *(.fs_data)
                [!provide]                PROVIDE (__stop_fs_data = .)

.bss            0x200037fc      0xb18 load address 0x0002e190
                0x200037fc                . = ALIGN (0x4)
                0x200037fc                __bss_start__ = .
 *(.bss*)
 .bss           0x200037fc       0x1c c:/users/spencer/appdata/local/arduino15/packages/adafruit/tools/arm-none-eabi-gcc/9-2019q4/bin/../lib/gcc/arm-none-eabi/9.2.1/thumb/v7e-m+fp/hard/crtbegin.o
 .bss._ZL11_loopHandle
                0x20003818        0x4 c:\Users\Spencer\Desktop\Keyboard\Firmware\BadgersRunFirmware\Build/core\core.a(main.cpp.o)
 .bss._ZZ29vApplicationGetIdleTaskMemoryE12xIdleTaskTCB
                0x2000381c       0x54 c:\Users\Spencer\Desktop\Keyboard\Firmware\BadgersRunFirmware\Build/core\core.a(rtos.cpp.o)
 .bss._ZZ29vApplicationGetIdleTaskMemoryE15uxIdleTaskStack
                0x20003870      0x190 c:\Users\Spencer\Desktop\Keyboard\Firmware\BadgersRunFirmware\Build/core\core.a(rtos.cpp.o)
 .bss._ZZ30vApplicationGetTimerTaskMemoryE13xTimerTaskTCB
                0x20003a00       0x54 c:\Users\Spencer\Desktop\Keyboard\Firmware\BadgersRunFirmware\Build/core\core.a(rtos.cpp.o)
 .bss._ZZ30vApplicationGetTimerTaskMemoryE16uxTimerTaskStack
                0x20003a54      0x400 c:\Users\Spencer\Desktop\Keyboard\Firmware\BadgersRunFirmware\Build/core\core.a(rtos.cpp.o)
 .bss._ZZ11dbg_err_strE11unknown_str
                0x20003e54        0x7 c:\Users\Spencer\Desktop\Keyboard\Firmware\BadgersRunFirmware\Build/core\core.a(debug.cpp.o)
 *fill*         0x20003e5b        0x1 
 .bss.pxCurrentTCB
                0x20003e5c        0x4 c:\Users\Spencer\Desktop\Keyboard\Firmware\BadgersRunFirmware\Build/core\core.a(tasks.c.o)
                0x20003e5c                pxCurrentTCB
 .bss.pxDelayedTaskList
                0x20003e60        0x4 c:\Users\Spencer\Desktop\Keyboard\Firmware\BadgersRunFirmware\Build/core\core.a(tasks.c.o)
 .bss.pxOverflowDelayedTaskList
                0x20003e64        0x4 c:\Users\Spencer\Desktop\Keyboard\Firmware\BadgersRunFirmware\Build/core\core.a(tasks.c.o)
 .bss.pxReadyTasksLists
                0x20003e68       0x64 c:\Users\Spencer\Desktop\Keyboard\Firmware\BadgersRunFirmware\Build/core\core.a(tasks.c.o)
 .bss.uxCurrentNumberOfTasks
                0x20003ecc        0x4 c:\Users\Spencer\Desktop\Keyboard\Firmware\BadgersRunFirmware\Build/core\core.a(tasks.c.o)
 .bss.uxDeletedTasksWaitingCleanUp
                0x20003ed0        0x4 c:\Users\Spencer\Desktop\Keyboard\Firmware\BadgersRunFirmware\Build/core\core.a(tasks.c.o)
 .bss.uxPendedTicks
                0x20003ed4        0x4 c:\Users\Spencer\Desktop\Keyboard\Firmware\BadgersRunFirmware\Build/core\core.a(tasks.c.o)
 .bss.uxSchedulerSuspended
                0x20003ed8        0x4 c:\Users\Spencer\Desktop\Keyboard\Firmware\BadgersRunFirmware\Build/core\core.a(tasks.c.o)
 .bss.uxTaskNumber
                0x20003edc        0x4 c:\Users\Spencer\Desktop\Keyboard\Firmware\BadgersRunFirmware\Build/core\core.a(tasks.c.o)
 .bss.uxTopReadyPriority
                0x20003ee0        0x4 c:\Users\Spencer\Desktop\Keyboard\Firmware\BadgersRunFirmware\Build/core\core.a(tasks.c.o)
 .bss.xDelayedTaskList1
                0x20003ee4       0x14 c:\Users\Spencer\Desktop\Keyboard\Firmware\BadgersRunFirmware\Build/core\core.a(tasks.c.o)
 .bss.xDelayedTaskList2
                0x20003ef8       0x14 c:\Users\Spencer\Desktop\Keyboard\Firmware\BadgersRunFirmware\Build/core\core.a(tasks.c.o)
 .bss.xIdleTaskHandle
                0x20003f0c        0x4 c:\Users\Spencer\Desktop\Keyboard\Firmware\BadgersRunFirmware\Build/core\core.a(tasks.c.o)
 .bss.xNextTaskUnblockTime
                0x20003f10        0x4 c:\Users\Spencer\Desktop\Keyboard\Firmware\BadgersRunFirmware\Build/core\core.a(tasks.c.o)
 .bss.xNumOfOverflows
                0x20003f14        0x4 c:\Users\Spencer\Desktop\Keyboard\Firmware\BadgersRunFirmware\Build/core\core.a(tasks.c.o)
 .bss.xPendingReadyList
                0x20003f18       0x14 c:\Users\Spencer\Desktop\Keyboard\Firmware\BadgersRunFirmware\Build/core\core.a(tasks.c.o)
 .bss.xSchedulerRunning
                0x20003f2c        0x4 c:\Users\Spencer\Desktop\Keyboard\Firmware\BadgersRunFirmware\Build/core\core.a(tasks.c.o)
 .bss.xSuspendedTaskList
                0x20003f30       0x14 c:\Users\Spencer\Desktop\Keyboard\Firmware\BadgersRunFirmware\Build/core\core.a(tasks.c.o)
 .bss.xTasksWaitingTermination
                0x20003f44       0x14 c:\Users\Spencer\Desktop\Keyboard\Firmware\BadgersRunFirmware\Build/core\core.a(tasks.c.o)
 .bss.xTickCount
                0x20003f58        0x4 c:\Users\Spencer\Desktop\Keyboard\Firmware\BadgersRunFirmware\Build/core\core.a(tasks.c.o)
 .bss.xYieldPending
                0x20003f5c        0x4 c:\Users\Spencer\Desktop\Keyboard\Firmware\BadgersRunFirmware\Build/core\core.a(tasks.c.o)
 .bss.pxCurrentTimerList
                0x20003f60        0x4 c:\Users\Spencer\Desktop\Keyboard\Firmware\BadgersRunFirmware\Build/core\core.a(timers.c.o)
 .bss.pxOverflowTimerList
                0x20003f64        0x4 c:\Users\Spencer\Desktop\Keyboard\Firmware\BadgersRunFirmware\Build/core\core.a(timers.c.o)
 .bss.ucStaticTimerQueueStorage.9330
                0x20003f68      0x200 c:\Users\Spencer\Desktop\Keyboard\Firmware\BadgersRunFirmware\Build/core\core.a(timers.c.o)
 .bss.xActiveTimerList1
                0x20004168       0x14 c:\Users\Spencer\Desktop\Keyboard\Firmware\BadgersRunFirmware\Build/core\core.a(timers.c.o)
 .bss.xActiveTimerList2
                0x2000417c       0x14 c:\Users\Spencer\Desktop\Keyboard\Firmware\BadgersRunFirmware\Build/core\core.a(timers.c.o)
 .bss.xLastTime.9283
                0x20004190        0x4 c:\Users\Spencer\Desktop\Keyboard\Firmware\BadgersRunFirmware\Build/core\core.a(timers.c.o)
 .bss.xStaticTimerQueue.9329
                0x20004194       0x50 c:\Users\Spencer\Desktop\Keyboard\Firmware\BadgersRunFirmware\Build/core\core.a(timers.c.o)
 .bss.xTimerQueue
                0x200041e4        0x4 c:\Users\Spencer\Desktop\Keyboard\Firmware\BadgersRunFirmware\Build/core\core.a(timers.c.o)
 .bss.xTimerTaskHandle
                0x200041e8        0x4 c:\Users\Spencer\Desktop\Keyboard\Firmware\BadgersRunFirmware\Build/core\core.a(timers.c.o)
 .bss.uxCriticalNesting
                0x200041ec        0x4 c:\Users\Spencer\Desktop\Keyboard\Firmware\BadgersRunFirmware\Build/core\core.a(port_cmsis.c.o)
 .bss._cb_qdepth
                0x200041f0        0x4 c:\Users\Spencer\Desktop\Keyboard\Firmware\BadgersRunFirmware\Build/core\core.a(AdaCallback.c.o)
 .bss._cb_queue
                0x200041f4        0x4 c:\Users\Spencer\Desktop\Keyboard\Firmware\BadgersRunFirmware\Build/core\core.a(AdaCallback.c.o)
 .bss._cb_task  0x200041f8        0x4 c:\Users\Spencer\Desktop\Keyboard\Firmware\BadgersRunFirmware\Build/core\core.a(AdaCallback.c.o)
 .bss.fw_str.11523
                0x200041fc       0x1f c:\Users\Spencer\Desktop\Keyboard\Firmware\BadgersRunFirmware\Build/core\core.a(utilities.c.o)
 *fill*         0x2000421b        0x1 
 .bss.serial_str.11532
                0x2000421c       0x11 c:\Users\Spencer\Desktop\Keyboard\Firmware\BadgersRunFirmware\Build/core\core.a(utilities.c.o)
 *fill*         0x2000422d        0x3 
 .bss.bootloaderVersion
                0x20004230        0x4 c:\Users\Spencer\Desktop\Keyboard\Firmware\BadgersRunFirmware\Build/core\core.a(wiring.c.o)
                0x20004230                bootloaderVersion
 .bss.Serial    0x20004234       0xa8 c:\Users\Spencer\Desktop\Keyboard\Firmware\BadgersRunFirmware\Build/core\core.a(Uart.cpp.o)
                0x20004234                Serial
 .bss.__malloc_free_list
                0x200042dc        0x4 c:/users/spencer/appdata/local/arduino15/packages/adafruit/tools/arm-none-eabi-gcc/9-2019q4/bin/../lib/gcc/arm-none-eabi/9.2.1/../../../../arm-none-eabi/lib/thumb/v7e-m+fp/hard\libc_nano.a(lib_a-nano-mallocr.o)
                0x200042dc                __malloc_free_list
 .bss.__malloc_sbrk_start
                0x200042e0        0x4 c:/users/spencer/appdata/local/arduino15/packages/adafruit/tools/arm-none-eabi-gcc/9-2019q4/bin/../lib/gcc/arm-none-eabi/9.2.1/../../../../arm-none-eabi/lib/thumb/v7e-m+fp/hard\libc_nano.a(lib_a-nano-mallocr.o)
                0x200042e0                __malloc_sbrk_start
 .bss.heap_end.5507
                0x200042e4        0x4 c:/users/spencer/appdata/local/arduino15/packages/adafruit/tools/arm-none-eabi-gcc/9-2019q4/bin/../lib/gcc/arm-none-eabi/9.2.1/../../../../arm-none-eabi/lib/thumb/v7e-m+fp/hard\libnosys.a(sbrk.o)
 *(COMMON)
 COMMON         0x200042e8        0xc c:\Users\Spencer\Desktop\Keyboard\Firmware\BadgersRunFirmware\Build/core\core.a(wiring.c.o)
                0x200042e8                nrf_nvic_state
 COMMON         0x200042f4       0x10 c:\Users\Spencer\Desktop\Keyboard\Firmware\BadgersRunFirmware\Build/core\core.a(queue.c.o)
                0x200042f4                xQueueRegistry
 COMMON         0x20004304        0x9 c:/users/spencer/appdata/local/arduino15/packages/adafruit/tools/arm-none-eabi-gcc/9-2019q4/bin/../lib/gcc/arm-none-eabi/9.2.1/../../../../arm-none-eabi/lib/thumb/v7e-m+fp/hard\libc_nano.a(lib_a-lock.o)
                0x20004304                __lock___atexit_recursive_mutex
                0x20004305                __lock___arc4random_mutex
                0x20004306                __lock___env_recursive_mutex
                0x20004307                __lock___sinit_recursive_mutex
                0x20004308                __lock___malloc_recursive_mutex
                0x20004309                __lock___at_quick_exit_mutex
                0x2000430a                __lock___dd_hash_mutex
                0x2000430b                __lock___tz_mutex
                0x2000430c                __lock___sfp_recursive_mutex
 *fill*         0x2000430d        0x3 
 COMMON         0x20004310        0x4 c:/users/spencer/appdata/local/arduino15/packages/adafruit/tools/arm-none-eabi-gcc/9-2019q4/bin/../lib/gcc/arm-none-eabi/9.2.1/../../../../arm-none-eabi/lib/thumb/v7e-m+fp/hard\libc_nano.a(lib_a-reent.o)
                0x20004310                errno
                0x20004314                . = ALIGN (0x4)
                0x20004314                __bss_end__ = .

.heap           0x20004314     0xb4ec load address 0x0002eca8
                0x20004314                __HeapBase = .
                0x20004314                __end__ = .
                0x20004314                PROVIDE (end = .)
 *(.heap*)
                0x2000f800                . = ALIGN (__StackLimit)
 *fill*         0x20004314     0xb4ec 
                0x2000f800                __HeapLimit = .
                0x00000001                ASSERT ((__StackLimit >= __HeapLimit), region RAM overflowed with stack)
                0x00000001                ASSERT ((__StackLimit >= __bss_end__), region RAM overflowed with stack)
OUTPUT(c:\Users\Spencer\Desktop\Keyboard\Firmware\BadgersRunFirmware\Build/keyboard.ino.elf elf32-littlearm)

.ARM.attributes
                0x00000000       0x32
 .ARM.attributes
                0x00000000       0x34 c:/users/spencer/appdata/local/arduino15/packages/adafruit/tools/arm-none-eabi-gcc/9-2019q4/bin/../lib/gcc/arm-none-eabi/9.2.1/thumb/v7e-m+fp/hard/crtfastmath.o
 .ARM.attributes
                0x00000034       0x1e c:/users/spencer/appdata/local/arduino15/packages/adafruit/tools/arm-none-eabi-gcc/9-2019q4/bin/../lib/gcc/arm-none-eabi/9.2.1/thumb/v7e-m+fp/hard/crti.o
 .ARM.attributes
                0x00000052       0x34 c:/users/spencer/appdata/local/arduino15/packages/adafruit/tools/arm-none-eabi-gcc/9-2019q4/bin/../lib/gcc/arm-none-eabi/9.2.1/thumb/v7e-m+fp/hard/crtbegin.o
 .ARM.attributes
                0x00000086       0x1c c:/users/spencer/appdata/local/arduino15/packages/adafruit/tools/arm-none-eabi-gcc/9-2019q4/bin/../lib/gcc/arm-none-eabi/9.2.1/../../../../arm-none-eabi/lib/thumb/v7e-m+fp/hard/crt0.o
 .ARM.attributes
                0x000000a2       0x30 c:\Users\Spencer\Desktop\Keyboard\Firmware\BadgersRunFirmware\Build\sketch\keyboard.ino.cpp.o
 .ARM.attributes
                0x000000d2       0x30 c:\Users\Spencer\Desktop\Keyboard\Firmware\BadgersRunFirmware\Build\core\variant.cpp.o
 .ARM.attributes
                0x00000102       0x1c c:\Users\Spencer\Desktop\Keyboard\Firmware\BadgersRunFirmware\Build/core\core.a(gcc_startup_nrf52.S.o)
 .ARM.attributes
                0x0000011e       0x30 c:\Users\Spencer\Desktop\Keyboard\Firmware\BadgersRunFirmware\Build/core\core.a(system_nrf52.c.o)
 .ARM.attributes
                0x0000014e       0x30 c:\Users\Spencer\Desktop\Keyboard\Firmware\BadgersRunFirmware\Build/core\core.a(wiring_digital.c.o)
 .ARM.attributes
                0x0000017e       0x30 c:\Users\Spencer\Desktop\Keyboard\Firmware\BadgersRunFirmware\Build/core\core.a(main.cpp.o)
 .ARM.attributes
                0x000001ae       0x30 c:\Users\Spencer\Desktop\Keyboard\Firmware\BadgersRunFirmware\Build/core\core.a(rtos.cpp.o)
 .ARM.attributes
                0x000001de       0x30 c:\Users\Spencer\Desktop\Keyboard\Firmware\BadgersRunFirmware\Build/core\core.a(debug.cpp.o)
 .ARM.attributes
                0x0000020e       0x30 c:\Users\Spencer\Desktop\Keyboard\Firmware\BadgersRunFirmware\Build/core\core.a(heap_3.c.o)
 .ARM.attributes
                0x0000023e       0x30 c:\Users\Spencer\Desktop\Keyboard\Firmware\BadgersRunFirmware\Build/core\core.a(tasks.c.o)
 .ARM.attributes
                0x0000026e       0x30 c:\Users\Spencer\Desktop\Keyboard\Firmware\BadgersRunFirmware\Build/core\core.a(timers.c.o)
 .ARM.attributes
                0x0000029e       0x30 c:\Users\Spencer\Desktop\Keyboard\Firmware\BadgersRunFirmware\Build/core\core.a(port_cmsis.c.o)
 .ARM.attributes
                0x000002ce       0x30 c:\Users\Spencer\Desktop\Keyboard\Firmware\BadgersRunFirmware\Build/core\core.a(port_cmsis_systick.c.o)
 .ARM.attributes
                0x000002fe       0x30 c:\Users\Spencer\Desktop\Keyboard\Firmware\BadgersRunFirmware\Build/core\core.a(port.c.o)
 .ARM.attributes
                0x0000032e       0x30 c:\Users\Spencer\Desktop\Keyboard\Firmware\BadgersRunFirmware\Build/core\core.a(hooks.c.o)
 .ARM.attributes
                0x0000035e       0x30 c:\Users\Spencer\Desktop\Keyboard\Firmware\BadgersRunFirmware\Build/core\core.a(AdaCallback.c.o)
 .ARM.attributes
                0x0000038e       0x30 c:\Users\Spencer\Desktop\Keyboard\Firmware\BadgersRunFirmware\Build/core\core.a(utilities.c.o)
 .ARM.attributes
                0x000003be       0x30 c:\Users\Spencer\Desktop\Keyboard\Firmware\BadgersRunFirmware\Build/core\core.a(wiring.c.o)
 .ARM.attributes
                0x000003ee       0x30 c:\Users\Spencer\Desktop\Keyboard\Firmware\BadgersRunFirmware\Build/core\core.a(Uart.cpp.o)
 .ARM.attributes
                0x0000041e       0x30 c:\Users\Spencer\Desktop\Keyboard\Firmware\BadgersRunFirmware\Build/core\core.a(list.c.o)
 .ARM.attributes
                0x0000044e       0x30 c:\Users\Spencer\Desktop\Keyboard\Firmware\BadgersRunFirmware\Build/core\core.a(queue.c.o)
 .ARM.attributes
                0x0000047e       0x30 c:\Users\Spencer\Desktop\Keyboard\Firmware\BadgersRunFirmware\Build/core\core.a(RingBuffer.cpp.o)
 .ARM.attributes
                0x000004ae       0x34 c:/users/spencer/appdata/local/arduino15/packages/adafruit/tools/arm-none-eabi-gcc/9-2019q4/bin/../lib/gcc/arm-none-eabi/9.2.1/../../../../arm-none-eabi/lib/thumb/v7e-m+fp/hard\libc_nano.a(lib_a-exit.o)
 .ARM.attributes
                0x000004e2       0x32 c:/users/spencer/appdata/local/arduino15/packages/adafruit/tools/arm-none-eabi-gcc/9-2019q4/bin/../lib/gcc/arm-none-eabi/9.2.1/../../../../arm-none-eabi/lib/thumb/v7e-m+fp/hard\libc_nano.a(lib_a-impure.o)
 .ARM.attributes
                0x00000514       0x34 c:/users/spencer/appdata/local/arduino15/packages/adafruit/tools/arm-none-eabi-gcc/9-2019q4/bin/../lib/gcc/arm-none-eabi/9.2.1/../../../../arm-none-eabi/lib/thumb/v7e-m+fp/hard\libc_nano.a(lib_a-init.o)
 .ARM.attributes
                0x00000548       0x34 c:/users/spencer/appdata/local/arduino15/packages/adafruit/tools/arm-none-eabi-gcc/9-2019q4/bin/../lib/gcc/arm-none-eabi/9.2.1/../../../../arm-none-eabi/lib/thumb/v7e-m+fp/hard\libc_nano.a(lib_a-malloc.o)
 .ARM.attributes
                0x0000057c       0x34 c:/users/spencer/appdata/local/arduino15/packages/adafruit/tools/arm-none-eabi-gcc/9-2019q4/bin/../lib/gcc/arm-none-eabi/9.2.1/../../../../arm-none-eabi/lib/thumb/v7e-m+fp/hard\libc_nano.a(lib_a-memcpy-stub.o)
 .ARM.attributes
                0x000005b0       0x34 c:/users/spencer/appdata/local/arduino15/packages/adafruit/tools/arm-none-eabi-gcc/9-2019q4/bin/../lib/gcc/arm-none-eabi/9.2.1/../../../../arm-none-eabi/lib/thumb/v7e-m+fp/hard\libc_nano.a(lib_a-memset.o)
 .ARM.attributes
                0x000005e4       0x34 c:/users/spencer/appdata/local/arduino15/packages/adafruit/tools/arm-none-eabi-gcc/9-2019q4/bin/../lib/gcc/arm-none-eabi/9.2.1/../../../../arm-none-eabi/lib/thumb/v7e-m+fp/hard\libc_nano.a(lib_a-nano-freer.o)
 .ARM.attributes
                0x00000618       0x34 c:/users/spencer/appdata/local/arduino15/packages/adafruit/tools/arm-none-eabi-gcc/9-2019q4/bin/../lib/gcc/arm-none-eabi/9.2.1/../../../../arm-none-eabi/lib/thumb/v7e-m+fp/hard\libc_nano.a(lib_a-nano-mallocr.o)
 .ARM.attributes
                0x0000064c       0x34 c:/users/spencer/appdata/local/arduino15/packages/adafruit/tools/arm-none-eabi-gcc/9-2019q4/bin/../lib/gcc/arm-none-eabi/9.2.1/../../../../arm-none-eabi/lib/thumb/v7e-m+fp/hard\libc_nano.a(lib_a-nano-vfprintf_float.o)
 .ARM.attributes
                0x00000680       0x34 c:/users/spencer/appdata/local/arduino15/packages/adafruit/tools/arm-none-eabi-gcc/9-2019q4/bin/../lib/gcc/arm-none-eabi/9.2.1/../../../../arm-none-eabi/lib/thumb/v7e-m+fp/hard\libc_nano.a(lib_a-nano-vfprintf_i.o)
 .ARM.attributes
                0x000006b4       0x34 c:/users/spencer/appdata/local/arduino15/packages/adafruit/tools/arm-none-eabi-gcc/9-2019q4/bin/../lib/gcc/arm-none-eabi/9.2.1/../../../../arm-none-eabi/lib/thumb/v7e-m+fp/hard\libc_nano.a(lib_a-printf.o)
 .ARM.attributes
                0x000006e8       0x34 c:/users/spencer/appdata/local/arduino15/packages/adafruit/tools/arm-none-eabi-gcc/9-2019q4/bin/../lib/gcc/arm-none-eabi/9.2.1/../../../../arm-none-eabi/lib/thumb/v7e-m+fp/hard\libc_nano.a(lib_a-putchar.o)
 .ARM.attributes
                0x0000071c       0x34 c:/users/spencer/appdata/local/arduino15/packages/adafruit/tools/arm-none-eabi-gcc/9-2019q4/bin/../lib/gcc/arm-none-eabi/9.2.1/../../../../arm-none-eabi/lib/thumb/v7e-m+fp/hard\libc_nano.a(lib_a-puts.o)
 .ARM.attributes
                0x00000750       0x34 c:/users/spencer/appdata/local/arduino15/packages/adafruit/tools/arm-none-eabi-gcc/9-2019q4/bin/../lib/gcc/arm-none-eabi/9.2.1/../../../../arm-none-eabi/lib/thumb/v7e-m+fp/hard\libc_nano.a(lib_a-sbrkr.o)
 .ARM.attributes
                0x00000784       0x34 c:/users/spencer/appdata/local/arduino15/packages/adafruit/tools/arm-none-eabi-gcc/9-2019q4/bin/../lib/gcc/arm-none-eabi/9.2.1/../../../../arm-none-eabi/lib/thumb/v7e-m+fp/hard\libc_nano.a(lib_a-sprintf.o)
 .ARM.attributes
                0x000007b8       0x17 c:/users/spencer/appdata/local/arduino15/packages/adafruit/tools/arm-none-eabi-gcc/9-2019q4/bin/../lib/gcc/arm-none-eabi/9.2.1/../../../../arm-none-eabi/lib/thumb/v7e-m+fp/hard\libc_nano.a(lib_a-strlen.o)
 .ARM.attributes