Archive member included to satisfy reference by file (symbol)

c:\Users\Spencer\Desktop\Keyboard\Firmware\BadgersRunFirmware\Build/core\core.a(gcc_startup_nrf52.S.o)
                              (Reset_Handler)
c:\Users\Spencer\Desktop\Keyboard\Firmware\BadgersRunFirmware\Build/core\core.a(delay.c.o)
                              c:\Users\Spencer\Desktop\Keyboard\Firmware\BadgersRunFirmware\Build\sketch\keyboard.ino.cpp.o (delay)
c:\Users\Spencer\Desktop\Keyboard\Firmware\BadgersRunFirmware\Build/core\core.a(tasks.c.o)
                              c:\Users\Spencer\Desktop\Keyboard\Firmware\BadgersRunFirmware\Build/core\core.a(delay.c.o) (xTaskGetTickCount)
c:\Users\Spencer\Desktop\Keyboard\Firmware\BadgersRunFirmware\Build/core\core.a(timers.c.o)
                              c:\Users\Spencer\Desktop\Keyboard\Firmware\BadgersRunFirmware\Build/core\core.a(tasks.c.o) (xTimerCreateTimerTask)
c:\Users\Spencer\Desktop\Keyboard\Firmware\BadgersRunFirmware\Build/core\core.a(port_cmsis.c.o)
                              c:\Users\Spencer\Desktop\Keyboard\Firmware\BadgersRunFirmware\Build/core\core.a(tasks.c.o) (pxPortInitialiseStack)
c:\Users\Spencer\Desktop\Keyboard\Firmware\BadgersRunFirmware\Build/core\core.a(port_cmsis_systick.c.o)
                              c:\Users\Spencer\Desktop\Keyboard\Firmware\BadgersRunFirmware\Build/core\core.a(port_cmsis.c.o) (vPortSetupTimerInterrupt)
c:\Users\Spencer\Desktop\Keyboard\Firmware\BadgersRunFirmware\Build/core\core.a(port.c.o)
                              c:\Users\Spencer\Desktop\Keyboard\Firmware\BadgersRunFirmware\Build/core\core.a(port_cmsis.c.o) (vPortStartFirstTask)
c:\Users\Spencer\Desktop\Keyboard\Firmware\BadgersRunFirmware\Build/core\core.a(hooks.c.o)
                              c:\Users\Spencer\Desktop\Keyboard\Firmware\BadgersRunFirmware\Build/core\core.a(tasks.c.o) (vApplicationIdleHook)
c:\Users\Spencer\Desktop\Keyboard\Firmware\BadgersRunFirmware\Build/core\core.a(system_nrf52.c.o)
                              c:\Users\Spencer\Desktop\Keyboard\Firmware\BadgersRunFirmware\Build/core\core.a(gcc_startup_nrf52.S.o) (SystemInit)
c:\Users\Spencer\Desktop\Keyboard\Firmware\BadgersRunFirmware\Build/core\core.a(wiring.c.o)
                              c:\Users\Spencer\Desktop\Keyboard\Firmware\BadgersRunFirmware\Build/core\core.a(port_cmsis_systick.c.o) (nrf_nvic_state)
c:\Users\Spencer\Desktop\Keyboard\Firmware\BadgersRunFirmware\Build/core\core.a(wiring_digital.c.o)
                              c:\Users\Spencer\Desktop\Keyboard\Firmware\BadgersRunFirmware\Build\sketch\keyboard.ino.cpp.o (pinMode)
c:\Users\Spencer\Desktop\Keyboard\Firmware\BadgersRunFirmware\Build/core\core.a(main.cpp.o)
                              c:/users/spencer/appdata/local/arduino15/packages/adafruit/tools/arm-none-eabi-gcc/9-2019q4/bin/../lib/gcc/arm-none-eabi/9.2.1/../../../../arm-none-eabi/lib/thumb/v7e-m+fp/hard/crt0.o (main)
c:\Users\Spencer\Desktop\Keyboard\Firmware\BadgersRunFirmware\Build/core\core.a(rtos.cpp.o)
                              c:\Users\Spencer\Desktop\Keyboard\Firmware\BadgersRunFirmware\Build/core\core.a(tasks.c.o) (vApplicationStackOverflowHook)
c:\Users\Spencer\Desktop\Keyboard\Firmware\BadgersRunFirmware\Build/core\core.a(debug.cpp.o)
                              c:\Users\Spencer\Desktop\Keyboard\Firmware\BadgersRunFirmware\Build/core\core.a(main.cpp.o) (dbgPrintVersion)
c:\Users\Spencer\Desktop\Keyboard\Firmware\BadgersRunFirmware\Build/core\core.a(list.c.o)
                              c:\Users\Spencer\Desktop\Keyboard\Firmware\BadgersRunFirmware\Build/core\core.a(tasks.c.o) (vListInitialise)
c:\Users\Spencer\Desktop\Keyboard\Firmware\BadgersRunFirmware\Build/core\core.a(heap_3.c.o)
                              c:\Users\Spencer\Desktop\Keyboard\Firmware\BadgersRunFirmware\Build/core\core.a(tasks.c.o) (pvPortMalloc)
c:\Users\Spencer\Desktop\Keyboard\Firmware\BadgersRunFirmware\Build/core\core.a(queue.c.o)
                              c:\Users\Spencer\Desktop\Keyboard\Firmware\BadgersRunFirmware\Build/core\core.a(timers.c.o) (xQueueGenericCreateStatic)
c:\Users\Spencer\Desktop\Keyboard\Firmware\BadgersRunFirmware\Build/core\core.a(AdaCallback.c.o)
                              c:\Users\Spencer\Desktop\Keyboard\Firmware\BadgersRunFirmware\Build/core\core.a(main.cpp.o) (ada_callback_init)
c:\Users\Spencer\Desktop\Keyboard\Firmware\BadgersRunFirmware\Build/core\core.a(utilities.c.o)
                              c:\Users\Spencer\Desktop\Keyboard\Firmware\BadgersRunFirmware\Build/core\core.a(debug.cpp.o) (lookup_find)
c:\Users\Spencer\Desktop\Keyboard\Firmware\BadgersRunFirmware\Build/core\core.a(Uart.cpp.o)
                              c:\Users\Spencer\Desktop\Keyboard\Firmware\BadgersRunFirmware\Build/core\core.a(main.cpp.o) (Uart::write(unsigned char const*, unsigned int))
c:\Users\Spencer\Desktop\Keyboard\Firmware\BadgersRunFirmware\Build/core\core.a(RingBuffer.cpp.o)
[...]
Memory Configuration

Name             Origin             Length             Attributes
FLASH            0x00026000         0x00047000         xr
RAM              0x20003600         0x0000ca00         xrw
*default*        0x00000000         0xffffffff

Linker script and memory map

                0x00000800                __StackSize = 0x800
                0x20010000                PROVIDE (__StackTop = (ORIGIN (RAM) + LENGTH (RAM)))
                0x2000f800                PROVIDE (__StackLimit = (__StackTop - __StackSize))
                0x20010000                PROVIDE (__stack = __StackTop)
                0x00026000                __flash_arduino_start = ORIGIN (FLASH)
                0x0006d000                __flash_arduino_end = (ORIGIN (FLASH) + LENGTH (FLASH))

.text           0x00026000     0x7fbc
 *(.isr_vector)
 .isr_vector    0x00026000      0x200 c:\Users\Spencer\Desktop\Keyboard\Firmware\BadgersRunFirmware\Build/core\core.a(gcc_startup_nrf52.S.o)
                0x00026000                __isr_vector
 *(.text*)
 .text.startup  0x00026200       0x10 c:/users/spencer/appdata/local/arduino15/packages/adafruit/tools/arm-none-eabi-gcc/9-2019q4/bin/../lib/gcc/arm-none-eabi/9.2.1/thumb/v7e-m+fp/hard/crtfastmath.o
 .text          0x00026210       0x40 c:/users/spencer/appdata/local/arduino15/packages/adafruit/tools/arm-none-eabi-gcc/9-2019q4/bin/../lib/gcc/arm-none-eabi/9.2.1/thumb/v7e-m+fp/hard/crtbegin.o
 .text          0x00026250       0x74 c:/users/spencer/appdata/local/arduino15/packages/adafruit/tools/arm-none-eabi-gcc/9-2019q4/bin/../lib/gcc/arm-none-eabi/9.2.1/../../../../arm-none-eabi/lib/thumb/v7e-m+fp/hard/crt0.o
                0x00026250                _start
                0x00026250                _mainCRTStartup
 .text.setup    0x000262c4        0x8 c:\Users\Spencer\Desktop\Keyboard\Firmware\BadgersRunFirmware\Build\sketch\keyboard.ino.cpp.o
                0x000262c4                setup
 .text.loop     0x000262cc       0x14 c:\Users\Spencer\Desktop\Keyboard\Firmware\BadgersRunFirmware\Build\sketch\keyboard.ino.cpp.o
                0x000262cc                loop
 .text._Z11initVariantv
                0x000262e0       0x24 c:\Users\Spencer\Desktop\Keyboard\Firmware\BadgersRunFirmware\Build\core\variant.cpp.o
                0x000262e0                initVariant()
 .text          0x00026304       0x54 c:\Users\Spencer\Desktop\Keyboard\Firmware\BadgersRunFirmware\Build/core\core.a(gcc_startup_nrf52.S.o)
                0x00026304                Reset_Handler
                0x00026344                NMI_Handler
                0x00026348                MemoryManagement_Handler
                0x0002634a                BusFault_Handler
                0x0002634c                UsageFault_Handler
                0x00026350                DebugMon_Handler
                0x00026354                SysTick_Handler
                0x00026356                SWI0_EGU0_IRQHandler
                0x00026356                POWER_CLOCK_IRQHandler
                0x00026356                RADIO_IRQHandler
                0x00026356                PWM1_IRQHandler
                0x00026356                GPIOTE_IRQHandler
                0x00026356                TEMP_IRQHandler
                0x00026356                QDEC_IRQHandler
                0x00026356                TIMER3_IRQHandler
                0x00026356                FPU_IRQHandler
                0x00026356                SPIM0_SPIS0_TWIM0_TWIS0_SPI0_TWI0_IRQHandler
                0x00026356                PDM_IRQHandler
                0x00026356                TIMER4_IRQHandler
                0x00026356                I2S_IRQHandler
                0x00026356                RTC0_IRQHandler
                0x00026356                TIMER0_IRQHandler
                0x00026356                SWI2_EGU2_IRQHandler
                0x00026356                TIMER1_IRQHandler
                0x00026356                PWM2_IRQHandler
                0x00026356                ECB_IRQHandler
                0x00026356                SPIM1_SPIS1_TWIM1_TWIS1_SPI1_TWI1_IRQHandler
                0x00026356                Default_Handler
                0x00026356                SAADC_IRQHandler
                0x00026356                CCM_AAR_IRQHandler
                0x00026356                WDT_IRQHandler
                0x00026356                SWI5_EGU5_IRQHandler
                0x00026356                RNG_IRQHandler
                0x00026356                RTC2_IRQHandler
                0x00026356                PWM0_IRQHandler
                0x00026356                SWI3_EGU3_IRQHandler
                0x00026356                SWI1_EGU1_IRQHandler
                0x00026356                SPIM2_SPIS2_SPI2_IRQHandler
                0x00026356                NFCT_IRQHandler
                0x00026356                SWI4_EGU4_IRQHandler
                0x00026356                MWU_IRQHandler
                0x00026356                TIMER2_IRQHandler
                0x00026356                COMP_LPCOMP_IRQHandler
 .text.delay    0x00026358       0x14 c:\Users\Spencer\Desktop\Keyboard\Firmware\BadgersRunFirmware\Build/core\core.a(delay.c.o)
                0x00026358                delay
 .text.prvAddNewTaskToReadyList
                0x0002636c      0x124 c:\Users\Spencer\Desktop\Keyboard\Firmware\BadgersRunFirmware\Build/core\core.a(tasks.c.o)
 .text.xTaskCreateStatic
                0x00026490       0xe0 c:\Users\Spencer\Desktop\Keyboard\Firmware\BadgersRunFirmware\Build/core\core.a(tasks.c.o)
                0x00026490                xTaskCreateStatic
 .text.xTaskCreate
                0x00026570       0xf0 c:\Users\Spencer\Desktop\Keyboard\Firmware\BadgersRunFirmware\Build/core\core.a(tasks.c.o)
                0x00026570                xTaskCreate
 .text.vTaskStartScheduler
                0x00026660       0xcc c:\Users\Spencer\Desktop\Keyboard\Firmware\BadgersRunFirmware\Build/core\core.a(tasks.c.o)
                0x00026660                vTaskStartScheduler
 .text.vTaskSuspendAll
                0x0002672c       0x10 c:\Users\Spencer\Desktop\Keyboard\Firmware\BadgersRunFirmware\Build/core\core.a(tasks.c.o)
                0x0002672c                vTaskSuspendAll
 .text.xTaskGetTickCount
                0x0002673c        0xc c:\Users\Spencer\Desktop\Keyboard\Firmware\BadgersRunFirmware\Build/core\core.a(tasks.c.o)
                0x0002673c                xTaskGetTickCount
 .text.pcTaskGetName
                0x00026748       0x14 c:\Users\Spencer\Desktop\Keyboard\Firmware\BadgersRunFirmware\Build/core\core.a(tasks.c.o)
                0x00026748                pcTaskGetName
 .text.vTaskStepTick
                0x0002675c       0x10 c:\Users\Spencer\Desktop\Keyboard\Firmware\BadgersRunFirmware\Build/core\core.a(tasks.c.o)
                0x0002675c                vTaskStepTick
 .text.xTaskIncrementTick
                0x0002676c      0x134 c:\Users\Spencer\Desktop\Keyboard\Firmware\BadgersRunFirmware\Build/core\core.a(tasks.c.o)
                0x0002676c                xTaskIncrementTick
 .text.xTaskResumeAll
                0x000268a0      0x120 c:\Users\Spencer\Desktop\Keyboard\Firmware\BadgersRunFirmware\Build/core\core.a(tasks.c.o)
                0x000268a0                xTaskResumeAll
 .text.vTaskDelay
                0x000269c0       0x84 c:\Users\Spencer\Desktop\Keyboard\Firmware\BadgersRunFirmware\Build/core\core.a(tasks.c.o)
                0x000269c0                vTaskDelay
 .text.prvIdleTask
                0x00026a44      0x118 c:\Users\Spencer\Desktop\Keyboard\Firmware\BadgersRunFirmware\Build/core\core.a(tasks.c.o)
 .text.vTaskSwitchContext
                0x00026b5c       0xbc c:\Users\Spencer\Desktop\Keyboard\Firmware\BadgersRunFirmware\Build/core\core.a(tasks.c.o)
                0x00026b5c                vTaskSwitchContext
 .text.vTaskPlaceOnEventList
                0x00026c18       0x78 c:\Users\Spencer\Desktop\Keyboard\Firmware\BadgersRunFirmware\Build/core\core.a(tasks.c.o)
                0x00026c18                vTaskPlaceOnEventList
 .text.vTaskPlaceOnEventListRestricted
                0x00026c90       0x80 c:\Users\Spencer\Desktop\Keyboard\Firmware\BadgersRunFirmware\Build/core\core.a(tasks.c.o)
                0x00026c90                vTaskPlaceOnEventListRestricted
 .text.xTaskRemoveFromEventList
                0x00026d10       0xa4 c:\Users\Spencer\Desktop\Keyboard\Firmware\BadgersRunFirmware\Build/core\core.a(tasks.c.o)
                0x00026d10                xTaskRemoveFromEventList
 .text.vTaskInternalSetTimeOutState
                0x00026db4       0x18 c:\Users\Spencer\Desktop\Keyboard\Firmware\BadgersRunFirmware\Build/core\core.a(tasks.c.o)
                0x00026db4                vTaskInternalSetTimeOutState
 .text.xTaskCheckForTimeOut
                0x00026dcc       0x68 c:\Users\Spencer\Desktop\Keyboard\Firmware\BadgersRunFirmware\Build/core\core.a(tasks.c.o)
                0x00026dcc                xTaskCheckForTimeOut
 .text.vTaskMissedYield
                0x00026e34        0xc c:\Users\Spencer\Desktop\Keyboard\Firmware\BadgersRunFirmware\Build/core\core.a(tasks.c.o)
                0x00026e34                vTaskMissedYield
 .text.eTaskConfirmSleepModeStatus
                0x00026e40       0x38 c:\Users\Spencer\Desktop\Keyboard\Firmware\BadgersRunFirmware\Build/core\core.a(tasks.c.o)
                0x00026e40                eTaskConfirmSleepModeStatus
 .text.xTaskGetCurrentTaskHandle
                0x00026e78        0xc c:\Users\Spencer\Desktop\Keyboard\Firmware\BadgersRunFirmware\Build/core\core.a(tasks.c.o)
                0x00026e78                xTaskGetCurrentTaskHandle
 .text.xTaskGetSchedulerState
                0x00026e84       0x20 c:\Users\Spencer\Desktop\Keyboard\Firmware\BadgersRunFirmware\Build/core\core.a(tasks.c.o)
                0x00026e84                xTaskGetSchedulerState
 .text.xTaskPriorityInherit
                0x00026ea4       0x8c c:\Users\Spencer\Desktop\Keyboard\Firmware\BadgersRunFirmware\Build/core\core.a(tasks.c.o)
                0x00026ea4                xTaskPriorityInherit
 .text.xTaskPriorityDisinherit
                0x00026f30       0x60 c:\Users\Spencer\Desktop\Keyboard\Firmware\BadgersRunFirmware\Build/core\core.a(tasks.c.o)
                0x00026f30                xTaskPriorityDisinherit
 .text.vTaskPriorityDisinheritAfterTimeout
                0x00026f90       0x74 c:\Users\Spencer\Desktop\Keyboard\Firmware\BadgersRunFirmware\Build/core\core.a(tasks.c.o)
                0x00026f90                vTaskPriorityDisinheritAfterTimeout
 .text.pvTaskIncrementMutexHeldCount
                0x00027004       0x18 c:\Users\Spencer\Desktop\Keyboard\Firmware\BadgersRunFirmware\Build/core\core.a(tasks.c.o)
                0x00027004                pvTaskIncrementMutexHeldCount
 .text.prvSwitchTimerLists
                0x0002701c       0x88 c:\Users\Spencer\Desktop\Keyboard\Firmware\BadgersRunFirmware\Build/core\core.a(timers.c.o)
 .text.prvTimerTask
                0x000270a4      0x240 c:\Users\Spencer\Desktop\Keyboard\Firmware\BadgersRunFirmware\Build/core\core.a(timers.c.o)
 .text.xTimerCreateTimerTask
                0x000272e4       0xac c:\Users\Spencer\Desktop\Keyboard\Firmware\BadgersRunFirmware\Build/core\core.a(timers.c.o)
                0x000272e4                xTimerCreateTimerTask
 .text.prvTaskExitError
                0x00027390        0x8 c:\Users\Spencer\Desktop\Keyboard\Firmware\BadgersRunFirmware\Build/core\core.a(port_cmsis.c.o)
 .text.pxPortInitialiseStack
                0x00027398       0x2c c:\Users\Spencer\Desktop\Keyboard\Firmware\BadgersRunFirmware\Build/core\core.a(port_cmsis.c.o)
                0x00027398                pxPortInitialiseStack
 .text.xPortStartScheduler
                0x000273c4       0x4c c:\Users\Spencer\Desktop\Keyboard\Firmware\BadgersRunFirmware\Build/core\core.a(port_cmsis.c.o)
                0x000273c4                xPortStartScheduler
 .text.vPortEnterCritical
                0x00027410       0x14 c:\Users\Spencer\Desktop\Keyboard\Firmware\BadgersRunFirmware\Build/core\core.a(port_cmsis.c.o)
                0x00027410                vPortEnterCritical
 .text.vPortExitCritical
                0x00027424       0x14 c:\Users\Spencer\Desktop\Keyboard\Firmware\BadgersRunFirmware\Build/core\core.a(port_cmsis.c.o)
                0x00027424                vPortExitCritical
 .text.sd_app_evt_wait
                0x00027438        0x4 c:\Users\Spencer\Desktop\Keyboard\Firmware\BadgersRunFirmware\Build/core\core.a(port_cmsis_systick.c.o)
 .text.sd_softdevice_is_enabled
                0x0002743c        0x4 c:\Users\Spencer\Desktop\Keyboard\Firmware\BadgersRunFirmware\Build/core\core.a(port_cmsis_systick.c.o)
 .text.RTC1_IRQHandler
                0x00027440       0x88 c:\Users\Spencer\Desktop\Keyboard\Firmware\BadgersRunFirmware\Build/core\core.a(port_cmsis_systick.c.o)
                0x00027440                RTC1_IRQHandler
 .text.vPortSetupTimerInterrupt
                0x000274c8       0x3c c:\Users\Spencer\Desktop\Keyboard\Firmware\BadgersRunFirmware\Build/core\core.a(port_cmsis_systick.c.o)
                0x000274c8                vPortSetupTimerInterrupt
 .text.vPortSuppressTicksAndSleep
                0x00027504      0x1c0 c:\Users\Spencer\Desktop\Keyboard\Firmware\BadgersRunFirmware\Build/core\core.a(port_cmsis_systick.c.o)
                0x00027504                vPortSuppressTicksAndSleep
 .text.vPortStartFirstTask
                0x000276c4       0x24 c:\Users\Spencer\Desktop\Keyboard\Firmware\BadgersRunFirmware\Build/core\core.a(port.c.o)
                0x000276c4                vPortStartFirstTask
 .text.SVC_Handler
                0x000276e8       0x20 c:\Users\Spencer\Desktop\Keyboard\Firmware\BadgersRunFirmware\Build/core\core.a(port.c.o)
                0x000276e8                SVC_Handler
 .text.PendSV_Handler
                0x00027708       0x60 c:\Users\Spencer\Desktop\Keyboard\Firmware\BadgersRunFirmware\Build/core\core.a(port.c.o)
                0x00027708                PendSV_Handler
 .text.__empty  0x00027768        0x4 c:\Users\Spencer\Desktop\Keyboard\Firmware\BadgersRunFirmware\Build/core\core.a(hooks.c.o)
                0x00027768                vApplicationIdleHook
 .text.SystemInit
                0x0002776c      0x388 c:\Users\Spencer\Desktop\Keyboard\Firmware\BadgersRunFirmware\Build/core\core.a(system_nrf52.c.o)
                0x0002776c                SystemInit
 .text.init     0x00027af4       0x5c c:\Users\Spencer\Desktop\Keyboard\Firmware\BadgersRunFirmware\Build/core\core.a(wiring.c.o)
                0x00027af4                init
 .text.pinMode  0x00027b50       0x84 c:\Users\Spencer\Desktop\Keyboard\Firmware\BadgersRunFirmware\Build/core\core.a(wiring_digital.c.o)
                0x00027b50                pinMode
 .text.digitalToggle
                0x00027bd4       0x40 c:\Users\Spencer\Desktop\Keyboard\Firmware\BadgersRunFirmware\Build/core\core.a(wiring_digital.c.o)
                0x00027bd4                digitalToggle
 .text.ledOff   0x00027c14       0x1c c:\Users\Spencer\Desktop\Keyboard\Firmware\BadgersRunFirmware\Build/core\core.a(wiring_digital.c.o)
                0x00027c14                ledOff
 .text._Z19Bluefruit_printInfov
                0x00027c30        0x4 c:\Users\Spencer\Desktop\Keyboard\Firmware\BadgersRunFirmware\Build/core\core.a(main.cpp.o)
                0x00027c30                Bluefruit_printInfo()
 .text.startup.main
                0x00027c34       0x5c c:\Users\Spencer\Desktop\Keyboard\Firmware\BadgersRunFirmware\Build/core\core.a(main.cpp.o)
                0x00027c34                main
 .text._ZL9loop_taskPv
                0x00027c90       0x74 c:\Users\Spencer\Desktop\Keyboard\Firmware\BadgersRunFirmware\Build/core\core.a(main.cpp.o)
 .text._write   0x00027d04       0x14 c:\Users\Spencer\Desktop\Keyboard\Firmware\BadgersRunFirmware\Build/core\core.a(main.cpp.o)
                0x00027d04                _write
 .text.yield    0x00027d18       0x18 c:\Users\Spencer\Desktop\Keyboard\Firmware\BadgersRunFirmware\Build/core\core.a(rtos.cpp.o)
                0x00027d18                yield
 .text.vApplicationStackOverflowHook
                0x00027d30       0x40 c:\Users\Spencer\Desktop\Keyboard\Firmware\BadgersRunFirmware\Build/core\core.a(rtos.cpp.o)
                0x00027d30                vApplicationStackOverflowHook
 .text.vApplicationMallocFailedHook
                0x00027d70       0x44 c:\Users\Spencer\Desktop\Keyboard\Firmware\BadgersRunFirmware\Build/core\core.a(rtos.cpp.o)
                0x00027d70                vApplicationMallocFailedHook
 .text.vApplicationGetIdleTaskMemory
                0x00027db4       0x1c c:\Users\Spencer\Desktop\Keyboard\Firmware\BadgersRunFirmware\Build/core\core.a(rtos.cpp.o)
                0x00027db4                vApplicationGetIdleTaskMemory
 .text.vApplicationGetTimerTaskMemory
                0x00027dd0       0x20 c:\Users\Spencer\Desktop\Keyboard\Firmware\BadgersRunFirmware\Build/core\core.a(rtos.cpp.o)
                0x00027dd0                vApplicationGetTimerTaskMemory
 .text.HardFault_Handler
                0x00027df0       0x24 c:\Users\Spencer\Desktop\Keyboard\Firmware\BadgersRunFirmware\Build/core\core.a(debug.cpp.o)
                0x00027df0                HardFault_Handler
 .text.dbgPrintVersion
                0x00027e14       0x3c c:\Users\Spencer\Desktop\Keyboard\Firmware\BadgersRunFirmware\Build/core\core.a(debug.cpp.o)
                0x00027e14                dbgPrintVersion
 .text.dbg_err_str
                0x00027e50       0x2c c:\Users\Spencer\Desktop\Keyboard\Firmware\BadgersRunFirmware\Build/core\core.a(debug.cpp.o)
                0x00027e50                dbg_err_str
 .text.vListInitialise
                0x00027e7c       0x18 c:\Users\Spencer\Desktop\Keyboard\Firmware\BadgersRunFirmware\Build/core\core.a(list.c.o)
                0x00027e7c                vListInitialise
 .text.vListInitialiseItem
                0x00027e94        0x8 c:\Users\Spencer\Desktop\Keyboard\Firmware\BadgersRunFirmware\Build/core\core.a(list.c.o)
                0x00027e94                vListInitialiseItem
 .text.vListInsertEnd
                0x00027e9c       0x20 c:\Users\Spencer\Desktop\Keyboard\Firmware\BadgersRunFirmware\Build/core\core.a(list.c.o)
                0x00027e9c                vListInsertEnd
 .text.vListInsert
                0x00027ebc       0x30 c:\Users\Spencer\Desktop\Keyboard\Firmware\BadgersRunFirmware\Build/core\core.a(list.c.o)
                0x00027ebc                vListInsert
 .text.uxListRemove
                0x00027eec       0x28 c:\Users\Spencer\Desktop\Keyboard\Firmware\BadgersRunFirmware\Build/core\core.a(list.c.o)
                0x00027eec                uxListRemove
 .text.pvPortMalloc
                0x00027f14       0x24 c:\Users\Spencer\Desktop\Keyboard\Firmware\BadgersRunFirmware\Build/core\core.a(heap_3.c.o)
                0x00027f14                pvPortMalloc
 .text.vPortFree
                0x00027f38       0x1c c:\Users\Spencer\Desktop\Keyboard\Firmware\BadgersRunFirmware\Build/core\core.a(heap_3.c.o)
                0x00027f38                vPortFree
 .text.xQueueGenericCreateStatic
                0x00027f54       0x60 c:\Users\Spencer\Desktop\Keyboard\Firmware\BadgersRunFirmware\Build/core\core.a(queue.c.o)
                0x00027f54                xQueueGenericCreateStatic
 .text.xQueueGenericCreate
                0x00027fb4       0x84 c:\Users\Spencer\Desktop\Keyboard\Firmware\BadgersRunFirmware\Build/core\core.a(queue.c.o)
                0x00027fb4                xQueueGenericCreate
 .text.xQueueGenericSend
                0x00028038      0x360 c:\Users\Spencer\Desktop\Keyboard\Firmware\BadgersRunFirmware\Build/core\core.a(queue.c.o)
                0x00028038                xQueueGenericSend
 .text.xQueueCreateMutex
                0x00028398       0x70 c:\Users\Spencer\Desktop\Keyboard\Firmware\BadgersRunFirmware\Build/core\core.a(queue.c.o)
                0x00028398                xQueueCreateMutex
 .text.xQueueGiveFromISR
                0x00028408       0x60 c:\Users\Spencer\Desktop\Keyboard\Firmware\BadgersRunFirmware\Build/core\core.a(queue.c.o)
                0x00028408                xQueueGiveFromISR
 .text.xQueueReceive
                0x00028468      0x2b8 c:\Users\Spencer\Desktop\Keyboard\Firmware\BadgersRunFirmware\Build/core\core.a(queue.c.o)
                0x00028468                xQueueReceive
 .text.xQueueSemaphoreTake
                0x00028720      0x2f8 c:\Users\Spencer\Desktop\Keyboard\Firmware\BadgersRunFirmware\Build/core\core.a(queue.c.o)
                0x00028720                xQueueSemaphoreTake
 .text.vQueueDelete
                0x00028a18       0x48 c:\Users\Spencer\Desktop\Keyboard\Firmware\BadgersRunFirmware\Build/core\core.a(queue.c.o)
                0x00028a18                vQueueDelete
 .text.vQueueAddToRegistry
                0x00028a60       0x24 c:\Users\Spencer\Desktop\Keyboard\Firmware\BadgersRunFirmware\Build/core\core.a(queue.c.o)
                0x00028a60                vQueueAddToRegistry
 .text.vQueueWaitForMessageRestricted
                0x00028a84       0xcc c:\Users\Spencer\Desktop\Keyboard\Firmware\BadgersRunFirmware\Build/core\core.a(queue.c.o)
                0x00028a84                vQueueWaitForMessageRestricted
 .text.adafruit_callback_task
                0x00028b50       0xc4 c:\Users\Spencer\Desktop\Keyboard\Firmware\BadgersRunFirmware\Build/core\core.a(AdaCallback.c.o)
                0x00028b50                adafruit_callback_task
 .text.ada_callback_init
                0x00028c14       0x48 c:\Users\Spencer\Desktop\Keyboard\Firmware\BadgersRunFirmware\Build/core\core.a(AdaCallback.c.o)
                0x00028c14                ada_callback_init
 .text.lookup_find
                0x00028c5c       0x28 c:\Users\Spencer\Desktop\Keyboard\Firmware\BadgersRunFirmware\Build/core\core.a(utilities.c.o)
                0x00028c5c                lookup_find
 .text.getBootloaderVersion
                0x00028c84       0x80 c:\Users\Spencer\Desktop\Keyboard\Firmware\BadgersRunFirmware\Build/core\core.a(utilities.c.o)
                0x00028c84                getBootloaderVersion
 .text.getMcuUniqueID
                0x00028d04       0x28 c:\Users\Spencer\Desktop\Keyboard\Firmware\BadgersRunFirmware\Build/core\core.a(utilities.c.o)
                0x00028d04                getMcuUniqueID
 .text._ZN5Print17availableForWriteEv
                0x00028d2c        0x4 c:\Users\Spencer\Desktop\Keyboard\Firmware\BadgersRunFirmware\Build/core\core.a(Uart.cpp.o)
                0x00028d2c                Print::availableForWrite()
 .text._ZN4UartcvbEv
                0x00028d30        0x8 c:\Users\Spencer\Desktop\Keyboard\Firmware\BadgersRunFirmware\Build/core\core.a(Uart.cpp.o)
                0x00028d30                Uart::operator bool()
 .text._ZN4Uart3endEv
                0x00028d38       0x70 c:\Users\Spencer\Desktop\Keyboard\Firmware\BadgersRunFirmware\Build/core\core.a(Uart.cpp.o)
                0x00028d38                Uart::end()
 .text._ZN4Uart9availableEv
                0x00028da8        0x8 c:\Users\Spencer\Desktop\Keyboard\Firmware\BadgersRunFirmware\Build/core\core.a(Uart.cpp.o)
                0x00028da8                Uart::available()
 .text._ZN4Uart4peekEv
                0x00028db0        0x8 c:\Users\Spencer\Desktop\Keyboard\Firmware\BadgersRunFirmware\Build/core\core.a(Uart.cpp.o)
                0x00028db0                Uart::peek()
 .text._ZN4Uart4readEv
                0x00028db8        0x8 c:\Users\Spencer\Desktop\Keyboard\Firmware\BadgersRunFirmware\Build/core\core.a(Uart.cpp.o)
                0x00028db8                Uart::read()
 .text._ZN4Uart5flushEv
                0x00028dc0       0x2c c:\Users\Spencer\Desktop\Keyboard\Firmware\BadgersRunFirmware\Build/core\core.a(Uart.cpp.o)
                0x00028dc0                Uart::flush()
 .text._ZN4Uart5writeEh
                0x00028dec       0x48 c:\Users\Spencer\Desktop\Keyboard\Firmware\BadgersRunFirmware\Build/core\core.a(Uart.cpp.o)
                0x00028dec                Uart::write(unsigned char)
 .text._ZN4Uart5writeEPKhj
                0x00028e34       0x54 c:\Users\Spencer\Desktop\Keyboard\Firmware\BadgersRunFirmware\Build/core\core.a(Uart.cpp.o)
                0x00028e34                Uart::write(unsigned char const*, unsigned int)
 .text._ZN4Uart5beginEm
                0x00028e88      0x1bc c:\Users\Spencer\Desktop\Keyboard\Firmware\BadgersRunFirmware\Build/core\core.a(Uart.cpp.o)
                0x00028e88                Uart::begin(unsigned long)
 .text._ZN4Uart5beginEmt
                0x00029044      0x1a0 c:\Users\Spencer\Desktop\Keyboard\Firmware\BadgersRunFirmware\Build/core\core.a(Uart.cpp.o)
                0x00029044                Uart::begin(unsigned long, unsigned short)
 .text._Z14serialEventRunv
                0x000291e4       0x20 c:\Users\Spencer\Desktop\Keyboard\Firmware\BadgersRunFirmware\Build/core\core.a(Uart.cpp.o)
                0x000291e4                serialEventRun()
 .text.UARTE0_UART0_IRQHandler
                0x00029204       0x4c c:\Users\Spencer\Desktop\Keyboard\Firmware\BadgersRunFirmware\Build/core\core.a(Uart.cpp.o)
                0x00029204                UARTE0_UART0_IRQHandler
 .text.startup._GLOBAL__sub_I__ZN4UartC2EP14NRF_UARTE_Type9IRQn_Typehh
                0x00029250       0x4c c:\Users\Spencer\Desktop\Keyboard\Firmware\BadgersRunFirmware\Build/core\core.a(Uart.cpp.o)
 .text._ZN10RingBufferC2Ev
                0x0002929c       0x18 c:\Users\Spencer\Desktop\Keyboard\Firmware\BadgersRunFirmware\Build/core\core.a(RingBuffer.cpp.o)
                0x0002929c                RingBuffer::RingBuffer()
                0x0002929c                RingBuffer::RingBuffer()
 .text._ZN10RingBuffer10store_charEh
                0x000292b4       0x1c c:\Users\Spencer\Desktop\Keyboard\Firmware\BadgersRunFirmware\Build/core\core.a(RingBuffer.cpp.o)
                0x000292b4                RingBuffer::store_char(unsigned char)
 .text._ZN10RingBuffer5clearEv
                0x000292d0        0x8 c:\Users\Spencer\Desktop\Keyboard\Firmware\BadgersRunFirmware\Build/core\core.a(RingBuffer.cpp.o)
                0x000292d0                RingBuffer::clear()
 .text._ZN10RingBuffer9read_charEv
                0x000292d8       0x1c c:\Users\Spencer\Desktop\Keyboard\Firmware\BadgersRunFirmware\Build/core\core.a(RingBuffer.cpp.o)
                0x000292d8                RingBuffer::read_char()
 .text._ZN10RingBuffer9availableEv
                0x000292f4        0xc c:\Users\Spencer\Desktop\Keyboard\Firmware\BadgersRunFirmware\Build/core\core.a(RingBuffer.cpp.o)
                0x000292f4                RingBuffer::available()
 .text._ZN10RingBuffer4peekEv
                0x00029300       0x10 c:\Users\Spencer\Desktop\Keyboard\Firmware\BadgersRunFirmware\Build/core\core.a(RingBuffer.cpp.o)
                0x00029300                RingBuffer::peek()
 .text.exit     0x00029310       0x28 c:/users/spencer/appdata/local/arduino15/packages/adafruit/tools/arm-none-eabi-gcc/9-2019q4/bin/../lib/gcc/arm-none-eabi/9.2.1/../../../../arm-none-eabi/lib/thumb/v7e-m+fp/hard\libc_nano.a(lib_a-exit.o)
                0x00029310                exit
 .text.__libc_init_array
                0x00029338       0x48 c:/users/spencer/appdata/local/arduino15/packages/adafruit/tools/arm-none-eabi-gcc/9-2019q4/bin/../lib/gcc/arm-none-eabi/9.2.1/../../../../arm-none-eabi/lib/thumb/v7e-m+fp/hard\libc_nano.a(lib_a-init.o)
                0x00029338                __libc_init_array
 .text.malloc   0x00029380       0x10 c:/users/spencer/appdata/local/arduino15/packages/adafruit/tools/arm-none-eabi-gcc/9-2019q4/bin/../lib/gcc/arm-none-eabi/9.2.1/../../../../arm-none-eabi/lib/thumb/v7e-m+fp/hard\libc_nano.a(lib_a-malloc.o)
                0x00029380                malloc
 .text.free     0x00029390       0x10 c:/users/spencer/appdata/local/arduino15/packages/adafruit/tools/arm-none-eabi-gcc/9-2019q4/bin/../lib/gcc/arm-none-eabi/9.2.1/../../../../arm-none-eabi/lib/thumb/v7e-m+fp/hard\libc_nano.a(lib_a-malloc.o)
                0x00029390                free
 .text.memcpy   0x000293a0       0x1c c:/users/spencer/appdata/local/arduino15/packages/adafruit/tools/arm-none-eabi-gcc/9-2019q4/bin/../lib/gcc/arm-none-eabi/9.2.1/../../../../arm-none-eabi/lib/thumb/v7e-m+fp/hard\libc_nano.a(lib_a-memcpy-stub.o)
                0x000293a0                memcpy
 .text.memset   0x000293bc       0x10 c:/users/spencer/appdata/local/arduino15/packages/adafruit/tools/arm-none-eabi-gcc/9-2019q4/bin/../lib/gcc/arm-none-eabi/9.2.1/../../../../arm-none-eabi/lib/thumb/v7e-m+fp/hard\libc_nano.a(lib_a-memset.o)
                0x000293bc                memset
 .text._free_r  0x000293cc       0xa0 c:/users/spencer/appdata/local/arduino15/packages/adafruit/tools/arm-none-eabi-gcc/9-2019q4/bin/../lib/gcc/arm-none-eabi/9.2.1/../../../../arm-none-eabi/lib/thumb/v7e-m+fp/hard\libc_nano.a(lib_a-nano-freer.o)
                0x000293cc                _free_r
 .text._malloc_r
                0x0002946c       0xb4 c:/users/spencer/appdata/local/arduino15/packages/adafruit/tools/arm-none-eabi-gcc/9-2019q4/bin/../lib/gcc/arm-none-eabi/9.2.1/../../../../arm-none-eabi/lib/thumb/v7e-m+fp/hard\libc_nano.a(lib_a-nano-mallocr.o)
                0x0002946c                _malloc_r
 .text.__cvt    0x00029520       0xc4 c:/users/spencer/appdata/local/arduino15/packages/adafruit/tools/arm-none-eabi-gcc/9-2019q4/bin/../lib/gcc/arm-none-eabi/9.2.1/../../../../arm-none-eabi/lib/thumb/v7e-m+fp/hard\libc_nano.a(lib_a-nano-vfprintf_float.o)
                0x00029520                __cvt
 .text.__exponent
                0x000295e4       0x7c c:/users/spencer/appdata/local/arduino15/packages/adafruit/tools/arm-none-eabi-gcc/9-2019q4/bin/../lib/gcc/arm-none-eabi/9.2.1/../../../../arm-none-eabi/lib/thumb/v7e-m+fp/hard\libc_nano.a(lib_a-nano-vfprintf_float.o)
                0x000295e4                __exponent
 .text._printf_float
                0x00029660      0x46c c:/users/spencer/appdata/local/arduino15/packages/adafruit/tools/arm-none-eabi-gcc/9-2019q4/bin/../lib/gcc/arm-none-eabi/9.2.1/../../../../arm-none-eabi/lib/thumb/v7e-m+fp/hard\libc_nano.a(lib_a-nano-vfprintf_float.o)
                0x00029660                _printf_float
 .text._printf_common
                0x00029acc       0xda c:/users/spencer/appdata/local/arduino15/packages/adafruit/tools/arm-none-eabi-gcc/9-2019q4/bin/../lib/gcc/arm-none-eabi/9.2.1/../../../../arm-none-eabi/lib/thumb/v7e-m+fp/hard\libc_nano.a(lib_a-nano-vfprintf_i.o)
                0x00029acc                _printf_common
 *fill*         0x00029ba6        0x2 
 .text._printf_i
                0x00029ba8      0x24c c:/users/spencer/appdata/local/arduino15/packages/adafruit/tools/arm-none-eabi-gcc/9-2019q4/bin/../lib/gcc/arm-none-eabi/9.2.1/../../../../arm-none-eabi/lib/thumb/v7e-m+fp/hard\libc_nano.a(lib_a-nano-vfprintf_i.o)
                0x00029ba8                _printf_i
 .text.printf   0x00029df4       0x30 c:/users/spencer/appdata/local/arduino15/packages/adafruit/tools/arm-none-eabi-gcc/9-2019q4/bin/../lib/gcc/arm-none-eabi/9.2.1/../../../../arm-none-eabi/lib/thumb/v7e-m+fp/hard\libc_nano.a(lib_a-printf.o)
                0x00029df4                iprintf
                0x00029df4                printf
 .text.putchar  0x00029e24       0x2c c:/users/spencer/appdata/local/arduino15/packages/adafruit/tools/arm-none-eabi-gcc/9-2019q4/bin/../lib/gcc/arm-none-eabi/9.2.1/../../../../arm-none-eabi/lib/thumb/v7e-m+fp/hard\libc_nano.a(lib_a-putchar.o)
                0x00029e24                putchar
 .text._puts_r  0x00029e50       0xdc c:/users/spencer/appdata/local/arduino15/packages/adafruit/tools/arm-none-eabi-gcc/9-2019q4/bin/../lib/gcc/arm-none-eabi/9.2.1/../../../../arm-none-eabi/lib/thumb/v7e-m+fp/hard\libc_nano.a(lib_a-puts.o)
                0x00029e50                _puts_r
 .text.puts     0x00029f2c       0x10 c:/users/spencer/appdata/local/arduino15/packages/adafruit/tools/arm-none-eabi-gcc/9-2019q4/bin/../lib/gcc/arm-none-eabi/9.2.1/../../../../arm-none-eabi/lib/thumb/v7e-m+fp/hard\libc_nano.a(lib_a-puts.o)
                0x00029f2c                puts
 .text._sbrk_r  0x00029f3c       0x20 c:/users/spencer/appdata/local/arduino15/packages/adafruit/tools/arm-none-eabi-gcc/9-2019q4/bin/../lib/gcc/arm-none-eabi/9.2.1/../../../../arm-none-eabi/lib/thumb/v7e-m+fp/hard\libc_nano.a(lib_a-sbrkr.o)
                0x00029f3c                _sbrk_r
 .text.sprintf  0x00029f5c       0x40 c:/users/spencer/appdata/local/arduino15/packages/adafruit/tools/arm-none-eabi-gcc/9-2019q4/bin/../lib/gcc/arm-none-eabi/9.2.1/../../../../arm-none-eabi/lib/thumb/v7e-m+fp/hard\libc_nano.a(lib_a-sprintf.o)
                0x00029f5c                siprintf
                0x00029f5c                sprintf
 .text          0x00029f9c       0x10 c:/users/spencer/appdata/local/arduino15/packages/adafruit/tools/arm-none-eabi-gcc/9-2019q4/bin/../lib/gcc/arm-none-eabi/9.2.1/../../../../arm-none-eabi/lib/thumb/v7e-m+fp/hard\libc_nano.a(lib_a-strlen.o)
                0x00029f9c                strlen
 .text.__swbuf_r
                0x00029fac       0xa4 c:/users/spencer/appdata/local/arduino15/packages/adafruit/tools/arm-none-eabi-gcc/9-2019q4/bin/../lib/gcc/arm-none-eabi/9.2.1/../../../../arm-none-eabi/lib/thumb/v7e-m+fp/hard\libc_nano.a(lib_a-wbuf.o)
                0x00029fac                __swbuf_r
 .text.__swsetup_r
                0x0002a050       0xdc c:/users/spencer/appdata/local/arduino15/packages/adafruit/tools/arm-none-eabi-gcc/9-2019q4/bin/../lib/gcc/arm-none-eabi/9.2.1/../../../../arm-none-eabi/lib/thumb/v7e-m+fp/hard\libc_nano.a(lib_a-wsetup.o)
                0x0002a050                __swsetup_r
 .text.quorem   0x0002a12c      0x116 c:/users/spencer/appdata/local/arduino15/packages/adafruit/tools/arm-none-eabi-gcc/9-2019q4/bin/../lib/gcc/arm-none-eabi/9.2.1/../../../../arm-none-eabi/lib/thumb/v7e-m+fp/hard\libc_nano.a(lib_a-dtoa.o)
 *fill*         0x0002a242        0x6 
 .text._dtoa_r  0x0002a248      0xbbc c:/users/spencer/appdata/local/arduino15/packages/adafruit/tools/arm-none-eabi-gcc/9-2019q4/bin/../lib/gcc/arm-none-eabi/9.2.1/../../../../arm-none-eabi/lib/thumb/v7e-m+fp/hard\libc_nano.a(lib_a-dtoa.o)
                0x0002a248                _dtoa_r
 .text.__sflush_r
                0x0002ae04      0x10c c:/users/spencer/appdata/local/arduino15/packages/adafruit/tools/arm-none-eabi-gcc/9-2019q4/bin/../lib/gcc/arm-none-eabi/9.2.1/../../../../arm-none-eabi/lib/thumb/v7e-m+fp/hard\libc_nano.a(lib_a-fflush.o)
                0x0002ae04                __sflush_r
 .text._fflush_r
                0x0002af10       0x78 c:/users/spencer/appdata/local/arduino15/packages/adafruit/tools/arm-none-eabi-gcc/9-2019q4/bin/../lib/gcc/arm-none-eabi/9.2.1/../../../../arm-none-eabi/lib/thumb/v7e-m+fp/hard\libc_nano.a(lib_a-fflush.o)
                0x0002af10                _fflush_r
 .text.std      0x0002af88       0x48 c:/users/spencer/appdata/local/arduino15/packages/adafruit/tools/arm-none-eabi-gcc/9-2019q4/bin/../lib/gcc/arm-none-eabi/9.2.1/../../../../arm-none-eabi/lib/thumb/v7e-m+fp/hard\libc_nano.a(lib_a-findfp.o)
 .text._cleanup_r
                0x0002afd0        0xc c:/users/spencer/appdata/local/arduino15/packages/adafruit/tools/arm-none-eabi-gcc/9-2019q4/bin/../lib/gcc/arm-none-eabi/9.2.1/../../../../arm-none-eabi/lib/thumb/v7e-m+fp/hard\libc_nano.a(lib_a-findfp.o)
                0x0002afd0                _cleanup_r
 .text.__sfmoreglue
                0x0002afdc       0x2c c:/users/spencer/appdata/local/arduino15/packages/adafruit/tools/arm-none-eabi-gcc/9-2019q4/bin/../lib/gcc/arm-none-eabi/9.2.1/../../../../arm-none-eabi/lib/thumb/v7e-m+fp/hard\libc_nano.a(lib_a-findfp.o)
                0x0002afdc                __sfmoreglue
 .text.__sfp_lock_acquire
                0x0002b008        0xc c:/users/spencer/appdata/local/arduino15/packages/adafruit/tools/arm-none-eabi-gcc/9-2019q4/bin/../lib/gcc/arm-none-eabi/9.2.1/../../../../arm-none-eabi/lib/thumb/v7e-m+fp/hard\libc_nano.a(lib_a-findfp.o)
                0x0002b008                __sfp_lock_acquire
 .text.__sfp_lock_release
                0x0002b014        0xc c:/users/spencer/appdata/local/arduino15/packages/adafruit/tools/arm-none-eabi-gcc/9-2019q4/bin/../lib/gcc/arm-none-eabi/9.2.1/../../../../arm-none-eabi/lib/thumb/v7e-m+fp/hard\libc_nano.a(lib_a-findfp.o)
                0x0002b014                __sfp_lock_release
 .text.__sinit_lock_acquire
                0x0002b020        0xc c:/users/spencer/appdata/local/arduino15/packages/adafruit/tools/arm-none-eabi-gcc/9-2019q4/bin/../lib/gcc/arm-none-eabi/9.2.1/../../../../arm-none-eabi/lib/thumb/v7e-m+fp/hard\libc_nano.a(lib_a-findfp.o)
                0x0002b020                __sinit_lock_acquire
 .text.__sinit_lock_release
                0x0002b02c        0xc c:/users/spencer/appdata/local/arduino15/packages/adafruit/tools/arm-none-eabi-gcc/9-2019q4/bin/../lib/gcc/arm-none-eabi/9.2.1/../../../../arm-none-eabi/lib/thumb/v7e-m+fp/hard\libc_nano.a(lib_a-findfp.o)
                0x0002b02c                __sinit_lock_release
 .text.__sinit  0x0002b038       0x70 c:/users/spencer/appdata/local/arduino15/packages/adafruit/tools/arm-none-eabi-gcc/9-2019q4/bin/../lib/gcc/arm-none-eabi/9.2.1/../../../../arm-none-eabi/lib/thumb/v7e-m+fp/hard\libc_nano.a(lib_a-findfp.o)
                0x0002b038                __sinit
 .text.__sfp    0x0002b0a8       0x8c c:/users/spencer/appdata/local/arduino15/packages/adafruit/tools/arm-none-eabi-gcc/9-2019q4/bin/../lib/gcc/arm-none-eabi/9.2.1/../../../../arm-none-eabi/lib/thumb/v7e-m+fp/hard\libc_nano.a(lib_a-findfp.o)
                0x0002b0a8                __sfp
 .text._fwalk_reent
                0x0002b134       0x3e c:/users/spencer/appdata/local/arduino15/packages/adafruit/tools/arm-none-eabi-gcc/9-2019q4/bin/../lib/gcc/arm-none-eabi/9.2.1/../../../../arm-none-eabi/lib/thumb/v7e-m+fp/hard\libc_nano.a(lib_a-fwalk.o)
                0x0002b134                _fwalk_reent
 *fill*         0x0002b172        0x2 
 .text._localeconv_r
                0x0002b174        0x8 c:/users/spencer/appdata/local/arduino15/packages/adafruit/tools/arm-none-eabi-gcc/9-2019q4/bin/../lib/gcc/arm-none-eabi/9.2.1/../../../../arm-none-eabi/lib/thumb/v7e-m+fp/hard\libc_nano.a(lib_a-localeconv.o)
                0x0002b174                _localeconv_r
 .text.__retarget_lock_init_recursive
                0x0002b17c        0x2 c:/users/spencer/appdata/local/arduino15/packages/adafruit/tools/arm-none-eabi-gcc/9-2019q4/bin/../lib/gcc/arm-none-eabi/9.2.1/../../../../arm-none-eabi/lib/thumb/v7e-m+fp/hard\libc_nano.a(lib_a-lock.o)
                0x0002b17c                __retarget_lock_init_recursive
 .text.__retarget_lock_acquire_recursive
                0x0002b17e        0x2 c:/users/spencer/appdata/local/arduino15/packages/adafruit/tools/arm-none-eabi-gcc/9-2019q4/bin/../lib/gcc/arm-none-eabi/9.2.1/../../../../arm-none-eabi/lib/thumb/v7e-m+fp/hard\libc_nano.a(lib_a-lock.o)
                0x0002b17e                __retarget_lock_acquire_recursive
 .text.__retarget_lock_release_recursive
                0x0002b180        0x2 c:/users/spencer/appdata/local/arduino15/packages/adafruit/tools/arm-none-eabi-gcc/9-2019q4/bin/../lib/gcc/arm-none-eabi/9.2.1/../../../../arm-none-eabi/lib/thumb/v7e-m+fp/hard\libc_nano.a(lib_a-lock.o)
                0x0002b180                __retarget_lock_release_recursive
 .text.__swhatbuf_r
                0x0002b182       0x48 c:/users/spencer/appdata/local/arduino15/packages/adafruit/tools/arm-none-eabi-gcc/9-2019q4/bin/../lib/gcc/arm-none-eabi/9.2.1/../../../../arm-none-eabi/lib/thumb/v7e-m+fp/hard\libc_nano.a(lib_a-makebuf.o)
                0x0002b182                __swhatbuf_r
 *fill*         0x0002b1ca        0x2 
 .text.__smakebuf_r
                0x0002b1cc       0x80 c:/users/spencer/appdata/local/arduino15/packages/adafruit/tools/arm-none-eabi-gcc/9-2019q4/bin/../lib/gcc/arm-none-eabi/9.2.1/../../../../arm-none-eabi/lib/thumb/v7e-m+fp/hard\libc_nano.a(lib_a-makebuf.o)
                0x0002b1cc                __smakebuf_r
 *fill*         0x0002b24c        0x4 
 .text          0x0002b250       0xa0 c:/users/spencer/appdata/local/arduino15/packages/adafruit/tools/arm-none-eabi-gcc/9-2019q4/bin/../lib/gcc/arm-none-eabi/9.2.1/../../../../arm-none-eabi/lib/thumb/v7e-m+fp/hard\libc_nano.a(lib_a-memchr.o)
                0x0002b250                memchr
 .text.__malloc_lock
                0x0002b2f0        0xc c:/users/spencer/appdata/local/arduino15/packages/adafruit/tools/arm-none-eabi-gcc/9-2019q4/bin/../lib/gcc/arm-none-eabi/9.2.1/../../../../arm-none-eabi/lib/thumb/v7e-m+fp/hard\libc_nano.a(lib_a-mlock.o)
                0x0002b2f0                __malloc_lock
 .text.__malloc_unlock
                0x0002b2fc        0xc c:/users/spencer/appdata/local/arduino15/packages/adafruit/tools/arm-none-eabi-gcc/9-2019q4/bin/../lib/gcc/arm-none-eabi/9.2.1/../../../../arm-none-eabi/lib/thumb/v7e-m+fp/hard\libc_nano.a(lib_a-mlock.o)
                0x0002b2fc                __malloc_unlock
 .text._Balloc  0x0002b308       0x68 c:/users/spencer/appdata/local/arduino15/packages/adafruit/tools/arm-none-eabi-gcc/9-2019q4/bin/../lib/gcc/arm-none-eabi/9.2.1/../../../../arm-none-eabi/lib/thumb/v7e-m+fp/hard\libc_nano.a(lib_a-mprec.o)
                0x0002b308                _Balloc
 .text._Bfree   0x0002b370       0x2e c:/users/spencer/appdata/local/arduino15/packages/adafruit/tools/arm-none-eabi-gcc/9-2019q4/bin/../lib/gcc/arm-none-eabi/9.2.1/../../../../arm-none-eabi/lib/thumb/v7e-m+fp/hard\libc_nano.a(lib_a-mprec.o)
                0x0002b370                _Bfree
 .text.__multadd
                0x0002b39e       0x7c c:/users/spencer/appdata/local/arduino15/packages/adafruit/tools/arm-none-eabi-gcc/9-2019q4/bin/../lib/gcc/arm-none-eabi/9.2.1/../../../../arm-none-eabi/lib/thumb/v7e-m+fp/hard\libc_nano.a(lib_a-mprec.o)
                0x0002b39e                __multadd
 .text.__hi0bits
                0x0002b41a       0x40 c:/users/spencer/appdata/local/arduino15/packages/adafruit/tools/arm-none-eabi-gcc/9-2019q4/bin/../lib/gcc/arm-none-eabi/9.2.1/../../../../arm-none-eabi/lib/thumb/v7e-m+fp/hard\libc_nano.a(lib_a-mprec.o)
                0x0002b41a                __hi0bits
 .text.__lo0bits
                0x0002b45a       0x60 c:/users/spencer/appdata/local/arduino15/packages/adafruit/tools/arm-none-eabi-gcc/9-2019q4/bin/../lib/gcc/arm-none-eabi/9.2.1/../../../../arm-none-eabi/lib/thumb/v7e-m+fp/hard\libc_nano.a(lib_a-mprec.o)
                0x0002b45a                __lo0bits
 .text.__i2b    0x0002b4ba       0x12 c:/users/spencer/appdata/local/arduino15/packages/adafruit/tools/arm-none-eabi-gcc/9-2019q4/bin/../lib/gcc/arm-none-eabi/9.2.1/../../../../arm-none-eabi/lib/thumb/v7e-m+fp/hard\libc_nano.a(lib_a-mprec.o)
                0x0002b4ba                __i2b
 .text.__multiply
                0x0002b4cc      0x138 c:/users/spencer/appdata/local/arduino15/packages/adafruit/tools/arm-none-eabi-gcc/9-2019q4/bin/../lib/gcc/arm-none-eabi/9.2.1/../../../../arm-none-eabi/lib/thumb/v7e-m+fp/hard\libc_nano.a(lib_a-mprec.o)
                0x0002b4cc                __multiply
 .text.__pow5mult
                0x0002b604       0x9c c:/users/spencer/appdata/local/arduino15/packages/adafruit/tools/arm-none-eabi-gcc/9-2019q4/bin/../lib/gcc/arm-none-eabi/9.2.1/../../../../arm-none-eabi/lib/thumb/v7e-m+fp/hard\libc_nano.a(lib_a-mprec.o)
                0x0002b604                __pow5mult
 .text.__lshift
                0x0002b6a0       0xbe c:/users/spencer/appdata/local/arduino15/packages/adafruit/tools/arm-none-eabi-gcc/9-2019q4/bin/../lib/gcc/arm-none-eabi/9.2.1/../../../../arm-none-eabi/lib/thumb/v7e-m+fp/hard\libc_nano.a(lib_a-mprec.o)
                0x0002b6a0                __lshift
 .text.__mcmp   0x0002b75e       0x38 c:/users/spencer/appdata/local/arduino15/packages/adafruit/tools/arm-none-eabi-gcc/9-2019q4/bin/../lib/gcc/arm-none-eabi/9.2.1/../../../../arm-none-eabi/lib/thumb/v7e-m+fp/hard\libc_nano.a(lib_a-mprec.o)
                0x0002b75e                __mcmp
 .text.__mdiff  0x0002b796       0xec c:/users/spencer/appdata/local/arduino15/packages/adafruit/tools/arm-none-eabi-gcc/9-2019q4/bin/../lib/gcc/arm-none-eabi/9.2.1/../../../../arm-none-eabi/lib/thumb/v7e-m+fp/hard\libc_nano.a(lib_a-mprec.o)
                0x0002b796                __mdiff
 .text.__d2b    0x0002b882       0xa0 c:/users/spencer/appdata/local/arduino15/packages/adafruit/tools/arm-none-eabi-gcc/9-2019q4/bin/../lib/gcc/arm-none-eabi/9.2.1/../../../../arm-none-eabi/lib/thumb/v7e-m+fp/hard\libc_nano.a(lib_a-mprec.o)
                0x0002b882                __d2b
 .text._calloc_r
                0x0002b922       0x1e c:/users/spencer/appdata/local/arduino15/packages/adafruit/tools/arm-none-eabi-gcc/9-2019q4/bin/../lib/gcc/arm-none-eabi/9.2.1/../../../../arm-none-eabi/lib/thumb/v7e-m+fp/hard\libc_nano.a(lib_a-nano-callocr.o)
                0x0002b922                _calloc_r
 .text.__ssputs_r
                0x0002b940       0xb6 c:/users/spencer/appdata/local/arduino15/packages/adafruit/tools/arm-none-eabi-gcc/9-2019q4/bin/../lib/gcc/arm-none-eabi/9.2.1/../../../../arm-none-eabi/lib/thumb/v7e-m+fp/hard\libc_nano.a(lib_a-nano-svfprintf.o)
                0x0002b940                __ssputs_r
 *fill*         0x0002b9f6        0x2 
 .text._svfprintf_r
                0x0002b9f8      0x200 c:/users/spencer/appdata/local/arduino15/packages/adafruit/tools/arm-none-eabi-gcc/9-2019q4/bin/../lib/gcc/arm-none-eabi/9.2.1/../../../../arm-none-eabi/lib/thumb/v7e-m+fp/hard\libc_nano.a(lib_a-nano-svfprintf.o)
                0x0002b9f8                _svfiprintf_r
                0x0002b9f8                _svfprintf_r
 .text.__sfputc_r
                0x0002bbf8       0x2e c:/users/spencer/appdata/local/arduino15/packages/adafruit/tools/arm-none-eabi-gcc/9-2019q4/bin/../lib/gcc/arm-none-eabi/9.2.1/../../../../arm-none-eabi/lib/thumb/v7e-m+fp/hard\libc_nano.a(lib_a-nano-vfprintf.o)
 .text.__sfputs_r
                0x0002bc26       0x24 c:/users/spencer/appdata/local/arduino15/packages/adafruit/tools/arm-none-eabi-gcc/9-2019q4/bin/../lib/gcc/arm-none-eabi/9.2.1/../../../../arm-none-eabi/lib/thumb/v7e-m+fp/hard\libc_nano.a(lib_a-nano-vfprintf.o)
                0x0002bc26                __sfputs_r
 *fill*         0x0002bc4a        0x2 
 .text._vfprintf_r
                0x0002bc4c      0x260 c:/users/spencer/appdata/local/arduino15/packages/adafruit/tools/arm-none-eabi-gcc/9-2019q4/bin/../lib/gcc/arm-none-eabi/9.2.1/../../../../arm-none-eabi/lib/thumb/v7e-m+fp/hard\libc_nano.a(lib_a-nano-vfprintf.o)
                0x0002bc4c                _vfprintf_r
                0x0002bc4c                _vfiprintf_r
 .text._putc_r  0x0002beac       0x90 c:/users/spencer/appdata/local/arduino15/packages/adafruit/tools/arm-none-eabi-gcc/9-2019q4/bin/../lib/gcc/arm-none-eabi/9.2.1/../../../../arm-none-eabi/lib/thumb/v7e-m+fp/hard\libc_nano.a(lib_a-putc.o)
                0x0002beac                _putc_r
 .text.__sread  0x0002bf3c       0x22 c:/users/spencer/appdata/local/arduino15/packages/adafruit/tools/arm-none-eabi-gcc/9-2019q4/bin/../lib/gcc/arm-none-eabi/9.2.1/../../../../arm-none-eabi/lib/thumb/v7e-m+fp/hard\libc_nano.a(lib_a-stdio.o)
                0x0002bf3c                __sread
 .text.__swrite
                0x0002bf5e       0x38 c:/users/spencer/appdata/local/arduino15/packages/adafruit/tools/arm-none-eabi-gcc/9-2019q4/bin/../lib/gcc/arm-none-eabi/9.2.1/../../../../arm-none-eabi/lib/thumb/v7e-m+fp/hard\libc_nano.a(lib_a-stdio.o)
                0x0002bf5e                __swrite
 .text.__sseek  0x0002bf96       0x24 c:/users/spencer/appdata/local/arduino15/packages/adafruit/tools/arm-none-eabi-gcc/9-2019q4/bin/../lib/gcc/arm-none-eabi/9.2.1/../../../../arm-none-eabi/lib/thumb/v7e-m+fp/hard\libc_nano.a(lib_a-stdio.o)
                0x0002bf96                __sseek
 .text.__sclose
                0x0002bfba        0x8 c:/users/spencer/appdata/local/arduino15/packages/adafruit/tools/arm-none-eabi-gcc/9-2019q4/bin/../lib/gcc/arm-none-eabi/9.2.1/../../../../arm-none-eabi/lib/thumb/v7e-m+fp/hard\libc_nano.a(lib_a-stdio.o)
                0x0002bfba                __sclose
 *fill*         0x0002bfc2        0x2 
 .text._write_r
                0x0002bfc4       0x24 c:/users/spencer/appdata/local/arduino15/packages/adafruit/tools/arm-none-eabi-gcc/9-2019q4/bin/../lib/gcc/arm-none-eabi/9.2.1/../../../../arm-none-eabi/lib/thumb/v7e-m+fp/hard\libc_nano.a(lib_a-writer.o)
                0x0002bfc4                _write_r
 .text._close_r
                0x0002bfe8       0x20 c:/users/spencer/appdata/local/arduino15/packages/adafruit/tools/arm-none-eabi-gcc/9-2019q4/bin/../lib/gcc/arm-none-eabi/9.2.1/../../../../arm-none-eabi/lib/thumb/v7e-m+fp/hard\libc_nano.a(lib_a-closer.o)
                0x0002bfe8                _close_r
 .text._fstat_r
                0x0002c008       0x24 c:/users/spencer/appdata/local/arduino15/packages/adafruit/tools/arm-none-eabi-gcc/9-2019q4/bin/../lib/gcc/arm-none-eabi/9.2.1/../../../../arm-none-eabi/lib/thumb/v7e-m+fp/hard\libc_nano.a(lib_a-fstatr.o)
                0x0002c008                _fstat_r
 .text._isatty_r
                0x0002c02c       0x20 c:/users/spencer/appdata/local/arduino15/packages/adafruit/tools/arm-none-eabi-gcc/9-2019q4/bin/../lib/gcc/arm-none-eabi/9.2.1/../../../../arm-none-eabi/lib/thumb/v7e-m+fp/hard\libc_nano.a(lib_a-isattyr.o)
                0x0002c02c                _isatty_r
 .text._lseek_r
                0x0002c04c       0x24 c:/users/spencer/appdata/local/arduino15/packages/adafruit/tools/arm-none-eabi-gcc/9-2019q4/bin/../lib/gcc/arm-none-eabi/9.2.1/../../../../arm-none-eabi/lib/thumb/v7e-m+fp/hard\libc_nano.a(lib_a-lseekr.o)
                0x0002c04c                _lseek_r
 .text.__ascii_mbtowc
                0x0002c070       0x24 c:/users/spencer/appdata/local/arduino15/packages/adafruit/tools/arm-none-eabi-gcc/9-2019q4/bin/../lib/gcc/arm-none-eabi/9.2.1/../../../../arm-none-eabi/lib/thumb/v7e-m+fp/hard\libc_nano.a(lib_a-mbtowc_r.o)
                0x0002c070                __ascii_mbtowc
 .text.memmove  0x0002c094       0x34 c:/users/spencer/appdata/local/arduino15/packages/adafruit/tools/arm-none-eabi-gcc/9-2019q4/bin/../lib/gcc/arm-none-eabi/9.2.1/../../../../arm-none-eabi/lib/thumb/v7e-m+fp/hard\libc_nano.a(lib_a-memmove.o)
                0x0002c094                memmove
 .text._realloc_r
                0x0002c0c8       0x4c c:/users/spencer/appdata/local/arduino15/packages/adafruit/tools/arm-none-eabi-gcc/9-2019q4/bin/../lib/gcc/arm-none-eabi/9.2.1/../../../../arm-none-eabi/lib/thumb/v7e-m+fp/hard\libc_nano.a(lib_a-nano-reallocr.o)
                0x0002c0c8                _realloc_r
 .text._read_r  0x0002c114       0x24 c:/users/spencer/appdata/local/arduino15/packages/adafruit/tools/arm-none-eabi-gcc/9-2019q4/bin/../lib/gcc/arm-none-eabi/9.2.1/../../../../arm-none-eabi/lib/thumb/v7e-m+fp/hard\libc_nano.a(lib_a-readr.o)
                0x0002c114                _read_r
 .text.__ascii_wctomb
                0x0002c138       0x1a c:/users/spencer/appdata/local/arduino15/packages/adafruit/tools/arm-none-eabi-gcc/9-2019q4/bin/../lib/gcc/arm-none-eabi/9.2.1/../../../../arm-none-eabi/lib/thumb/v7e-m+fp/hard\libc_nano.a(lib_a-wctomb_r.o)
                0x0002c138                __ascii_wctomb
 .text._malloc_usable_size_r
                0x0002c152       0x10 c:/users/spencer/appdata/local/arduino15/packages/adafruit/tools/arm-none-eabi-gcc/9-2019q4/bin/../lib/gcc/arm-none-eabi/9.2.1/../../../../arm-none-eabi/lib/thumb/v7e-m+fp/hard\libc_nano.a(lib_a-nano-msizer.o)
                0x0002c152                _malloc_usable_size_r
 *fill*         0x0002c162        0x2 
 .text          0x0002c164      0x378 c:/users/spencer/appdata/local/arduino15/packages/adafruit/tools/arm-none-eabi-gcc/9-2019q4/bin/../lib/gcc/arm-none-eabi/9.2.1/thumb/v7e-m+fp/hard\libgcc.a(_arm_addsubdf3.o)
                0x0002c164                __aeabi_drsub
                0x0002c16c                __aeabi_dsub
                0x0002c16c                __subdf3
                0x0002c170                __aeabi_dadd
                0x0002c170                __adddf3
                0x0002c3e8                __floatunsidf
                0x0002c3e8                __aeabi_ui2d
                0x0002c408                __floatsidf
                0x0002c408                __aeabi_i2d
                0x0002c42c                __aeabi_f2d
                0x0002c42c                __extendsfdf2
                0x0002c470                __floatundidf
                0x0002c470                __aeabi_ul2d
                0x0002c480                __floatdidf
                0x0002c480                __aeabi_l2d
 .text          0x0002c4dc      0x424 c:/users/spencer/appdata/local/arduino15/packages/adafruit/tools/arm-none-eabi-gcc/9-2019q4/bin/../lib/gcc/arm-none-eabi/9.2.1/thumb/v7e-m+fp/hard\libgcc.a(_arm_muldivdf3.o)
                0x0002c4dc                __aeabi_dmul
                0x0002c4dc                __muldf3
                0x0002c730                __divdf3
                0x0002c730                __aeabi_ddiv
 .text          0x0002c900      0x110 c:/users/spencer/appdata/local/arduino15/packages/adafruit/tools/arm-none-eabi-gcc/9-2019q4/bin/../lib/gcc/arm-none-eabi/9.2.1/thumb/v7e-m+fp/hard\libgcc.a(_arm_cmpdf2.o)
                0x0002c900                __gtdf2
                0x0002c900                __gedf2
                0x0002c908                __ltdf2
                0x0002c908                __ledf2
                0x0002c910                __nedf2
                0x0002c910                __eqdf2
                0x0002c910                __cmpdf2
                0x0002c98c                __aeabi_cdrcmple
                0x0002c99c                __aeabi_cdcmpeq
                0x0002c99c                __aeabi_cdcmple
                0x0002c9ac                __aeabi_dcmpeq
                0x0002c9c0                __aeabi_dcmplt
                0x0002c9d4                __aeabi_dcmple
                0x0002c9e8                __aeabi_dcmpge
                0x0002c9fc                __aeabi_dcmpgt
 .text          0x0002ca10       0x2c c:/users/spencer/appdata/local/arduino15/packages/adafruit/tools/arm-none-eabi-gcc/9-2019q4/bin/../lib/gcc/arm-none-eabi/9.2.1/thumb/v7e-m+fp/hard\libgcc.a(_arm_unorddf2.o)
                0x0002ca10                __unorddf2
                0x0002ca10                __aeabi_dcmpun
 .text          0x0002ca3c       0x50 c:/users/spencer/appdata/local/arduino15/packages/adafruit/tools/arm-none-eabi-gcc/9-2019q4/bin/../lib/gcc/arm-none-eabi/9.2.1/thumb/v7e-m+fp/hard\libgcc.a(_arm_fixdfsi.o)
                0x0002ca3c                __aeabi_d2iz
                0x0002ca3c                __fixdfsi
 .text._close   0x0002ca8c       0x10 c:/users/spencer/appdata/local/arduino15/packages/adafruit/tools/arm-none-eabi-gcc/9-2019q4/bin/../lib/gcc/arm-none-eabi/9.2.1/../../../../arm-none-eabi/lib/thumb/v7e-m+fp/hard\libnosys.a(close.o)
                0x0002ca8c                _close
 .text._fstat   0x0002ca9c       0x10 c:/users/spencer/appdata/local/arduino15/packages/adafruit/tools/arm-none-eabi-gcc/9-2019q4/bin/../lib/gcc/arm-none-eabi/9.2.1/../../../../arm-none-eabi/lib/thumb/v7e-m+fp/hard\libnosys.a(fstat.o)
                0x0002ca9c                _fstat
 .text._isatty  0x0002caac       0x10 c:/users/spencer/appdata/local/arduino15/packages/adafruit/tools/arm-none-eabi-gcc/9-2019q4/bin/../lib/gcc/arm-none-eabi/9.2.1/../../../../arm-none-eabi/lib/thumb/v7e-m+fp/hard\libnosys.a(isatty.o)
                0x0002caac                _isatty
 .text._lseek   0x0002cabc       0x10 c:/users/spencer/appdata/local/arduino15/packages/adafruit/tools/arm-none-eabi-gcc/9-2019q4/bin/../lib/gcc/arm-none-eabi/9.2.1/../../../../arm-none-eabi/lib/thumb/v7e-m+fp/hard\libnosys.a(lseek.o)
                0x0002cabc                _lseek
 .text._read    0x0002cacc       0x10 c:/users/spencer/appdata/local/arduino15/packages/adafruit/tools/arm-none-eabi-gcc/9-2019q4/bin/../lib/gcc/arm-none-eabi/9.2.1/../../../../arm-none-eabi/lib/thumb/v7e-m+fp/hard\libnosys.a(read.o)
                0x0002cacc                _read
 .text._sbrk    0x0002cadc       0x1c c:/users/spencer/appdata/local/arduino15/packages/adafruit/tools/arm-none-eabi-gcc/9-2019q4/bin/../lib/gcc/arm-none-eabi/9.2.1/../../../../arm-none-eabi/lib/thumb/v7e-m+fp/hard\libnosys.a(sbrk.o)
                0x0002cadc                _sbrk
 .text._exit    0x0002caf8        0x4 c:/users/spencer/appdata/local/arduino15/packages/adafruit/tools/arm-none-eabi-gcc/9-2019q4/bin/../lib/gcc/arm-none-eabi/9.2.1/../../../../arm-none-eabi/lib/thumb/v7e-m+fp/hard\libnosys.a(_exit.o)
                0x0002caf8                _exit
 *(.init)
 .init          0x0002cafc        0x4 c:/users/spencer/appdata/local/arduino15/packages/adafruit/tools/arm-none-eabi-gcc/9-2019q4/bin/../lib/gcc/arm-none-eabi/9.2.1/thumb/v7e-m+fp/hard/crti.o
                0x0002cafc                _init
 .init          0x0002cb00        0x8 c:/users/spencer/appdata/local/arduino15/packages/adafruit/tools/arm-none-eabi-gcc/9-2019q4/bin/../lib/gcc/arm-none-eabi/9.2.1/thumb/v7e-m+fp/hard/crtn.o
 *(.fini)
 .fini          0x0002cb08        0x4 c:/users/spencer/appdata/local/arduino15/packages/adafruit/tools/arm-none-eabi-gcc/9-2019q4/bin/../lib/gcc/arm-none-eabi/9.2.1/thumb/v7e-m+fp/hard/crti.o
                0x0002cb08                _fini
 .fini          0x0002cb0c        0x8 c:/users/spencer/appdata/local/arduino15/packages/adafruit/tools/arm-none-eabi-gcc/9-2019q4/bin/../lib/gcc/arm-none-eabi/9.2.1/thumb/v7e-m+fp/hard/crtn.o
 *crtbegin.o(.ctors)
 *crtbegin?.o(.ctors)
 *(EXCLUDE_FILE(*crtend.o *crtend?.o) .ctors)
 *(SORT_BY_NAME(.ctors.*))
 *(.ctors)
 *crtbegin.o(.dtors)
 *crtbegin?.o(.dtors)
 *(EXCLUDE_FILE(*crtend.o *crtend?.o) .dtors)
 *(SORT_BY_NAME(.dtors.*))
 *(.dtors)
 *(.rodata*)
 .rodata.g_ADigitalPinMap
                0x0002cb14       0x80 c:\Users\Spencer\Desktop\Keyboard\Firmware\BadgersRunFirmware\Build\core\variant.cpp.o
                0x0002cb14                g_ADigitalPinMap
 .rodata.xTimerCreateTimerTask.str1.4
                0x0002cb94       0x10 c:\Users\Spencer\Desktop\Keyboard\Firmware\BadgersRunFirmware\Build/core\core.a(timers.c.o)
 .rodata.CSWTCH.14
                0x0002cba4        0x4 c:\Users\Spencer\Desktop\Keyboard\Firmware\BadgersRunFirmware\Build/core\core.a(system_nrf52.c.o)
 .rodata.CSWTCH.18
                0x0002cba8        0x4 c:\Users\Spencer\Desktop\Keyboard\Firmware\BadgersRunFirmware\Build/core\core.a(system_nrf52.c.o)
 .rodata.CSWTCH.4
                0x0002cbac        0x4 c:\Users\Spencer\Desktop\Keyboard\Firmware\BadgersRunFirmware\Build/core\core.a(system_nrf52.c.o)
 .rodata.main.str1.4
                0x0002cbb0        0x5 c:\Users\Spencer\Desktop\Keyboard\Firmware\BadgersRunFirmware\Build/core\core.a(main.cpp.o)
 *fill*         0x0002cbb5        0x3 
 .rodata.vApplicationStackOverflowHook.str1.4
                0x0002cbb8       0x2c c:\Users\Spencer\Desktop\Keyboard\Firmware\BadgersRunFirmware\Build/core\core.a(rtos.cpp.o)
 .rodata.vApplicationMallocFailedHook.str1.4
                0x0002cbe4       0x1a c:\Users\Spencer\Desktop\Keyboard\Firmware\BadgersRunFirmware\Build/core\core.a(rtos.cpp.o)
 *fill*         0x0002cbfe        0x2 
 .rodata.dbgPrintVersion.str1.4
                0x0002cc00       0x3e c:\Users\Spencer\Desktop\Keyboard\Firmware\BadgersRunFirmware\Build/core\core.a(debug.cpp.o)
 *fill*         0x0002cc3e        0x2 
 .rodata.dbg_err_str.str1.4
                0x0002cc40        0x8 c:\Users\Spencer\Desktop\Keyboard\Firmware\BadgersRunFirmware\Build/core\core.a(debug.cpp.o)
 .rodata.str1.4
                0x0002cc48      0xe92 c:\Users\Spencer\Desktop\Keyboard\Firmware\BadgersRunFirmware\Build/core\core.a(debug.cpp.o)
 *fill*         0x0002dada        0x2 
 .rodata._ZL13_strerr_table
                0x0002dadc        0x8 c:\Users\Spencer\Desktop\Keyboard\Firmware\BadgersRunFirmware\Build/core\core.a(debug.cpp.o)
 .rodata._ZL14_strerr_lookup
                0x0002dae4      0x178 c:\Users\Spencer\Desktop\Keyboard\Firmware\BadgersRunFirmware\Build/core\core.a(debug.cpp.o)
 .rodata.adafruit_callback_task.str1.4
                0x0002dc5c       0x20 c:\Users\Spencer\Desktop\Keyboard\Firmware\BadgersRunFirmware\Build/core\core.a(AdaCallback.c.o)
 .rodata.ada_callback_init.str1.4
                0x0002dc7c        0x9 c:\Users\Spencer\Desktop\Keyboard\Firmware\BadgersRunFirmware\Build/core\core.a(AdaCallback.c.o)
 *fill*         0x0002dc85        0x3 
 .rodata.__PRETTY_FUNCTION__.11486
                0x0002dc88       0x17 c:\Users\Spencer\Desktop\Keyboard\Firmware\BadgersRunFirmware\Build/core\core.a(AdaCallback.c.o)
 *fill*         0x0002dc9f        0x1 
 .rodata.getBootloaderVersion.str1.4
                0x0002dca0       0x11 c:\Users\Spencer\Desktop\Keyboard\Firmware\BadgersRunFirmware\Build/core\core.a(utilities.c.o)
 *fill*         0x0002dcb1        0x3 
 .rodata.getMcuUniqueID.str1.4
                0x0002dcb4        0xb c:\Users\Spencer\Desktop\Keyboard\Firmware\BadgersRunFirmware\Build/core\core.a(utilities.c.o)
 *fill*         0x0002dcbf        0x1 
 .rodata._ZTV4Uart
                0x0002dcc0       0x34 c:\Users\Spencer\Desktop\Keyboard\Firmware\BadgersRunFirmware\Build/core\core.a(Uart.cpp.o)
                0x0002dcc0                vtable for Uart
 .rodata._global_impure_ptr
                0x0002dcf4        0x4 c:/users/spencer/appdata/local/arduino15/packages/adafruit/tools/arm-none-eabi-gcc/9-2019q4/bin/../lib/gcc/arm-none-eabi/9.2.1/../../../../arm-none-eabi/lib/thumb/v7e-m+fp/hard\libc_nano.a(lib_a-impure.o)
                0x0002dcf4                _global_impure_ptr
 .rodata._printf_float.str1.1
                0x0002dcf8       0x12 c:/users/spencer/appdata/local/arduino15/packages/adafruit/tools/arm-none-eabi-gcc/9-2019q4/bin/../lib/gcc/arm-none-eabi/9.2.1/../../../../arm-none-eabi/lib/thumb/v7e-m+fp/hard\libc_nano.a(lib_a-nano-vfprintf_float.o)
 .rodata._printf_i.str1.1
                0x0002dd0a       0x22 c:/users/spencer/appdata/local/arduino15/packages/adafruit/tools/arm-none-eabi-gcc/9-2019q4/bin/../lib/gcc/arm-none-eabi/9.2.1/../../../../arm-none-eabi/lib/thumb/v7e-m+fp/hard\libc_nano.a(lib_a-nano-vfprintf_i.o)
 .rodata._ctype_
                0x0002dd2c      0x101 c:/users/spencer/appdata/local/arduino15/packages/adafruit/tools/arm-none-eabi-gcc/9-2019q4/bin/../lib/gcc/arm-none-eabi/9.2.1/../../../../arm-none-eabi/lib/thumb/v7e-m+fp/hard\libc_nano.a(lib_a-ctype_.o)
                0x0002dd2c                _ctype_
 .rodata._dtoa_r.str1.1
                0x0002de2d        0xd c:/users/spencer/appdata/local/arduino15/packages/adafruit/tools/arm-none-eabi-gcc/9-2019q4/bin/../lib/gcc/arm-none-eabi/9.2.1/../../../../arm-none-eabi/lib/thumb/v7e-m+fp/hard\libc_nano.a(lib_a-dtoa.o)
                                  0xf (size before relaxing)
 *fill*         0x0002de3a        0x2 
 .rodata.__sf_fake_stderr
                0x0002de3c       0x20 c:/users/spencer/appdata/local/arduino15/packages/adafruit/tools/arm-none-eabi-gcc/9-2019q4/bin/../lib/gcc/arm-none-eabi/9.2.1/../../../../arm-none-eabi/lib/thumb/v7e-m+fp/hard\libc_nano.a(lib_a-findfp.o)
                0x0002de3c                __sf_fake_stderr
 .rodata.__sf_fake_stdin
                0x0002de5c       0x20 c:/users/spencer/appdata/local/arduino15/packages/adafruit/tools/arm-none-eabi-gcc/9-2019q4/bin/../lib/gcc/arm-none-eabi/9.2.1/../../../../arm-none-eabi/lib/thumb/v7e-m+fp/hard\libc_nano.a(lib_a-findfp.o)
                0x0002de5c                __sf_fake_stdin
 .rodata.__sf_fake_stdout
                0x0002de7c       0x20 c:/users/spencer/appdata/local/arduino15/packages/adafruit/tools/arm-none-eabi-gcc/9-2019q4/bin/../lib/gcc/arm-none-eabi/9.2.1/../../../../arm-none-eabi/lib/thumb/v7e-m+fp/hard\libc_nano.a(lib_a-findfp.o)
                0x0002de7c                __sf_fake_stdout
 *fill*         0x0002de9c        0x4 
 .rodata.__mprec_bigtens
                0x0002dea0       0x28 c:/users/spencer/appdata/local/arduino15/packages/adafruit/tools/arm-none-eabi-gcc/9-2019q4/bin/../lib/gcc/arm-none-eabi/9.2.1/../../../../arm-none-eabi/lib/thumb/v7e-m+fp/hard\libc_nano.a(lib_a-mprec.o)
                0x0002dea0                __mprec_bigtens
 .rodata.__mprec_tens
                0x0002dec8       0xc8 c:/users/spencer/appdata/local/arduino15/packages/adafruit/tools/arm-none-eabi-gcc/9-2019q4/bin/../lib/gcc/arm-none-eabi/9.2.1/../../../../arm-none-eabi/lib/thumb/v7e-m+fp/hard\libc_nano.a(lib_a-mprec.o)
                0x0002dec8                __mprec_tens
 .rodata.p05.7490
                0x0002df90        0xc c:/users/spencer/appdata/local/arduino15/packages/adafruit/tools/arm-none-eabi-gcc/9-2019q4/bin/../lib/gcc/arm-none-eabi/9.2.1/../../../../arm-none-eabi/lib/thumb/v7e-m+fp/hard\libc_nano.a(lib_a-mprec.o)
 .rodata._svfprintf_r.str1.1
                0x0002df9c       0x11 c:/users/spencer/appdata/local/arduino15/packages/adafruit/tools/arm-none-eabi-gcc/9-2019q4/bin/../lib/gcc/arm-none-eabi/9.2.1/../../../../arm-none-eabi/lib/thumb/v7e-m+fp/hard\libc_nano.a(lib_a-nano-svfprintf.o)
 .rodata._vfprintf_r.str1.1
                0x0002dfad       0x11 c:/users/spencer/appdata/local/arduino15/packages/adafruit/tools/arm-none-eabi-gcc/9-2019q4/bin/../lib/gcc/arm-none-eabi/9.2.1/../../../../arm-none-eabi/lib/thumb/v7e-m+fp/hard\libc_nano.a(lib_a-nano-vfprintf.o)
 .rodata._setlocale_r.str1.1
                0x0002dfad        0x8 c:/users/spencer/appdata/local/arduino15/packages/adafruit/tools/arm-none-eabi-gcc/9-2019q4/bin/../lib/gcc/arm-none-eabi/9.2.1/../../../../arm-none-eabi/lib/thumb/v7e-m+fp/hard\libc_nano.a(lib_a-locale.o)
                                  0x9 (size before relaxing)
 .rodata.str1.1
                0x0002dfb5        0x2 c:/users/spencer/appdata/local/arduino15/packages/adafruit/tools/arm-none-eabi-gcc/9-2019q4/bin/../lib/gcc/arm-none-eabi/9.2.1/../../../../arm-none-eabi/lib/thumb/v7e-m+fp/hard\libc_nano.a(lib_a-locale.o)
 *(.eh_frame*)
 *fill*         0x0002dfb7        0x1 
 .eh_frame      0x0002dfb8        0x0 c:/users/spencer/appdata/local/arduino15/packages/adafruit/tools/arm-none-eabi-gcc/9-2019q4/bin/../lib/gcc/arm-none-eabi/9.2.1/thumb/v7e-m+fp/hard/crtbegin.o
 .eh_frame      0x0002dfb8        0x4 c:/users/spencer/appdata/local/arduino15/packages/adafruit/tools/arm-none-eabi-gcc/9-2019q4/bin/../lib/gcc/arm-none-eabi/9.2.1/thumb/v7e-m+fp/hard/crtend.o

.glue_7         0x0002dfbc        0x0
 .glue_7        0x0002dfbc        0x0 linker stubs

.glue_7t        0x0002dfbc        0x0
 .glue_7t       0x0002dfbc        0x0 linker stubs

.vfp11_veneer   0x0002dfbc        0x0
 .vfp11_veneer  0x0002dfbc        0x0 linker stubs

.v4_bx          0x0002dfbc        0x0
 .v4_bx         0x0002dfbc        0x0 linker stubs

.iplt           0x0002dfbc        0x0
 .iplt          0x0002dfbc        0x0 c:/users/spencer/appdata/local/arduino15/packages/adafruit/tools/arm-none-eabi-gcc/9-2019q4/bin/../lib/gcc/arm-none-eabi/9.2.1/thumb/v7e-m+fp/hard/crtfastmath.o

.ARM.extab
 *(.ARM.extab* .gnu.linkonce.armextab.*)
                0x0002dfbc                __exidx_start = .

.ARM.exidx      0x0002dfbc        0x8
 *(.ARM.exidx* .gnu.linkonce.armexidx.*)
 .ARM.exidx     0x0002dfbc        0x8 c:/users/spencer/appdata/local/arduino15/packages/adafruit/tools/arm-none-eabi-gcc/9-2019q4/bin/../lib/gcc/arm-none-eabi/9.2.1/../../../../arm-none-eabi/lib/thumb/v7e-m+fp/hard/crt0.o
                0x0002dfc4                __exidx_end = .
                0x0002dfc4                __etext = .

.rel.dyn        0x0002dfc4        0x0
 .rel.iplt      0x0002dfc4        0x0 c:/users/spencer/appdata/local/arduino15/packages/adafruit/tools/arm-none-eabi-gcc/9-2019q4/bin/../lib/gcc/arm-none-eabi/9.2.1/thumb/v7e-m+fp/hard/crtfastmath.o

.data           0x20003600      0x1e4 load address 0x0002dfc4
                0x20003600                __data_start__ = .
 *(vtable)
 *(.data*)
 .data.SystemCoreClock
                0x20003600        0x4 c:\Users\Spencer\Desktop\Keyboard\Firmware\BadgersRunFirmware\Build/core\core.a(system_nrf52.c.o)
                0x20003600                SystemCoreClock
 .data._impure_ptr
                0x20003604        0x4 c:/users/spencer/appdata/local/arduino15/packages/adafruit/tools/arm-none-eabi-gcc/9-2019q4/bin/../lib/gcc/arm-none-eabi/9.2.1/../../../../arm-none-eabi/lib/thumb/v7e-m+fp/hard\libc_nano.a(lib_a-impure.o)
                0x20003604                _impure_ptr
 .data.impure_data
                0x20003608       0x60 c:/users/spencer/appdata/local/arduino15/packages/adafruit/tools/arm-none-eabi-gcc/9-2019q4/bin/../lib/gcc/arm-none-eabi/9.2.1/../../../../arm-none-eabi/lib/thumb/v7e-m+fp/hard\libc_nano.a(lib_a-impure.o)
 .data.__global_locale
                0x20003668      0x16c c:/users/spencer/appdata/local/arduino15/packages/adafruit/tools/arm-none-eabi-gcc/9-2019q4/bin/../lib/gcc/arm-none-eabi/9.2.1/../../../../arm-none-eabi/lib/thumb/v7e-m+fp/hard\libc_nano.a(lib_a-locale.o)
                0x20003668                __global_locale
                0x200037d4                . = ALIGN (0x4)
                0x200037d4                PROVIDE (__preinit_array_start = .)
 *(.preinit_array)
                0x200037d4                PROVIDE (__preinit_array_end = .)
                0x200037d4                . = ALIGN (0x4)
                0x200037d4                PROVIDE (__init_array_start = .)
 *(SORT_BY_NAME(.init_array.*))
 *(.init_array)
 .init_array    0x200037d4        0x4 c:/users/spencer/appdata/local/arduino15/packages/adafruit/tools/arm-none-eabi-gcc/9-2019q4/bin/../lib/gcc/arm-none-eabi/9.2.1/thumb/v7e-m+fp/hard/crtfastmath.o
 .init_array    0x200037d8        0x4 c:/users/spencer/appdata/local/arduino15/packages/adafruit/tools/arm-none-eabi-gcc/9-2019q4/bin/../lib/gcc/arm-none-eabi/9.2.1/thumb/v7e-m+fp/hard/crtbegin.o
 .init_array    0x200037dc        0x4 c:\Users\Spencer\Desktop\Keyboard\Firmware\BadgersRunFirmware\Build/core\core.a(Uart.cpp.o)
                0x200037e0                PROVIDE (__init_array_end = .)
                0x200037e0                . = ALIGN (0x4)
                [!provide]                PROVIDE (__fini_array_start = .)
 *(SORT_BY_NAME(.fini_array.*))
 *(.fini_array)
 .fini_array    0x200037e0        0x4 c:/users/spencer/appdata/local/arduino15/packages/adafruit/tools/arm-none-eabi-gcc/9-2019q4/bin/../lib/gcc/arm-none-eabi/9.2.1/thumb/v7e-m+fp/hard/crtbegin.o
                [!provide]                PROVIDE (__fini_array_end = .)
 *(.jcr*)
                0x200037e4                . = ALIGN (0x4)
                0x200037e4                __data_end__ = .
LOAD c:/users/spencer/appdata/local/arduino15/packages/adafruit/tools/arm-none-eabi-gcc/9-2019q4/bin/../lib/gcc/arm-none-eabi/9.2.1/thumb/v7e-m+fp/hard/crtfastmath.o
LOAD c:/users/spencer/appdata/local/arduino15/packages/adafruit/tools/arm-none-eabi-gcc/9-2019q4/bin/../lib/gcc/arm-none-eabi/9.2.1/thumb/v7e-m+fp/hard/crti.o
LOAD c:/users/spencer/appdata/local/arduino15/packages/adafruit/tools/arm-none-eabi-gcc/9-2019q4/bin/../lib/gcc/arm-none-eabi/9.2.1/thumb/v7e-m+fp/hard/crtbegin.o
LOAD c:/users/spencer/appdata/local/arduino15/packages/adafruit/tools/arm-none-eabi-gcc/9-2019q4/bin/../lib/gcc/arm-none-eabi/9.2.1/../../../../arm-none-eabi/lib/thumb/v7e-m+fp/hard/crt0.o
LOAD c:\Users\Spencer\Desktop\Keyboard\Firmware\BadgersRunFirmware\Build\sketch\keyboard.ino.cpp.o
LOAD c:\Users\Spencer\Desktop\Keyboard\Firmware\BadgersRunFirmware\Build\core\variant.cpp.o
START GROUP
LOAD c:/users/spencer/appdata/local/arduino15/packages/adafruit/tools/arm-none-eabi-gcc/9-2019q4/bin/../lib/gcc/arm-none-eabi/9.2.1/../../../../arm-none-eabi/lib/thumb/v7e-m+fp/hard\libm.a
LOAD c:\Users\Spencer\Desktop\Keyboard\Firmware\BadgersRunFirmware\Build/core\core.a
END GROUP
START GROUP
LOAD c:/users/spencer/appdata/local/arduino15/packages/adafruit/tools/arm-none-eabi-gcc/9-2019q4/bin/../lib/gcc/arm-none-eabi/9.2.1/thumb/v7e-m+fp/hard\libgcc.a
LOAD c:/users/spencer/appdata/local/arduino15/packages/adafruit/tools/arm-none-eabi-gcc/9-2019q4/bin/../lib/gcc/arm-none-eabi/9.2.1/../../../../arm-none-eabi/lib/thumb/v7e-m+fp/hard\libc_nano.a
END GROUP
START GROUP
LOAD c:/users/spencer/appdata/local/arduino15/packages/adafruit/tools/arm-none-eabi-gcc/9-2019q4/bin/../lib/gcc/arm-none-eabi/9.2.1/thumb/v7e-m+fp/hard\libgcc.a
LOAD c:/users/spencer/appdata/local/arduino15/packages/adafruit/tools/arm-none-eabi-gcc/9-2019q4/bin/../lib/gcc/arm-none-eabi/9.2.1/../../../../arm-none-eabi/lib/thumb/v7e-m+fp/hard\libc_nano.a
LOAD c:/users/spencer/appdata/local/arduino15/packages/adafruit/tools/arm-none-eabi-gcc/9-2019q4/bin/../lib/gcc/arm-none-eabi/9.2.1/../../../../arm-none-eabi/lib/thumb/v7e-m+fp/hard\libnosys.a
END GROUP
START GROUP
LOAD c:/users/spencer/appdata/local/arduino15/packages/adafruit/tools/arm-none-eabi-gcc/9-2019q4/bin/../lib/gcc/arm-none-eabi/9.2.1/thumb/v7e-m+fp/hard\libgcc.a
LOAD c:/users/spencer/appdata/local/arduino15/packages/adafruit/tools/arm-none-eabi-gcc/9-2019q4/bin/../lib/gcc/arm-none-eabi/9.2.1/../../../../arm-none-eabi/lib/thumb/v7e-m+fp/hard\libc_nano.a
LOAD c:/users/spencer/appdata/local/arduino15/packages/adafruit/tools/arm-none-eabi-gcc/9-2019q4/bin/../lib/gcc/arm-none-eabi/9.2.1/../../../../arm-none-eabi/lib/thumb/v7e-m+fp/hard\libnosys.a
END GROUP
LOAD c:/users/spencer/appdata/local/arduino15/packages/adafruit/tools/arm-none-eabi-gcc/9-2019q4/bin/../lib/gcc/arm-none-eabi/9.2.1/thumb/v7e-m+fp/hard/crtend.o
LOAD c:/users/spencer/appdata/local/arduino15/packages/adafruit/tools/arm-none-eabi-gcc/9-2019q4/bin/../lib/gcc/arm-none-eabi/9.2.1/thumb/v7e-m+fp/hard/crtn.o
START GROUP
LOAD c:/users/spencer/appdata/local/arduino15/packages/adafruit/tools/arm-none-eabi-gcc/9-2019q4/bin/../lib/gcc/arm-none-eabi/9.2.1/thumb/v7e-m+fp/hard\libgcc.a
LOAD c:/users/spencer/appdata/local/arduino15/packages/adafruit/tools/arm-none-eabi-gcc/9-2019q4/bin/../lib/gcc/arm-none-eabi/9.2.1/../../../../arm-none-eabi/lib/thumb/v7e-m+fp/hard\libc.a
LOAD c:/users/spencer/appdata/local/arduino15/packages/adafruit/tools/arm-none-eabi-gcc/9-2019q4/bin/../lib/gcc/arm-none-eabi/9.2.1/../../../../arm-none-eabi/lib/thumb/v7e-m+fp/hard\libnosys.a
END GROUP

.igot.plt       0x200037e4        0x0 load address 0x0002e1a8
 .igot.plt      0x200037e4        0x0 c:/users/spencer/appdata/local/arduino15/packages/adafruit/tools/arm-none-eabi-gcc/9-2019q4/bin/../lib/gcc/arm-none-eabi/9.2.1/thumb/v7e-m+fp/hard/crtfastmath.o
                0x200037e4                . = ALIGN (0x4)

.svc_data       0x200037e4        0x0
                [!provide]                PROVIDE (__start_svc_data = .)
 *(.svc_data)
                [!provide]                PROVIDE (__stop_svc_data = .)

.fs_data        0x200037e4        0x0
                [!provide]                PROVIDE (__start_fs_data = .)
 *(.fs_data)
                [!provide]                PROVIDE (__stop_fs_data = .)

.bss            0x200037e4      0xb18 load address 0x0002e1a8
                0x200037e4                . = ALIGN (0x4)
                0x200037e4                __bss_start__ = .
 *(.bss*)
 .bss           0x200037e4       0x1c c:/users/spencer/appdata/local/arduino15/packages/adafruit/tools/arm-none-eabi-gcc/9-2019q4/bin/../lib/gcc/arm-none-eabi/9.2.1/thumb/v7e-m+fp/hard/crtbegin.o
 .bss.pxCurrentTCB
                0x20003800        0x4 c:\Users\Spencer\Desktop\Keyboard\Firmware\BadgersRunFirmware\Build/core\core.a(tasks.c.o)
                0x20003800                pxCurrentTCB
 .bss.pxDelayedTaskList
                0x20003804        0x4 c:\Users\Spencer\Desktop\Keyboard\Firmware\BadgersRunFirmware\Build/core\core.a(tasks.c.o)
 .bss.pxOverflowDelayedTaskList
                0x20003808        0x4 c:\Users\Spencer\Desktop\Keyboard\Firmware\BadgersRunFirmware\Build/core\core.a(tasks.c.o)
 .bss.pxReadyTasksLists
                0x2000380c       0x64 c:\Users\Spencer\Desktop\Keyboard\Firmware\BadgersRunFirmware\Build/core\core.a(tasks.c.o)
 .bss.uxCurrentNumberOfTasks
                0x20003870        0x4 c:\Users\Spencer\Desktop\Keyboard\Firmware\BadgersRunFirmware\Build/core\core.a(tasks.c.o)
 .bss.uxDeletedTasksWaitingCleanUp
                0x20003874        0x4 c:\Users\Spencer\Desktop\Keyboard\Firmware\BadgersRunFirmware\Build/core\core.a(tasks.c.o)
 .bss.uxPendedTicks
                0x20003878        0x4 c:\Users\Spencer\Desktop\Keyboard\Firmware\BadgersRunFirmware\Build/core\core.a(tasks.c.o)
 .bss.uxSchedulerSuspended
                0x2000387c        0x4 c:\Users\Spencer\Desktop\Keyboard\Firmware\BadgersRunFirmware\Build/core\core.a(tasks.c.o)
 .bss.uxTaskNumber
                0x20003880        0x4 c:\Users\Spencer\Desktop\Keyboard\Firmware\BadgersRunFirmware\Build/core\core.a(tasks.c.o)
 .bss.uxTopReadyPriority
                0x20003884        0x4 c:\Users\Spencer\Desktop\Keyboard\Firmware\BadgersRunFirmware\Build/core\core.a(tasks.c.o)
 .bss.xDelayedTaskList1
                0x20003888       0x14 c:\Users\Spencer\Desktop\Keyboard\Firmware\BadgersRunFirmware\Build/core\core.a(tasks.c.o)
 .bss.xDelayedTaskList2
                0x2000389c       0x14 c:\Users\Spencer\Desktop\Keyboard\Firmware\BadgersRunFirmware\Build/core\core.a(tasks.c.o)
 .bss.xIdleTaskHandle
                0x200038b0        0x4 c:\Users\Spencer\Desktop\Keyboard\Firmware\BadgersRunFirmware\Build/core\core.a(tasks.c.o)
 .bss.xNextTaskUnblockTime
                0x200038b4        0x4 c:\Users\Spencer\Desktop\Keyboard\Firmware\BadgersRunFirmware\Build/core\core.a(tasks.c.o)
 .bss.xNumOfOverflows
                0x200038b8        0x4 c:\Users\Spencer\Desktop\Keyboard\Firmware\BadgersRunFirmware\Build/core\core.a(tasks.c.o)
 .bss.xPendingReadyList
                0x200038bc       0x14 c:\Users\Spencer\Desktop\Keyboard\Firmware\BadgersRunFirmware\Build/core\core.a(tasks.c.o)
 .bss.xSchedulerRunning
                0x200038d0        0x4 c:\Users\Spencer\Desktop\Keyboard\Firmware\BadgersRunFirmware\Build/core\core.a(tasks.c.o)
 .bss.xSuspendedTaskList
                0x200038d4       0x14 c:\Users\Spencer\Desktop\Keyboard\Firmware\BadgersRunFirmware\Build/core\core.a(tasks.c.o)
 .bss.xTasksWaitingTermination
                0x200038e8       0x14 c:\Users\Spencer\Desktop\Keyboard\Firmware\BadgersRunFirmware\Build/core\core.a(tasks.c.o)
 .bss.xTickCount
                0x200038fc        0x4 c:\Users\Spencer\Desktop\Keyboard\Firmware\BadgersRunFirmware\Build/core\core.a(tasks.c.o)
 .bss.xYieldPending
                0x20003900        0x4 c:\Users\Spencer\Desktop\Keyboard\Firmware\BadgersRunFirmware\Build/core\core.a(tasks.c.o)
 .bss.pxCurrentTimerList
                0x20003904        0x4 c:\Users\Spencer\Desktop\Keyboard\Firmware\BadgersRunFirmware\Build/core\core.a(timers.c.o)
 .bss.pxOverflowTimerList
                0x20003908        0x4 c:\Users\Spencer\Desktop\Keyboard\Firmware\BadgersRunFirmware\Build/core\core.a(timers.c.o)
 .bss.ucStaticTimerQueueStorage.9330
                0x2000390c      0x200 c:\Users\Spencer\Desktop\Keyboard\Firmware\BadgersRunFirmware\Build/core\core.a(timers.c.o)
 .bss.xActiveTimerList1
                0x20003b0c       0x14 c:\Users\Spencer\Desktop\Keyboard\Firmware\BadgersRunFirmware\Build/core\core.a(timers.c.o)
 .bss.xActiveTimerList2
                0x20003b20       0x14 c:\Users\Spencer\Desktop\Keyboard\Firmware\BadgersRunFirmware\Build/core\core.a(timers.c.o)
 .bss.xLastTime.9283
                0x20003b34        0x4 c:\Users\Spencer\Desktop\Keyboard\Firmware\BadgersRunFirmware\Build/core\core.a(timers.c.o)
 .bss.xStaticTimerQueue.9329
                0x20003b38       0x50 c:\Users\Spencer\Desktop\Keyboard\Firmware\BadgersRunFirmware\Build/core\core.a(timers.c.o)
 .bss.xTimerQueue
                0x20003b88        0x4 c:\Users\Spencer\Desktop\Keyboard\Firmware\BadgersRunFirmware\Build/core\core.a(timers.c.o)
 .bss.xTimerTaskHandle
                0x20003b8c        0x4 c:\Users\Spencer\Desktop\Keyboard\Firmware\BadgersRunFirmware\Build/core\core.a(timers.c.o)
 .bss.uxCriticalNesting
                0x20003b90        0x4 c:\Users\Spencer\Desktop\Keyboard\Firmware\BadgersRunFirmware\Build/core\core.a(port_cmsis.c.o)
 .bss.bootloaderVersion
                0x20003b94        0x4 c:\Users\Spencer\Desktop\Keyboard\Firmware\BadgersRunFirmware\Build/core\core.a(wiring.c.o)
                0x20003b94                bootloaderVersion
 .bss._ZL11_loopHandle
                0x20003b98        0x4 c:\Users\Spencer\Desktop\Keyboard\Firmware\BadgersRunFirmware\Build/core\core.a(main.cpp.o)
 .bss._ZZ29vApplicationGetIdleTaskMemoryE12xIdleTaskTCB
                0x20003b9c       0x54 c:\Users\Spencer\Desktop\Keyboard\Firmware\BadgersRunFirmware\Build/core\core.a(rtos.cpp.o)
 .bss._ZZ29vApplicationGetIdleTaskMemoryE15uxIdleTaskStack
                0x20003bf0      0x190 c:\Users\Spencer\Desktop\Keyboard\Firmware\BadgersRunFirmware\Build/core\core.a(rtos.cpp.o)
 .bss._ZZ30vApplicationGetTimerTaskMemoryE13xTimerTaskTCB
                0x20003d80       0x54 c:\Users\Spencer\Desktop\Keyboard\Firmware\BadgersRunFirmware\Build/core\core.a(rtos.cpp.o)
 .bss._ZZ30vApplicationGetTimerTaskMemoryE16uxTimerTaskStack
                0x20003dd4      0x400 c:\Users\Spencer\Desktop\Keyboard\Firmware\BadgersRunFirmware\Build/core\core.a(rtos.cpp.o)
 .bss._ZZ11dbg_err_strE11unknown_str
                0x200041d4        0x7 c:\Users\Spencer\Desktop\Keyboard\Firmware\BadgersRunFirmware\Build/core\core.a(debug.cpp.o)
 *fill*         0x200041db        0x1 
 .bss._cb_qdepth
                0x200041dc        0x4 c:\Users\Spencer\Desktop\Keyboard\Firmware\BadgersRunFirmware\Build/core\core.a(AdaCallback.c.o)
 .bss._cb_queue
                0x200041e0        0x4 c:\Users\Spencer\Desktop\Keyboard\Firmware\BadgersRunFirmware\Build/core\core.a(AdaCallback.c.o)
 .bss._cb_task  0x200041e4        0x4 c:\Users\Spencer\Desktop\Keyboard\Firmware\BadgersRunFirmware\Build/core\core.a(AdaCallback.c.o)
 .bss.fw_str.11523
                0x200041e8       0x1f c:\Users\Spencer\Desktop\Keyboard\Firmware\BadgersRunFirmware\Build/core\core.a(utilities.c.o)
 *fill*         0x20004207        0x1 
 .bss.serial_str.11532
                0x20004208       0x11 c:\Users\Spencer\Desktop\Keyboard\Firmware\BadgersRunFirmware\Build/core\core.a(utilities.c.o)
 *fill*         0x20004219        0x3 
 .bss.Serial    0x2000421c       0xa8 c:\Users\Spencer\Desktop\Keyboard\Firmware\BadgersRunFirmware\Build/core\core.a(Uart.cpp.o)
                0x2000421c                Serial
 .bss.__malloc_free_list
                0x200042c4        0x4 c:/users/spencer/appdata/local/arduino15/packages/adafruit/tools/arm-none-eabi-gcc/9-2019q4/bin/../lib/gcc/arm-none-eabi/9.2.1/../../../../arm-none-eabi/lib/thumb/v7e-m+fp/hard\libc_nano.a(lib_a-nano-mallocr.o)
                0x200042c4                __malloc_free_list
 .bss.__malloc_sbrk_start
                0x200042c8        0x4 c:/users/spencer/appdata/local/arduino15/packages/adafruit/tools/arm-none-eabi-gcc/9-2019q4/bin/../lib/gcc/arm-none-eabi/9.2.1/../../../../arm-none-eabi/lib/thumb/v7e-m+fp/hard\libc_nano.a(lib_a-nano-mallocr.o)
                0x200042c8                __malloc_sbrk_start
 .bss.heap_end.5507
                0x200042cc        0x4 c:/users/spencer/appdata/local/arduino15/packages/adafruit/tools/arm-none-eabi-gcc/9-2019q4/bin/../lib/gcc/arm-none-eabi/9.2.1/../../../../arm-none-eabi/lib/thumb/v7e-m+fp/hard\libnosys.a(sbrk.o)
 *(COMMON)
 COMMON         0x200042d0        0xc c:\Users\Spencer\Desktop\Keyboard\Firmware\BadgersRunFirmware\Build/core\core.a(wiring.c.o)
                0x200042d0                nrf_nvic_state
 COMMON         0x200042dc       0x10 c:\Users\Spencer\Desktop\Keyboard\Firmware\BadgersRunFirmware\Build/core\core.a(queue.c.o)
                0x200042dc                xQueueRegistry
 COMMON         0x200042ec        0x9 c:/users/spencer/appdata/local/arduino15/packages/adafruit/tools/arm-none-eabi-gcc/9-2019q4/bin/../lib/gcc/arm-none-eabi/9.2.1/../../../../arm-none-eabi/lib/thumb/v7e-m+fp/hard\libc_nano.a(lib_a-lock.o)
                0x200042ec                __lock___atexit_recursive_mutex
                0x200042ed                __lock___arc4random_mutex
                0x200042ee                __lock___env_recursive_mutex
                0x200042ef                __lock___sinit_recursive_mutex
                0x200042f0                __lock___malloc_recursive_mutex
                0x200042f1                __lock___at_quick_exit_mutex
                0x200042f2                __lock___dd_hash_mutex
                0x200042f3                __lock___tz_mutex
                0x200042f4                __lock___sfp_recursive_mutex
 *fill*         0x200042f5        0x3 
 COMMON         0x200042f8        0x4 c:/users/spencer/appdata/local/arduino15/packages/adafruit/tools/arm-none-eabi-gcc/9-2019q4/bin/../lib/gcc/arm-none-eabi/9.2.1/../../../../arm-none-eabi/lib/thumb/v7e-m+fp/hard\libc_nano.a(lib_a-reent.o)
                0x200042f8                errno
                0x200042fc                . = ALIGN (0x4)
                0x200042fc                __bss_end__ = .

.heap           0x200042fc     0xb504 load address 0x0002ecc0
                0x200042fc                __HeapBase = .
                0x200042fc                __end__ = .
                0x200042fc                PROVIDE (end = .)
 *(.heap*)
                0x2000f800                . = ALIGN (__StackLimit)
 *fill*         0x200042fc     0xb504 
                0x2000f800                __HeapLimit = .
                0x00000001                ASSERT ((__StackLimit >= __HeapLimit), region RAM overflowed with stack)
                0x00000001                ASSERT ((__StackLimit >= __bss_end__), region RAM overflowed with stack)
OUTPUT(c:\Users\Spencer\Desktop\Keyboard\Firmware\BadgersRunFirmware\Build/keyboard.ino.elf elf32-littlearm)

.ARM.attributes
                0x00000000       0x32
 .ARM.attributes
                0x00000000       0x34 c:/users/spencer/appdata/local/arduino15/packages/adafruit/tools/arm-none-eabi-gcc/9-2019q4/bin/../lib/gcc/arm-none-eabi/9.2.1/thumb/v7e-m+fp/hard/crtfastmath.o
 .ARM.attributes
                0x00000034       0x1e c:/users/spencer/appdata/local/arduino15/packages/adafruit/tools/arm-none-eabi-gcc/9-2019q4/bin/../lib/gcc/arm-none-eabi/9.2.1/thumb/v7e-m+fp/hard/crti.o
 .ARM.attributes
                0x00000052       0x34 c:/users/spencer/appdata/local/arduino15/packages/adafruit/tools/arm-none-eabi-gcc/9-2019q4/bin/../lib/gcc/arm-none-eabi/9.2.1/thumb/v7e-m+fp/hard/crtbegin.o
 .ARM.attributes
                0x00000086       0x1c c:/users/spencer/appdata/local/arduino15/packages/adafruit/tools/arm-none-eabi-gcc/9-2019q4/bin/../lib/gcc/arm-none-eabi/9.2.1/../../../../arm-none-eabi/lib/thumb/v7e-m+fp/hard/crt0.o
 .ARM.attributes
                0x000000a2       0x30 c:\Users\Spencer\Desktop\Keyboard\Firmware\BadgersRunFirmware\Build\sketch\keyboard.ino.cpp.o
 .ARM.attributes
                0x000000d2       0x30 c:\Users\Spencer\Desktop\Keyboard\Firmware\BadgersRunFirmware\Build\core\variant.cpp.o
 .ARM.attributes
                0x00000102       0x1c c:\Users\Spencer\Desktop\Keyboard\Firmware\BadgersRunFirmware\Build/core\core.a(gcc_startup_nrf52.S.o)
 .ARM.attributes
                0x0000011e       0x30 c:\Users\Spencer\Desktop\Keyboard\Firmware\BadgersRunFirmware\Build/core\core.a(delay.c.o)
 .ARM.attributes
                0x0000014e       0x30 c:\Users\Spencer\Desktop\Keyboard\Firmware\BadgersRunFirmware\Build/core\core.a(tasks.c.o)
 .ARM.attributes
                0x0000017e       0x30 c:\Users\Spencer\Desktop\Keyboard\Firmware\BadgersRunFirmware\Build/core\core.a(timers.c.o)
 .ARM.attributes
                0x000001ae       0x30 c:\Users\Spencer\Desktop\Keyboard\Firmware\BadgersRunFirmware\Build/core\core.a(port_cmsis.c.o)
 .ARM.attributes
                0x000001de       0x30 c:\Users\Spencer\Desktop\Keyboard\Firmware\BadgersRunFirmware\Build/core\core.a(port_cmsis_systick.c.o)
 .ARM.attributes
                0x0000020e       0x30 c:\Users\Spencer\Desktop\Keyboard\Firmware\BadgersRunFirmware\Build/core\core.a(port.c.o)
 .ARM.attributes
                0x0000023e       0x30 c:\Users\Spencer\Desktop\Keyboard\Firmware\BadgersRunFirmware\Build/core\core.a(hooks.c.o)
 .ARM.attributes
                0x0000026e       0x30 c:\Users\Spencer\Desktop\Keyboard\Firmware\BadgersRunFirmware\Build/core\core.a(system_nrf52.c.o)
 .ARM.attributes
                0x0000029e       0x30 c:\Users\Spencer\Desktop\Keyboard\Firmware\BadgersRunFirmware\Build/core\core.a(wiring.c.o)
 .ARM.attributes
                0x000002ce       0x30 c:\Users\Spencer\Desktop\Keyboard\Firmware\BadgersRunFirmware\Build/core\core.a(wiring_digital.c.o)
 .ARM.attributes
                0x000002fe       0x30 c:\Users\Spencer\Desktop\Keyboard\Firmware\BadgersRunFirmware\Build/core\core.a(main.cpp.o)
 .ARM.attributes
                0x0000032e       0x30 c:\Users\Spencer\Desktop\Keyboard\Firmware\BadgersRunFirmware\Build/core\core.a(rtos.cpp.o)
 .ARM.attributes
                0x0000035e       0x30 c:\Users\Spencer\Desktop\Keyboard\Firmware\BadgersRunFirmware\Build/core\core.a(debug.cpp.o)
 .ARM.attributes
                0x0000038e       0x30 c:\Users\Spencer\Desktop\Keyboard\Firmware\BadgersRunFirmware\Build/core\core.a(list.c.o)
 .ARM.attributes
                0x000003be       0x30 c:\Users\Spencer\Desktop\Keyboard\Firmware\BadgersRunFirmware\Build/core\core.a(heap_3.c.o)
 .ARM.attributes
                0x000003ee       0x30 c:\Users\Spencer\Desktop\Keyboard\Firmware\BadgersRunFirmware\Build/core\core.a(queue.c.o)
 .ARM.attributes
                0x0000041e       0x30 c:\Users\Spencer\Desktop\Keyboard\Firmware\BadgersRunFirmware\Build/core\core.a(AdaCallback.c.o)
 .ARM.attributes
                0x0000044e       0x30 c:\Users\Spencer\Desktop\Keyboard\Firmware\BadgersRunFirmware\Build/core\core.a(utilities.c.o)
 .ARM.attributes
                0x0000047e       0x30 c:\Users\Spencer\Desktop\Keyboard\Firmware\BadgersRunFirmware\Build/core\core.a(Uart.cpp.o)
 .ARM.attributes
                0x000004ae       0x30 c:\Users\Spencer\Desktop\Keyboard\Firmware\BadgersRunFirmware\Build/core\core.a(RingBuffer.cpp.o)
 .ARM.attributes
                0x000004de       0x34 c:/users/spencer/appdata/local/arduino15/packages/adafruit/tools/arm-none-eabi-gcc/9-2019q4/bin/../lib/gcc/arm-none-eabi/9.2.1/../../../../arm-none-eabi/lib/thumb/v7e-m+fp/hard\libc_nano.a(lib_a-exit.o)
 .ARM.attributes
                0x00000512       0x32 c:/users/spencer/appdata/local/arduino15/packages/adafruit/tools/arm-none-eabi-gcc/9-2019q4/bin/../lib/gcc/arm-none-eabi/9.2.1/../../../../arm-none-eabi/lib/thumb/v7e-m+fp/hard\libc_nano.a(lib_a-impure.o)
 .ARM.attributes
                0x00000544       0x34 c:/users/spencer/appdata/local/arduino15/packages/adafruit/tools/arm-none-eabi-gcc/9-2019q4/bin/../lib/gcc/arm-none-eabi/9.2.1/../../../../arm-none-eabi/lib/thumb/v7e-m+fp/hard\libc_nano.a(lib_a-init.o)
 .ARM.attributes
                0x00000578       0x34 c:/users/spencer/appdata/local/arduino15/packages/adafruit/tools/arm-none-eabi-gcc/9-2019q4/bin/../lib/gcc/arm-none-eabi/9.2.1/../../../../arm-none-eabi/lib/thumb/v7e-m+fp/hard\libc_nano.a(lib_a-malloc.o)
 .ARM.attributes
                0x000005ac       0x34 c:/users/spencer/appdata/local/arduino15/packages/adafruit/tools/arm-none-eabi-gcc/9-2019q4/bin/../lib/gcc/arm-none-eabi/9.2.1/../../../../arm-none-eabi/lib/thumb/v7e-m+fp/hard\libc_nano.a(lib_a-memcpy-stub.o)
 .ARM.attributes
                0x000005e0       0x34 c:/users/spencer/appdata/local/arduino15/packages/adafruit/tools/arm-none-eabi-gcc/9-2019q4/bin/../lib/gcc/arm-none-eabi/9.2.1/../../../../arm-none-eabi/lib/thumb/v7e-m+fp/hard\libc_nano.a(lib_a-memset.o)
 .ARM.attributes
                0x00000614       0x34 c:/users/spencer/appdata/local/arduino15/packages/adafruit/tools/arm-none-eabi-gcc/9-2019q4/bin/../lib/gcc/arm-none-eabi/9.2.1/../../../../arm-none-eabi/lib/thumb/v7e-m+fp/hard\libc_nano.a(lib_a-nano-freer.o)
 .ARM.attributes
                0x00000648       0x34 c:/users/spencer/appdata/local/arduino15/packages/adafruit/tools/arm-none-eabi-gcc/9-2019q4/bin/../lib/gcc/arm-none-eabi/9.2.1/../../../../arm-none-eabi/lib/thumb/v7e-m+fp/hard\libc_nano.a(lib_a-nano-mallocr.o)
 .ARM.attributes
                0x0000067c       0x34 c:/users/spencer/appdata/local/arduino15/packages/adafruit/tools/arm-none-eabi-gcc/9-2019q4/bin/../lib/gcc/arm-none-eabi/9.2.1/../../../../arm-none-eabi/lib/thumb/v7e-m+fp/hard\libc_nano.a(lib_a-nano-vfprintf_float.o)
 .ARM.attributes
                0x000006b0       0x34 c:/users/spencer/appdata/local/arduino15/packages/adafruit/tools/arm-none-eabi-gcc/9-2019q4/bin/../lib/gcc/arm-none-eabi/9.2.1/../../../../arm-none-eabi/lib/thumb/v7e-m+fp/hard\libc_nano.a(lib_a-nano-vfprintf_i.o)
 .ARM.attributes
                0x000006e4       0x34 c:/users/spencer/appdata/local/arduino15/packages/adafruit/tools/arm-none-eabi-gcc/9-2019q4/bin/../lib/gcc/arm-none-eabi/9.2.1/../../../../arm-none-eabi/lib/thumb/v7e-m+fp/hard\libc_nano.a(lib_a-printf.o)
 .ARM.attributes
                0x00000718       0x34 c:/users/spencer/appdata/local/arduino15/packages/adafruit/tools/arm-none-eabi-gcc/9-2019q4/bin/../lib/gcc/arm-none-eabi/9.2.1/../../../../arm-none-eabi/lib/thumb/v7e-m+fp/hard\libc_nano.a(lib_a-putchar.o)
 .ARM.attributes
                0x0000074c       0x34 c:/users/spencer/appdata/local/arduino15/packages/adafruit/tools/arm-none-eabi-gcc/9-2019q4/bin/../lib/gcc/arm-none-eabi/9.2.1/../../../../arm-none-eabi/lib/thumb/v7e-m+fp/hard\libc_nano.a(lib_a-puts.o)
 .ARM.attributes
                0x00000780       0x34 c:/users/spencer/appdata/local/arduino15/packages/adafruit/tools/arm-none-eabi-gcc/9-2019q4/bin/../lib/gcc/arm-none-eabi/9.2.1/../../../../arm-none-eabi/lib/thumb/v7e-m+fp/hard\libc_nano.a(lib_a-sbrkr.o)
 .ARM.attributes
                0x000007b4       0x34 c:/users/spencer/appdata/local/arduino15/packages/adafruit/tools/arm-none-eabi-gcc/9-2019q4/bin/../lib/gcc/arm-none-eabi/9.2.1/../../../../arm-none-eabi/lib/thumb/v7e-m+fp/hard\libc_nano.a(lib_a-sprintf.o)
 .ARM.attributes
                0x000007e8       0x17 c:/users/spencer/appdata/local/arduino15/packages/adafruit/tools/arm-none-eabi-gcc/9-2019q4/bin/../lib/gcc/arm-none-eabi/9.2.1/../../../../arm-none-eabi/lib/thumb/v7e-m+fp/hard\libc_nano.a(lib_a-strlen.o)
 .ARM.attributes