Archive member included to satisfy reference by file (symbol)

c:\Users\Spencer\Desktop\Keyboard\Firmware\BadgersRunFirmware\Build/core\core.a(gcc_startup_nrf52.S.o)
                              (Reset_Handler)
c:\Users\Spencer\Desktop\Keyboard\Firmware\BadgersRunFirmware\Build/core\core.a(system_nrf52.c.o)
                              c:\Users\Spencer\Desktop\Keyboard\Firmware\BadgersRunFirmware\Build/core\core.a(gcc_startup_nrf52.S.o) (SystemInit)
c:\Users\Spencer\Desktop\Keyboard\Firmware\BadgersRunFirmware\Build/core\core.a(wiring_digital.c.o)
                              c:\Users\Spencer\Desktop\Keyboard\Firmware\BadgersRunFirmware\Build\core\variant.cpp.o (pinMode)
c:\Users\Spencer\Desktop\Keyboard\Firmware\BadgersRunFirmware\Build/core\core.a(main.cpp.o)
                              c:/users/spencer/appdata/local/arduino15/packages/adafruit/tools/arm-none-eabi-gcc/9-2019q4/bin/../lib/gcc/arm-none-eabi/9.2.1/../../../../arm-none-eabi/lib/thumb/v7e-m+fp/hard/crt0.o (main)
c:\Users\Spencer\Desktop\Keyboard\Firmware\BadgersRunFirmware\Build/core\core.a(rtos.cpp.o)
                              c:\Users\Spencer\Desktop\Keyboard\Firmware\BadgersRunFirmware\Build/core\core.a(main.cpp.o) (yield)
c:\Users\Spencer\Desktop\Keyboard\Firmware\BadgersRunFirmware\Build/core\core.a(debug.cpp.o)
                              c:\Users\Spencer\Desktop\Keyboard\Firmware\BadgersRunFirmware\Build/core\core.a(main.cpp.o) (dbgPrintVersion)
c:\Users\Spencer\Desktop\Keyboard\Firmware\BadgersRunFirmware\Build/core\core.a(heap_3.c.o)
                              c:\Users\Spencer\Desktop\Keyboard\Firmware\BadgersRunFirmware\Build/core\core.a(debug.cpp.o) (pvPortMalloc)
c:\Users\Spencer\Desktop\Keyboard\Firmware\BadgersRunFirmware\Build/core\core.a(tasks.c.o)
                              c:\Users\Spencer\Desktop\Keyboard\Firmware\BadgersRunFirmware\Build/core\core.a(main.cpp.o) (xTaskCreate)
c:\Users\Spencer\Desktop\Keyboard\Firmware\BadgersRunFirmware\Build/core\core.a(timers.c.o)
                              c:\Users\Spencer\Desktop\Keyboard\Firmware\BadgersRunFirmware\Build/core\core.a(tasks.c.o) (xTimerCreateTimerTask)
c:\Users\Spencer\Desktop\Keyboard\Firmware\BadgersRunFirmware\Build/core\core.a(port_cmsis.c.o)
                              c:\Users\Spencer\Desktop\Keyboard\Firmware\BadgersRunFirmware\Build/core\core.a(tasks.c.o) (pxPortInitialiseStack)
c:\Users\Spencer\Desktop\Keyboard\Firmware\BadgersRunFirmware\Build/core\core.a(port_cmsis_systick.c.o)
                              c:\Users\Spencer\Desktop\Keyboard\Firmware\BadgersRunFirmware\Build/core\core.a(port_cmsis.c.o) (vPortSetupTimerInterrupt)
c:\Users\Spencer\Desktop\Keyboard\Firmware\BadgersRunFirmware\Build/core\core.a(port.c.o)
                              c:\Users\Spencer\Desktop\Keyboard\Firmware\BadgersRunFirmware\Build/core\core.a(port_cmsis.c.o) (vPortStartFirstTask)
c:\Users\Spencer\Desktop\Keyboard\Firmware\BadgersRunFirmware\Build/core\core.a(hooks.c.o)
                              c:\Users\Spencer\Desktop\Keyboard\Firmware\BadgersRunFirmware\Build/core\core.a(tasks.c.o) (vApplicationIdleHook)
c:\Users\Spencer\Desktop\Keyboard\Firmware\BadgersRunFirmware\Build/core\core.a(AdaCallback.c.o)
                              c:\Users\Spencer\Desktop\Keyboard\Firmware\BadgersRunFirmware\Build/core\core.a(main.cpp.o) (ada_callback_init)
c:\Users\Spencer\Desktop\Keyboard\Firmware\BadgersRunFirmware\Build/core\core.a(utilities.c.o)
                              c:\Users\Spencer\Desktop\Keyboard\Firmware\BadgersRunFirmware\Build/core\core.a(debug.cpp.o) (lookup_find)
c:\Users\Spencer\Desktop\Keyboard\Firmware\BadgersRunFirmware\Build/core\core.a(wiring.c.o)
                              c:\Users\Spencer\Desktop\Keyboard\Firmware\BadgersRunFirmware\Build/core\core.a(main.cpp.o) (init)
c:\Users\Spencer\Desktop\Keyboard\Firmware\BadgersRunFirmware\Build/core\core.a(Uart.cpp.o)
                              c:\Users\Spencer\Desktop\Keyboard\Firmware\BadgersRunFirmware\Build/core\core.a(main.cpp.o) (Uart::write(unsigned char const*, unsigned int))
c:\Users\Spencer\Desktop\Keyboard\Firmware\BadgersRunFirmware\Build/core\core.a(list.c.o)
                              c:\Users\Spencer\Desktop\Keyboard\Firmware\BadgersRunFirmware\Build/core\core.a(tasks.c.o) (vListInitialise)
c:\Users\Spencer\Desktop\Keyboard\Firmware\BadgersRunFirmware\Build/core\core.a(queue.c.o)
                              c:\Users\Spencer\Desktop\Keyboard\Firmware\BadgersRunFirmware\Build/core\core.a(timers.c.o) (xQueueGenericCreateStatic)
c:\Users\Spencer\Desktop\Keyboard\Firmware\BadgersRunFirmware\Build/core\core.a(RingBuffer.cpp.o)
                              c:\Users\Spencer\Desktop\Keyboard\Firmware\BadgersRunFirmware\Build/core\core.a(Uart.cpp.o) (RingBuffer::RingBuffer())
c:/users/spencer/appdata/local/arduino15/packages/adafruit/tools/arm-none-eabi-gcc/9-2019q4/bin/../lib/gcc/arm-none-eabi/9.2.1/../../../../arm-none-eabi/lib/thumb/v7e-m+fp/hard\libc_nano.a(lib_a-exit.o)
[...]
Memory Configuration

Name             Origin             Length             Attributes
FLASH            0x00026000         0x00047000         xr
RAM              0x20003600         0x0000ca00         xrw
*default*        0x00000000         0xffffffff

Linker script and memory map

                0x00000800                __StackSize = 0x800
                0x20010000                PROVIDE (__StackTop = (ORIGIN (RAM) + LENGTH (RAM)))
                0x2000f800                PROVIDE (__StackLimit = (__StackTop - __StackSize))
                0x20010000                PROVIDE (__stack = __StackTop)
                0x00026000                __flash_arduino_start = ORIGIN (FLASH)
                0x0006d000                __flash_arduino_end = (ORIGIN (FLASH) + LENGTH (FLASH))

.text           0x00026000     0x7ecc
 *(.isr_vector)
 .isr_vector    0x00026000      0x200 c:\Users\Spencer\Desktop\Keyboard\Firmware\BadgersRunFirmware\Build/core\core.a(gcc_startup_nrf52.S.o)
                0x00026000                __isr_vector
 *(.text*)
 .text.startup  0x00026200       0x10 c:/users/spencer/appdata/local/arduino15/packages/adafruit/tools/arm-none-eabi-gcc/9-2019q4/bin/../lib/gcc/arm-none-eabi/9.2.1/thumb/v7e-m+fp/hard/crtfastmath.o
 .text          0x00026210       0x40 c:/users/spencer/appdata/local/arduino15/packages/adafruit/tools/arm-none-eabi-gcc/9-2019q4/bin/../lib/gcc/arm-none-eabi/9.2.1/thumb/v7e-m+fp/hard/crtbegin.o
 .text          0x00026250       0x74 c:/users/spencer/appdata/local/arduino15/packages/adafruit/tools/arm-none-eabi-gcc/9-2019q4/bin/../lib/gcc/arm-none-eabi/9.2.1/../../../../arm-none-eabi/lib/thumb/v7e-m+fp/hard/crt0.o
                0x00026250                _start
                0x00026250                _mainCRTStartup
 .text.setup    0x000262c4        0x4 c:\Users\Spencer\Desktop\Keyboard\Firmware\BadgersRunFirmware\Build\sketch\keyboard.ino.cpp.o
                0x000262c4                setup
 .text.loop     0x000262c8        0x4 c:\Users\Spencer\Desktop\Keyboard\Firmware\BadgersRunFirmware\Build\sketch\keyboard.ino.cpp.o
                0x000262c8                loop
 .text._Z11initVariantv
                0x000262cc       0x24 c:\Users\Spencer\Desktop\Keyboard\Firmware\BadgersRunFirmware\Build\core\variant.cpp.o
                0x000262cc                initVariant()
 .text          0x000262f0       0x54 c:\Users\Spencer\Desktop\Keyboard\Firmware\BadgersRunFirmware\Build/core\core.a(gcc_startup_nrf52.S.o)
                0x000262f0                Reset_Handler
                0x00026330                NMI_Handler
                0x00026334                MemoryManagement_Handler
                0x00026336                BusFault_Handler
                0x00026338                UsageFault_Handler
                0x0002633c                DebugMon_Handler
                0x00026340                SysTick_Handler
                0x00026342                SWI0_EGU0_IRQHandler
                0x00026342                POWER_CLOCK_IRQHandler
                0x00026342                RADIO_IRQHandler
                0x00026342                PWM1_IRQHandler
                0x00026342                GPIOTE_IRQHandler
                0x00026342                TEMP_IRQHandler
                0x00026342                QDEC_IRQHandler
                0x00026342                TIMER3_IRQHandler
                0x00026342                FPU_IRQHandler
                0x00026342                SPIM0_SPIS0_TWIM0_TWIS0_SPI0_TWI0_IRQHandler
                0x00026342                PDM_IRQHandler
                0x00026342                TIMER4_IRQHandler
                0x00026342                I2S_IRQHandler
                0x00026342                RTC0_IRQHandler
                0x00026342                TIMER0_IRQHandler
                0x00026342                SWI2_EGU2_IRQHandler
                0x00026342                TIMER1_IRQHandler
                0x00026342                PWM2_IRQHandler
                0x00026342                ECB_IRQHandler
                0x00026342                SPIM1_SPIS1_TWIM1_TWIS1_SPI1_TWI1_IRQHandler
                0x00026342                Default_Handler
                0x00026342                SAADC_IRQHandler
                0x00026342                CCM_AAR_IRQHandler
                0x00026342                WDT_IRQHandler
                0x00026342                SWI5_EGU5_IRQHandler
                0x00026342                RNG_IRQHandler
                0x00026342                RTC2_IRQHandler
                0x00026342                PWM0_IRQHandler
                0x00026342                SWI3_EGU3_IRQHandler
                0x00026342                SWI1_EGU1_IRQHandler
                0x00026342                SPIM2_SPIS2_SPI2_IRQHandler
                0x00026342                NFCT_IRQHandler
                0x00026342                SWI4_EGU4_IRQHandler
                0x00026342                MWU_IRQHandler
                0x00026342                TIMER2_IRQHandler
                0x00026342                COMP_LPCOMP_IRQHandler
 .text.SystemInit
                0x00026344      0x388 c:\Users\Spencer\Desktop\Keyboard\Firmware\BadgersRunFirmware\Build/core\core.a(system_nrf52.c.o)
                0x00026344                SystemInit
 .text.pinMode  0x000266cc       0x84 c:\Users\Spencer\Desktop\Keyboard\Firmware\BadgersRunFirmware\Build/core\core.a(wiring_digital.c.o)
                0x000266cc                pinMode
 .text.ledOff   0x00026750       0x1c c:\Users\Spencer\Desktop\Keyboard\Firmware\BadgersRunFirmware\Build/core\core.a(wiring_digital.c.o)
                0x00026750                ledOff
 .text._Z19Bluefruit_printInfov
                0x0002676c        0x4 c:\Users\Spencer\Desktop\Keyboard\Firmware\BadgersRunFirmware\Build/core\core.a(main.cpp.o)
                0x0002676c                Bluefruit_printInfo()
 .text.startup.main
                0x00026770       0x5c c:\Users\Spencer\Desktop\Keyboard\Firmware\BadgersRunFirmware\Build/core\core.a(main.cpp.o)
                0x00026770                main
 .text._ZL9loop_taskPv
                0x000267cc       0x74 c:\Users\Spencer\Desktop\Keyboard\Firmware\BadgersRunFirmware\Build/core\core.a(main.cpp.o)
 .text._write   0x00026840       0x14 c:\Users\Spencer\Desktop\Keyboard\Firmware\BadgersRunFirmware\Build/core\core.a(main.cpp.o)
                0x00026840                _write
 .text.yield    0x00026854       0x18 c:\Users\Spencer\Desktop\Keyboard\Firmware\BadgersRunFirmware\Build/core\core.a(rtos.cpp.o)
                0x00026854                yield
 .text.vApplicationStackOverflowHook
                0x0002686c       0x40 c:\Users\Spencer\Desktop\Keyboard\Firmware\BadgersRunFirmware\Build/core\core.a(rtos.cpp.o)
                0x0002686c                vApplicationStackOverflowHook
 .text.vApplicationMallocFailedHook
                0x000268ac       0x44 c:\Users\Spencer\Desktop\Keyboard\Firmware\BadgersRunFirmware\Build/core\core.a(rtos.cpp.o)
                0x000268ac                vApplicationMallocFailedHook
 .text.vApplicationGetIdleTaskMemory
                0x000268f0       0x1c c:\Users\Spencer\Desktop\Keyboard\Firmware\BadgersRunFirmware\Build/core\core.a(rtos.cpp.o)
                0x000268f0                vApplicationGetIdleTaskMemory
 .text.vApplicationGetTimerTaskMemory
                0x0002690c       0x20 c:\Users\Spencer\Desktop\Keyboard\Firmware\BadgersRunFirmware\Build/core\core.a(rtos.cpp.o)
                0x0002690c                vApplicationGetTimerTaskMemory
 .text.HardFault_Handler
                0x0002692c       0x24 c:\Users\Spencer\Desktop\Keyboard\Firmware\BadgersRunFirmware\Build/core\core.a(debug.cpp.o)
                0x0002692c                HardFault_Handler
 .text.dbgPrintVersion
                0x00026950       0x3c c:\Users\Spencer\Desktop\Keyboard\Firmware\BadgersRunFirmware\Build/core\core.a(debug.cpp.o)
                0x00026950                dbgPrintVersion
 .text.dbg_err_str
                0x0002698c       0x2c c:\Users\Spencer\Desktop\Keyboard\Firmware\BadgersRunFirmware\Build/core\core.a(debug.cpp.o)
                0x0002698c                dbg_err_str
 .text.pvPortMalloc
                0x000269b8       0x24 c:\Users\Spencer\Desktop\Keyboard\Firmware\BadgersRunFirmware\Build/core\core.a(heap_3.c.o)
                0x000269b8                pvPortMalloc
 .text.vPortFree
                0x000269dc       0x1c c:\Users\Spencer\Desktop\Keyboard\Firmware\BadgersRunFirmware\Build/core\core.a(heap_3.c.o)
                0x000269dc                vPortFree
 .text.prvAddNewTaskToReadyList
                0x000269f8      0x124 c:\Users\Spencer\Desktop\Keyboard\Firmware\BadgersRunFirmware\Build/core\core.a(tasks.c.o)
 .text.xTaskCreateStatic
                0x00026b1c       0xe0 c:\Users\Spencer\Desktop\Keyboard\Firmware\BadgersRunFirmware\Build/core\core.a(tasks.c.o)
                0x00026b1c                xTaskCreateStatic
 .text.xTaskCreate
                0x00026bfc       0xf0 c:\Users\Spencer\Desktop\Keyboard\Firmware\BadgersRunFirmware\Build/core\core.a(tasks.c.o)
                0x00026bfc                xTaskCreate
 .text.vTaskStartScheduler
                0x00026cec       0xcc c:\Users\Spencer\Desktop\Keyboard\Firmware\BadgersRunFirmware\Build/core\core.a(tasks.c.o)
                0x00026cec                vTaskStartScheduler
 .text.vTaskSuspendAll
                0x00026db8       0x10 c:\Users\Spencer\Desktop\Keyboard\Firmware\BadgersRunFirmware\Build/core\core.a(tasks.c.o)
                0x00026db8                vTaskSuspendAll
 .text.xTaskGetTickCount
                0x00026dc8        0xc c:\Users\Spencer\Desktop\Keyboard\Firmware\BadgersRunFirmware\Build/core\core.a(tasks.c.o)
                0x00026dc8                xTaskGetTickCount
 .text.pcTaskGetName
                0x00026dd4       0x14 c:\Users\Spencer\Desktop\Keyboard\Firmware\BadgersRunFirmware\Build/core\core.a(tasks.c.o)
                0x00026dd4                pcTaskGetName
 .text.vTaskStepTick
                0x00026de8       0x10 c:\Users\Spencer\Desktop\Keyboard\Firmware\BadgersRunFirmware\Build/core\core.a(tasks.c.o)
                0x00026de8                vTaskStepTick
 .text.xTaskIncrementTick
                0x00026df8      0x134 c:\Users\Spencer\Desktop\Keyboard\Firmware\BadgersRunFirmware\Build/core\core.a(tasks.c.o)
                0x00026df8                xTaskIncrementTick
 .text.xTaskResumeAll
                0x00026f2c      0x120 c:\Users\Spencer\Desktop\Keyboard\Firmware\BadgersRunFirmware\Build/core\core.a(tasks.c.o)
                0x00026f2c                xTaskResumeAll
 .text.prvIdleTask
                0x0002704c      0x118 c:\Users\Spencer\Desktop\Keyboard\Firmware\BadgersRunFirmware\Build/core\core.a(tasks.c.o)
 .text.vTaskSwitchContext
                0x00027164       0xbc c:\Users\Spencer\Desktop\Keyboard\Firmware\BadgersRunFirmware\Build/core\core.a(tasks.c.o)
                0x00027164                vTaskSwitchContext
 .text.vTaskPlaceOnEventList
                0x00027220       0x78 c:\Users\Spencer\Desktop\Keyboard\Firmware\BadgersRunFirmware\Build/core\core.a(tasks.c.o)
                0x00027220                vTaskPlaceOnEventList
 .text.vTaskPlaceOnEventListRestricted
                0x00027298       0x80 c:\Users\Spencer\Desktop\Keyboard\Firmware\BadgersRunFirmware\Build/core\core.a(tasks.c.o)
                0x00027298                vTaskPlaceOnEventListRestricted
 .text.xTaskRemoveFromEventList
                0x00027318       0xa4 c:\Users\Spencer\Desktop\Keyboard\Firmware\BadgersRunFirmware\Build/core\core.a(tasks.c.o)
                0x00027318                xTaskRemoveFromEventList
 .text.vTaskInternalSetTimeOutState
                0x000273bc       0x18 c:\Users\Spencer\Desktop\Keyboard\Firmware\BadgersRunFirmware\Build/core\core.a(tasks.c.o)
                0x000273bc                vTaskInternalSetTimeOutState
 .text.xTaskCheckForTimeOut
                0x000273d4       0x68 c:\Users\Spencer\Desktop\Keyboard\Firmware\BadgersRunFirmware\Build/core\core.a(tasks.c.o)
                0x000273d4                xTaskCheckForTimeOut
 .text.vTaskMissedYield
                0x0002743c        0xc c:\Users\Spencer\Desktop\Keyboard\Firmware\BadgersRunFirmware\Build/core\core.a(tasks.c.o)
                0x0002743c                vTaskMissedYield
 .text.eTaskConfirmSleepModeStatus
                0x00027448       0x38 c:\Users\Spencer\Desktop\Keyboard\Firmware\BadgersRunFirmware\Build/core\core.a(tasks.c.o)
                0x00027448                eTaskConfirmSleepModeStatus
 .text.xTaskGetCurrentTaskHandle
                0x00027480        0xc c:\Users\Spencer\Desktop\Keyboard\Firmware\BadgersRunFirmware\Build/core\core.a(tasks.c.o)
                0x00027480                xTaskGetCurrentTaskHandle
 .text.xTaskGetSchedulerState
                0x0002748c       0x20 c:\Users\Spencer\Desktop\Keyboard\Firmware\BadgersRunFirmware\Build/core\core.a(tasks.c.o)
                0x0002748c                xTaskGetSchedulerState
 .text.xTaskPriorityInherit
                0x000274ac       0x8c c:\Users\Spencer\Desktop\Keyboard\Firmware\BadgersRunFirmware\Build/core\core.a(tasks.c.o)
                0x000274ac                xTaskPriorityInherit
 .text.xTaskPriorityDisinherit
                0x00027538       0x60 c:\Users\Spencer\Desktop\Keyboard\Firmware\BadgersRunFirmware\Build/core\core.a(tasks.c.o)
                0x00027538                xTaskPriorityDisinherit
 .text.vTaskPriorityDisinheritAfterTimeout
                0x00027598       0x74 c:\Users\Spencer\Desktop\Keyboard\Firmware\BadgersRunFirmware\Build/core\core.a(tasks.c.o)
                0x00027598                vTaskPriorityDisinheritAfterTimeout
 .text.pvTaskIncrementMutexHeldCount
                0x0002760c       0x18 c:\Users\Spencer\Desktop\Keyboard\Firmware\BadgersRunFirmware\Build/core\core.a(tasks.c.o)
                0x0002760c                pvTaskIncrementMutexHeldCount
 .text.prvSwitchTimerLists
                0x00027624       0x88 c:\Users\Spencer\Desktop\Keyboard\Firmware\BadgersRunFirmware\Build/core\core.a(timers.c.o)
 .text.prvTimerTask
                0x000276ac      0x240 c:\Users\Spencer\Desktop\Keyboard\Firmware\BadgersRunFirmware\Build/core\core.a(timers.c.o)
 .text.xTimerCreateTimerTask
                0x000278ec       0xac c:\Users\Spencer\Desktop\Keyboard\Firmware\BadgersRunFirmware\Build/core\core.a(timers.c.o)
                0x000278ec                xTimerCreateTimerTask
 .text.prvTaskExitError
                0x00027998        0x8 c:\Users\Spencer\Desktop\Keyboard\Firmware\BadgersRunFirmware\Build/core\core.a(port_cmsis.c.o)
 .text.pxPortInitialiseStack
                0x000279a0       0x2c c:\Users\Spencer\Desktop\Keyboard\Firmware\BadgersRunFirmware\Build/core\core.a(port_cmsis.c.o)
                0x000279a0                pxPortInitialiseStack
 .text.xPortStartScheduler
                0x000279cc       0x4c c:\Users\Spencer\Desktop\Keyboard\Firmware\BadgersRunFirmware\Build/core\core.a(port_cmsis.c.o)
                0x000279cc                xPortStartScheduler
 .text.vPortEnterCritical
                0x00027a18       0x14 c:\Users\Spencer\Desktop\Keyboard\Firmware\BadgersRunFirmware\Build/core\core.a(port_cmsis.c.o)
                0x00027a18                vPortEnterCritical
 .text.vPortExitCritical
                0x00027a2c       0x14 c:\Users\Spencer\Desktop\Keyboard\Firmware\BadgersRunFirmware\Build/core\core.a(port_cmsis.c.o)
                0x00027a2c                vPortExitCritical
 .text.sd_app_evt_wait
                0x00027a40        0x4 c:\Users\Spencer\Desktop\Keyboard\Firmware\BadgersRunFirmware\Build/core\core.a(port_cmsis_systick.c.o)
 .text.sd_softdevice_is_enabled
                0x00027a44        0x4 c:\Users\Spencer\Desktop\Keyboard\Firmware\BadgersRunFirmware\Build/core\core.a(port_cmsis_systick.c.o)
 .text.RTC1_IRQHandler
                0x00027a48       0x88 c:\Users\Spencer\Desktop\Keyboard\Firmware\BadgersRunFirmware\Build/core\core.a(port_cmsis_systick.c.o)
                0x00027a48                RTC1_IRQHandler
 .text.vPortSetupTimerInterrupt
                0x00027ad0       0x3c c:\Users\Spencer\Desktop\Keyboard\Firmware\BadgersRunFirmware\Build/core\core.a(port_cmsis_systick.c.o)
                0x00027ad0                vPortSetupTimerInterrupt
 .text.vPortSuppressTicksAndSleep
                0x00027b0c      0x1c0 c:\Users\Spencer\Desktop\Keyboard\Firmware\BadgersRunFirmware\Build/core\core.a(port_cmsis_systick.c.o)
                0x00027b0c                vPortSuppressTicksAndSleep
 .text.vPortStartFirstTask
                0x00027ccc       0x24 c:\Users\Spencer\Desktop\Keyboard\Firmware\BadgersRunFirmware\Build/core\core.a(port.c.o)
                0x00027ccc                vPortStartFirstTask
 .text.SVC_Handler
                0x00027cf0       0x20 c:\Users\Spencer\Desktop\Keyboard\Firmware\BadgersRunFirmware\Build/core\core.a(port.c.o)
                0x00027cf0                SVC_Handler
 .text.PendSV_Handler
                0x00027d10       0x60 c:\Users\Spencer\Desktop\Keyboard\Firmware\BadgersRunFirmware\Build/core\core.a(port.c.o)
                0x00027d10                PendSV_Handler
 .text.__empty  0x00027d70        0x4 c:\Users\Spencer\Desktop\Keyboard\Firmware\BadgersRunFirmware\Build/core\core.a(hooks.c.o)
                0x00027d70                vApplicationIdleHook
 .text.adafruit_callback_task
                0x00027d74       0xc4 c:\Users\Spencer\Desktop\Keyboard\Firmware\BadgersRunFirmware\Build/core\core.a(AdaCallback.c.o)
                0x00027d74                adafruit_callback_task
 .text.ada_callback_init
                0x00027e38       0x48 c:\Users\Spencer\Desktop\Keyboard\Firmware\BadgersRunFirmware\Build/core\core.a(AdaCallback.c.o)
                0x00027e38                ada_callback_init
 .text.lookup_find
                0x00027e80       0x28 c:\Users\Spencer\Desktop\Keyboard\Firmware\BadgersRunFirmware\Build/core\core.a(utilities.c.o)
                0x00027e80                lookup_find
 .text.getBootloaderVersion
                0x00027ea8       0x80 c:\Users\Spencer\Desktop\Keyboard\Firmware\BadgersRunFirmware\Build/core\core.a(utilities.c.o)
                0x00027ea8                getBootloaderVersion
 .text.getMcuUniqueID
                0x00027f28       0x28 c:\Users\Spencer\Desktop\Keyboard\Firmware\BadgersRunFirmware\Build/core\core.a(utilities.c.o)
                0x00027f28                getMcuUniqueID
 .text.init     0x00027f50       0x5c c:\Users\Spencer\Desktop\Keyboard\Firmware\BadgersRunFirmware\Build/core\core.a(wiring.c.o)
                0x00027f50                init
 .text._ZN5Print17availableForWriteEv
                0x00027fac        0x4 c:\Users\Spencer\Desktop\Keyboard\Firmware\BadgersRunFirmware\Build/core\core.a(Uart.cpp.o)
                0x00027fac                Print::availableForWrite()
 .text._ZN4UartcvbEv
                0x00027fb0        0x8 c:\Users\Spencer\Desktop\Keyboard\Firmware\BadgersRunFirmware\Build/core\core.a(Uart.cpp.o)
                0x00027fb0                Uart::operator bool()
 .text._ZN4Uart3endEv
                0x00027fb8       0x70 c:\Users\Spencer\Desktop\Keyboard\Firmware\BadgersRunFirmware\Build/core\core.a(Uart.cpp.o)
                0x00027fb8                Uart::end()
 .text._ZN4Uart9availableEv
                0x00028028        0x8 c:\Users\Spencer\Desktop\Keyboard\Firmware\BadgersRunFirmware\Build/core\core.a(Uart.cpp.o)
                0x00028028                Uart::available()
 .text._ZN4Uart4peekEv
                0x00028030        0x8 c:\Users\Spencer\Desktop\Keyboard\Firmware\BadgersRunFirmware\Build/core\core.a(Uart.cpp.o)
                0x00028030                Uart::peek()
 .text._ZN4Uart4readEv
                0x00028038        0x8 c:\Users\Spencer\Desktop\Keyboard\Firmware\BadgersRunFirmware\Build/core\core.a(Uart.cpp.o)
                0x00028038                Uart::read()
 .text._ZN4Uart5flushEv
                0x00028040       0x2c c:\Users\Spencer\Desktop\Keyboard\Firmware\BadgersRunFirmware\Build/core\core.a(Uart.cpp.o)
                0x00028040                Uart::flush()
 .text._ZN4Uart5writeEh
                0x0002806c       0x48 c:\Users\Spencer\Desktop\Keyboard\Firmware\BadgersRunFirmware\Build/core\core.a(Uart.cpp.o)
                0x0002806c                Uart::write(unsigned char)
 .text._ZN4Uart5writeEPKhj
                0x000280b4       0x54 c:\Users\Spencer\Desktop\Keyboard\Firmware\BadgersRunFirmware\Build/core\core.a(Uart.cpp.o)
                0x000280b4                Uart::write(unsigned char const*, unsigned int)
 .text._ZN4Uart5beginEm
                0x00028108      0x1bc c:\Users\Spencer\Desktop\Keyboard\Firmware\BadgersRunFirmware\Build/core\core.a(Uart.cpp.o)
                0x00028108                Uart::begin(unsigned long)
 .text._ZN4Uart5beginEmt
                0x000282c4      0x1a0 c:\Users\Spencer\Desktop\Keyboard\Firmware\BadgersRunFirmware\Build/core\core.a(Uart.cpp.o)
                0x000282c4                Uart::begin(unsigned long, unsigned short)
 .text._Z14serialEventRunv
                0x00028464       0x20 c:\Users\Spencer\Desktop\Keyboard\Firmware\BadgersRunFirmware\Build/core\core.a(Uart.cpp.o)
                0x00028464                serialEventRun()
 .text.UARTE0_UART0_IRQHandler
                0x00028484       0x4c c:\Users\Spencer\Desktop\Keyboard\Firmware\BadgersRunFirmware\Build/core\core.a(Uart.cpp.o)
                0x00028484                UARTE0_UART0_IRQHandler
 .text.startup._GLOBAL__sub_I__ZN4UartC2EP14NRF_UARTE_Type9IRQn_Typehh
                0x000284d0       0x4c c:\Users\Spencer\Desktop\Keyboard\Firmware\BadgersRunFirmware\Build/core\core.a(Uart.cpp.o)
 .text.vListInitialise
                0x0002851c       0x18 c:\Users\Spencer\Desktop\Keyboard\Firmware\BadgersRunFirmware\Build/core\core.a(list.c.o)
                0x0002851c                vListInitialise
 .text.vListInitialiseItem
                0x00028534        0x8 c:\Users\Spencer\Desktop\Keyboard\Firmware\BadgersRunFirmware\Build/core\core.a(list.c.o)
                0x00028534                vListInitialiseItem
 .text.vListInsertEnd
                0x0002853c       0x20 c:\Users\Spencer\Desktop\Keyboard\Firmware\BadgersRunFirmware\Build/core\core.a(list.c.o)
                0x0002853c                vListInsertEnd
 .text.vListInsert
                0x0002855c       0x30 c:\Users\Spencer\Desktop\Keyboard\Firmware\BadgersRunFirmware\Build/core\core.a(list.c.o)
                0x0002855c                vListInsert
 .text.uxListRemove
                0x0002858c       0x28 c:\Users\Spencer\Desktop\Keyboard\Firmware\BadgersRunFirmware\Build/core\core.a(list.c.o)
                0x0002858c                uxListRemove
 .text.xQueueGenericCreateStatic
                0x000285b4       0x60 c:\Users\Spencer\Desktop\Keyboard\Firmware\BadgersRunFirmware\Build/core\core.a(queue.c.o)
                0x000285b4                xQueueGenericCreateStatic
 .text.xQueueGenericCreate
                0x00028614       0x84 c:\Users\Spencer\Desktop\Keyboard\Firmware\BadgersRunFirmware\Build/core\core.a(queue.c.o)
                0x00028614                xQueueGenericCreate
 .text.xQueueGenericSend
                0x00028698      0x360 c:\Users\Spencer\Desktop\Keyboard\Firmware\BadgersRunFirmware\Build/core\core.a(queue.c.o)
                0x00028698                xQueueGenericSend
 .text.xQueueCreateMutex
                0x000289f8       0x70 c:\Users\Spencer\Desktop\Keyboard\Firmware\BadgersRunFirmware\Build/core\core.a(queue.c.o)
                0x000289f8                xQueueCreateMutex
 .text.xQueueGiveFromISR
                0x00028a68       0x60 c:\Users\Spencer\Desktop\Keyboard\Firmware\BadgersRunFirmware\Build/core\core.a(queue.c.o)
                0x00028a68                xQueueGiveFromISR
 .text.xQueueReceive
                0x00028ac8      0x2b8 c:\Users\Spencer\Desktop\Keyboard\Firmware\BadgersRunFirmware\Build/core\core.a(queue.c.o)
                0x00028ac8                xQueueReceive
 .text.xQueueSemaphoreTake
                0x00028d80      0x2f8 c:\Users\Spencer\Desktop\Keyboard\Firmware\BadgersRunFirmware\Build/core\core.a(queue.c.o)
                0x00028d80                xQueueSemaphoreTake
 .text.vQueueDelete
                0x00029078       0x48 c:\Users\Spencer\Desktop\Keyboard\Firmware\BadgersRunFirmware\Build/core\core.a(queue.c.o)
                0x00029078                vQueueDelete
 .text.vQueueAddToRegistry
                0x000290c0       0x24 c:\Users\Spencer\Desktop\Keyboard\Firmware\BadgersRunFirmware\Build/core\core.a(queue.c.o)
                0x000290c0                vQueueAddToRegistry
 .text.vQueueWaitForMessageRestricted
                0x000290e4       0xcc c:\Users\Spencer\Desktop\Keyboard\Firmware\BadgersRunFirmware\Build/core\core.a(queue.c.o)
                0x000290e4                vQueueWaitForMessageRestricted
 .text._ZN10RingBufferC2Ev
                0x000291b0       0x18 c:\Users\Spencer\Desktop\Keyboard\Firmware\BadgersRunFirmware\Build/core\core.a(RingBuffer.cpp.o)
                0x000291b0                RingBuffer::RingBuffer()
                0x000291b0                RingBuffer::RingBuffer()
 .text._ZN10RingBuffer10store_charEh
                0x000291c8       0x1c c:\Users\Spencer\Desktop\Keyboard\Firmware\BadgersRunFirmware\Build/core\core.a(RingBuffer.cpp.o)
                0x000291c8                RingBuffer::store_char(unsigned char)
 .text._ZN10RingBuffer5clearEv
                0x000291e4        0x8 c:\Users\Spencer\Desktop\Keyboard\Firmware\BadgersRunFirmware\Build/core\core.a(RingBuffer.cpp.o)
                0x000291e4                RingBuffer::clear()
 .text._ZN10RingBuffer9read_charEv
                0x000291ec       0x1c c:\Users\Spencer\Desktop\Keyboard\Firmware\BadgersRunFirmware\Build/core\core.a(RingBuffer.cpp.o)
                0x000291ec                RingBuffer::read_char()
 .text._ZN10RingBuffer9availableEv
                0x00029208        0xc c:\Users\Spencer\Desktop\Keyboard\Firmware\BadgersRunFirmware\Build/core\core.a(RingBuffer.cpp.o)
                0x00029208                RingBuffer::available()
 .text._ZN10RingBuffer4peekEv
                0x00029214       0x10 c:\Users\Spencer\Desktop\Keyboard\Firmware\BadgersRunFirmware\Build/core\core.a(RingBuffer.cpp.o)
                0x00029214                RingBuffer::peek()
 .text.exit     0x00029224       0x28 c:/users/spencer/appdata/local/arduino15/packages/adafruit/tools/arm-none-eabi-gcc/9-2019q4/bin/../lib/gcc/arm-none-eabi/9.2.1/../../../../arm-none-eabi/lib/thumb/v7e-m+fp/hard\libc_nano.a(lib_a-exit.o)
                0x00029224                exit
 .text.__libc_init_array
                0x0002924c       0x48 c:/users/spencer/appdata/local/arduino15/packages/adafruit/tools/arm-none-eabi-gcc/9-2019q4/bin/../lib/gcc/arm-none-eabi/9.2.1/../../../../arm-none-eabi/lib/thumb/v7e-m+fp/hard\libc_nano.a(lib_a-init.o)
                0x0002924c                __libc_init_array
 .text.malloc   0x00029294       0x10 c:/users/spencer/appdata/local/arduino15/packages/adafruit/tools/arm-none-eabi-gcc/9-2019q4/bin/../lib/gcc/arm-none-eabi/9.2.1/../../../../arm-none-eabi/lib/thumb/v7e-m+fp/hard\libc_nano.a(lib_a-malloc.o)
                0x00029294                malloc
 .text.free     0x000292a4       0x10 c:/users/spencer/appdata/local/arduino15/packages/adafruit/tools/arm-none-eabi-gcc/9-2019q4/bin/../lib/gcc/arm-none-eabi/9.2.1/../../../../arm-none-eabi/lib/thumb/v7e-m+fp/hard\libc_nano.a(lib_a-malloc.o)
                0x000292a4                free
 .text.memcpy   0x000292b4       0x1c c:/users/spencer/appdata/local/arduino15/packages/adafruit/tools/arm-none-eabi-gcc/9-2019q4/bin/../lib/gcc/arm-none-eabi/9.2.1/../../../../arm-none-eabi/lib/thumb/v7e-m+fp/hard\libc_nano.a(lib_a-memcpy-stub.o)
                0x000292b4                memcpy
 .text.memset   0x000292d0       0x10 c:/users/spencer/appdata/local/arduino15/packages/adafruit/tools/arm-none-eabi-gcc/9-2019q4/bin/../lib/gcc/arm-none-eabi/9.2.1/../../../../arm-none-eabi/lib/thumb/v7e-m+fp/hard\libc_nano.a(lib_a-memset.o)
                0x000292d0                memset
 .text._free_r  0x000292e0       0xa0 c:/users/spencer/appdata/local/arduino15/packages/adafruit/tools/arm-none-eabi-gcc/9-2019q4/bin/../lib/gcc/arm-none-eabi/9.2.1/../../../../arm-none-eabi/lib/thumb/v7e-m+fp/hard\libc_nano.a(lib_a-nano-freer.o)
                0x000292e0                _free_r
 .text._malloc_r
                0x00029380       0xb4 c:/users/spencer/appdata/local/arduino15/packages/adafruit/tools/arm-none-eabi-gcc/9-2019q4/bin/../lib/gcc/arm-none-eabi/9.2.1/../../../../arm-none-eabi/lib/thumb/v7e-m+fp/hard\libc_nano.a(lib_a-nano-mallocr.o)
                0x00029380                _malloc_r
 .text.__cvt    0x00029434       0xc4 c:/users/spencer/appdata/local/arduino15/packages/adafruit/tools/arm-none-eabi-gcc/9-2019q4/bin/../lib/gcc/arm-none-eabi/9.2.1/../../../../arm-none-eabi/lib/thumb/v7e-m+fp/hard\libc_nano.a(lib_a-nano-vfprintf_float.o)
                0x00029434                __cvt
 .text.__exponent
                0x000294f8       0x7c c:/users/spencer/appdata/local/arduino15/packages/adafruit/tools/arm-none-eabi-gcc/9-2019q4/bin/../lib/gcc/arm-none-eabi/9.2.1/../../../../arm-none-eabi/lib/thumb/v7e-m+fp/hard\libc_nano.a(lib_a-nano-vfprintf_float.o)
                0x000294f8                __exponent
 .text._printf_float
                0x00029574      0x46c c:/users/spencer/appdata/local/arduino15/packages/adafruit/tools/arm-none-eabi-gcc/9-2019q4/bin/../lib/gcc/arm-none-eabi/9.2.1/../../../../arm-none-eabi/lib/thumb/v7e-m+fp/hard\libc_nano.a(lib_a-nano-vfprintf_float.o)
                0x00029574                _printf_float
 .text._printf_common
                0x000299e0       0xda c:/users/spencer/appdata/local/arduino15/packages/adafruit/tools/arm-none-eabi-gcc/9-2019q4/bin/../lib/gcc/arm-none-eabi/9.2.1/../../../../arm-none-eabi/lib/thumb/v7e-m+fp/hard\libc_nano.a(lib_a-nano-vfprintf_i.o)
                0x000299e0                _printf_common
 *fill*         0x00029aba        0x2 
 .text._printf_i
                0x00029abc      0x24c c:/users/spencer/appdata/local/arduino15/packages/adafruit/tools/arm-none-eabi-gcc/9-2019q4/bin/../lib/gcc/arm-none-eabi/9.2.1/../../../../arm-none-eabi/lib/thumb/v7e-m+fp/hard\libc_nano.a(lib_a-nano-vfprintf_i.o)
                0x00029abc                _printf_i
 .text.printf   0x00029d08       0x30 c:/users/spencer/appdata/local/arduino15/packages/adafruit/tools/arm-none-eabi-gcc/9-2019q4/bin/../lib/gcc/arm-none-eabi/9.2.1/../../../../arm-none-eabi/lib/thumb/v7e-m+fp/hard\libc_nano.a(lib_a-printf.o)
                0x00029d08                iprintf
                0x00029d08                printf
 .text.putchar  0x00029d38       0x2c c:/users/spencer/appdata/local/arduino15/packages/adafruit/tools/arm-none-eabi-gcc/9-2019q4/bin/../lib/gcc/arm-none-eabi/9.2.1/../../../../arm-none-eabi/lib/thumb/v7e-m+fp/hard\libc_nano.a(lib_a-putchar.o)
                0x00029d38                putchar
 .text._puts_r  0x00029d64       0xdc c:/users/spencer/appdata/local/arduino15/packages/adafruit/tools/arm-none-eabi-gcc/9-2019q4/bin/../lib/gcc/arm-none-eabi/9.2.1/../../../../arm-none-eabi/lib/thumb/v7e-m+fp/hard\libc_nano.a(lib_a-puts.o)
                0x00029d64                _puts_r
 .text.puts     0x00029e40       0x10 c:/users/spencer/appdata/local/arduino15/packages/adafruit/tools/arm-none-eabi-gcc/9-2019q4/bin/../lib/gcc/arm-none-eabi/9.2.1/../../../../arm-none-eabi/lib/thumb/v7e-m+fp/hard\libc_nano.a(lib_a-puts.o)
                0x00029e40                puts
 .text._sbrk_r  0x00029e50       0x20 c:/users/spencer/appdata/local/arduino15/packages/adafruit/tools/arm-none-eabi-gcc/9-2019q4/bin/../lib/gcc/arm-none-eabi/9.2.1/../../../../arm-none-eabi/lib/thumb/v7e-m+fp/hard\libc_nano.a(lib_a-sbrkr.o)
                0x00029e50                _sbrk_r
 .text.sprintf  0x00029e70       0x40 c:/users/spencer/appdata/local/arduino15/packages/adafruit/tools/arm-none-eabi-gcc/9-2019q4/bin/../lib/gcc/arm-none-eabi/9.2.1/../../../../arm-none-eabi/lib/thumb/v7e-m+fp/hard\libc_nano.a(lib_a-sprintf.o)
                0x00029e70                siprintf
                0x00029e70                sprintf
 .text          0x00029eb0       0x10 c:/users/spencer/appdata/local/arduino15/packages/adafruit/tools/arm-none-eabi-gcc/9-2019q4/bin/../lib/gcc/arm-none-eabi/9.2.1/../../../../arm-none-eabi/lib/thumb/v7e-m+fp/hard\libc_nano.a(lib_a-strlen.o)
                0x00029eb0                strlen
 .text.__swbuf_r
                0x00029ec0       0xa4 c:/users/spencer/appdata/local/arduino15/packages/adafruit/tools/arm-none-eabi-gcc/9-2019q4/bin/../lib/gcc/arm-none-eabi/9.2.1/../../../../arm-none-eabi/lib/thumb/v7e-m+fp/hard\libc_nano.a(lib_a-wbuf.o)
                0x00029ec0                __swbuf_r
 .text.__swsetup_r
                0x00029f64       0xdc c:/users/spencer/appdata/local/arduino15/packages/adafruit/tools/arm-none-eabi-gcc/9-2019q4/bin/../lib/gcc/arm-none-eabi/9.2.1/../../../../arm-none-eabi/lib/thumb/v7e-m+fp/hard\libc_nano.a(lib_a-wsetup.o)
                0x00029f64                __swsetup_r
 .text.quorem   0x0002a040      0x116 c:/users/spencer/appdata/local/arduino15/packages/adafruit/tools/arm-none-eabi-gcc/9-2019q4/bin/../lib/gcc/arm-none-eabi/9.2.1/../../../../arm-none-eabi/lib/thumb/v7e-m+fp/hard\libc_nano.a(lib_a-dtoa.o)
 *fill*         0x0002a156        0x2 
 .text._dtoa_r  0x0002a158      0xbbc c:/users/spencer/appdata/local/arduino15/packages/adafruit/tools/arm-none-eabi-gcc/9-2019q4/bin/../lib/gcc/arm-none-eabi/9.2.1/../../../../arm-none-eabi/lib/thumb/v7e-m+fp/hard\libc_nano.a(lib_a-dtoa.o)
                0x0002a158                _dtoa_r
 .text.__sflush_r
                0x0002ad14      0x10c c:/users/spencer/appdata/local/arduino15/packages/adafruit/tools/arm-none-eabi-gcc/9-2019q4/bin/../lib/gcc/arm-none-eabi/9.2.1/../../../../arm-none-eabi/lib/thumb/v7e-m+fp/hard\libc_nano.a(lib_a-fflush.o)
                0x0002ad14                __sflush_r
 .text._fflush_r
                0x0002ae20       0x78 c:/users/spencer/appdata/local/arduino15/packages/adafruit/tools/arm-none-eabi-gcc/9-2019q4/bin/../lib/gcc/arm-none-eabi/9.2.1/../../../../arm-none-eabi/lib/thumb/v7e-m+fp/hard\libc_nano.a(lib_a-fflush.o)
                0x0002ae20                _fflush_r
 .text.std      0x0002ae98       0x48 c:/users/spencer/appdata/local/arduino15/packages/adafruit/tools/arm-none-eabi-gcc/9-2019q4/bin/../lib/gcc/arm-none-eabi/9.2.1/../../../../arm-none-eabi/lib/thumb/v7e-m+fp/hard\libc_nano.a(lib_a-findfp.o)
 .text._cleanup_r
                0x0002aee0        0xc c:/users/spencer/appdata/local/arduino15/packages/adafruit/tools/arm-none-eabi-gcc/9-2019q4/bin/../lib/gcc/arm-none-eabi/9.2.1/../../../../arm-none-eabi/lib/thumb/v7e-m+fp/hard\libc_nano.a(lib_a-findfp.o)
                0x0002aee0                _cleanup_r
 .text.__sfmoreglue
                0x0002aeec       0x2c c:/users/spencer/appdata/local/arduino15/packages/adafruit/tools/arm-none-eabi-gcc/9-2019q4/bin/../lib/gcc/arm-none-eabi/9.2.1/../../../../arm-none-eabi/lib/thumb/v7e-m+fp/hard\libc_nano.a(lib_a-findfp.o)
                0x0002aeec                __sfmoreglue
 .text.__sfp_lock_acquire
                0x0002af18        0xc c:/users/spencer/appdata/local/arduino15/packages/adafruit/tools/arm-none-eabi-gcc/9-2019q4/bin/../lib/gcc/arm-none-eabi/9.2.1/../../../../arm-none-eabi/lib/thumb/v7e-m+fp/hard\libc_nano.a(lib_a-findfp.o)
                0x0002af18                __sfp_lock_acquire
 .text.__sfp_lock_release
                0x0002af24        0xc c:/users/spencer/appdata/local/arduino15/packages/adafruit/tools/arm-none-eabi-gcc/9-2019q4/bin/../lib/gcc/arm-none-eabi/9.2.1/../../../../arm-none-eabi/lib/thumb/v7e-m+fp/hard\libc_nano.a(lib_a-findfp.o)
                0x0002af24                __sfp_lock_release
 .text.__sinit_lock_acquire
                0x0002af30        0xc c:/users/spencer/appdata/local/arduino15/packages/adafruit/tools/arm-none-eabi-gcc/9-2019q4/bin/../lib/gcc/arm-none-eabi/9.2.1/../../../../arm-none-eabi/lib/thumb/v7e-m+fp/hard\libc_nano.a(lib_a-findfp.o)
                0x0002af30                __sinit_lock_acquire
 .text.__sinit_lock_release
                0x0002af3c        0xc c:/users/spencer/appdata/local/arduino15/packages/adafruit/tools/arm-none-eabi-gcc/9-2019q4/bin/../lib/gcc/arm-none-eabi/9.2.1/../../../../arm-none-eabi/lib/thumb/v7e-m+fp/hard\libc_nano.a(lib_a-findfp.o)
                0x0002af3c                __sinit_lock_release
 .text.__sinit  0x0002af48       0x70 c:/users/spencer/appdata/local/arduino15/packages/adafruit/tools/arm-none-eabi-gcc/9-2019q4/bin/../lib/gcc/arm-none-eabi/9.2.1/../../../../arm-none-eabi/lib/thumb/v7e-m+fp/hard\libc_nano.a(lib_a-findfp.o)
                0x0002af48                __sinit
 .text.__sfp    0x0002afb8       0x8c c:/users/spencer/appdata/local/arduino15/packages/adafruit/tools/arm-none-eabi-gcc/9-2019q4/bin/../lib/gcc/arm-none-eabi/9.2.1/../../../../arm-none-eabi/lib/thumb/v7e-m+fp/hard\libc_nano.a(lib_a-findfp.o)
                0x0002afb8                __sfp
 .text._fwalk_reent
                0x0002b044       0x3e c:/users/spencer/appdata/local/arduino15/packages/adafruit/tools/arm-none-eabi-gcc/9-2019q4/bin/../lib/gcc/arm-none-eabi/9.2.1/../../../../arm-none-eabi/lib/thumb/v7e-m+fp/hard\libc_nano.a(lib_a-fwalk.o)
                0x0002b044                _fwalk_reent
 *fill*         0x0002b082        0x2 
 .text._localeconv_r
                0x0002b084        0x8 c:/users/spencer/appdata/local/arduino15/packages/adafruit/tools/arm-none-eabi-gcc/9-2019q4/bin/../lib/gcc/arm-none-eabi/9.2.1/../../../../arm-none-eabi/lib/thumb/v7e-m+fp/hard\libc_nano.a(lib_a-localeconv.o)
                0x0002b084                _localeconv_r
 .text.__retarget_lock_init_recursive
                0x0002b08c        0x2 c:/users/spencer/appdata/local/arduino15/packages/adafruit/tools/arm-none-eabi-gcc/9-2019q4/bin/../lib/gcc/arm-none-eabi/9.2.1/../../../../arm-none-eabi/lib/thumb/v7e-m+fp/hard\libc_nano.a(lib_a-lock.o)
                0x0002b08c                __retarget_lock_init_recursive
 .text.__retarget_lock_acquire_recursive
                0x0002b08e        0x2 c:/users/spencer/appdata/local/arduino15/packages/adafruit/tools/arm-none-eabi-gcc/9-2019q4/bin/../lib/gcc/arm-none-eabi/9.2.1/../../../../arm-none-eabi/lib/thumb/v7e-m+fp/hard\libc_nano.a(lib_a-lock.o)
                0x0002b08e                __retarget_lock_acquire_recursive
 .text.__retarget_lock_release_recursive
                0x0002b090        0x2 c:/users/spencer/appdata/local/arduino15/packages/adafruit/tools/arm-none-eabi-gcc/9-2019q4/bin/../lib/gcc/arm-none-eabi/9.2.1/../../../../arm-none-eabi/lib/thumb/v7e-m+fp/hard\libc_nano.a(lib_a-lock.o)
                0x0002b090                __retarget_lock_release_recursive
 .text.__swhatbuf_r
                0x0002b092       0x48 c:/users/spencer/appdata/local/arduino15/packages/adafruit/tools/arm-none-eabi-gcc/9-2019q4/bin/../lib/gcc/arm-none-eabi/9.2.1/../../../../arm-none-eabi/lib/thumb/v7e-m+fp/hard\libc_nano.a(lib_a-makebuf.o)
                0x0002b092                __swhatbuf_r
 *fill*         0x0002b0da        0x2 
 .text.__smakebuf_r
                0x0002b0dc       0x80 c:/users/spencer/appdata/local/arduino15/packages/adafruit/tools/arm-none-eabi-gcc/9-2019q4/bin/../lib/gcc/arm-none-eabi/9.2.1/../../../../arm-none-eabi/lib/thumb/v7e-m+fp/hard\libc_nano.a(lib_a-makebuf.o)
                0x0002b0dc                __smakebuf_r
 *fill*         0x0002b15c        0x4 
 .text          0x0002b160       0xa0 c:/users/spencer/appdata/local/arduino15/packages/adafruit/tools/arm-none-eabi-gcc/9-2019q4/bin/../lib/gcc/arm-none-eabi/9.2.1/../../../../arm-none-eabi/lib/thumb/v7e-m+fp/hard\libc_nano.a(lib_a-memchr.o)
                0x0002b160                memchr
 .text.__malloc_lock
                0x0002b200        0xc c:/users/spencer/appdata/local/arduino15/packages/adafruit/tools/arm-none-eabi-gcc/9-2019q4/bin/../lib/gcc/arm-none-eabi/9.2.1/../../../../arm-none-eabi/lib/thumb/v7e-m+fp/hard\libc_nano.a(lib_a-mlock.o)
                0x0002b200                __malloc_lock
 .text.__malloc_unlock
                0x0002b20c        0xc c:/users/spencer/appdata/local/arduino15/packages/adafruit/tools/arm-none-eabi-gcc/9-2019q4/bin/../lib/gcc/arm-none-eabi/9.2.1/../../../../arm-none-eabi/lib/thumb/v7e-m+fp/hard\libc_nano.a(lib_a-mlock.o)
                0x0002b20c                __malloc_unlock
 .text._Balloc  0x0002b218       0x68 c:/users/spencer/appdata/local/arduino15/packages/adafruit/tools/arm-none-eabi-gcc/9-2019q4/bin/../lib/gcc/arm-none-eabi/9.2.1/../../../../arm-none-eabi/lib/thumb/v7e-m+fp/hard\libc_nano.a(lib_a-mprec.o)
                0x0002b218                _Balloc
 .text._Bfree   0x0002b280       0x2e c:/users/spencer/appdata/local/arduino15/packages/adafruit/tools/arm-none-eabi-gcc/9-2019q4/bin/../lib/gcc/arm-none-eabi/9.2.1/../../../../arm-none-eabi/lib/thumb/v7e-m+fp/hard\libc_nano.a(lib_a-mprec.o)
                0x0002b280                _Bfree
 .text.__multadd
                0x0002b2ae       0x7c c:/users/spencer/appdata/local/arduino15/packages/adafruit/tools/arm-none-eabi-gcc/9-2019q4/bin/../lib/gcc/arm-none-eabi/9.2.1/../../../../arm-none-eabi/lib/thumb/v7e-m+fp/hard\libc_nano.a(lib_a-mprec.o)
                0x0002b2ae                __multadd
 .text.__hi0bits
                0x0002b32a       0x40 c:/users/spencer/appdata/local/arduino15/packages/adafruit/tools/arm-none-eabi-gcc/9-2019q4/bin/../lib/gcc/arm-none-eabi/9.2.1/../../../../arm-none-eabi/lib/thumb/v7e-m+fp/hard\libc_nano.a(lib_a-mprec.o)
                0x0002b32a                __hi0bits
 .text.__lo0bits
                0x0002b36a       0x60 c:/users/spencer/appdata/local/arduino15/packages/adafruit/tools/arm-none-eabi-gcc/9-2019q4/bin/../lib/gcc/arm-none-eabi/9.2.1/../../../../arm-none-eabi/lib/thumb/v7e-m+fp/hard\libc_nano.a(lib_a-mprec.o)
                0x0002b36a                __lo0bits
 .text.__i2b    0x0002b3ca       0x12 c:/users/spencer/appdata/local/arduino15/packages/adafruit/tools/arm-none-eabi-gcc/9-2019q4/bin/../lib/gcc/arm-none-eabi/9.2.1/../../../../arm-none-eabi/lib/thumb/v7e-m+fp/hard\libc_nano.a(lib_a-mprec.o)
                0x0002b3ca                __i2b
 .text.__multiply
                0x0002b3dc      0x138 c:/users/spencer/appdata/local/arduino15/packages/adafruit/tools/arm-none-eabi-gcc/9-2019q4/bin/../lib/gcc/arm-none-eabi/9.2.1/../../../../arm-none-eabi/lib/thumb/v7e-m+fp/hard\libc_nano.a(lib_a-mprec.o)
                0x0002b3dc                __multiply
 .text.__pow5mult
                0x0002b514       0x9c c:/users/spencer/appdata/local/arduino15/packages/adafruit/tools/arm-none-eabi-gcc/9-2019q4/bin/../lib/gcc/arm-none-eabi/9.2.1/../../../../arm-none-eabi/lib/thumb/v7e-m+fp/hard\libc_nano.a(lib_a-mprec.o)
                0x0002b514                __pow5mult
 .text.__lshift
                0x0002b5b0       0xbe c:/users/spencer/appdata/local/arduino15/packages/adafruit/tools/arm-none-eabi-gcc/9-2019q4/bin/../lib/gcc/arm-none-eabi/9.2.1/../../../../arm-none-eabi/lib/thumb/v7e-m+fp/hard\libc_nano.a(lib_a-mprec.o)
                0x0002b5b0                __lshift
 .text.__mcmp   0x0002b66e       0x38 c:/users/spencer/appdata/local/arduino15/packages/adafruit/tools/arm-none-eabi-gcc/9-2019q4/bin/../lib/gcc/arm-none-eabi/9.2.1/../../../../arm-none-eabi/lib/thumb/v7e-m+fp/hard\libc_nano.a(lib_a-mprec.o)
                0x0002b66e                __mcmp
 .text.__mdiff  0x0002b6a6       0xec c:/users/spencer/appdata/local/arduino15/packages/adafruit/tools/arm-none-eabi-gcc/9-2019q4/bin/../lib/gcc/arm-none-eabi/9.2.1/../../../../arm-none-eabi/lib/thumb/v7e-m+fp/hard\libc_nano.a(lib_a-mprec.o)
                0x0002b6a6                __mdiff
 .text.__d2b    0x0002b792       0xa0 c:/users/spencer/appdata/local/arduino15/packages/adafruit/tools/arm-none-eabi-gcc/9-2019q4/bin/../lib/gcc/arm-none-eabi/9.2.1/../../../../arm-none-eabi/lib/thumb/v7e-m+fp/hard\libc_nano.a(lib_a-mprec.o)
                0x0002b792                __d2b
 .text._calloc_r
                0x0002b832       0x1e c:/users/spencer/appdata/local/arduino15/packages/adafruit/tools/arm-none-eabi-gcc/9-2019q4/bin/../lib/gcc/arm-none-eabi/9.2.1/../../../../arm-none-eabi/lib/thumb/v7e-m+fp/hard\libc_nano.a(lib_a-nano-callocr.o)
                0x0002b832                _calloc_r
 .text.__ssputs_r
                0x0002b850       0xb6 c:/users/spencer/appdata/local/arduino15/packages/adafruit/tools/arm-none-eabi-gcc/9-2019q4/bin/../lib/gcc/arm-none-eabi/9.2.1/../../../../arm-none-eabi/lib/thumb/v7e-m+fp/hard\libc_nano.a(lib_a-nano-svfprintf.o)
                0x0002b850                __ssputs_r
 *fill*         0x0002b906        0x2 
 .text._svfprintf_r
                0x0002b908      0x200 c:/users/spencer/appdata/local/arduino15/packages/adafruit/tools/arm-none-eabi-gcc/9-2019q4/bin/../lib/gcc/arm-none-eabi/9.2.1/../../../../arm-none-eabi/lib/thumb/v7e-m+fp/hard\libc_nano.a(lib_a-nano-svfprintf.o)
                0x0002b908                _svfiprintf_r
                0x0002b908                _svfprintf_r
 .text.__sfputc_r
                0x0002bb08       0x2e c:/users/spencer/appdata/local/arduino15/packages/adafruit/tools/arm-none-eabi-gcc/9-2019q4/bin/../lib/gcc/arm-none-eabi/9.2.1/../../../../arm-none-eabi/lib/thumb/v7e-m+fp/hard\libc_nano.a(lib_a-nano-vfprintf.o)
 .text.__sfputs_r
                0x0002bb36       0x24 c:/users/spencer/appdata/local/arduino15/packages/adafruit/tools/arm-none-eabi-gcc/9-2019q4/bin/../lib/gcc/arm-none-eabi/9.2.1/../../../../arm-none-eabi/lib/thumb/v7e-m+fp/hard\libc_nano.a(lib_a-nano-vfprintf.o)
                0x0002bb36                __sfputs_r
 *fill*         0x0002bb5a        0x2 
 .text._vfprintf_r
                0x0002bb5c      0x260 c:/users/spencer/appdata/local/arduino15/packages/adafruit/tools/arm-none-eabi-gcc/9-2019q4/bin/../lib/gcc/arm-none-eabi/9.2.1/../../../../arm-none-eabi/lib/thumb/v7e-m+fp/hard\libc_nano.a(lib_a-nano-vfprintf.o)
                0x0002bb5c                _vfprintf_r
                0x0002bb5c                _vfiprintf_r
 .text._putc_r  0x0002bdbc       0x90 c:/users/spencer/appdata/local/arduino15/packages/adafruit/tools/arm-none-eabi-gcc/9-2019q4/bin/../lib/gcc/arm-none-eabi/9.2.1/../../../../arm-none-eabi/lib/thumb/v7e-m+fp/hard\libc_nano.a(lib_a-putc.o)
                0x0002bdbc                _putc_r
 .text.__sread  0x0002be4c       0x22 c:/users/spencer/appdata/local/arduino15/packages/adafruit/tools/arm-none-eabi-gcc/9-2019q4/bin/../lib/gcc/arm-none-eabi/9.2.1/../../../../arm-none-eabi/lib/thumb/v7e-m+fp/hard\libc_nano.a(lib_a-stdio.o)
                0x0002be4c                __sread
 .text.__swrite
                0x0002be6e       0x38 c:/users/spencer/appdata/local/arduino15/packages/adafruit/tools/arm-none-eabi-gcc/9-2019q4/bin/../lib/gcc/arm-none-eabi/9.2.1/../../../../arm-none-eabi/lib/thumb/v7e-m+fp/hard\libc_nano.a(lib_a-stdio.o)
                0x0002be6e                __swrite
 .text.__sseek  0x0002bea6       0x24 c:/users/spencer/appdata/local/arduino15/packages/adafruit/tools/arm-none-eabi-gcc/9-2019q4/bin/../lib/gcc/arm-none-eabi/9.2.1/../../../../arm-none-eabi/lib/thumb/v7e-m+fp/hard\libc_nano.a(lib_a-stdio.o)
                0x0002bea6                __sseek
 .text.__sclose
                0x0002beca        0x8 c:/users/spencer/appdata/local/arduino15/packages/adafruit/tools/arm-none-eabi-gcc/9-2019q4/bin/../lib/gcc/arm-none-eabi/9.2.1/../../../../arm-none-eabi/lib/thumb/v7e-m+fp/hard\libc_nano.a(lib_a-stdio.o)
                0x0002beca                __sclose
 *fill*         0x0002bed2        0x2 
 .text._write_r
                0x0002bed4       0x24 c:/users/spencer/appdata/local/arduino15/packages/adafruit/tools/arm-none-eabi-gcc/9-2019q4/bin/../lib/gcc/arm-none-eabi/9.2.1/../../../../arm-none-eabi/lib/thumb/v7e-m+fp/hard\libc_nano.a(lib_a-writer.o)
                0x0002bed4                _write_r
 .text._close_r
                0x0002bef8       0x20 c:/users/spencer/appdata/local/arduino15/packages/adafruit/tools/arm-none-eabi-gcc/9-2019q4/bin/../lib/gcc/arm-none-eabi/9.2.1/../../../../arm-none-eabi/lib/thumb/v7e-m+fp/hard\libc_nano.a(lib_a-closer.o)
                0x0002bef8                _close_r
 .text._fstat_r
                0x0002bf18       0x24 c:/users/spencer/appdata/local/arduino15/packages/adafruit/tools/arm-none-eabi-gcc/9-2019q4/bin/../lib/gcc/arm-none-eabi/9.2.1/../../../../arm-none-eabi/lib/thumb/v7e-m+fp/hard\libc_nano.a(lib_a-fstatr.o)
                0x0002bf18                _fstat_r
 .text._isatty_r
                0x0002bf3c       0x20 c:/users/spencer/appdata/local/arduino15/packages/adafruit/tools/arm-none-eabi-gcc/9-2019q4/bin/../lib/gcc/arm-none-eabi/9.2.1/../../../../arm-none-eabi/lib/thumb/v7e-m+fp/hard\libc_nano.a(lib_a-isattyr.o)
                0x0002bf3c                _isatty_r
 .text._lseek_r
                0x0002bf5c       0x24 c:/users/spencer/appdata/local/arduino15/packages/adafruit/tools/arm-none-eabi-gcc/9-2019q4/bin/../lib/gcc/arm-none-eabi/9.2.1/../../../../arm-none-eabi/lib/thumb/v7e-m+fp/hard\libc_nano.a(lib_a-lseekr.o)
                0x0002bf5c                _lseek_r
 .text.__ascii_mbtowc
                0x0002bf80       0x24 c:/users/spencer/appdata/local/arduino15/packages/adafruit/tools/arm-none-eabi-gcc/9-2019q4/bin/../lib/gcc/arm-none-eabi/9.2.1/../../../../arm-none-eabi/lib/thumb/v7e-m+fp/hard\libc_nano.a(lib_a-mbtowc_r.o)
                0x0002bf80                __ascii_mbtowc
 .text.memmove  0x0002bfa4       0x34 c:/users/spencer/appdata/local/arduino15/packages/adafruit/tools/arm-none-eabi-gcc/9-2019q4/bin/../lib/gcc/arm-none-eabi/9.2.1/../../../../arm-none-eabi/lib/thumb/v7e-m+fp/hard\libc_nano.a(lib_a-memmove.o)
                0x0002bfa4                memmove
 .text._realloc_r
                0x0002bfd8       0x4c c:/users/spencer/appdata/local/arduino15/packages/adafruit/tools/arm-none-eabi-gcc/9-2019q4/bin/../lib/gcc/arm-none-eabi/9.2.1/../../../../arm-none-eabi/lib/thumb/v7e-m+fp/hard\libc_nano.a(lib_a-nano-reallocr.o)
                0x0002bfd8                _realloc_r
 .text._read_r  0x0002c024       0x24 c:/users/spencer/appdata/local/arduino15/packages/adafruit/tools/arm-none-eabi-gcc/9-2019q4/bin/../lib/gcc/arm-none-eabi/9.2.1/../../../../arm-none-eabi/lib/thumb/v7e-m+fp/hard\libc_nano.a(lib_a-readr.o)
                0x0002c024                _read_r
 .text.__ascii_wctomb
                0x0002c048       0x1a c:/users/spencer/appdata/local/arduino15/packages/adafruit/tools/arm-none-eabi-gcc/9-2019q4/bin/../lib/gcc/arm-none-eabi/9.2.1/../../../../arm-none-eabi/lib/thumb/v7e-m+fp/hard\libc_nano.a(lib_a-wctomb_r.o)
                0x0002c048                __ascii_wctomb
 .text._malloc_usable_size_r
                0x0002c062       0x10 c:/users/spencer/appdata/local/arduino15/packages/adafruit/tools/arm-none-eabi-gcc/9-2019q4/bin/../lib/gcc/arm-none-eabi/9.2.1/../../../../arm-none-eabi/lib/thumb/v7e-m+fp/hard\libc_nano.a(lib_a-nano-msizer.o)
                0x0002c062                _malloc_usable_size_r
 *fill*         0x0002c072        0x2 
 .text          0x0002c074      0x378 c:/users/spencer/appdata/local/arduino15/packages/adafruit/tools/arm-none-eabi-gcc/9-2019q4/bin/../lib/gcc/arm-none-eabi/9.2.1/thumb/v7e-m+fp/hard\libgcc.a(_arm_addsubdf3.o)
                0x0002c074                __aeabi_drsub
                0x0002c07c                __aeabi_dsub
                0x0002c07c                __subdf3
                0x0002c080                __aeabi_dadd
                0x0002c080                __adddf3
                0x0002c2f8                __floatunsidf
                0x0002c2f8                __aeabi_ui2d
                0x0002c318                __floatsidf
                0x0002c318                __aeabi_i2d
                0x0002c33c                __aeabi_f2d
                0x0002c33c                __extendsfdf2
                0x0002c380                __floatundidf
                0x0002c380                __aeabi_ul2d
                0x0002c390                __floatdidf
                0x0002c390                __aeabi_l2d
 .text          0x0002c3ec      0x424 c:/users/spencer/appdata/local/arduino15/packages/adafruit/tools/arm-none-eabi-gcc/9-2019q4/bin/../lib/gcc/arm-none-eabi/9.2.1/thumb/v7e-m+fp/hard\libgcc.a(_arm_muldivdf3.o)
                0x0002c3ec                __aeabi_dmul
                0x0002c3ec                __muldf3
                0x0002c640                __divdf3
                0x0002c640                __aeabi_ddiv
 .text          0x0002c810      0x110 c:/users/spencer/appdata/local/arduino15/packages/adafruit/tools/arm-none-eabi-gcc/9-2019q4/bin/../lib/gcc/arm-none-eabi/9.2.1/thumb/v7e-m+fp/hard\libgcc.a(_arm_cmpdf2.o)
                0x0002c810                __gtdf2
                0x0002c810                __gedf2
                0x0002c818                __ltdf2
                0x0002c818                __ledf2
                0x0002c820                __nedf2
                0x0002c820                __eqdf2
                0x0002c820                __cmpdf2
                0x0002c89c                __aeabi_cdrcmple
                0x0002c8ac                __aeabi_cdcmpeq
                0x0002c8ac                __aeabi_cdcmple
                0x0002c8bc                __aeabi_dcmpeq
                0x0002c8d0                __aeabi_dcmplt
                0x0002c8e4                __aeabi_dcmple
                0x0002c8f8                __aeabi_dcmpge
                0x0002c90c                __aeabi_dcmpgt
 .text          0x0002c920       0x2c c:/users/spencer/appdata/local/arduino15/packages/adafruit/tools/arm-none-eabi-gcc/9-2019q4/bin/../lib/gcc/arm-none-eabi/9.2.1/thumb/v7e-m+fp/hard\libgcc.a(_arm_unorddf2.o)
                0x0002c920                __unorddf2
                0x0002c920                __aeabi_dcmpun
 .text          0x0002c94c       0x50 c:/users/spencer/appdata/local/arduino15/packages/adafruit/tools/arm-none-eabi-gcc/9-2019q4/bin/../lib/gcc/arm-none-eabi/9.2.1/thumb/v7e-m+fp/hard\libgcc.a(_arm_fixdfsi.o)
                0x0002c94c                __aeabi_d2iz
                0x0002c94c                __fixdfsi
 .text._close   0x0002c99c       0x10 c:/users/spencer/appdata/local/arduino15/packages/adafruit/tools/arm-none-eabi-gcc/9-2019q4/bin/../lib/gcc/arm-none-eabi/9.2.1/../../../../arm-none-eabi/lib/thumb/v7e-m+fp/hard\libnosys.a(close.o)
                0x0002c99c                _close
 .text._fstat   0x0002c9ac       0x10 c:/users/spencer/appdata/local/arduino15/packages/adafruit/tools/arm-none-eabi-gcc/9-2019q4/bin/../lib/gcc/arm-none-eabi/9.2.1/../../../../arm-none-eabi/lib/thumb/v7e-m+fp/hard\libnosys.a(fstat.o)
                0x0002c9ac                _fstat
 .text._isatty  0x0002c9bc       0x10 c:/users/spencer/appdata/local/arduino15/packages/adafruit/tools/arm-none-eabi-gcc/9-2019q4/bin/../lib/gcc/arm-none-eabi/9.2.1/../../../../arm-none-eabi/lib/thumb/v7e-m+fp/hard\libnosys.a(isatty.o)
                0x0002c9bc                _isatty
 .text._lseek   0x0002c9cc       0x10 c:/users/spencer/appdata/local/arduino15/packages/adafruit/tools/arm-none-eabi-gcc/9-2019q4/bin/../lib/gcc/arm-none-eabi/9.2.1/../../../../arm-none-eabi/lib/thumb/v7e-m+fp/hard\libnosys.a(lseek.o)
                0x0002c9cc                _lseek
 .text._read    0x0002c9dc       0x10 c:/users/spencer/appdata/local/arduino15/packages/adafruit/tools/arm-none-eabi-gcc/9-2019q4/bin/../lib/gcc/arm-none-eabi/9.2.1/../../../../arm-none-eabi/lib/thumb/v7e-m+fp/hard\libnosys.a(read.o)
                0x0002c9dc                _read
 .text._sbrk    0x0002c9ec       0x1c c:/users/spencer/appdata/local/arduino15/packages/adafruit/tools/arm-none-eabi-gcc/9-2019q4/bin/../lib/gcc/arm-none-eabi/9.2.1/../../../../arm-none-eabi/lib/thumb/v7e-m+fp/hard\libnosys.a(sbrk.o)
                0x0002c9ec                _sbrk
 .text._exit    0x0002ca08        0x4 c:/users/spencer/appdata/local/arduino15/packages/adafruit/tools/arm-none-eabi-gcc/9-2019q4/bin/../lib/gcc/arm-none-eabi/9.2.1/../../../../arm-none-eabi/lib/thumb/v7e-m+fp/hard\libnosys.a(_exit.o)
                0x0002ca08                _exit
 *(.init)
 .init          0x0002ca0c        0x4 c:/users/spencer/appdata/local/arduino15/packages/adafruit/tools/arm-none-eabi-gcc/9-2019q4/bin/../lib/gcc/arm-none-eabi/9.2.1/thumb/v7e-m+fp/hard/crti.o
                0x0002ca0c                _init
 .init          0x0002ca10        0x8 c:/users/spencer/appdata/local/arduino15/packages/adafruit/tools/arm-none-eabi-gcc/9-2019q4/bin/../lib/gcc/arm-none-eabi/9.2.1/thumb/v7e-m+fp/hard/crtn.o
 *(.fini)
 .fini          0x0002ca18        0x4 c:/users/spencer/appdata/local/arduino15/packages/adafruit/tools/arm-none-eabi-gcc/9-2019q4/bin/../lib/gcc/arm-none-eabi/9.2.1/thumb/v7e-m+fp/hard/crti.o
                0x0002ca18                _fini
 .fini          0x0002ca1c        0x8 c:/users/spencer/appdata/local/arduino15/packages/adafruit/tools/arm-none-eabi-gcc/9-2019q4/bin/../lib/gcc/arm-none-eabi/9.2.1/thumb/v7e-m+fp/hard/crtn.o
 *crtbegin.o(.ctors)
 *crtbegin?.o(.ctors)
 *(EXCLUDE_FILE(*crtend.o *crtend?.o) .ctors)
 *(SORT_BY_NAME(.ctors.*))
 *(.ctors)
 *crtbegin.o(.dtors)
 *crtbegin?.o(.dtors)
 *(EXCLUDE_FILE(*crtend.o *crtend?.o) .dtors)
 *(SORT_BY_NAME(.dtors.*))
 *(.dtors)
 *(.rodata*)
 .rodata.g_ADigitalPinMap
                0x0002ca24       0x80 c:\Users\Spencer\Desktop\Keyboard\Firmware\BadgersRunFirmware\Build\core\variant.cpp.o
                0x0002ca24                g_ADigitalPinMap
 .rodata.CSWTCH.14
                0x0002caa4        0x4 c:\Users\Spencer\Desktop\Keyboard\Firmware\BadgersRunFirmware\Build/core\core.a(system_nrf52.c.o)
 .rodata.CSWTCH.18
                0x0002caa8        0x4 c:\Users\Spencer\Desktop\Keyboard\Firmware\BadgersRunFirmware\Build/core\core.a(system_nrf52.c.o)
 .rodata.CSWTCH.4
                0x0002caac        0x4 c:\Users\Spencer\Desktop\Keyboard\Firmware\BadgersRunFirmware\Build/core\core.a(system_nrf52.c.o)
 .rodata.main.str1.4
                0x0002cab0        0x5 c:\Users\Spencer\Desktop\Keyboard\Firmware\BadgersRunFirmware\Build/core\core.a(main.cpp.o)
 *fill*         0x0002cab5        0x3 
 .rodata.vApplicationStackOverflowHook.str1.4
                0x0002cab8       0x2c c:\Users\Spencer\Desktop\Keyboard\Firmware\BadgersRunFirmware\Build/core\core.a(rtos.cpp.o)
 .rodata.vApplicationMallocFailedHook.str1.4
                0x0002cae4       0x1a c:\Users\Spencer\Desktop\Keyboard\Firmware\BadgersRunFirmware\Build/core\core.a(rtos.cpp.o)
 *fill*         0x0002cafe        0x2 
 .rodata.dbgPrintVersion.str1.4
                0x0002cb00       0x3e c:\Users\Spencer\Desktop\Keyboard\Firmware\BadgersRunFirmware\Build/core\core.a(debug.cpp.o)
 *fill*         0x0002cb3e        0x2 
 .rodata.dbg_err_str.str1.4
                0x0002cb40        0x8 c:\Users\Spencer\Desktop\Keyboard\Firmware\BadgersRunFirmware\Build/core\core.a(debug.cpp.o)
 .rodata.str1.4
                0x0002cb48      0xe92 c:\Users\Spencer\Desktop\Keyboard\Firmware\BadgersRunFirmware\Build/core\core.a(debug.cpp.o)
 *fill*         0x0002d9da        0x2 
 .rodata._ZL13_strerr_table
                0x0002d9dc        0x8 c:\Users\Spencer\Desktop\Keyboard\Firmware\BadgersRunFirmware\Build/core\core.a(debug.cpp.o)
 .rodata._ZL14_strerr_lookup
                0x0002d9e4      0x178 c:\Users\Spencer\Desktop\Keyboard\Firmware\BadgersRunFirmware\Build/core\core.a(debug.cpp.o)
 .rodata.xTimerCreateTimerTask.str1.4
                0x0002db5c       0x10 c:\Users\Spencer\Desktop\Keyboard\Firmware\BadgersRunFirmware\Build/core\core.a(timers.c.o)
 .rodata.adafruit_callback_task.str1.4
                0x0002db6c       0x20 c:\Users\Spencer\Desktop\Keyboard\Firmware\BadgersRunFirmware\Build/core\core.a(AdaCallback.c.o)
 .rodata.ada_callback_init.str1.4
                0x0002db8c        0x9 c:\Users\Spencer\Desktop\Keyboard\Firmware\BadgersRunFirmware\Build/core\core.a(AdaCallback.c.o)
 *fill*         0x0002db95        0x3 
 .rodata.__PRETTY_FUNCTION__.11486
                0x0002db98       0x17 c:\Users\Spencer\Desktop\Keyboard\Firmware\BadgersRunFirmware\Build/core\core.a(AdaCallback.c.o)
 *fill*         0x0002dbaf        0x1 
 .rodata.getBootloaderVersion.str1.4
                0x0002dbb0       0x11 c:\Users\Spencer\Desktop\Keyboard\Firmware\BadgersRunFirmware\Build/core\core.a(utilities.c.o)
 *fill*         0x0002dbc1        0x3 
 .rodata.getMcuUniqueID.str1.4
                0x0002dbc4        0xb c:\Users\Spencer\Desktop\Keyboard\Firmware\BadgersRunFirmware\Build/core\core.a(utilities.c.o)
 *fill*         0x0002dbcf        0x1 
 .rodata._ZTV4Uart
                0x0002dbd0       0x34 c:\Users\Spencer\Desktop\Keyboard\Firmware\BadgersRunFirmware\Build/core\core.a(Uart.cpp.o)
                0x0002dbd0                vtable for Uart
 .rodata._global_impure_ptr
                0x0002dc04        0x4 c:/users/spencer/appdata/local/arduino15/packages/adafruit/tools/arm-none-eabi-gcc/9-2019q4/bin/../lib/gcc/arm-none-eabi/9.2.1/../../../../arm-none-eabi/lib/thumb/v7e-m+fp/hard\libc_nano.a(lib_a-impure.o)
                0x0002dc04                _global_impure_ptr
 .rodata._printf_float.str1.1
                0x0002dc08       0x12 c:/users/spencer/appdata/local/arduino15/packages/adafruit/tools/arm-none-eabi-gcc/9-2019q4/bin/../lib/gcc/arm-none-eabi/9.2.1/../../../../arm-none-eabi/lib/thumb/v7e-m+fp/hard\libc_nano.a(lib_a-nano-vfprintf_float.o)
 .rodata._printf_i.str1.1
                0x0002dc1a       0x22 c:/users/spencer/appdata/local/arduino15/packages/adafruit/tools/arm-none-eabi-gcc/9-2019q4/bin/../lib/gcc/arm-none-eabi/9.2.1/../../../../arm-none-eabi/lib/thumb/v7e-m+fp/hard\libc_nano.a(lib_a-nano-vfprintf_i.o)
 .rodata._ctype_
                0x0002dc3c      0x101 c:/users/spencer/appdata/local/arduino15/packages/adafruit/tools/arm-none-eabi-gcc/9-2019q4/bin/../lib/gcc/arm-none-eabi/9.2.1/../../../../arm-none-eabi/lib/thumb/v7e-m+fp/hard\libc_nano.a(lib_a-ctype_.o)
                0x0002dc3c                _ctype_
 .rodata._dtoa_r.str1.1
                0x0002dd3d        0xd c:/users/spencer/appdata/local/arduino15/packages/adafruit/tools/arm-none-eabi-gcc/9-2019q4/bin/../lib/gcc/arm-none-eabi/9.2.1/../../../../arm-none-eabi/lib/thumb/v7e-m+fp/hard\libc_nano.a(lib_a-dtoa.o)
                                  0xf (size before relaxing)
 *fill*         0x0002dd4a        0x2 
 .rodata.__sf_fake_stderr
                0x0002dd4c       0x20 c:/users/spencer/appdata/local/arduino15/packages/adafruit/tools/arm-none-eabi-gcc/9-2019q4/bin/../lib/gcc/arm-none-eabi/9.2.1/../../../../arm-none-eabi/lib/thumb/v7e-m+fp/hard\libc_nano.a(lib_a-findfp.o)
                0x0002dd4c                __sf_fake_stderr
 .rodata.__sf_fake_stdin
                0x0002dd6c       0x20 c:/users/spencer/appdata/local/arduino15/packages/adafruit/tools/arm-none-eabi-gcc/9-2019q4/bin/../lib/gcc/arm-none-eabi/9.2.1/../../../../arm-none-eabi/lib/thumb/v7e-m+fp/hard\libc_nano.a(lib_a-findfp.o)
                0x0002dd6c                __sf_fake_stdin
 .rodata.__sf_fake_stdout
                0x0002dd8c       0x20 c:/users/spencer/appdata/local/arduino15/packages/adafruit/tools/arm-none-eabi-gcc/9-2019q4/bin/../lib/gcc/arm-none-eabi/9.2.1/../../../../arm-none-eabi/lib/thumb/v7e-m+fp/hard\libc_nano.a(lib_a-findfp.o)
                0x0002dd8c                __sf_fake_stdout
 *fill*         0x0002ddac        0x4 
 .rodata.__mprec_bigtens
                0x0002ddb0       0x28 c:/users/spencer/appdata/local/arduino15/packages/adafruit/tools/arm-none-eabi-gcc/9-2019q4/bin/../lib/gcc/arm-none-eabi/9.2.1/../../../../arm-none-eabi/lib/thumb/v7e-m+fp/hard\libc_nano.a(lib_a-mprec.o)
                0x0002ddb0                __mprec_bigtens
 .rodata.__mprec_tens
                0x0002ddd8       0xc8 c:/users/spencer/appdata/local/arduino15/packages/adafruit/tools/arm-none-eabi-gcc/9-2019q4/bin/../lib/gcc/arm-none-eabi/9.2.1/../../../../arm-none-eabi/lib/thumb/v7e-m+fp/hard\libc_nano.a(lib_a-mprec.o)
                0x0002ddd8                __mprec_tens
 .rodata.p05.7490
                0x0002dea0        0xc c:/users/spencer/appdata/local/arduino15/packages/adafruit/tools/arm-none-eabi-gcc/9-2019q4/bin/../lib/gcc/arm-none-eabi/9.2.1/../../../../arm-none-eabi/lib/thumb/v7e-m+fp/hard\libc_nano.a(lib_a-mprec.o)
 .rodata._svfprintf_r.str1.1
                0x0002deac       0x11 c:/users/spencer/appdata/local/arduino15/packages/adafruit/tools/arm-none-eabi-gcc/9-2019q4/bin/../lib/gcc/arm-none-eabi/9.2.1/../../../../arm-none-eabi/lib/thumb/v7e-m+fp/hard\libc_nano.a(lib_a-nano-svfprintf.o)
 .rodata._vfprintf_r.str1.1
                0x0002debd       0x11 c:/users/spencer/appdata/local/arduino15/packages/adafruit/tools/arm-none-eabi-gcc/9-2019q4/bin/../lib/gcc/arm-none-eabi/9.2.1/../../../../arm-none-eabi/lib/thumb/v7e-m+fp/hard\libc_nano.a(lib_a-nano-vfprintf.o)
 .rodata._setlocale_r.str1.1
                0x0002debd        0x8 c:/users/spencer/appdata/local/arduino15/packages/adafruit/tools/arm-none-eabi-gcc/9-2019q4/bin/../lib/gcc/arm-none-eabi/9.2.1/../../../../arm-none-eabi/lib/thumb/v7e-m+fp/hard\libc_nano.a(lib_a-locale.o)
                                  0x9 (size before relaxing)
 .rodata.str1.1
                0x0002dec5        0x2 c:/users/spencer/appdata/local/arduino15/packages/adafruit/tools/arm-none-eabi-gcc/9-2019q4/bin/../lib/gcc/arm-none-eabi/9.2.1/../../../../arm-none-eabi/lib/thumb/v7e-m+fp/hard\libc_nano.a(lib_a-locale.o)
 *(.eh_frame*)
 *fill*         0x0002dec7        0x1 
 .eh_frame      0x0002dec8        0x0 c:/users/spencer/appdata/local/arduino15/packages/adafruit/tools/arm-none-eabi-gcc/9-2019q4/bin/../lib/gcc/arm-none-eabi/9.2.1/thumb/v7e-m+fp/hard/crtbegin.o
 .eh_frame      0x0002dec8        0x4 c:/users/spencer/appdata/local/arduino15/packages/adafruit/tools/arm-none-eabi-gcc/9-2019q4/bin/../lib/gcc/arm-none-eabi/9.2.1/thumb/v7e-m+fp/hard/crtend.o

.glue_7         0x0002decc        0x0
 .glue_7        0x0002decc        0x0 linker stubs

.glue_7t        0x0002decc        0x0
 .glue_7t       0x0002decc        0x0 linker stubs

.vfp11_veneer   0x0002decc        0x0
 .vfp11_veneer  0x0002decc        0x0 linker stubs

.v4_bx          0x0002decc        0x0
 .v4_bx         0x0002decc        0x0 linker stubs

.iplt           0x0002decc        0x0
 .iplt          0x0002decc        0x0 c:/users/spencer/appdata/local/arduino15/packages/adafruit/tools/arm-none-eabi-gcc/9-2019q4/bin/../lib/gcc/arm-none-eabi/9.2.1/thumb/v7e-m+fp/hard/crtfastmath.o

.ARM.extab
 *(.ARM.extab* .gnu.linkonce.armextab.*)
                0x0002decc                __exidx_start = .

.ARM.exidx      0x0002decc        0x8
 *(.ARM.exidx* .gnu.linkonce.armexidx.*)
 .ARM.exidx     0x0002decc        0x8 c:/users/spencer/appdata/local/arduino15/packages/adafruit/tools/arm-none-eabi-gcc/9-2019q4/bin/../lib/gcc/arm-none-eabi/9.2.1/../../../../arm-none-eabi/lib/thumb/v7e-m+fp/hard/crt0.o
                0x0002ded4                __exidx_end = .
                0x0002ded4                __etext = .

.rel.dyn        0x0002ded4        0x0
 .rel.iplt      0x0002ded4        0x0 c:/users/spencer/appdata/local/arduino15/packages/adafruit/tools/arm-none-eabi-gcc/9-2019q4/bin/../lib/gcc/arm-none-eabi/9.2.1/thumb/v7e-m+fp/hard/crtfastmath.o

.data           0x20003600      0x1e4 load address 0x0002ded4
                0x20003600                __data_start__ = .
 *(vtable)
 *(.data*)
 .data.SystemCoreClock
                0x20003600        0x4 c:\Users\Spencer\Desktop\Keyboard\Firmware\BadgersRunFirmware\Build/core\core.a(system_nrf52.c.o)
                0x20003600                SystemCoreClock
 .data._impure_ptr
                0x20003604        0x4 c:/users/spencer/appdata/local/arduino15/packages/adafruit/tools/arm-none-eabi-gcc/9-2019q4/bin/../lib/gcc/arm-none-eabi/9.2.1/../../../../arm-none-eabi/lib/thumb/v7e-m+fp/hard\libc_nano.a(lib_a-impure.o)
                0x20003604                _impure_ptr
 .data.impure_data
                0x20003608       0x60 c:/users/spencer/appdata/local/arduino15/packages/adafruit/tools/arm-none-eabi-gcc/9-2019q4/bin/../lib/gcc/arm-none-eabi/9.2.1/../../../../arm-none-eabi/lib/thumb/v7e-m+fp/hard\libc_nano.a(lib_a-impure.o)
 .data.__global_locale
                0x20003668      0x16c c:/users/spencer/appdata/local/arduino15/packages/adafruit/tools/arm-none-eabi-gcc/9-2019q4/bin/../lib/gcc/arm-none-eabi/9.2.1/../../../../arm-none-eabi/lib/thumb/v7e-m+fp/hard\libc_nano.a(lib_a-locale.o)
                0x20003668                __global_locale
                0x200037d4                . = ALIGN (0x4)
                0x200037d4                PROVIDE (__preinit_array_start = .)
 *(.preinit_array)
                0x200037d4                PROVIDE (__preinit_array_end = .)
                0x200037d4                . = ALIGN (0x4)
                0x200037d4                PROVIDE (__init_array_start = .)
 *(SORT_BY_NAME(.init_array.*))
 *(.init_array)
 .init_array    0x200037d4        0x4 c:/users/spencer/appdata/local/arduino15/packages/adafruit/tools/arm-none-eabi-gcc/9-2019q4/bin/../lib/gcc/arm-none-eabi/9.2.1/thumb/v7e-m+fp/hard/crtfastmath.o
 .init_array    0x200037d8        0x4 c:/users/spencer/appdata/local/arduino15/packages/adafruit/tools/arm-none-eabi-gcc/9-2019q4/bin/../lib/gcc/arm-none-eabi/9.2.1/thumb/v7e-m+fp/hard/crtbegin.o
 .init_array    0x200037dc        0x4 c:\Users\Spencer\Desktop\Keyboard\Firmware\BadgersRunFirmware\Build/core\core.a(Uart.cpp.o)
                0x200037e0                PROVIDE (__init_array_end = .)
                0x200037e0                . = ALIGN (0x4)
                [!provide]                PROVIDE (__fini_array_start = .)
 *(SORT_BY_NAME(.fini_array.*))
 *(.fini_array)
 .fini_array    0x200037e0        0x4 c:/users/spencer/appdata/local/arduino15/packages/adafruit/tools/arm-none-eabi-gcc/9-2019q4/bin/../lib/gcc/arm-none-eabi/9.2.1/thumb/v7e-m+fp/hard/crtbegin.o
                [!provide]                PROVIDE (__fini_array_end = .)
 *(.jcr*)
                0x200037e4                . = ALIGN (0x4)
                0x200037e4                __data_end__ = .
LOAD c:/users/spencer/appdata/local/arduino15/packages/adafruit/tools/arm-none-eabi-gcc/9-2019q4/bin/../lib/gcc/arm-none-eabi/9.2.1/thumb/v7e-m+fp/hard/crtfastmath.o
LOAD c:/users/spencer/appdata/local/arduino15/packages/adafruit/tools/arm-none-eabi-gcc/9-2019q4/bin/../lib/gcc/arm-none-eabi/9.2.1/thumb/v7e-m+fp/hard/crti.o
LOAD c:/users/spencer/appdata/local/arduino15/packages/adafruit/tools/arm-none-eabi-gcc/9-2019q4/bin/../lib/gcc/arm-none-eabi/9.2.1/thumb/v7e-m+fp/hard/crtbegin.o
LOAD c:/users/spencer/appdata/local/arduino15/packages/adafruit/tools/arm-none-eabi-gcc/9-2019q4/bin/../lib/gcc/arm-none-eabi/9.2.1/../../../../arm-none-eabi/lib/thumb/v7e-m+fp/hard/crt0.o
LOAD c:\Users\Spencer\Desktop\Keyboard\Firmware\BadgersRunFirmware\Build\sketch\keyboard.ino.cpp.o
LOAD c:\Users\Spencer\Desktop\Keyboard\Firmware\BadgersRunFirmware\Build\core\variant.cpp.o
START GROUP
LOAD c:/users/spencer/appdata/local/arduino15/packages/adafruit/tools/arm-none-eabi-gcc/9-2019q4/bin/../lib/gcc/arm-none-eabi/9.2.1/../../../../arm-none-eabi/lib/thumb/v7e-m+fp/hard\libm.a
LOAD c:\Users\Spencer\Desktop\Keyboard\Firmware\BadgersRunFirmware\Build/core\core.a
END GROUP
START GROUP
LOAD c:/users/spencer/appdata/local/arduino15/packages/adafruit/tools/arm-none-eabi-gcc/9-2019q4/bin/../lib/gcc/arm-none-eabi/9.2.1/thumb/v7e-m+fp/hard\libgcc.a
LOAD c:/users/spencer/appdata/local/arduino15/packages/adafruit/tools/arm-none-eabi-gcc/9-2019q4/bin/../lib/gcc/arm-none-eabi/9.2.1/../../../../arm-none-eabi/lib/thumb/v7e-m+fp/hard\libc_nano.a
END GROUP
START GROUP
LOAD c:/users/spencer/appdata/local/arduino15/packages/adafruit/tools/arm-none-eabi-gcc/9-2019q4/bin/../lib/gcc/arm-none-eabi/9.2.1/thumb/v7e-m+fp/hard\libgcc.a
LOAD c:/users/spencer/appdata/local/arduino15/packages/adafruit/tools/arm-none-eabi-gcc/9-2019q4/bin/../lib/gcc/arm-none-eabi/9.2.1/../../../../arm-none-eabi/lib/thumb/v7e-m+fp/hard\libc_nano.a
LOAD c:/users/spencer/appdata/local/arduino15/packages/adafruit/tools/arm-none-eabi-gcc/9-2019q4/bin/../lib/gcc/arm-none-eabi/9.2.1/../../../../arm-none-eabi/lib/thumb/v7e-m+fp/hard\libnosys.a
END GROUP
START GROUP
LOAD c:/users/spencer/appdata/local/arduino15/packages/adafruit/tools/arm-none-eabi-gcc/9-2019q4/bin/../lib/gcc/arm-none-eabi/9.2.1/thumb/v7e-m+fp/hard\libgcc.a
LOAD c:/users/spencer/appdata/local/arduino15/packages/adafruit/tools/arm-none-eabi-gcc/9-2019q4/bin/../lib/gcc/arm-none-eabi/9.2.1/../../../../arm-none-eabi/lib/thumb/v7e-m+fp/hard\libc_nano.a
LOAD c:/users/spencer/appdata/local/arduino15/packages/adafruit/tools/arm-none-eabi-gcc/9-2019q4/bin/../lib/gcc/arm-none-eabi/9.2.1/../../../../arm-none-eabi/lib/thumb/v7e-m+fp/hard\libnosys.a
END GROUP
LOAD c:/users/spencer/appdata/local/arduino15/packages/adafruit/tools/arm-none-eabi-gcc/9-2019q4/bin/../lib/gcc/arm-none-eabi/9.2.1/thumb/v7e-m+fp/hard/crtend.o
LOAD c:/users/spencer/appdata/local/arduino15/packages/adafruit/tools/arm-none-eabi-gcc/9-2019q4/bin/../lib/gcc/arm-none-eabi/9.2.1/thumb/v7e-m+fp/hard/crtn.o
START GROUP
LOAD c:/users/spencer/appdata/local/arduino15/packages/adafruit/tools/arm-none-eabi-gcc/9-2019q4/bin/../lib/gcc/arm-none-eabi/9.2.1/thumb/v7e-m+fp/hard\libgcc.a
LOAD c:/users/spencer/appdata/local/arduino15/packages/adafruit/tools/arm-none-eabi-gcc/9-2019q4/bin/../lib/gcc/arm-none-eabi/9.2.1/../../../../arm-none-eabi/lib/thumb/v7e-m+fp/hard\libc.a
LOAD c:/users/spencer/appdata/local/arduino15/packages/adafruit/tools/arm-none-eabi-gcc/9-2019q4/bin/../lib/gcc/arm-none-eabi/9.2.1/../../../../arm-none-eabi/lib/thumb/v7e-m+fp/hard\libnosys.a
END GROUP

.igot.plt       0x200037e4        0x0 load address 0x0002e0b8
 .igot.plt      0x200037e4        0x0 c:/users/spencer/appdata/local/arduino15/packages/adafruit/tools/arm-none-eabi-gcc/9-2019q4/bin/../lib/gcc/arm-none-eabi/9.2.1/thumb/v7e-m+fp/hard/crtfastmath.o
                0x200037e4                . = ALIGN (0x4)

.svc_data       0x200037e4        0x0
                [!provide]                PROVIDE (__start_svc_data = .)
 *(.svc_data)
                [!provide]                PROVIDE (__stop_svc_data = .)

.fs_data        0x200037e4        0x0
                [!provide]                PROVIDE (__start_fs_data = .)
 *(.fs_data)
                [!provide]                PROVIDE (__stop_fs_data = .)

.bss            0x200037e4      0xb18 load address 0x0002e0b8
                0x200037e4                . = ALIGN (0x4)
                0x200037e4                __bss_start__ = .
 *(.bss*)
 .bss           0x200037e4       0x1c c:/users/spencer/appdata/local/arduino15/packages/adafruit/tools/arm-none-eabi-gcc/9-2019q4/bin/../lib/gcc/arm-none-eabi/9.2.1/thumb/v7e-m+fp/hard/crtbegin.o
 .bss._ZL11_loopHandle
                0x20003800        0x4 c:\Users\Spencer\Desktop\Keyboard\Firmware\BadgersRunFirmware\Build/core\core.a(main.cpp.o)
 .bss._ZZ29vApplicationGetIdleTaskMemoryE12xIdleTaskTCB
                0x20003804       0x54 c:\Users\Spencer\Desktop\Keyboard\Firmware\BadgersRunFirmware\Build/core\core.a(rtos.cpp.o)
 .bss._ZZ29vApplicationGetIdleTaskMemoryE15uxIdleTaskStack
                0x20003858      0x190 c:\Users\Spencer\Desktop\Keyboard\Firmware\BadgersRunFirmware\Build/core\core.a(rtos.cpp.o)
 .bss._ZZ30vApplicationGetTimerTaskMemoryE13xTimerTaskTCB
                0x200039e8       0x54 c:\Users\Spencer\Desktop\Keyboard\Firmware\BadgersRunFirmware\Build/core\core.a(rtos.cpp.o)
 .bss._ZZ30vApplicationGetTimerTaskMemoryE16uxTimerTaskStack
                0x20003a3c      0x400 c:\Users\Spencer\Desktop\Keyboard\Firmware\BadgersRunFirmware\Build/core\core.a(rtos.cpp.o)
 .bss._ZZ11dbg_err_strE11unknown_str
                0x20003e3c        0x7 c:\Users\Spencer\Desktop\Keyboard\Firmware\BadgersRunFirmware\Build/core\core.a(debug.cpp.o)
 *fill*         0x20003e43        0x1 
 .bss.pxCurrentTCB
                0x20003e44        0x4 c:\Users\Spencer\Desktop\Keyboard\Firmware\BadgersRunFirmware\Build/core\core.a(tasks.c.o)
                0x20003e44                pxCurrentTCB
 .bss.pxDelayedTaskList
                0x20003e48        0x4 c:\Users\Spencer\Desktop\Keyboard\Firmware\BadgersRunFirmware\Build/core\core.a(tasks.c.o)
 .bss.pxOverflowDelayedTaskList
                0x20003e4c        0x4 c:\Users\Spencer\Desktop\Keyboard\Firmware\BadgersRunFirmware\Build/core\core.a(tasks.c.o)
 .bss.pxReadyTasksLists
                0x20003e50       0x64 c:\Users\Spencer\Desktop\Keyboard\Firmware\BadgersRunFirmware\Build/core\core.a(tasks.c.o)
 .bss.uxCurrentNumberOfTasks
                0x20003eb4        0x4 c:\Users\Spencer\Desktop\Keyboard\Firmware\BadgersRunFirmware\Build/core\core.a(tasks.c.o)
 .bss.uxDeletedTasksWaitingCleanUp
                0x20003eb8        0x4 c:\Users\Spencer\Desktop\Keyboard\Firmware\BadgersRunFirmware\Build/core\core.a(tasks.c.o)
 .bss.uxPendedTicks
                0x20003ebc        0x4 c:\Users\Spencer\Desktop\Keyboard\Firmware\BadgersRunFirmware\Build/core\core.a(tasks.c.o)
 .bss.uxSchedulerSuspended
                0x20003ec0        0x4 c:\Users\Spencer\Desktop\Keyboard\Firmware\BadgersRunFirmware\Build/core\core.a(tasks.c.o)
 .bss.uxTaskNumber
                0x20003ec4        0x4 c:\Users\Spencer\Desktop\Keyboard\Firmware\BadgersRunFirmware\Build/core\core.a(tasks.c.o)
 .bss.uxTopReadyPriority
                0x20003ec8        0x4 c:\Users\Spencer\Desktop\Keyboard\Firmware\BadgersRunFirmware\Build/core\core.a(tasks.c.o)
 .bss.xDelayedTaskList1
                0x20003ecc       0x14 c:\Users\Spencer\Desktop\Keyboard\Firmware\BadgersRunFirmware\Build/core\core.a(tasks.c.o)
 .bss.xDelayedTaskList2
                0x20003ee0       0x14 c:\Users\Spencer\Desktop\Keyboard\Firmware\BadgersRunFirmware\Build/core\core.a(tasks.c.o)
 .bss.xIdleTaskHandle
                0x20003ef4        0x4 c:\Users\Spencer\Desktop\Keyboard\Firmware\BadgersRunFirmware\Build/core\core.a(tasks.c.o)
 .bss.xNextTaskUnblockTime
                0x20003ef8        0x4 c:\Users\Spencer\Desktop\Keyboard\Firmware\BadgersRunFirmware\Build/core\core.a(tasks.c.o)
 .bss.xNumOfOverflows
                0x20003efc        0x4 c:\Users\Spencer\Desktop\Keyboard\Firmware\BadgersRunFirmware\Build/core\core.a(tasks.c.o)
 .bss.xPendingReadyList
                0x20003f00       0x14 c:\Users\Spencer\Desktop\Keyboard\Firmware\BadgersRunFirmware\Build/core\core.a(tasks.c.o)
 .bss.xSchedulerRunning
                0x20003f14        0x4 c:\Users\Spencer\Desktop\Keyboard\Firmware\BadgersRunFirmware\Build/core\core.a(tasks.c.o)
 .bss.xSuspendedTaskList
                0x20003f18       0x14 c:\Users\Spencer\Desktop\Keyboard\Firmware\BadgersRunFirmware\Build/core\core.a(tasks.c.o)
 .bss.xTasksWaitingTermination
                0x20003f2c       0x14 c:\Users\Spencer\Desktop\Keyboard\Firmware\BadgersRunFirmware\Build/core\core.a(tasks.c.o)
 .bss.xTickCount
                0x20003f40        0x4 c:\Users\Spencer\Desktop\Keyboard\Firmware\BadgersRunFirmware\Build/core\core.a(tasks.c.o)
 .bss.xYieldPending
                0x20003f44        0x4 c:\Users\Spencer\Desktop\Keyboard\Firmware\BadgersRunFirmware\Build/core\core.a(tasks.c.o)
 .bss.pxCurrentTimerList
                0x20003f48        0x4 c:\Users\Spencer\Desktop\Keyboard\Firmware\BadgersRunFirmware\Build/core\core.a(timers.c.o)
 .bss.pxOverflowTimerList
                0x20003f4c        0x4 c:\Users\Spencer\Desktop\Keyboard\Firmware\BadgersRunFirmware\Build/core\core.a(timers.c.o)
 .bss.ucStaticTimerQueueStorage.9330
                0x20003f50      0x200 c:\Users\Spencer\Desktop\Keyboard\Firmware\BadgersRunFirmware\Build/core\core.a(timers.c.o)
 .bss.xActiveTimerList1
                0x20004150       0x14 c:\Users\Spencer\Desktop\Keyboard\Firmware\BadgersRunFirmware\Build/core\core.a(timers.c.o)
 .bss.xActiveTimerList2
                0x20004164       0x14 c:\Users\Spencer\Desktop\Keyboard\Firmware\BadgersRunFirmware\Build/core\core.a(timers.c.o)
 .bss.xLastTime.9283
                0x20004178        0x4 c:\Users\Spencer\Desktop\Keyboard\Firmware\BadgersRunFirmware\Build/core\core.a(timers.c.o)
 .bss.xStaticTimerQueue.9329
                0x2000417c       0x50 c:\Users\Spencer\Desktop\Keyboard\Firmware\BadgersRunFirmware\Build/core\core.a(timers.c.o)
 .bss.xTimerQueue
                0x200041cc        0x4 c:\Users\Spencer\Desktop\Keyboard\Firmware\BadgersRunFirmware\Build/core\core.a(timers.c.o)
 .bss.xTimerTaskHandle
                0x200041d0        0x4 c:\Users\Spencer\Desktop\Keyboard\Firmware\BadgersRunFirmware\Build/core\core.a(timers.c.o)
 .bss.uxCriticalNesting
                0x200041d4        0x4 c:\Users\Spencer\Desktop\Keyboard\Firmware\BadgersRunFirmware\Build/core\core.a(port_cmsis.c.o)
 .bss._cb_qdepth
                0x200041d8        0x4 c:\Users\Spencer\Desktop\Keyboard\Firmware\BadgersRunFirmware\Build/core\core.a(AdaCallback.c.o)
 .bss._cb_queue
                0x200041dc        0x4 c:\Users\Spencer\Desktop\Keyboard\Firmware\BadgersRunFirmware\Build/core\core.a(AdaCallback.c.o)
 .bss._cb_task  0x200041e0        0x4 c:\Users\Spencer\Desktop\Keyboard\Firmware\BadgersRunFirmware\Build/core\core.a(AdaCallback.c.o)
 .bss.fw_str.11523
                0x200041e4       0x1f c:\Users\Spencer\Desktop\Keyboard\Firmware\BadgersRunFirmware\Build/core\core.a(utilities.c.o)
 *fill*         0x20004203        0x1 
 .bss.serial_str.11532
                0x20004204       0x11 c:\Users\Spencer\Desktop\Keyboard\Firmware\BadgersRunFirmware\Build/core\core.a(utilities.c.o)
 *fill*         0x20004215        0x3 
 .bss.bootloaderVersion
                0x20004218        0x4 c:\Users\Spencer\Desktop\Keyboard\Firmware\BadgersRunFirmware\Build/core\core.a(wiring.c.o)
                0x20004218                bootloaderVersion
 .bss.Serial    0x2000421c       0xa8 c:\Users\Spencer\Desktop\Keyboard\Firmware\BadgersRunFirmware\Build/core\core.a(Uart.cpp.o)
                0x2000421c                Serial
 .bss.__malloc_free_list
                0x200042c4        0x4 c:/users/spencer/appdata/local/arduino15/packages/adafruit/tools/arm-none-eabi-gcc/9-2019q4/bin/../lib/gcc/arm-none-eabi/9.2.1/../../../../arm-none-eabi/lib/thumb/v7e-m+fp/hard\libc_nano.a(lib_a-nano-mallocr.o)
                0x200042c4                __malloc_free_list
 .bss.__malloc_sbrk_start
                0x200042c8        0x4 c:/users/spencer/appdata/local/arduino15/packages/adafruit/tools/arm-none-eabi-gcc/9-2019q4/bin/../lib/gcc/arm-none-eabi/9.2.1/../../../../arm-none-eabi/lib/thumb/v7e-m+fp/hard\libc_nano.a(lib_a-nano-mallocr.o)
                0x200042c8                __malloc_sbrk_start
 .bss.heap_end.5507
                0x200042cc        0x4 c:/users/spencer/appdata/local/arduino15/packages/adafruit/tools/arm-none-eabi-gcc/9-2019q4/bin/../lib/gcc/arm-none-eabi/9.2.1/../../../../arm-none-eabi/lib/thumb/v7e-m+fp/hard\libnosys.a(sbrk.o)
 *(COMMON)
 COMMON         0x200042d0        0xc c:\Users\Spencer\Desktop\Keyboard\Firmware\BadgersRunFirmware\Build/core\core.a(wiring.c.o)
                0x200042d0                nrf_nvic_state
 COMMON         0x200042dc       0x10 c:\Users\Spencer\Desktop\Keyboard\Firmware\BadgersRunFirmware\Build/core\core.a(queue.c.o)
                0x200042dc                xQueueRegistry
 COMMON         0x200042ec        0x9 c:/users/spencer/appdata/local/arduino15/packages/adafruit/tools/arm-none-eabi-gcc/9-2019q4/bin/../lib/gcc/arm-none-eabi/9.2.1/../../../../arm-none-eabi/lib/thumb/v7e-m+fp/hard\libc_nano.a(lib_a-lock.o)
                0x200042ec                __lock___atexit_recursive_mutex
                0x200042ed                __lock___arc4random_mutex
                0x200042ee                __lock___env_recursive_mutex
                0x200042ef                __lock___sinit_recursive_mutex
                0x200042f0                __lock___malloc_recursive_mutex
                0x200042f1                __lock___at_quick_exit_mutex
                0x200042f2                __lock___dd_hash_mutex
                0x200042f3                __lock___tz_mutex
                0x200042f4                __lock___sfp_recursive_mutex
 *fill*         0x200042f5        0x3 
 COMMON         0x200042f8        0x4 c:/users/spencer/appdata/local/arduino15/packages/adafruit/tools/arm-none-eabi-gcc/9-2019q4/bin/../lib/gcc/arm-none-eabi/9.2.1/../../../../arm-none-eabi/lib/thumb/v7e-m+fp/hard\libc_nano.a(lib_a-reent.o)
                0x200042f8                errno
                0x200042fc                . = ALIGN (0x4)
                0x200042fc                __bss_end__ = .

.heap           0x200042fc     0xb504 load address 0x0002ebd0
                0x200042fc                __HeapBase = .
                0x200042fc                __end__ = .
                0x200042fc                PROVIDE (end = .)
 *(.heap*)
                0x2000f800                . = ALIGN (__StackLimit)
 *fill*         0x200042fc     0xb504 
                0x2000f800                __HeapLimit = .
                0x00000001                ASSERT ((__StackLimit >= __HeapLimit), region RAM overflowed with stack)
                0x00000001                ASSERT ((__StackLimit >= __bss_end__), region RAM overflowed with stack)
OUTPUT(c:\Users\Spencer\Desktop\Keyboard\Firmware\BadgersRunFirmware\Build/keyboard.ino.elf elf32-littlearm)

.ARM.attributes
                0x00000000       0x32
 .ARM.attributes
                0x00000000       0x34 c:/users/spencer/appdata/local/arduino15/packages/adafruit/tools/arm-none-eabi-gcc/9-2019q4/bin/../lib/gcc/arm-none-eabi/9.2.1/thumb/v7e-m+fp/hard/crtfastmath.o
 .ARM.attributes
                0x00000034       0x1e c:/users/spencer/appdata/local/arduino15/packages/adafruit/tools/arm-none-eabi-gcc/9-2019q4/bin/../lib/gcc/arm-none-eabi/9.2.1/thumb/v7e-m+fp/hard/crti.o
 .ARM.attributes
                0x00000052       0x34 c:/users/spencer/appdata/local/arduino15/packages/adafruit/tools/arm-none-eabi-gcc/9-2019q4/bin/../lib/gcc/arm-none-eabi/9.2.1/thumb/v7e-m+fp/hard/crtbegin.o
 .ARM.attributes
                0x00000086       0x1c c:/users/spencer/appdata/local/arduino15/packages/adafruit/tools/arm-none-eabi-gcc/9-2019q4/bin/../lib/gcc/arm-none-eabi/9.2.1/../../../../arm-none-eabi/lib/thumb/v7e-m+fp/hard/crt0.o
 .ARM.attributes
                0x000000a2       0x30 c:\Users\Spencer\Desktop\Keyboard\Firmware\BadgersRunFirmware\Build\sketch\keyboard.ino.cpp.o
 .ARM.attributes
                0x000000d2       0x30 c:\Users\Spencer\Desktop\Keyboard\Firmware\BadgersRunFirmware\Build\core\variant.cpp.o
 .ARM.attributes
                0x00000102       0x1c c:\Users\Spencer\Desktop\Keyboard\Firmware\BadgersRunFirmware\Build/core\core.a(gcc_startup_nrf52.S.o)
 .ARM.attributes
                0x0000011e       0x30 c:\Users\Spencer\Desktop\Keyboard\Firmware\BadgersRunFirmware\Build/core\core.a(system_nrf52.c.o)
 .ARM.attributes
                0x0000014e       0x30 c:\Users\Spencer\Desktop\Keyboard\Firmware\BadgersRunFirmware\Build/core\core.a(wiring_digital.c.o)
 .ARM.attributes
                0x0000017e       0x30 c:\Users\Spencer\Desktop\Keyboard\Firmware\BadgersRunFirmware\Build/core\core.a(main.cpp.o)
 .ARM.attributes
                0x000001ae       0x30 c:\Users\Spencer\Desktop\Keyboard\Firmware\BadgersRunFirmware\Build/core\core.a(rtos.cpp.o)
 .ARM.attributes
                0x000001de       0x30 c:\Users\Spencer\Desktop\Keyboard\Firmware\BadgersRunFirmware\Build/core\core.a(debug.cpp.o)
 .ARM.attributes
                0x0000020e       0x30 c:\Users\Spencer\Desktop\Keyboard\Firmware\BadgersRunFirmware\Build/core\core.a(heap_3.c.o)
 .ARM.attributes
                0x0000023e       0x30 c:\Users\Spencer\Desktop\Keyboard\Firmware\BadgersRunFirmware\Build/core\core.a(tasks.c.o)
 .ARM.attributes
                0x0000026e       0x30 c:\Users\Spencer\Desktop\Keyboard\Firmware\BadgersRunFirmware\Build/core\core.a(timers.c.o)
 .ARM.attributes
                0x0000029e       0x30 c:\Users\Spencer\Desktop\Keyboard\Firmware\BadgersRunFirmware\Build/core\core.a(port_cmsis.c.o)
 .ARM.attributes
                0x000002ce       0x30 c:\Users\Spencer\Desktop\Keyboard\Firmware\BadgersRunFirmware\Build/core\core.a(port_cmsis_systick.c.o)
 .ARM.attributes
                0x000002fe       0x30 c:\Users\Spencer\Desktop\Keyboard\Firmware\BadgersRunFirmware\Build/core\core.a(port.c.o)
 .ARM.attributes
                0x0000032e       0x30 c:\Users\Spencer\Desktop\Keyboard\Firmware\BadgersRunFirmware\Build/core\core.a(hooks.c.o)
 .ARM.attributes
                0x0000035e       0x30 c:\Users\Spencer\Desktop\Keyboard\Firmware\BadgersRunFirmware\Build/core\core.a(AdaCallback.c.o)
 .ARM.attributes
                0x0000038e       0x30 c:\Users\Spencer\Desktop\Keyboard\Firmware\BadgersRunFirmware\Build/core\core.a(utilities.c.o)
 .ARM.attributes
                0x000003be       0x30 c:\Users\Spencer\Desktop\Keyboard\Firmware\BadgersRunFirmware\Build/core\core.a(wiring.c.o)
 .ARM.attributes
                0x000003ee       0x30 c:\Users\Spencer\Desktop\Keyboard\Firmware\BadgersRunFirmware\Build/core\core.a(Uart.cpp.o)
 .ARM.attributes
                0x0000041e       0x30 c:\Users\Spencer\Desktop\Keyboard\Firmware\BadgersRunFirmware\Build/core\core.a(list.c.o)
 .ARM.attributes
                0x0000044e       0x30 c:\Users\Spencer\Desktop\Keyboard\Firmware\BadgersRunFirmware\Build/core\core.a(queue.c.o)
 .ARM.attributes
                0x0000047e       0x30 c:\Users\Spencer\Desktop\Keyboard\Firmware\BadgersRunFirmware\Build/core\core.a(RingBuffer.cpp.o)
 .ARM.attributes
                0x000004ae       0x34 c:/users/spencer/appdata/local/arduino15/packages/adafruit/tools/arm-none-eabi-gcc/9-2019q4/bin/../lib/gcc/arm-none-eabi/9.2.1/../../../../arm-none-eabi/lib/thumb/v7e-m+fp/hard\libc_nano.a(lib_a-exit.o)
 .ARM.attributes
                0x000004e2       0x32 c:/users/spencer/appdata/local/arduino15/packages/adafruit/tools/arm-none-eabi-gcc/9-2019q4/bin/../lib/gcc/arm-none-eabi/9.2.1/../../../../arm-none-eabi/lib/thumb/v7e-m+fp/hard\libc_nano.a(lib_a-impure.o)
 .ARM.attributes
                0x00000514       0x34 c:/users/spencer/appdata/local/arduino15/packages/adafruit/tools/arm-none-eabi-gcc/9-2019q4/bin/../lib/gcc/arm-none-eabi/9.2.1/../../../../arm-none-eabi/lib/thumb/v7e-m+fp/hard\libc_nano.a(lib_a-init.o)
 .ARM.attributes
                0x00000548       0x34 c:/users/spencer/appdata/local/arduino15/packages/adafruit/tools/arm-none-eabi-gcc/9-2019q4/bin/../lib/gcc/arm-none-eabi/9.2.1/../../../../arm-none-eabi/lib/thumb/v7e-m+fp/hard\libc_nano.a(lib_a-malloc.o)
 .ARM.attributes
                0x0000057c       0x34 c:/users/spencer/appdata/local/arduino15/packages/adafruit/tools/arm-none-eabi-gcc/9-2019q4/bin/../lib/gcc/arm-none-eabi/9.2.1/../../../../arm-none-eabi/lib/thumb/v7e-m+fp/hard\libc_nano.a(lib_a-memcpy-stub.o)
 .ARM.attributes
                0x000005b0       0x34 c:/users/spencer/appdata/local/arduino15/packages/adafruit/tools/arm-none-eabi-gcc/9-2019q4/bin/../lib/gcc/arm-none-eabi/9.2.1/../../../../arm-none-eabi/lib/thumb/v7e-m+fp/hard\libc_nano.a(lib_a-memset.o)
 .ARM.attributes
                0x000005e4       0x34 c:/users/spencer/appdata/local/arduino15/packages/adafruit/tools/arm-none-eabi-gcc/9-2019q4/bin/../lib/gcc/arm-none-eabi/9.2.1/../../../../arm-none-eabi/lib/thumb/v7e-m+fp/hard\libc_nano.a(lib_a-nano-freer.o)
 .ARM.attributes
                0x00000618       0x34 c:/users/spencer/appdata/local/arduino15/packages/adafruit/tools/arm-none-eabi-gcc/9-2019q4/bin/../lib/gcc/arm-none-eabi/9.2.1/../../../../arm-none-eabi/lib/thumb/v7e-m+fp/hard\libc_nano.a(lib_a-nano-mallocr.o)
 .ARM.attributes
                0x0000064c       0x34 c:/users/spencer/appdata/local/arduino15/packages/adafruit/tools/arm-none-eabi-gcc/9-2019q4/bin/../lib/gcc/arm-none-eabi/9.2.1/../../../../arm-none-eabi/lib/thumb/v7e-m+fp/hard\libc_nano.a(lib_a-nano-vfprintf_float.o)
 .ARM.attributes
                0x00000680       0x34 c:/users/spencer/appdata/local/arduino15/packages/adafruit/tools/arm-none-eabi-gcc/9-2019q4/bin/../lib/gcc/arm-none-eabi/9.2.1/../../../../arm-none-eabi/lib/thumb/v7e-m+fp/hard\libc_nano.a(lib_a-nano-vfprintf_i.o)
 .ARM.attributes
                0x000006b4       0x34 c:/users/spencer/appdata/local/arduino15/packages/adafruit/tools/arm-none-eabi-gcc/9-2019q4/bin/../lib/gcc/arm-none-eabi/9.2.1/../../../../arm-none-eabi/lib/thumb/v7e-m+fp/hard\libc_nano.a(lib_a-printf.o)
 .ARM.attributes
                0x000006e8       0x34 c:/users/spencer/appdata/local/arduino15/packages/adafruit/tools/arm-none-eabi-gcc/9-2019q4/bin/../lib/gcc/arm-none-eabi/9.2.1/../../../../arm-none-eabi/lib/thumb/v7e-m+fp/hard\libc_nano.a(lib_a-putchar.o)
 .ARM.attributes
                0x0000071c       0x34 c:/users/spencer/appdata/local/arduino15/packages/adafruit/tools/arm-none-eabi-gcc/9-2019q4/bin/../lib/gcc/arm-none-eabi/9.2.1/../../../../arm-none-eabi/lib/thumb/v7e-m+fp/hard\libc_nano.a(lib_a-puts.o)
 .ARM.attributes
                0x00000750       0x34 c:/users/spencer/appdata/local/arduino15/packages/adafruit/tools/arm-none-eabi-gcc/9-2019q4/bin/../lib/gcc/arm-none-eabi/9.2.1/../../../../arm-none-eabi/lib/thumb/v7e-m+fp/hard\libc_nano.a(lib_a-sbrkr.o)
 .ARM.attributes
                0x00000784       0x34 c:/users/spencer/appdata/local/arduino15/packages/adafruit/tools/arm-none-eabi-gcc/9-2019q4/bin/../lib/gcc/arm-none-eabi/9.2.1/../../../../arm-none-eabi/lib/thumb/v7e-m+fp/hard\libc_nano.a(lib_a-sprintf.o)
 .ARM.attributes
                0x000007b8       0x17 c:/users/spencer/appdata/local/arduino15/packages/adafruit/tools/arm-none-eabi-gcc/9-2019q4/bin/../lib/gcc/arm-none-eabi/9.2.1/../../../../arm-none-eabi/lib/thumb/v7e-m+fp/hard\libc_nano.a(lib_a-strlen.o)
 .ARM.attributes
                0x000007cf       0x34 c:/users/spencer/appdata/local/arduino15/packages/adafruit/tools/arm-none-eabi-gcc/9-2019q4/bin/../lib/gcc/arm-none-eabi/9.2.1/../../../../arm-none-eabi/lib/thumb/v7e-m+fp/hard\libc_nano.a(lib_a-wbuf.o)
 .ARM.attributes
                0x00000803       0x34 c:/users/spencer/appdata/local/arduino15/packages/adafruit/tools/arm-none-eabi-gcc/9-2019q4/bin/../lib/gcc/arm-none-eabi/9.2.1/../../../../arm-none-eabi/lib/thumb/v7e-m+fp/hard\libc_nano.a(lib_a-wsetup.o)
 .ARM.attributes
                0x00000837       0x32 c:/users/spencer/appdata/local/arduino15/packages/adafruit/tools/arm-none-eabi-gcc/9-2019q4/bin/../lib/gcc/arm-none-eabi/9.2.1/../../../../arm-none-eabi/lib/thumb/v7e-m+fp/hard\libc_nano.a(lib_a-ctype_.o)
 .ARM.attributes