Archive member included to satisfy reference by file (symbol)

/home/slombardo/projects/BadgersRunFirmware/Build/core/core.a(gcc_startup_nrf52.S.o)
                              (Reset_Handler)
/home/slombardo/projects/BadgersRunFirmware/Build/core/core.a(system_nrf52.c.o)
                              /home/slombardo/projects/BadgersRunFirmware/Build/core/core.a(gcc_startup_nrf52.S.o) (SystemInit)
/home/slombardo/projects/BadgersRunFirmware/Build/core/core.a(wiring_digital.c.o)
                              /home/slombardo/projects/BadgersRunFirmware/Build/sketch/keyboard.ino.cpp.o (pinMode)
/home/slombardo/projects/BadgersRunFirmware/Build/core/core.a(main.cpp.o)
                              /home/slombardo/.arduino15/packages/adafruit/tools/arm-none-eabi-gcc/9-2019q4/bin/../lib/gcc/arm-none-eabi/9.2.1/../../../../arm-none-eabi/lib/thumb/v7e-m+fp/hard/crt0.o (main)
/home/slombardo/projects/BadgersRunFirmware/Build/core/core.a(rtos.cpp.o)
                              /home/slombardo/projects/BadgersRunFirmware/Build/core/core.a(main.cpp.o) (yield)
/home/slombardo/projects/BadgersRunFirmware/Build/core/core.a(debug.cpp.o)
                              /home/slombardo/projects/BadgersRunFirmware/Build/core/core.a(main.cpp.o) (dbgPrintVersion)
/home/slombardo/projects/BadgersRunFirmware/Build/core/core.a(heap_3.c.o)
                              /home/slombardo/projects/BadgersRunFirmware/Build/core/core.a(debug.cpp.o) (pvPortMalloc)
/home/slombardo/projects/BadgersRunFirmware/Build/core/core.a(tasks.c.o)
                              /home/slombardo/projects/BadgersRunFirmware/Build/core/core.a(main.cpp.o) (xTaskCreate)
/home/slombardo/projects/BadgersRunFirmware/Build/core/core.a(timers.c.o)
                              /home/slombardo/projects/BadgersRunFirmware/Build/core/core.a(tasks.c.o) (xTimerCreateTimerTask)
/home/slombardo/projects/BadgersRunFirmware/Build/core/core.a(port_cmsis.c.o)
                              /home/slombardo/projects/BadgersRunFirmware/Build/core/core.a(tasks.c.o) (pxPortInitialiseStack)
/home/slombardo/projects/BadgersRunFirmware/Build/core/core.a(port_cmsis_systick.c.o)
                              /home/slombardo/projects/BadgersRunFirmware/Build/core/core.a(port_cmsis.c.o) (vPortSetupTimerInterrupt)
/home/slombardo/projects/BadgersRunFirmware/Build/core/core.a(port.c.o)
                              /home/slombardo/projects/BadgersRunFirmware/Build/core/core.a(port_cmsis.c.o) (vPortStartFirstTask)
/home/slombardo/projects/BadgersRunFirmware/Build/core/core.a(hooks.c.o)
                              /home/slombardo/projects/BadgersRunFirmware/Build/core/core.a(tasks.c.o) (vApplicationIdleHook)
/home/slombardo/projects/BadgersRunFirmware/Build/core/core.a(AdaCallback.c.o)
                              /home/slombardo/projects/BadgersRunFirmware/Build/core/core.a(main.cpp.o) (ada_callback_init)
/home/slombardo/projects/BadgersRunFirmware/Build/core/core.a(utilities.c.o)
                              /home/slombardo/projects/BadgersRunFirmware/Build/core/core.a(debug.cpp.o) (lookup_find)
/home/slombardo/projects/BadgersRunFirmware/Build/core/core.a(wiring.c.o)
                              /home/slombardo/projects/BadgersRunFirmware/Build/core/core.a(main.cpp.o) (init)
/home/slombardo/projects/BadgersRunFirmware/Build/core/core.a(Uart.cpp.o)
                              /home/slombardo/projects/BadgersRunFirmware/Build/core/core.a(main.cpp.o) (Uart::write(unsigned char const*, unsigned int))
/home/slombardo/projects/BadgersRunFirmware/Build/core/core.a(list.c.o)
                              /home/slombardo/projects/BadgersRunFirmware/Build/core/core.a(tasks.c.o) (vListInitialise)
/home/slombardo/projects/BadgersRunFirmware/Build/core/core.a(queue.c.o)
                              /home/slombardo/projects/BadgersRunFirmware/Build/core/core.a(timers.c.o) (xQueueGenericCreateStatic)
/home/slombardo/projects/BadgersRunFirmware/Build/core/core.a(RingBuffer.cpp.o)
                              /home/slombardo/projects/BadgersRunFirmware/Build/core/core.a(Uart.cpp.o) (RingBuffer::RingBuffer())
/home/slombardo/.arduino15/packages/adafruit/tools/arm-none-eabi-gcc/9-2019q4/bin/../lib/gcc/arm-none-eabi/9.2.1/../../../../arm-none-eabi/lib/thumb/v7e-m+fp/hard/libc_nano.a(lib_a-exit.o)
                              /home/slombardo/.arduino15/packages/adafruit/tools/arm-none-eabi-gcc/9-2019q4/bin/../lib/gcc/arm-none-eabi/9.2.1/../../../../arm-none-eabi/lib/thumb/v7e-m+fp/hard/crt0.o (exit)
/home/slombardo/.arduino15/packages/adafruit/tools/arm-none-eabi-gcc/9-2019q4/bin/../lib/gcc/arm-none-eabi/9.2.1/../../../../arm-none-eabi/lib/thumb/v7e-m+fp/hard/libc_nano.a(lib_a-impure.o)
                              /home/slombardo/.arduino15/packages/adafruit/tools/arm-none-eabi-gcc/9-2019q4/bin/../lib/gcc/arm-none-eabi/9.2.1/../../../../arm-none-eabi/lib/thumb/v7e-m+fp/hard/libc_nano.a(lib_a-exit.o) (_global_impure_ptr)
[...]
Memory Configuration

Name             Origin             Length             Attributes
FLASH            0x0000000000026000 0x0000000000047000 xr
RAM              0x0000000020003600 0x000000000000ca00 xrw
*default*        0x0000000000000000 0xffffffffffffffff

Linker script and memory map

                0x0000000000000800                __StackSize = 0x800
                0x0000000020010000                PROVIDE (__StackTop = (ORIGIN (RAM) + LENGTH (RAM)))
                0x000000002000f800                PROVIDE (__StackLimit = (__StackTop - __StackSize))
                0x0000000020010000                PROVIDE (__stack = __StackTop)
                0x0000000000026000                __flash_arduino_start = ORIGIN (FLASH)
                0x000000000006d000                __flash_arduino_end = (ORIGIN (FLASH) + LENGTH (FLASH))

.text           0x0000000000026000     0x7f8c
 *(.isr_vector)
 .isr_vector    0x0000000000026000      0x200 /home/slombardo/projects/BadgersRunFirmware/Build/core/core.a(gcc_startup_nrf52.S.o)
                0x0000000000026000                __isr_vector
 *(.text*)
 .text.startup  0x0000000000026200       0x10 /home/slombardo/.arduino15/packages/adafruit/tools/arm-none-eabi-gcc/9-2019q4/bin/../lib/gcc/arm-none-eabi/9.2.1/thumb/v7e-m+fp/hard/crtfastmath.o
 .text          0x0000000000026210       0x40 /home/slombardo/.arduino15/packages/adafruit/tools/arm-none-eabi-gcc/9-2019q4/bin/../lib/gcc/arm-none-eabi/9.2.1/thumb/v7e-m+fp/hard/crtbegin.o
 .text          0x0000000000026250       0x74 /home/slombardo/.arduino15/packages/adafruit/tools/arm-none-eabi-gcc/9-2019q4/bin/../lib/gcc/arm-none-eabi/9.2.1/../../../../arm-none-eabi/lib/thumb/v7e-m+fp/hard/crt0.o
                0x0000000000026250                _mainCRTStartup
                0x0000000000026250                _start
 .text.setup    0x00000000000262c4       0x4c /home/slombardo/projects/BadgersRunFirmware/Build/sketch/keyboard.ino.cpp.o
                0x00000000000262c4                setup
 .text.loop     0x0000000000026310       0x1c /home/slombardo/projects/BadgersRunFirmware/Build/sketch/keyboard.ino.cpp.o
                0x0000000000026310                loop
 .text._Z11initVariantv
                0x000000000002632c       0x24 /home/slombardo/projects/BadgersRunFirmware/Build/core/variant.cpp.o
                0x000000000002632c                initVariant()
 .text          0x0000000000026350       0x54 /home/slombardo/projects/BadgersRunFirmware/Build/core/core.a(gcc_startup_nrf52.S.o)
                0x0000000000026350                Reset_Handler
                0x0000000000026390                NMI_Handler
                0x0000000000026394                MemoryManagement_Handler
                0x0000000000026396                BusFault_Handler
                0x0000000000026398                UsageFault_Handler
                0x000000000002639c                DebugMon_Handler
                0x00000000000263a0                SysTick_Handler
                0x00000000000263a2                TIMER2_IRQHandler
                0x00000000000263a2                RTC0_IRQHandler
                0x00000000000263a2                SWI0_EGU0_IRQHandler
                0x00000000000263a2                SWI2_EGU2_IRQHandler
                0x00000000000263a2                GPIOTE_IRQHandler
                0x00000000000263a2                PWM1_IRQHandler
                0x00000000000263a2                POWER_CLOCK_IRQHandler
                0x00000000000263a2                RADIO_IRQHandler
                0x00000000000263a2                PDM_IRQHandler
                0x00000000000263a2                TEMP_IRQHandler
                0x00000000000263a2                QDEC_IRQHandler
                0x00000000000263a2                TIMER3_IRQHandler
                0x00000000000263a2                FPU_IRQHandler
                0x00000000000263a2                SPIM0_SPIS0_TWIM0_TWIS0_SPI0_TWI0_IRQHandler
                0x00000000000263a2                TIMER4_IRQHandler
                0x00000000000263a2                I2S_IRQHandler
                0x00000000000263a2                SWI4_EGU4_IRQHandler
                0x00000000000263a2                TIMER0_IRQHandler
                0x00000000000263a2                TIMER1_IRQHandler
                0x00000000000263a2                PWM2_IRQHandler
                0x00000000000263a2                ECB_IRQHandler
                0x00000000000263a2                SPIM1_SPIS1_TWIM1_TWIS1_SPI1_TWI1_IRQHandler
                0x00000000000263a2                Default_Handler
                0x00000000000263a2                SAADC_IRQHandler
                0x00000000000263a2                CCM_AAR_IRQHandler
                0x00000000000263a2                WDT_IRQHandler
                0x00000000000263a2                SWI5_EGU5_IRQHandler
                0x00000000000263a2                RNG_IRQHandler
                0x00000000000263a2                RTC2_IRQHandler
                0x00000000000263a2                PWM0_IRQHandler
                0x00000000000263a2                SWI3_EGU3_IRQHandler
                0x00000000000263a2                SWI1_EGU1_IRQHandler
                0x00000000000263a2                SPIM2_SPIS2_SPI2_IRQHandler
                0x00000000000263a2                NFCT_IRQHandler
                0x00000000000263a2                MWU_IRQHandler
                0x00000000000263a2                COMP_LPCOMP_IRQHandler
 .text.SystemInit
                0x00000000000263a4      0x388 /home/slombardo/projects/BadgersRunFirmware/Build/core/core.a(system_nrf52.c.o)
                0x00000000000263a4                SystemInit
 .text.pinMode  0x000000000002672c       0x84 /home/slombardo/projects/BadgersRunFirmware/Build/core/core.a(wiring_digital.c.o)
                0x000000000002672c                pinMode
 .text.digitalWrite
                0x00000000000267b0       0x2c /home/slombardo/projects/BadgersRunFirmware/Build/core/core.a(wiring_digital.c.o)
                0x00000000000267b0                digitalWrite
 .text.digitalRead
                0x00000000000267dc       0x34 /home/slombardo/projects/BadgersRunFirmware/Build/core/core.a(wiring_digital.c.o)
                0x00000000000267dc                digitalRead
 .text.ledOff   0x0000000000026810       0x1c /home/slombardo/projects/BadgersRunFirmware/Build/core/core.a(wiring_digital.c.o)
                0x0000000000026810                ledOff
 .text._Z19Bluefruit_printInfov
                0x000000000002682c        0x4 /home/slombardo/projects/BadgersRunFirmware/Build/core/core.a(main.cpp.o)
                0x000000000002682c                Bluefruit_printInfo()
 .text.startup.main
                0x0000000000026830       0x5c /home/slombardo/projects/BadgersRunFirmware/Build/core/core.a(main.cpp.o)
                0x0000000000026830                main
 .text._ZL9loop_taskPv
                0x000000000002688c       0x74 /home/slombardo/projects/BadgersRunFirmware/Build/core/core.a(main.cpp.o)
 .text._write   0x0000000000026900       0x14 /home/slombardo/projects/BadgersRunFirmware/Build/core/core.a(main.cpp.o)
                0x0000000000026900                _write
 .text.yield    0x0000000000026914       0x18 /home/slombardo/projects/BadgersRunFirmware/Build/core/core.a(rtos.cpp.o)
                0x0000000000026914                yield
 .text.vApplicationStackOverflowHook
                0x000000000002692c       0x40 /home/slombardo/projects/BadgersRunFirmware/Build/core/core.a(rtos.cpp.o)
                0x000000000002692c                vApplicationStackOverflowHook
 .text.vApplicationMallocFailedHook
                0x000000000002696c       0x44 /home/slombardo/projects/BadgersRunFirmware/Build/core/core.a(rtos.cpp.o)
                0x000000000002696c                vApplicationMallocFailedHook
 .text.vApplicationGetIdleTaskMemory
                0x00000000000269b0       0x1c /home/slombardo/projects/BadgersRunFirmware/Build/core/core.a(rtos.cpp.o)
                0x00000000000269b0                vApplicationGetIdleTaskMemory
 .text.vApplicationGetTimerTaskMemory
                0x00000000000269cc       0x20 /home/slombardo/projects/BadgersRunFirmware/Build/core/core.a(rtos.cpp.o)
                0x00000000000269cc                vApplicationGetTimerTaskMemory
 .text.HardFault_Handler
                0x00000000000269ec       0x24 /home/slombardo/projects/BadgersRunFirmware/Build/core/core.a(debug.cpp.o)
                0x00000000000269ec                HardFault_Handler
 .text.dbgPrintVersion
                0x0000000000026a10       0x3c /home/slombardo/projects/BadgersRunFirmware/Build/core/core.a(debug.cpp.o)
                0x0000000000026a10                dbgPrintVersion
 .text.dbg_err_str
                0x0000000000026a4c       0x2c /home/slombardo/projects/BadgersRunFirmware/Build/core/core.a(debug.cpp.o)
                0x0000000000026a4c                dbg_err_str
 .text.pvPortMalloc
                0x0000000000026a78       0x24 /home/slombardo/projects/BadgersRunFirmware/Build/core/core.a(heap_3.c.o)
                0x0000000000026a78                pvPortMalloc
 .text.vPortFree
                0x0000000000026a9c       0x1c /home/slombardo/projects/BadgersRunFirmware/Build/core/core.a(heap_3.c.o)
                0x0000000000026a9c                vPortFree
 .text.prvAddNewTaskToReadyList
                0x0000000000026ab8      0x124 /home/slombardo/projects/BadgersRunFirmware/Build/core/core.a(tasks.c.o)
 .text.xTaskCreateStatic
                0x0000000000026bdc       0xe0 /home/slombardo/projects/BadgersRunFirmware/Build/core/core.a(tasks.c.o)
                0x0000000000026bdc                xTaskCreateStatic
 .text.xTaskCreate
                0x0000000000026cbc       0xf0 /home/slombardo/projects/BadgersRunFirmware/Build/core/core.a(tasks.c.o)
                0x0000000000026cbc                xTaskCreate
 .text.vTaskStartScheduler
                0x0000000000026dac       0xcc /home/slombardo/projects/BadgersRunFirmware/Build/core/core.a(tasks.c.o)
                0x0000000000026dac                vTaskStartScheduler
 .text.vTaskSuspendAll
                0x0000000000026e78       0x10 /home/slombardo/projects/BadgersRunFirmware/Build/core/core.a(tasks.c.o)
                0x0000000000026e78                vTaskSuspendAll
 .text.xTaskGetTickCount
                0x0000000000026e88        0xc /home/slombardo/projects/BadgersRunFirmware/Build/core/core.a(tasks.c.o)
                0x0000000000026e88                xTaskGetTickCount
 .text.pcTaskGetName
                0x0000000000026e94       0x14 /home/slombardo/projects/BadgersRunFirmware/Build/core/core.a(tasks.c.o)
                0x0000000000026e94                pcTaskGetName
 .text.vTaskStepTick
                0x0000000000026ea8       0x10 /home/slombardo/projects/BadgersRunFirmware/Build/core/core.a(tasks.c.o)
                0x0000000000026ea8                vTaskStepTick
 .text.xTaskIncrementTick
                0x0000000000026eb8      0x134 /home/slombardo/projects/BadgersRunFirmware/Build/core/core.a(tasks.c.o)
                0x0000000000026eb8                xTaskIncrementTick
 .text.xTaskResumeAll
                0x0000000000026fec      0x120 /home/slombardo/projects/BadgersRunFirmware/Build/core/core.a(tasks.c.o)
                0x0000000000026fec                xTaskResumeAll
 .text.prvIdleTask
                0x000000000002710c      0x118 /home/slombardo/projects/BadgersRunFirmware/Build/core/core.a(tasks.c.o)
 .text.vTaskSwitchContext
                0x0000000000027224       0xbc /home/slombardo/projects/BadgersRunFirmware/Build/core/core.a(tasks.c.o)
                0x0000000000027224                vTaskSwitchContext
 .text.vTaskPlaceOnEventList
                0x00000000000272e0       0x78 /home/slombardo/projects/BadgersRunFirmware/Build/core/core.a(tasks.c.o)
                0x00000000000272e0                vTaskPlaceOnEventList
 .text.vTaskPlaceOnEventListRestricted
                0x0000000000027358       0x80 /home/slombardo/projects/BadgersRunFirmware/Build/core/core.a(tasks.c.o)
                0x0000000000027358                vTaskPlaceOnEventListRestricted
 .text.xTaskRemoveFromEventList
                0x00000000000273d8       0xa4 /home/slombardo/projects/BadgersRunFirmware/Build/core/core.a(tasks.c.o)
                0x00000000000273d8                xTaskRemoveFromEventList
 .text.vTaskInternalSetTimeOutState
                0x000000000002747c       0x18 /home/slombardo/projects/BadgersRunFirmware/Build/core/core.a(tasks.c.o)
                0x000000000002747c                vTaskInternalSetTimeOutState
 .text.xTaskCheckForTimeOut
                0x0000000000027494       0x68 /home/slombardo/projects/BadgersRunFirmware/Build/core/core.a(tasks.c.o)
                0x0000000000027494                xTaskCheckForTimeOut
 .text.vTaskMissedYield
                0x00000000000274fc        0xc /home/slombardo/projects/BadgersRunFirmware/Build/core/core.a(tasks.c.o)
                0x00000000000274fc                vTaskMissedYield
 .text.eTaskConfirmSleepModeStatus
                0x0000000000027508       0x38 /home/slombardo/projects/BadgersRunFirmware/Build/core/core.a(tasks.c.o)
                0x0000000000027508                eTaskConfirmSleepModeStatus
 .text.xTaskGetCurrentTaskHandle
                0x0000000000027540        0xc /home/slombardo/projects/BadgersRunFirmware/Build/core/core.a(tasks.c.o)
                0x0000000000027540                xTaskGetCurrentTaskHandle
 .text.xTaskGetSchedulerState
                0x000000000002754c       0x20 /home/slombardo/projects/BadgersRunFirmware/Build/core/core.a(tasks.c.o)
                0x000000000002754c                xTaskGetSchedulerState
 .text.xTaskPriorityInherit
                0x000000000002756c       0x8c /home/slombardo/projects/BadgersRunFirmware/Build/core/core.a(tasks.c.o)
                0x000000000002756c                xTaskPriorityInherit
 .text.xTaskPriorityDisinherit
                0x00000000000275f8       0x60 /home/slombardo/projects/BadgersRunFirmware/Build/core/core.a(tasks.c.o)
                0x00000000000275f8                xTaskPriorityDisinherit
 .text.vTaskPriorityDisinheritAfterTimeout
                0x0000000000027658       0x74 /home/slombardo/projects/BadgersRunFirmware/Build/core/core.a(tasks.c.o)
                0x0000000000027658                vTaskPriorityDisinheritAfterTimeout
 .text.pvTaskIncrementMutexHeldCount
                0x00000000000276cc       0x18 /home/slombardo/projects/BadgersRunFirmware/Build/core/core.a(tasks.c.o)
                0x00000000000276cc                pvTaskIncrementMutexHeldCount
 .text.prvSwitchTimerLists
                0x00000000000276e4       0x88 /home/slombardo/projects/BadgersRunFirmware/Build/core/core.a(timers.c.o)
 .text.prvTimerTask
                0x000000000002776c      0x240 /home/slombardo/projects/BadgersRunFirmware/Build/core/core.a(timers.c.o)
 .text.xTimerCreateTimerTask
                0x00000000000279ac       0xac /home/slombardo/projects/BadgersRunFirmware/Build/core/core.a(timers.c.o)
                0x00000000000279ac                xTimerCreateTimerTask
 .text.prvTaskExitError
                0x0000000000027a58        0x8 /home/slombardo/projects/BadgersRunFirmware/Build/core/core.a(port_cmsis.c.o)
 .text.pxPortInitialiseStack
                0x0000000000027a60       0x2c /home/slombardo/projects/BadgersRunFirmware/Build/core/core.a(port_cmsis.c.o)
                0x0000000000027a60                pxPortInitialiseStack
 .text.xPortStartScheduler
                0x0000000000027a8c       0x4c /home/slombardo/projects/BadgersRunFirmware/Build/core/core.a(port_cmsis.c.o)
                0x0000000000027a8c                xPortStartScheduler
 .text.vPortEnterCritical
                0x0000000000027ad8       0x14 /home/slombardo/projects/BadgersRunFirmware/Build/core/core.a(port_cmsis.c.o)
                0x0000000000027ad8                vPortEnterCritical
 .text.vPortExitCritical
                0x0000000000027aec       0x14 /home/slombardo/projects/BadgersRunFirmware/Build/core/core.a(port_cmsis.c.o)
                0x0000000000027aec                vPortExitCritical
 .text.sd_app_evt_wait
                0x0000000000027b00        0x4 /home/slombardo/projects/BadgersRunFirmware/Build/core/core.a(port_cmsis_systick.c.o)
 .text.sd_softdevice_is_enabled
                0x0000000000027b04        0x4 /home/slombardo/projects/BadgersRunFirmware/Build/core/core.a(port_cmsis_systick.c.o)
 .text.RTC1_IRQHandler
                0x0000000000027b08       0x88 /home/slombardo/projects/BadgersRunFirmware/Build/core/core.a(port_cmsis_systick.c.o)
                0x0000000000027b08                RTC1_IRQHandler
 .text.vPortSetupTimerInterrupt
                0x0000000000027b90       0x3c /home/slombardo/projects/BadgersRunFirmware/Build/core/core.a(port_cmsis_systick.c.o)
                0x0000000000027b90                vPortSetupTimerInterrupt
 .text.vPortSuppressTicksAndSleep
                0x0000000000027bcc      0x1c0 /home/slombardo/projects/BadgersRunFirmware/Build/core/core.a(port_cmsis_systick.c.o)
                0x0000000000027bcc                vPortSuppressTicksAndSleep
 .text.vPortStartFirstTask
                0x0000000000027d8c       0x24 /home/slombardo/projects/BadgersRunFirmware/Build/core/core.a(port.c.o)
                0x0000000000027d8c                vPortStartFirstTask
 .text.SVC_Handler
                0x0000000000027db0       0x20 /home/slombardo/projects/BadgersRunFirmware/Build/core/core.a(port.c.o)
                0x0000000000027db0                SVC_Handler
 .text.PendSV_Handler
                0x0000000000027dd0       0x60 /home/slombardo/projects/BadgersRunFirmware/Build/core/core.a(port.c.o)
                0x0000000000027dd0                PendSV_Handler
 .text.__empty  0x0000000000027e30        0x4 /home/slombardo/projects/BadgersRunFirmware/Build/core/core.a(hooks.c.o)
                0x0000000000027e30                vApplicationIdleHook
 .text.adafruit_callback_task
                0x0000000000027e34       0xc4 /home/slombardo/projects/BadgersRunFirmware/Build/core/core.a(AdaCallback.c.o)
                0x0000000000027e34                adafruit_callback_task
 .text.ada_callback_init
                0x0000000000027ef8       0x48 /home/slombardo/projects/BadgersRunFirmware/Build/core/core.a(AdaCallback.c.o)
                0x0000000000027ef8                ada_callback_init
 .text.lookup_find
                0x0000000000027f40       0x28 /home/slombardo/projects/BadgersRunFirmware/Build/core/core.a(utilities.c.o)
                0x0000000000027f40                lookup_find
 .text.getBootloaderVersion
                0x0000000000027f68       0x80 /home/slombardo/projects/BadgersRunFirmware/Build/core/core.a(utilities.c.o)
                0x0000000000027f68                getBootloaderVersion
 .text.getMcuUniqueID
                0x0000000000027fe8       0x28 /home/slombardo/projects/BadgersRunFirmware/Build/core/core.a(utilities.c.o)
                0x0000000000027fe8                getMcuUniqueID
 .text.init     0x0000000000028010       0x5c /home/slombardo/projects/BadgersRunFirmware/Build/core/core.a(wiring.c.o)
                0x0000000000028010                init
 .text._ZN5Print17availableForWriteEv
                0x000000000002806c        0x4 /home/slombardo/projects/BadgersRunFirmware/Build/core/core.a(Uart.cpp.o)
                0x000000000002806c                Print::availableForWrite()
 .text._ZN4UartcvbEv
                0x0000000000028070        0x8 /home/slombardo/projects/BadgersRunFirmware/Build/core/core.a(Uart.cpp.o)
                0x0000000000028070                Uart::operator bool()
 .text._ZN4Uart3endEv
                0x0000000000028078       0x70 /home/slombardo/projects/BadgersRunFirmware/Build/core/core.a(Uart.cpp.o)
                0x0000000000028078                Uart::end()
 .text._ZN4Uart9availableEv
                0x00000000000280e8        0x8 /home/slombardo/projects/BadgersRunFirmware/Build/core/core.a(Uart.cpp.o)
                0x00000000000280e8                Uart::available()
 .text._ZN4Uart4peekEv
                0x00000000000280f0        0x8 /home/slombardo/projects/BadgersRunFirmware/Build/core/core.a(Uart.cpp.o)
                0x00000000000280f0                Uart::peek()
 .text._ZN4Uart4readEv
                0x00000000000280f8        0x8 /home/slombardo/projects/BadgersRunFirmware/Build/core/core.a(Uart.cpp.o)
                0x00000000000280f8                Uart::read()
 .text._ZN4Uart5flushEv
                0x0000000000028100       0x2c /home/slombardo/projects/BadgersRunFirmware/Build/core/core.a(Uart.cpp.o)
                0x0000000000028100                Uart::flush()
 .text._ZN4Uart5writeEh
                0x000000000002812c       0x48 /home/slombardo/projects/BadgersRunFirmware/Build/core/core.a(Uart.cpp.o)
                0x000000000002812c                Uart::write(unsigned char)
 .text._ZN4Uart5writeEPKhj
                0x0000000000028174       0x54 /home/slombardo/projects/BadgersRunFirmware/Build/core/core.a(Uart.cpp.o)
                0x0000000000028174                Uart::write(unsigned char const*, unsigned int)
 .text._ZN4Uart5beginEm
                0x00000000000281c8      0x1bc /home/slombardo/projects/BadgersRunFirmware/Build/core/core.a(Uart.cpp.o)
                0x00000000000281c8                Uart::begin(unsigned long)
 .text._ZN4Uart5beginEmt
                0x0000000000028384      0x1a0 /home/slombardo/projects/BadgersRunFirmware/Build/core/core.a(Uart.cpp.o)
                0x0000000000028384                Uart::begin(unsigned long, unsigned short)
 .text._Z14serialEventRunv
                0x0000000000028524       0x20 /home/slombardo/projects/BadgersRunFirmware/Build/core/core.a(Uart.cpp.o)
                0x0000000000028524                serialEventRun()
 .text.UARTE0_UART0_IRQHandler
                0x0000000000028544       0x4c /home/slombardo/projects/BadgersRunFirmware/Build/core/core.a(Uart.cpp.o)
                0x0000000000028544                UARTE0_UART0_IRQHandler
 .text.startup._GLOBAL__sub_I__ZN4UartC2EP14NRF_UARTE_Type9IRQn_Typehh
                0x0000000000028590       0x4c /home/slombardo/projects/BadgersRunFirmware/Build/core/core.a(Uart.cpp.o)
 .text.vListInitialise
                0x00000000000285dc       0x18 /home/slombardo/projects/BadgersRunFirmware/Build/core/core.a(list.c.o)
                0x00000000000285dc                vListInitialise
 .text.vListInitialiseItem
                0x00000000000285f4        0x8 /home/slombardo/projects/BadgersRunFirmware/Build/core/core.a(list.c.o)
                0x00000000000285f4                vListInitialiseItem
 .text.vListInsertEnd
                0x00000000000285fc       0x20 /home/slombardo/projects/BadgersRunFirmware/Build/core/core.a(list.c.o)
                0x00000000000285fc                vListInsertEnd
 .text.vListInsert
                0x000000000002861c       0x30 /home/slombardo/projects/BadgersRunFirmware/Build/core/core.a(list.c.o)
                0x000000000002861c                vListInsert
 .text.uxListRemove
                0x000000000002864c       0x28 /home/slombardo/projects/BadgersRunFirmware/Build/core/core.a(list.c.o)
                0x000000000002864c                uxListRemove
 .text.xQueueGenericCreateStatic
                0x0000000000028674       0x60 /home/slombardo/projects/BadgersRunFirmware/Build/core/core.a(queue.c.o)
                0x0000000000028674                xQueueGenericCreateStatic
 .text.xQueueGenericCreate
                0x00000000000286d4       0x84 /home/slombardo/projects/BadgersRunFirmware/Build/core/core.a(queue.c.o)
                0x00000000000286d4                xQueueGenericCreate
 .text.xQueueGenericSend
                0x0000000000028758      0x360 /home/slombardo/projects/BadgersRunFirmware/Build/core/core.a(queue.c.o)
                0x0000000000028758                xQueueGenericSend
 .text.xQueueCreateMutex
                0x0000000000028ab8       0x70 /home/slombardo/projects/BadgersRunFirmware/Build/core/core.a(queue.c.o)
                0x0000000000028ab8                xQueueCreateMutex
 .text.xQueueGiveFromISR
                0x0000000000028b28       0x60 /home/slombardo/projects/BadgersRunFirmware/Build/core/core.a(queue.c.o)
                0x0000000000028b28                xQueueGiveFromISR
 .text.xQueueReceive
                0x0000000000028b88      0x2b8 /home/slombardo/projects/BadgersRunFirmware/Build/core/core.a(queue.c.o)
                0x0000000000028b88                xQueueReceive
 .text.xQueueSemaphoreTake
                0x0000000000028e40      0x2f8 /home/slombardo/projects/BadgersRunFirmware/Build/core/core.a(queue.c.o)
                0x0000000000028e40                xQueueSemaphoreTake
 .text.vQueueDelete
                0x0000000000029138       0x48 /home/slombardo/projects/BadgersRunFirmware/Build/core/core.a(queue.c.o)
                0x0000000000029138                vQueueDelete
 .text.vQueueAddToRegistry
                0x0000000000029180       0x24 /home/slombardo/projects/BadgersRunFirmware/Build/core/core.a(queue.c.o)
                0x0000000000029180                vQueueAddToRegistry
 .text.vQueueWaitForMessageRestricted
                0x00000000000291a4       0xcc /home/slombardo/projects/BadgersRunFirmware/Build/core/core.a(queue.c.o)
                0x00000000000291a4                vQueueWaitForMessageRestricted
 .text._ZN10RingBufferC2Ev
                0x0000000000029270       0x18 /home/slombardo/projects/BadgersRunFirmware/Build/core/core.a(RingBuffer.cpp.o)
                0x0000000000029270                RingBuffer::RingBuffer()
                0x0000000000029270                RingBuffer::RingBuffer()
 .text._ZN10RingBuffer10store_charEh
                0x0000000000029288       0x1c /home/slombardo/projects/BadgersRunFirmware/Build/core/core.a(RingBuffer.cpp.o)
                0x0000000000029288                RingBuffer::store_char(unsigned char)
 .text._ZN10RingBuffer5clearEv
                0x00000000000292a4        0x8 /home/slombardo/projects/BadgersRunFirmware/Build/core/core.a(RingBuffer.cpp.o)
                0x00000000000292a4                RingBuffer::clear()
 .text._ZN10RingBuffer9read_charEv
                0x00000000000292ac       0x1c /home/slombardo/projects/BadgersRunFirmware/Build/core/core.a(RingBuffer.cpp.o)
                0x00000000000292ac                RingBuffer::read_char()
 .text._ZN10RingBuffer9availableEv
                0x00000000000292c8        0xc /home/slombardo/projects/BadgersRunFirmware/Build/core/core.a(RingBuffer.cpp.o)
                0x00000000000292c8                RingBuffer::available()
 .text._ZN10RingBuffer4peekEv
                0x00000000000292d4       0x10 /home/slombardo/projects/BadgersRunFirmware/Build/core/core.a(RingBuffer.cpp.o)
                0x00000000000292d4                RingBuffer::peek()
 .text.exit     0x00000000000292e4       0x28 /home/slombardo/.arduino15/packages/adafruit/tools/arm-none-eabi-gcc/9-2019q4/bin/../lib/gcc/arm-none-eabi/9.2.1/../../../../arm-none-eabi/lib/thumb/v7e-m+fp/hard/libc_nano.a(lib_a-exit.o)
                0x00000000000292e4                exit
 .text.__libc_init_array
                0x000000000002930c       0x48 /home/slombardo/.arduino15/packages/adafruit/tools/arm-none-eabi-gcc/9-2019q4/bin/../lib/gcc/arm-none-eabi/9.2.1/../../../../arm-none-eabi/lib/thumb/v7e-m+fp/hard/libc_nano.a(lib_a-init.o)
                0x000000000002930c                __libc_init_array
 .text.malloc   0x0000000000029354       0x10 /home/slombardo/.arduino15/packages/adafruit/tools/arm-none-eabi-gcc/9-2019q4/bin/../lib/gcc/arm-none-eabi/9.2.1/../../../../arm-none-eabi/lib/thumb/v7e-m+fp/hard/libc_nano.a(lib_a-malloc.o)
                0x0000000000029354                malloc
 .text.free     0x0000000000029364       0x10 /home/slombardo/.arduino15/packages/adafruit/tools/arm-none-eabi-gcc/9-2019q4/bin/../lib/gcc/arm-none-eabi/9.2.1/../../../../arm-none-eabi/lib/thumb/v7e-m+fp/hard/libc_nano.a(lib_a-malloc.o)
                0x0000000000029364                free
 .text.memcpy   0x0000000000029374       0x1c /home/slombardo/.arduino15/packages/adafruit/tools/arm-none-eabi-gcc/9-2019q4/bin/../lib/gcc/arm-none-eabi/9.2.1/../../../../arm-none-eabi/lib/thumb/v7e-m+fp/hard/libc_nano.a(lib_a-memcpy-stub.o)
                0x0000000000029374                memcpy
 .text.memset   0x0000000000029390       0x10 /home/slombardo/.arduino15/packages/adafruit/tools/arm-none-eabi-gcc/9-2019q4/bin/../lib/gcc/arm-none-eabi/9.2.1/../../../../arm-none-eabi/lib/thumb/v7e-m+fp/hard/libc_nano.a(lib_a-memset.o)
                0x0000000000029390                memset
 .text._free_r  0x00000000000293a0       0xa0 /home/slombardo/.arduino15/packages/adafruit/tools/arm-none-eabi-gcc/9-2019q4/bin/../lib/gcc/arm-none-eabi/9.2.1/../../../../arm-none-eabi/lib/thumb/v7e-m+fp/hard/libc_nano.a(lib_a-nano-freer.o)
                0x00000000000293a0                _free_r
 .text._malloc_r
                0x0000000000029440       0xb4 /home/slombardo/.arduino15/packages/adafruit/tools/arm-none-eabi-gcc/9-2019q4/bin/../lib/gcc/arm-none-eabi/9.2.1/../../../../arm-none-eabi/lib/thumb/v7e-m+fp/hard/libc_nano.a(lib_a-nano-mallocr.o)
                0x0000000000029440                _malloc_r
 .text.__cvt    0x00000000000294f4       0xc4 /home/slombardo/.arduino15/packages/adafruit/tools/arm-none-eabi-gcc/9-2019q4/bin/../lib/gcc/arm-none-eabi/9.2.1/../../../../arm-none-eabi/lib/thumb/v7e-m+fp/hard/libc_nano.a(lib_a-nano-vfprintf_float.o)
                0x00000000000294f4                __cvt
 .text.__exponent
                0x00000000000295b8       0x7c /home/slombardo/.arduino15/packages/adafruit/tools/arm-none-eabi-gcc/9-2019q4/bin/../lib/gcc/arm-none-eabi/9.2.1/../../../../arm-none-eabi/lib/thumb/v7e-m+fp/hard/libc_nano.a(lib_a-nano-vfprintf_float.o)
                0x00000000000295b8                __exponent
 .text._printf_float
                0x0000000000029634      0x46c /home/slombardo/.arduino15/packages/adafruit/tools/arm-none-eabi-gcc/9-2019q4/bin/../lib/gcc/arm-none-eabi/9.2.1/../../../../arm-none-eabi/lib/thumb/v7e-m+fp/hard/libc_nano.a(lib_a-nano-vfprintf_float.o)
                0x0000000000029634                _printf_float
 .text._printf_common
                0x0000000000029aa0       0xda /home/slombardo/.arduino15/packages/adafruit/tools/arm-none-eabi-gcc/9-2019q4/bin/../lib/gcc/arm-none-eabi/9.2.1/../../../../arm-none-eabi/lib/thumb/v7e-m+fp/hard/libc_nano.a(lib_a-nano-vfprintf_i.o)
                0x0000000000029aa0                _printf_common
 *fill*         0x0000000000029b7a        0x2 
 .text._printf_i
                0x0000000000029b7c      0x24c /home/slombardo/.arduino15/packages/adafruit/tools/arm-none-eabi-gcc/9-2019q4/bin/../lib/gcc/arm-none-eabi/9.2.1/../../../../arm-none-eabi/lib/thumb/v7e-m+fp/hard/libc_nano.a(lib_a-nano-vfprintf_i.o)
                0x0000000000029b7c                _printf_i
 .text.printf   0x0000000000029dc8       0x30 /home/slombardo/.arduino15/packages/adafruit/tools/arm-none-eabi-gcc/9-2019q4/bin/../lib/gcc/arm-none-eabi/9.2.1/../../../../arm-none-eabi/lib/thumb/v7e-m+fp/hard/libc_nano.a(lib_a-printf.o)
                0x0000000000029dc8                printf
                0x0000000000029dc8                iprintf
 .text.putchar  0x0000000000029df8       0x2c /home/slombardo/.arduino15/packages/adafruit/tools/arm-none-eabi-gcc/9-2019q4/bin/../lib/gcc/arm-none-eabi/9.2.1/../../../../arm-none-eabi/lib/thumb/v7e-m+fp/hard/libc_nano.a(lib_a-putchar.o)
                0x0000000000029df8                putchar
 .text._puts_r  0x0000000000029e24       0xdc /home/slombardo/.arduino15/packages/adafruit/tools/arm-none-eabi-gcc/9-2019q4/bin/../lib/gcc/arm-none-eabi/9.2.1/../../../../arm-none-eabi/lib/thumb/v7e-m+fp/hard/libc_nano.a(lib_a-puts.o)
                0x0000000000029e24                _puts_r
 .text.puts     0x0000000000029f00       0x10 /home/slombardo/.arduino15/packages/adafruit/tools/arm-none-eabi-gcc/9-2019q4/bin/../lib/gcc/arm-none-eabi/9.2.1/../../../../arm-none-eabi/lib/thumb/v7e-m+fp/hard/libc_nano.a(lib_a-puts.o)
                0x0000000000029f00                puts
 .text._sbrk_r  0x0000000000029f10       0x20 /home/slombardo/.arduino15/packages/adafruit/tools/arm-none-eabi-gcc/9-2019q4/bin/../lib/gcc/arm-none-eabi/9.2.1/../../../../arm-none-eabi/lib/thumb/v7e-m+fp/hard/libc_nano.a(lib_a-sbrkr.o)
                0x0000000000029f10                _sbrk_r
 .text.sprintf  0x0000000000029f30       0x40 /home/slombardo/.arduino15/packages/adafruit/tools/arm-none-eabi-gcc/9-2019q4/bin/../lib/gcc/arm-none-eabi/9.2.1/../../../../arm-none-eabi/lib/thumb/v7e-m+fp/hard/libc_nano.a(lib_a-sprintf.o)
                0x0000000000029f30                sprintf
                0x0000000000029f30                siprintf
 .text          0x0000000000029f70       0x10 /home/slombardo/.arduino15/packages/adafruit/tools/arm-none-eabi-gcc/9-2019q4/bin/../lib/gcc/arm-none-eabi/9.2.1/../../../../arm-none-eabi/lib/thumb/v7e-m+fp/hard/libc_nano.a(lib_a-strlen.o)
                0x0000000000029f70                strlen
 .text.__swbuf_r
                0x0000000000029f80       0xa4 /home/slombardo/.arduino15/packages/adafruit/tools/arm-none-eabi-gcc/9-2019q4/bin/../lib/gcc/arm-none-eabi/9.2.1/../../../../arm-none-eabi/lib/thumb/v7e-m+fp/hard/libc_nano.a(lib_a-wbuf.o)
                0x0000000000029f80                __swbuf_r
 .text.__swsetup_r
                0x000000000002a024       0xdc /home/slombardo/.arduino15/packages/adafruit/tools/arm-none-eabi-gcc/9-2019q4/bin/../lib/gcc/arm-none-eabi/9.2.1/../../../../arm-none-eabi/lib/thumb/v7e-m+fp/hard/libc_nano.a(lib_a-wsetup.o)
                0x000000000002a024                __swsetup_r
 .text.quorem   0x000000000002a100      0x116 /home/slombardo/.arduino15/packages/adafruit/tools/arm-none-eabi-gcc/9-2019q4/bin/../lib/gcc/arm-none-eabi/9.2.1/../../../../arm-none-eabi/lib/thumb/v7e-m+fp/hard/libc_nano.a(lib_a-dtoa.o)
 *fill*         0x000000000002a216        0x2 
 .text._dtoa_r  0x000000000002a218      0xbbc /home/slombardo/.arduino15/packages/adafruit/tools/arm-none-eabi-gcc/9-2019q4/bin/../lib/gcc/arm-none-eabi/9.2.1/../../../../arm-none-eabi/lib/thumb/v7e-m+fp/hard/libc_nano.a(lib_a-dtoa.o)
                0x000000000002a218                _dtoa_r
 .text.__sflush_r
                0x000000000002add4      0x10c /home/slombardo/.arduino15/packages/adafruit/tools/arm-none-eabi-gcc/9-2019q4/bin/../lib/gcc/arm-none-eabi/9.2.1/../../../../arm-none-eabi/lib/thumb/v7e-m+fp/hard/libc_nano.a(lib_a-fflush.o)
                0x000000000002add4                __sflush_r
 .text._fflush_r
                0x000000000002aee0       0x78 /home/slombardo/.arduino15/packages/adafruit/tools/arm-none-eabi-gcc/9-2019q4/bin/../lib/gcc/arm-none-eabi/9.2.1/../../../../arm-none-eabi/lib/thumb/v7e-m+fp/hard/libc_nano.a(lib_a-fflush.o)
                0x000000000002aee0                _fflush_r
 .text.std      0x000000000002af58       0x48 /home/slombardo/.arduino15/packages/adafruit/tools/arm-none-eabi-gcc/9-2019q4/bin/../lib/gcc/arm-none-eabi/9.2.1/../../../../arm-none-eabi/lib/thumb/v7e-m+fp/hard/libc_nano.a(lib_a-findfp.o)
 .text._cleanup_r
                0x000000000002afa0        0xc /home/slombardo/.arduino15/packages/adafruit/tools/arm-none-eabi-gcc/9-2019q4/bin/../lib/gcc/arm-none-eabi/9.2.1/../../../../arm-none-eabi/lib/thumb/v7e-m+fp/hard/libc_nano.a(lib_a-findfp.o)
                0x000000000002afa0                _cleanup_r
 .text.__sfmoreglue
                0x000000000002afac       0x2c /home/slombardo/.arduino15/packages/adafruit/tools/arm-none-eabi-gcc/9-2019q4/bin/../lib/gcc/arm-none-eabi/9.2.1/../../../../arm-none-eabi/lib/thumb/v7e-m+fp/hard/libc_nano.a(lib_a-findfp.o)
                0x000000000002afac                __sfmoreglue
 .text.__sfp_lock_acquire
                0x000000000002afd8        0xc /home/slombardo/.arduino15/packages/adafruit/tools/arm-none-eabi-gcc/9-2019q4/bin/../lib/gcc/arm-none-eabi/9.2.1/../../../../arm-none-eabi/lib/thumb/v7e-m+fp/hard/libc_nano.a(lib_a-findfp.o)
                0x000000000002afd8                __sfp_lock_acquire
 .text.__sfp_lock_release
                0x000000000002afe4        0xc /home/slombardo/.arduino15/packages/adafruit/tools/arm-none-eabi-gcc/9-2019q4/bin/../lib/gcc/arm-none-eabi/9.2.1/../../../../arm-none-eabi/lib/thumb/v7e-m+fp/hard/libc_nano.a(lib_a-findfp.o)
                0x000000000002afe4                __sfp_lock_release
 .text.__sinit_lock_acquire
                0x000000000002aff0        0xc /home/slombardo/.arduino15/packages/adafruit/tools/arm-none-eabi-gcc/9-2019q4/bin/../lib/gcc/arm-none-eabi/9.2.1/../../../../arm-none-eabi/lib/thumb/v7e-m+fp/hard/libc_nano.a(lib_a-findfp.o)
                0x000000000002aff0                __sinit_lock_acquire
 .text.__sinit_lock_release
                0x000000000002affc        0xc /home/slombardo/.arduino15/packages/adafruit/tools/arm-none-eabi-gcc/9-2019q4/bin/../lib/gcc/arm-none-eabi/9.2.1/../../../../arm-none-eabi/lib/thumb/v7e-m+fp/hard/libc_nano.a(lib_a-findfp.o)
                0x000000000002affc                __sinit_lock_release
 .text.__sinit  0x000000000002b008       0x70 /home/slombardo/.arduino15/packages/adafruit/tools/arm-none-eabi-gcc/9-2019q4/bin/../lib/gcc/arm-none-eabi/9.2.1/../../../../arm-none-eabi/lib/thumb/v7e-m+fp/hard/libc_nano.a(lib_a-findfp.o)
                0x000000000002b008                __sinit
 .text.__sfp    0x000000000002b078       0x8c /home/slombardo/.arduino15/packages/adafruit/tools/arm-none-eabi-gcc/9-2019q4/bin/../lib/gcc/arm-none-eabi/9.2.1/../../../../arm-none-eabi/lib/thumb/v7e-m+fp/hard/libc_nano.a(lib_a-findfp.o)
                0x000000000002b078                __sfp
 .text._fwalk_reent
                0x000000000002b104       0x3e /home/slombardo/.arduino15/packages/adafruit/tools/arm-none-eabi-gcc/9-2019q4/bin/../lib/gcc/arm-none-eabi/9.2.1/../../../../arm-none-eabi/lib/thumb/v7e-m+fp/hard/libc_nano.a(lib_a-fwalk.o)
                0x000000000002b104                _fwalk_reent
 *fill*         0x000000000002b142        0x2 
 .text._localeconv_r
                0x000000000002b144        0x8 /home/slombardo/.arduino15/packages/adafruit/tools/arm-none-eabi-gcc/9-2019q4/bin/../lib/gcc/arm-none-eabi/9.2.1/../../../../arm-none-eabi/lib/thumb/v7e-m+fp/hard/libc_nano.a(lib_a-localeconv.o)
                0x000000000002b144                _localeconv_r
 .text.__retarget_lock_init_recursive
                0x000000000002b14c        0x2 /home/slombardo/.arduino15/packages/adafruit/tools/arm-none-eabi-gcc/9-2019q4/bin/../lib/gcc/arm-none-eabi/9.2.1/../../../../arm-none-eabi/lib/thumb/v7e-m+fp/hard/libc_nano.a(lib_a-lock.o)
                0x000000000002b14c                __retarget_lock_init_recursive
 .text.__retarget_lock_acquire_recursive
                0x000000000002b14e        0x2 /home/slombardo/.arduino15/packages/adafruit/tools/arm-none-eabi-gcc/9-2019q4/bin/../lib/gcc/arm-none-eabi/9.2.1/../../../../arm-none-eabi/lib/thumb/v7e-m+fp/hard/libc_nano.a(lib_a-lock.o)
                0x000000000002b14e                __retarget_lock_acquire_recursive
 .text.__retarget_lock_release_recursive
                0x000000000002b150        0x2 /home/slombardo/.arduino15/packages/adafruit/tools/arm-none-eabi-gcc/9-2019q4/bin/../lib/gcc/arm-none-eabi/9.2.1/../../../../arm-none-eabi/lib/thumb/v7e-m+fp/hard/libc_nano.a(lib_a-lock.o)
                0x000000000002b150                __retarget_lock_release_recursive
 .text.__swhatbuf_r
                0x000000000002b152       0x48 /home/slombardo/.arduino15/packages/adafruit/tools/arm-none-eabi-gcc/9-2019q4/bin/../lib/gcc/arm-none-eabi/9.2.1/../../../../arm-none-eabi/lib/thumb/v7e-m+fp/hard/libc_nano.a(lib_a-makebuf.o)
                0x000000000002b152                __swhatbuf_r
 *fill*         0x000000000002b19a        0x2 
 .text.__smakebuf_r
                0x000000000002b19c       0x80 /home/slombardo/.arduino15/packages/adafruit/tools/arm-none-eabi-gcc/9-2019q4/bin/../lib/gcc/arm-none-eabi/9.2.1/../../../../arm-none-eabi/lib/thumb/v7e-m+fp/hard/libc_nano.a(lib_a-makebuf.o)
                0x000000000002b19c                __smakebuf_r
 *fill*         0x000000000002b21c        0x4 
 .text          0x000000000002b220       0xa0 /home/slombardo/.arduino15/packages/adafruit/tools/arm-none-eabi-gcc/9-2019q4/bin/../lib/gcc/arm-none-eabi/9.2.1/../../../../arm-none-eabi/lib/thumb/v7e-m+fp/hard/libc_nano.a(lib_a-memchr.o)
                0x000000000002b220                memchr
 .text.__malloc_lock
                0x000000000002b2c0        0xc /home/slombardo/.arduino15/packages/adafruit/tools/arm-none-eabi-gcc/9-2019q4/bin/../lib/gcc/arm-none-eabi/9.2.1/../../../../arm-none-eabi/lib/thumb/v7e-m+fp/hard/libc_nano.a(lib_a-mlock.o)
                0x000000000002b2c0                __malloc_lock
 .text.__malloc_unlock
                0x000000000002b2cc        0xc /home/slombardo/.arduino15/packages/adafruit/tools/arm-none-eabi-gcc/9-2019q4/bin/../lib/gcc/arm-none-eabi/9.2.1/../../../../arm-none-eabi/lib/thumb/v7e-m+fp/hard/libc_nano.a(lib_a-mlock.o)
                0x000000000002b2cc                __malloc_unlock
 .text._Balloc  0x000000000002b2d8       0x68 /home/slombardo/.arduino15/packages/adafruit/tools/arm-none-eabi-gcc/9-2019q4/bin/../lib/gcc/arm-none-eabi/9.2.1/../../../../arm-none-eabi/lib/thumb/v7e-m+fp/hard/libc_nano.a(lib_a-mprec.o)
                0x000000000002b2d8                _Balloc
 .text._Bfree   0x000000000002b340       0x2e /home/slombardo/.arduino15/packages/adafruit/tools/arm-none-eabi-gcc/9-2019q4/bin/../lib/gcc/arm-none-eabi/9.2.1/../../../../arm-none-eabi/lib/thumb/v7e-m+fp/hard/libc_nano.a(lib_a-mprec.o)
                0x000000000002b340                _Bfree
 .text.__multadd
                0x000000000002b36e       0x7c /home/slombardo/.arduino15/packages/adafruit/tools/arm-none-eabi-gcc/9-2019q4/bin/../lib/gcc/arm-none-eabi/9.2.1/../../../../arm-none-eabi/lib/thumb/v7e-m+fp/hard/libc_nano.a(lib_a-mprec.o)
                0x000000000002b36e                __multadd
 .text.__hi0bits
                0x000000000002b3ea       0x40 /home/slombardo/.arduino15/packages/adafruit/tools/arm-none-eabi-gcc/9-2019q4/bin/../lib/gcc/arm-none-eabi/9.2.1/../../../../arm-none-eabi/lib/thumb/v7e-m+fp/hard/libc_nano.a(lib_a-mprec.o)
                0x000000000002b3ea                __hi0bits
 .text.__lo0bits
                0x000000000002b42a       0x60 /home/slombardo/.arduino15/packages/adafruit/tools/arm-none-eabi-gcc/9-2019q4/bin/../lib/gcc/arm-none-eabi/9.2.1/../../../../arm-none-eabi/lib/thumb/v7e-m+fp/hard/libc_nano.a(lib_a-mprec.o)
                0x000000000002b42a                __lo0bits
 .text.__i2b    0x000000000002b48a       0x12 /home/slombardo/.arduino15/packages/adafruit/tools/arm-none-eabi-gcc/9-2019q4/bin/../lib/gcc/arm-none-eabi/9.2.1/../../../../arm-none-eabi/lib/thumb/v7e-m+fp/hard/libc_nano.a(lib_a-mprec.o)
                0x000000000002b48a                __i2b
 .text.__multiply
                0x000000000002b49c      0x138 /home/slombardo/.arduino15/packages/adafruit/tools/arm-none-eabi-gcc/9-2019q4/bin/../lib/gcc/arm-none-eabi/9.2.1/../../../../arm-none-eabi/lib/thumb/v7e-m+fp/hard/libc_nano.a(lib_a-mprec.o)
                0x000000000002b49c                __multiply
 .text.__pow5mult
                0x000000000002b5d4       0x9c /home/slombardo/.arduino15/packages/adafruit/tools/arm-none-eabi-gcc/9-2019q4/bin/../lib/gcc/arm-none-eabi/9.2.1/../../../../arm-none-eabi/lib/thumb/v7e-m+fp/hard/libc_nano.a(lib_a-mprec.o)
                0x000000000002b5d4                __pow5mult
 .text.__lshift
                0x000000000002b670       0xbe /home/slombardo/.arduino15/packages/adafruit/tools/arm-none-eabi-gcc/9-2019q4/bin/../lib/gcc/arm-none-eabi/9.2.1/../../../../arm-none-eabi/lib/thumb/v7e-m+fp/hard/libc_nano.a(lib_a-mprec.o)
                0x000000000002b670                __lshift
 .text.__mcmp   0x000000000002b72e       0x38 /home/slombardo/.arduino15/packages/adafruit/tools/arm-none-eabi-gcc/9-2019q4/bin/../lib/gcc/arm-none-eabi/9.2.1/../../../../arm-none-eabi/lib/thumb/v7e-m+fp/hard/libc_nano.a(lib_a-mprec.o)
                0x000000000002b72e                __mcmp
 .text.__mdiff  0x000000000002b766       0xec /home/slombardo/.arduino15/packages/adafruit/tools/arm-none-eabi-gcc/9-2019q4/bin/../lib/gcc/arm-none-eabi/9.2.1/../../../../arm-none-eabi/lib/thumb/v7e-m+fp/hard/libc_nano.a(lib_a-mprec.o)
                0x000000000002b766                __mdiff
 .text.__d2b    0x000000000002b852       0xa0 /home/slombardo/.arduino15/packages/adafruit/tools/arm-none-eabi-gcc/9-2019q4/bin/../lib/gcc/arm-none-eabi/9.2.1/../../../../arm-none-eabi/lib/thumb/v7e-m+fp/hard/libc_nano.a(lib_a-mprec.o)
                0x000000000002b852                __d2b
 .text._calloc_r
                0x000000000002b8f2       0x1e /home/slombardo/.arduino15/packages/adafruit/tools/arm-none-eabi-gcc/9-2019q4/bin/../lib/gcc/arm-none-eabi/9.2.1/../../../../arm-none-eabi/lib/thumb/v7e-m+fp/hard/libc_nano.a(lib_a-nano-callocr.o)
                0x000000000002b8f2                _calloc_r
 .text.__ssputs_r
                0x000000000002b910       0xb6 /home/slombardo/.arduino15/packages/adafruit/tools/arm-none-eabi-gcc/9-2019q4/bin/../lib/gcc/arm-none-eabi/9.2.1/../../../../arm-none-eabi/lib/thumb/v7e-m+fp/hard/libc_nano.a(lib_a-nano-svfprintf.o)
                0x000000000002b910                __ssputs_r
 *fill*         0x000000000002b9c6        0x2 
 .text._svfprintf_r
                0x000000000002b9c8      0x200 /home/slombardo/.arduino15/packages/adafruit/tools/arm-none-eabi-gcc/9-2019q4/bin/../lib/gcc/arm-none-eabi/9.2.1/../../../../arm-none-eabi/lib/thumb/v7e-m+fp/hard/libc_nano.a(lib_a-nano-svfprintf.o)
                0x000000000002b9c8                _svfprintf_r
                0x000000000002b9c8                _svfiprintf_r
 .text.__sfputc_r
                0x000000000002bbc8       0x2e /home/slombardo/.arduino15/packages/adafruit/tools/arm-none-eabi-gcc/9-2019q4/bin/../lib/gcc/arm-none-eabi/9.2.1/../../../../arm-none-eabi/lib/thumb/v7e-m+fp/hard/libc_nano.a(lib_a-nano-vfprintf.o)
 .text.__sfputs_r
                0x000000000002bbf6       0x24 /home/slombardo/.arduino15/packages/adafruit/tools/arm-none-eabi-gcc/9-2019q4/bin/../lib/gcc/arm-none-eabi/9.2.1/../../../../arm-none-eabi/lib/thumb/v7e-m+fp/hard/libc_nano.a(lib_a-nano-vfprintf.o)
                0x000000000002bbf6                __sfputs_r
 *fill*         0x000000000002bc1a        0x2 
 .text._vfprintf_r
                0x000000000002bc1c      0x260 /home/slombardo/.arduino15/packages/adafruit/tools/arm-none-eabi-gcc/9-2019q4/bin/../lib/gcc/arm-none-eabi/9.2.1/../../../../arm-none-eabi/lib/thumb/v7e-m+fp/hard/libc_nano.a(lib_a-nano-vfprintf.o)
                0x000000000002bc1c                _vfiprintf_r
                0x000000000002bc1c                _vfprintf_r
 .text._putc_r  0x000000000002be7c       0x90 /home/slombardo/.arduino15/packages/adafruit/tools/arm-none-eabi-gcc/9-2019q4/bin/../lib/gcc/arm-none-eabi/9.2.1/../../../../arm-none-eabi/lib/thumb/v7e-m+fp/hard/libc_nano.a(lib_a-putc.o)
                0x000000000002be7c                _putc_r
 .text.__sread  0x000000000002bf0c       0x22 /home/slombardo/.arduino15/packages/adafruit/tools/arm-none-eabi-gcc/9-2019q4/bin/../lib/gcc/arm-none-eabi/9.2.1/../../../../arm-none-eabi/lib/thumb/v7e-m+fp/hard/libc_nano.a(lib_a-stdio.o)
                0x000000000002bf0c                __sread
 .text.__swrite
                0x000000000002bf2e       0x38 /home/slombardo/.arduino15/packages/adafruit/tools/arm-none-eabi-gcc/9-2019q4/bin/../lib/gcc/arm-none-eabi/9.2.1/../../../../arm-none-eabi/lib/thumb/v7e-m+fp/hard/libc_nano.a(lib_a-stdio.o)
                0x000000000002bf2e                __swrite
 .text.__sseek  0x000000000002bf66       0x24 /home/slombardo/.arduino15/packages/adafruit/tools/arm-none-eabi-gcc/9-2019q4/bin/../lib/gcc/arm-none-eabi/9.2.1/../../../../arm-none-eabi/lib/thumb/v7e-m+fp/hard/libc_nano.a(lib_a-stdio.o)
                0x000000000002bf66                __sseek
 .text.__sclose
                0x000000000002bf8a        0x8 /home/slombardo/.arduino15/packages/adafruit/tools/arm-none-eabi-gcc/9-2019q4/bin/../lib/gcc/arm-none-eabi/9.2.1/../../../../arm-none-eabi/lib/thumb/v7e-m+fp/hard/libc_nano.a(lib_a-stdio.o)
                0x000000000002bf8a                __sclose
 *fill*         0x000000000002bf92        0x2 
 .text._write_r
                0x000000000002bf94       0x24 /home/slombardo/.arduino15/packages/adafruit/tools/arm-none-eabi-gcc/9-2019q4/bin/../lib/gcc/arm-none-eabi/9.2.1/../../../../arm-none-eabi/lib/thumb/v7e-m+fp/hard/libc_nano.a(lib_a-writer.o)
                0x000000000002bf94                _write_r
 .text._close_r
                0x000000000002bfb8       0x20 /home/slombardo/.arduino15/packages/adafruit/tools/arm-none-eabi-gcc/9-2019q4/bin/../lib/gcc/arm-none-eabi/9.2.1/../../../../arm-none-eabi/lib/thumb/v7e-m+fp/hard/libc_nano.a(lib_a-closer.o)
                0x000000000002bfb8                _close_r
 .text._fstat_r
                0x000000000002bfd8       0x24 /home/slombardo/.arduino15/packages/adafruit/tools/arm-none-eabi-gcc/9-2019q4/bin/../lib/gcc/arm-none-eabi/9.2.1/../../../../arm-none-eabi/lib/thumb/v7e-m+fp/hard/libc_nano.a(lib_a-fstatr.o)
                0x000000000002bfd8                _fstat_r
 .text._isatty_r
                0x000000000002bffc       0x20 /home/slombardo/.arduino15/packages/adafruit/tools/arm-none-eabi-gcc/9-2019q4/bin/../lib/gcc/arm-none-eabi/9.2.1/../../../../arm-none-eabi/lib/thumb/v7e-m+fp/hard/libc_nano.a(lib_a-isattyr.o)
                0x000000000002bffc                _isatty_r
 .text._lseek_r
                0x000000000002c01c       0x24 /home/slombardo/.arduino15/packages/adafruit/tools/arm-none-eabi-gcc/9-2019q4/bin/../lib/gcc/arm-none-eabi/9.2.1/../../../../arm-none-eabi/lib/thumb/v7e-m+fp/hard/libc_nano.a(lib_a-lseekr.o)
                0x000000000002c01c                _lseek_r
 .text.__ascii_mbtowc
                0x000000000002c040       0x24 /home/slombardo/.arduino15/packages/adafruit/tools/arm-none-eabi-gcc/9-2019q4/bin/../lib/gcc/arm-none-eabi/9.2.1/../../../../arm-none-eabi/lib/thumb/v7e-m+fp/hard/libc_nano.a(lib_a-mbtowc_r.o)
                0x000000000002c040                __ascii_mbtowc
 .text.memmove  0x000000000002c064       0x34 /home/slombardo/.arduino15/packages/adafruit/tools/arm-none-eabi-gcc/9-2019q4/bin/../lib/gcc/arm-none-eabi/9.2.1/../../../../arm-none-eabi/lib/thumb/v7e-m+fp/hard/libc_nano.a(lib_a-memmove.o)
                0x000000000002c064                memmove
 .text._realloc_r
                0x000000000002c098       0x4c /home/slombardo/.arduino15/packages/adafruit/tools/arm-none-eabi-gcc/9-2019q4/bin/../lib/gcc/arm-none-eabi/9.2.1/../../../../arm-none-eabi/lib/thumb/v7e-m+fp/hard/libc_nano.a(lib_a-nano-reallocr.o)
                0x000000000002c098                _realloc_r
 .text._read_r  0x000000000002c0e4       0x24 /home/slombardo/.arduino15/packages/adafruit/tools/arm-none-eabi-gcc/9-2019q4/bin/../lib/gcc/arm-none-eabi/9.2.1/../../../../arm-none-eabi/lib/thumb/v7e-m+fp/hard/libc_nano.a(lib_a-readr.o)
                0x000000000002c0e4                _read_r
 .text.__ascii_wctomb
                0x000000000002c108       0x1a /home/slombardo/.arduino15/packages/adafruit/tools/arm-none-eabi-gcc/9-2019q4/bin/../lib/gcc/arm-none-eabi/9.2.1/../../../../arm-none-eabi/lib/thumb/v7e-m+fp/hard/libc_nano.a(lib_a-wctomb_r.o)
                0x000000000002c108                __ascii_wctomb
 .text._malloc_usable_size_r
                0x000000000002c122       0x10 /home/slombardo/.arduino15/packages/adafruit/tools/arm-none-eabi-gcc/9-2019q4/bin/../lib/gcc/arm-none-eabi/9.2.1/../../../../arm-none-eabi/lib/thumb/v7e-m+fp/hard/libc_nano.a(lib_a-nano-msizer.o)
                0x000000000002c122                _malloc_usable_size_r
 *fill*         0x000000000002c132        0x2 
 .text          0x000000000002c134      0x378 /home/slombardo/.arduino15/packages/adafruit/tools/arm-none-eabi-gcc/9-2019q4/bin/../lib/gcc/arm-none-eabi/9.2.1/thumb/v7e-m+fp/hard/libgcc.a(_arm_addsubdf3.o)
                0x000000000002c134                __aeabi_drsub
                0x000000000002c13c                __aeabi_dsub
                0x000000000002c13c                __subdf3
                0x000000000002c140                __adddf3
                0x000000000002c140                __aeabi_dadd
                0x000000000002c3b8                __aeabi_ui2d
                0x000000000002c3b8                __floatunsidf
                0x000000000002c3d8                __floatsidf
                0x000000000002c3d8                __aeabi_i2d
                0x000000000002c3fc                __extendsfdf2
                0x000000000002c3fc                __aeabi_f2d
                0x000000000002c440                __aeabi_ul2d
                0x000000000002c440                __floatundidf
                0x000000000002c450                __floatdidf
                0x000000000002c450                __aeabi_l2d
 .text          0x000000000002c4ac      0x424 /home/slombardo/.arduino15/packages/adafruit/tools/arm-none-eabi-gcc/9-2019q4/bin/../lib/gcc/arm-none-eabi/9.2.1/thumb/v7e-m+fp/hard/libgcc.a(_arm_muldivdf3.o)
                0x000000000002c4ac                __aeabi_dmul
                0x000000000002c4ac                __muldf3
                0x000000000002c700                __aeabi_ddiv
                0x000000000002c700                __divdf3
 .text          0x000000000002c8d0      0x110 /home/slombardo/.arduino15/packages/adafruit/tools/arm-none-eabi-gcc/9-2019q4/bin/../lib/gcc/arm-none-eabi/9.2.1/thumb/v7e-m+fp/hard/libgcc.a(_arm_cmpdf2.o)
                0x000000000002c8d0                __gtdf2
                0x000000000002c8d0                __gedf2
                0x000000000002c8d8                __ltdf2
                0x000000000002c8d8                __ledf2
                0x000000000002c8e0                __cmpdf2
                0x000000000002c8e0                __eqdf2
                0x000000000002c8e0                __nedf2
                0x000000000002c95c                __aeabi_cdrcmple
                0x000000000002c96c                __aeabi_cdcmple
                0x000000000002c96c                __aeabi_cdcmpeq
                0x000000000002c97c                __aeabi_dcmpeq
                0x000000000002c990                __aeabi_dcmplt
                0x000000000002c9a4                __aeabi_dcmple
                0x000000000002c9b8                __aeabi_dcmpge
                0x000000000002c9cc                __aeabi_dcmpgt
 .text          0x000000000002c9e0       0x2c /home/slombardo/.arduino15/packages/adafruit/tools/arm-none-eabi-gcc/9-2019q4/bin/../lib/gcc/arm-none-eabi/9.2.1/thumb/v7e-m+fp/hard/libgcc.a(_arm_unorddf2.o)
                0x000000000002c9e0                __aeabi_dcmpun
                0x000000000002c9e0                __unorddf2
 .text          0x000000000002ca0c       0x50 /home/slombardo/.arduino15/packages/adafruit/tools/arm-none-eabi-gcc/9-2019q4/bin/../lib/gcc/arm-none-eabi/9.2.1/thumb/v7e-m+fp/hard/libgcc.a(_arm_fixdfsi.o)
                0x000000000002ca0c                __fixdfsi
                0x000000000002ca0c                __aeabi_d2iz
 .text._close   0x000000000002ca5c       0x10 /home/slombardo/.arduino15/packages/adafruit/tools/arm-none-eabi-gcc/9-2019q4/bin/../lib/gcc/arm-none-eabi/9.2.1/../../../../arm-none-eabi/lib/thumb/v7e-m+fp/hard/libnosys.a(close.o)
                0x000000000002ca5c                _close
 .text._fstat   0x000000000002ca6c       0x10 /home/slombardo/.arduino15/packages/adafruit/tools/arm-none-eabi-gcc/9-2019q4/bin/../lib/gcc/arm-none-eabi/9.2.1/../../../../arm-none-eabi/lib/thumb/v7e-m+fp/hard/libnosys.a(fstat.o)
                0x000000000002ca6c                _fstat
 .text._isatty  0x000000000002ca7c       0x10 /home/slombardo/.arduino15/packages/adafruit/tools/arm-none-eabi-gcc/9-2019q4/bin/../lib/gcc/arm-none-eabi/9.2.1/../../../../arm-none-eabi/lib/thumb/v7e-m+fp/hard/libnosys.a(isatty.o)
                0x000000000002ca7c                _isatty
 .text._lseek   0x000000000002ca8c       0x10 /home/slombardo/.arduino15/packages/adafruit/tools/arm-none-eabi-gcc/9-2019q4/bin/../lib/gcc/arm-none-eabi/9.2.1/../../../../arm-none-eabi/lib/thumb/v7e-m+fp/hard/libnosys.a(lseek.o)
                0x000000000002ca8c                _lseek
 .text._read    0x000000000002ca9c       0x10 /home/slombardo/.arduino15/packages/adafruit/tools/arm-none-eabi-gcc/9-2019q4/bin/../lib/gcc/arm-none-eabi/9.2.1/../../../../arm-none-eabi/lib/thumb/v7e-m+fp/hard/libnosys.a(read.o)
                0x000000000002ca9c                _read
 .text._sbrk    0x000000000002caac       0x1c /home/slombardo/.arduino15/packages/adafruit/tools/arm-none-eabi-gcc/9-2019q4/bin/../lib/gcc/arm-none-eabi/9.2.1/../../../../arm-none-eabi/lib/thumb/v7e-m+fp/hard/libnosys.a(sbrk.o)
                0x000000000002caac                _sbrk
 .text._exit    0x000000000002cac8        0x4 /home/slombardo/.arduino15/packages/adafruit/tools/arm-none-eabi-gcc/9-2019q4/bin/../lib/gcc/arm-none-eabi/9.2.1/../../../../arm-none-eabi/lib/thumb/v7e-m+fp/hard/libnosys.a(_exit.o)
                0x000000000002cac8                _exit
 *(.init)
 .init          0x000000000002cacc        0x4 /home/slombardo/.arduino15/packages/adafruit/tools/arm-none-eabi-gcc/9-2019q4/bin/../lib/gcc/arm-none-eabi/9.2.1/thumb/v7e-m+fp/hard/crti.o
                0x000000000002cacc                _init
 .init          0x000000000002cad0        0x8 /home/slombardo/.arduino15/packages/adafruit/tools/arm-none-eabi-gcc/9-2019q4/bin/../lib/gcc/arm-none-eabi/9.2.1/thumb/v7e-m+fp/hard/crtn.o
 *(.fini)
 .fini          0x000000000002cad8        0x4 /home/slombardo/.arduino15/packages/adafruit/tools/arm-none-eabi-gcc/9-2019q4/bin/../lib/gcc/arm-none-eabi/9.2.1/thumb/v7e-m+fp/hard/crti.o
                0x000000000002cad8                _fini
 .fini          0x000000000002cadc        0x8 /home/slombardo/.arduino15/packages/adafruit/tools/arm-none-eabi-gcc/9-2019q4/bin/../lib/gcc/arm-none-eabi/9.2.1/thumb/v7e-m+fp/hard/crtn.o
 *crtbegin.o(.ctors)
 *crtbegin?.o(.ctors)
 *(EXCLUDE_FILE(*crtend.o *crtend?.o) .ctors)
 *(SORT_BY_NAME(.ctors.*))
 *(.ctors)
 *crtbegin.o(.dtors)
 *crtbegin?.o(.dtors)
 *(EXCLUDE_FILE(*crtend.o *crtend?.o) .dtors)
 *(SORT_BY_NAME(.dtors.*))
 *(.dtors)
 *(.rodata*)
 .rodata.g_ADigitalPinMap
                0x000000000002cae4       0x80 /home/slombardo/projects/BadgersRunFirmware/Build/core/variant.cpp.o
                0x000000000002cae4                g_ADigitalPinMap
 .rodata.CSWTCH.14
                0x000000000002cb64        0x4 /home/slombardo/projects/BadgersRunFirmware/Build/core/core.a(system_nrf52.c.o)
 .rodata.CSWTCH.18
                0x000000000002cb68        0x4 /home/slombardo/projects/BadgersRunFirmware/Build/core/core.a(system_nrf52.c.o)
 .rodata.CSWTCH.4
                0x000000000002cb6c        0x4 /home/slombardo/projects/BadgersRunFirmware/Build/core/core.a(system_nrf52.c.o)
 .rodata.main.str1.4
                0x000000000002cb70        0x5 /home/slombardo/projects/BadgersRunFirmware/Build/core/core.a(main.cpp.o)
 *fill*         0x000000000002cb75        0x3 
 .rodata.vApplicationStackOverflowHook.str1.4
                0x000000000002cb78       0x2c /home/slombardo/projects/BadgersRunFirmware/Build/core/core.a(rtos.cpp.o)
 .rodata.vApplicationMallocFailedHook.str1.4
                0x000000000002cba4       0x1a /home/slombardo/projects/BadgersRunFirmware/Build/core/core.a(rtos.cpp.o)
 *fill*         0x000000000002cbbe        0x2 
 .rodata.dbgPrintVersion.str1.4
                0x000000000002cbc0       0x3e /home/slombardo/projects/BadgersRunFirmware/Build/core/core.a(debug.cpp.o)
 *fill*         0x000000000002cbfe        0x2 
 .rodata.dbg_err_str.str1.4
                0x000000000002cc00        0x8 /home/slombardo/projects/BadgersRunFirmware/Build/core/core.a(debug.cpp.o)
 .rodata.str1.4
                0x000000000002cc08      0xe92 /home/slombardo/projects/BadgersRunFirmware/Build/core/core.a(debug.cpp.o)
 *fill*         0x000000000002da9a        0x2 
 .rodata._ZL13_strerr_table
                0x000000000002da9c        0x8 /home/slombardo/projects/BadgersRunFirmware/Build/core/core.a(debug.cpp.o)
 .rodata._ZL14_strerr_lookup
                0x000000000002daa4      0x178 /home/slombardo/projects/BadgersRunFirmware/Build/core/core.a(debug.cpp.o)
 .rodata.xTimerCreateTimerTask.str1.4
                0x000000000002dc1c       0x10 /home/slombardo/projects/BadgersRunFirmware/Build/core/core.a(timers.c.o)
 .rodata.adafruit_callback_task.str1.4
                0x000000000002dc2c       0x20 /home/slombardo/projects/BadgersRunFirmware/Build/core/core.a(AdaCallback.c.o)
 .rodata.ada_callback_init.str1.4
                0x000000000002dc4c        0x9 /home/slombardo/projects/BadgersRunFirmware/Build/core/core.a(AdaCallback.c.o)
 *fill*         0x000000000002dc55        0x3 
 .rodata.__PRETTY_FUNCTION__.11486
                0x000000000002dc58       0x17 /home/slombardo/projects/BadgersRunFirmware/Build/core/core.a(AdaCallback.c.o)
 *fill*         0x000000000002dc6f        0x1 
 .rodata.getBootloaderVersion.str1.4
                0x000000000002dc70       0x11 /home/slombardo/projects/BadgersRunFirmware/Build/core/core.a(utilities.c.o)
 *fill*         0x000000000002dc81        0x3 
 .rodata.getMcuUniqueID.str1.4
                0x000000000002dc84        0xb /home/slombardo/projects/BadgersRunFirmware/Build/core/core.a(utilities.c.o)
 *fill*         0x000000000002dc8f        0x1 
 .rodata._ZTV4Uart
                0x000000000002dc90       0x34 /home/slombardo/projects/BadgersRunFirmware/Build/core/core.a(Uart.cpp.o)
                0x000000000002dc90                vtable for Uart
 .rodata._global_impure_ptr
                0x000000000002dcc4        0x4 /home/slombardo/.arduino15/packages/adafruit/tools/arm-none-eabi-gcc/9-2019q4/bin/../lib/gcc/arm-none-eabi/9.2.1/../../../../arm-none-eabi/lib/thumb/v7e-m+fp/hard/libc_nano.a(lib_a-impure.o)
                0x000000000002dcc4                _global_impure_ptr
 .rodata._printf_float.str1.1
                0x000000000002dcc8       0x12 /home/slombardo/.arduino15/packages/adafruit/tools/arm-none-eabi-gcc/9-2019q4/bin/../lib/gcc/arm-none-eabi/9.2.1/../../../../arm-none-eabi/lib/thumb/v7e-m+fp/hard/libc_nano.a(lib_a-nano-vfprintf_float.o)
 .rodata._printf_i.str1.1
                0x000000000002dcda       0x22 /home/slombardo/.arduino15/packages/adafruit/tools/arm-none-eabi-gcc/9-2019q4/bin/../lib/gcc/arm-none-eabi/9.2.1/../../../../arm-none-eabi/lib/thumb/v7e-m+fp/hard/libc_nano.a(lib_a-nano-vfprintf_i.o)
 .rodata._ctype_
                0x000000000002dcfc      0x101 /home/slombardo/.arduino15/packages/adafruit/tools/arm-none-eabi-gcc/9-2019q4/bin/../lib/gcc/arm-none-eabi/9.2.1/../../../../arm-none-eabi/lib/thumb/v7e-m+fp/hard/libc_nano.a(lib_a-ctype_.o)
                0x000000000002dcfc                _ctype_
 .rodata._dtoa_r.str1.1
                0x000000000002ddfd        0xd /home/slombardo/.arduino15/packages/adafruit/tools/arm-none-eabi-gcc/9-2019q4/bin/../lib/gcc/arm-none-eabi/9.2.1/../../../../arm-none-eabi/lib/thumb/v7e-m+fp/hard/libc_nano.a(lib_a-dtoa.o)
                                          0xf (size before relaxing)
 *fill*         0x000000000002de0a        0x2 
 .rodata.__sf_fake_stderr
                0x000000000002de0c       0x20 /home/slombardo/.arduino15/packages/adafruit/tools/arm-none-eabi-gcc/9-2019q4/bin/../lib/gcc/arm-none-eabi/9.2.1/../../../../arm-none-eabi/lib/thumb/v7e-m+fp/hard/libc_nano.a(lib_a-findfp.o)
                0x000000000002de0c                __sf_fake_stderr
 .rodata.__sf_fake_stdin
                0x000000000002de2c       0x20 /home/slombardo/.arduino15/packages/adafruit/tools/arm-none-eabi-gcc/9-2019q4/bin/../lib/gcc/arm-none-eabi/9.2.1/../../../../arm-none-eabi/lib/thumb/v7e-m+fp/hard/libc_nano.a(lib_a-findfp.o)
                0x000000000002de2c                __sf_fake_stdin
 .rodata.__sf_fake_stdout
                0x000000000002de4c       0x20 /home/slombardo/.arduino15/packages/adafruit/tools/arm-none-eabi-gcc/9-2019q4/bin/../lib/gcc/arm-none-eabi/9.2.1/../../../../arm-none-eabi/lib/thumb/v7e-m+fp/hard/libc_nano.a(lib_a-findfp.o)
                0x000000000002de4c                __sf_fake_stdout
 *fill*         0x000000000002de6c        0x4 
 .rodata.__mprec_bigtens
                0x000000000002de70       0x28 /home/slombardo/.arduino15/packages/adafruit/tools/arm-none-eabi-gcc/9-2019q4/bin/../lib/gcc/arm-none-eabi/9.2.1/../../../../arm-none-eabi/lib/thumb/v7e-m+fp/hard/libc_nano.a(lib_a-mprec.o)
                0x000000000002de70                __mprec_bigtens
 .rodata.__mprec_tens
                0x000000000002de98       0xc8 /home/slombardo/.arduino15/packages/adafruit/tools/arm-none-eabi-gcc/9-2019q4/bin/../lib/gcc/arm-none-eabi/9.2.1/../../../../arm-none-eabi/lib/thumb/v7e-m+fp/hard/libc_nano.a(lib_a-mprec.o)
                0x000000000002de98                __mprec_tens
 .rodata.p05.7490
                0x000000000002df60        0xc /home/slombardo/.arduino15/packages/adafruit/tools/arm-none-eabi-gcc/9-2019q4/bin/../lib/gcc/arm-none-eabi/9.2.1/../../../../arm-none-eabi/lib/thumb/v7e-m+fp/hard/libc_nano.a(lib_a-mprec.o)
 .rodata._svfprintf_r.str1.1
                0x000000000002df6c       0x11 /home/slombardo/.arduino15/packages/adafruit/tools/arm-none-eabi-gcc/9-2019q4/bin/../lib/gcc/arm-none-eabi/9.2.1/../../../../arm-none-eabi/lib/thumb/v7e-m+fp/hard/libc_nano.a(lib_a-nano-svfprintf.o)
 .rodata._vfprintf_r.str1.1
                0x000000000002df7d       0x11 /home/slombardo/.arduino15/packages/adafruit/tools/arm-none-eabi-gcc/9-2019q4/bin/../lib/gcc/arm-none-eabi/9.2.1/../../../../arm-none-eabi/lib/thumb/v7e-m+fp/hard/libc_nano.a(lib_a-nano-vfprintf.o)
 .rodata._setlocale_r.str1.1
                0x000000000002df7d        0x8 /home/slombardo/.arduino15/packages/adafruit/tools/arm-none-eabi-gcc/9-2019q4/bin/../lib/gcc/arm-none-eabi/9.2.1/../../../../arm-none-eabi/lib/thumb/v7e-m+fp/hard/libc_nano.a(lib_a-locale.o)
                                          0x9 (size before relaxing)
 .rodata.str1.1
                0x000000000002df85        0x2 /home/slombardo/.arduino15/packages/adafruit/tools/arm-none-eabi-gcc/9-2019q4/bin/../lib/gcc/arm-none-eabi/9.2.1/../../../../arm-none-eabi/lib/thumb/v7e-m+fp/hard/libc_nano.a(lib_a-locale.o)
 *(.eh_frame*)
 *fill*         0x000000000002df87        0x1 
 .eh_frame      0x000000000002df88        0x0 /home/slombardo/.arduino15/packages/adafruit/tools/arm-none-eabi-gcc/9-2019q4/bin/../lib/gcc/arm-none-eabi/9.2.1/thumb/v7e-m+fp/hard/crtbegin.o
 .eh_frame      0x000000000002df88        0x4 /home/slombardo/.arduino15/packages/adafruit/tools/arm-none-eabi-gcc/9-2019q4/bin/../lib/gcc/arm-none-eabi/9.2.1/thumb/v7e-m+fp/hard/crtend.o

.glue_7         0x000000000002df8c        0x0
 .glue_7        0x000000000002df8c        0x0 linker stubs

.glue_7t        0x000000000002df8c        0x0
 .glue_7t       0x000000000002df8c        0x0 linker stubs

.vfp11_veneer   0x000000000002df8c        0x0
 .vfp11_veneer  0x000000000002df8c        0x0 linker stubs

.v4_bx          0x000000000002df8c        0x0
 .v4_bx         0x000000000002df8c        0x0 linker stubs

.iplt           0x000000000002df8c        0x0
 .iplt          0x000000000002df8c        0x0 /home/slombardo/.arduino15/packages/adafruit/tools/arm-none-eabi-gcc/9-2019q4/bin/../lib/gcc/arm-none-eabi/9.2.1/thumb/v7e-m+fp/hard/crtfastmath.o

.ARM.extab
 *(.ARM.extab* .gnu.linkonce.armextab.*)
                0x000000000002df8c                __exidx_start = .

.ARM.exidx      0x000000000002df8c        0x8
 *(.ARM.exidx* .gnu.linkonce.armexidx.*)
 .ARM.exidx     0x000000000002df8c        0x8 /home/slombardo/.arduino15/packages/adafruit/tools/arm-none-eabi-gcc/9-2019q4/bin/../lib/gcc/arm-none-eabi/9.2.1/../../../../arm-none-eabi/lib/thumb/v7e-m+fp/hard/crt0.o
                0x000000000002df94                __exidx_end = .
                0x000000000002df94                __etext = .

.rel.dyn        0x000000000002df94        0x0
 .rel.iplt      0x000000000002df94        0x0 /home/slombardo/.arduino15/packages/adafruit/tools/arm-none-eabi-gcc/9-2019q4/bin/../lib/gcc/arm-none-eabi/9.2.1/thumb/v7e-m+fp/hard/crtfastmath.o

.data           0x0000000020003600      0x1fc load address 0x000000000002df94
                0x0000000020003600                __data_start__ = .
 *(vtable)
 *(.data*)
 .data.cols     0x0000000020003600        0xd /home/slombardo/projects/BadgersRunFirmware/Build/sketch/keyboard.ino.cpp.o
                0x0000000020003600                cols
 *fill*         0x000000002000360d        0x3 
 .data.rows     0x0000000020003610        0x6 /home/slombardo/projects/BadgersRunFirmware/Build/sketch/keyboard.ino.cpp.o
                0x0000000020003610                rows
 *fill*         0x0000000020003616        0x2 
 .data.SystemCoreClock
                0x0000000020003618        0x4 /home/slombardo/projects/BadgersRunFirmware/Build/core/core.a(system_nrf52.c.o)
                0x0000000020003618                SystemCoreClock
 .data._impure_ptr
                0x000000002000361c        0x4 /home/slombardo/.arduino15/packages/adafruit/tools/arm-none-eabi-gcc/9-2019q4/bin/../lib/gcc/arm-none-eabi/9.2.1/../../../../arm-none-eabi/lib/thumb/v7e-m+fp/hard/libc_nano.a(lib_a-impure.o)
                0x000000002000361c                _impure_ptr
 .data.impure_data
                0x0000000020003620       0x60 /home/slombardo/.arduino15/packages/adafruit/tools/arm-none-eabi-gcc/9-2019q4/bin/../lib/gcc/arm-none-eabi/9.2.1/../../../../arm-none-eabi/lib/thumb/v7e-m+fp/hard/libc_nano.a(lib_a-impure.o)
 .data.__global_locale
                0x0000000020003680      0x16c /home/slombardo/.arduino15/packages/adafruit/tools/arm-none-eabi-gcc/9-2019q4/bin/../lib/gcc/arm-none-eabi/9.2.1/../../../../arm-none-eabi/lib/thumb/v7e-m+fp/hard/libc_nano.a(lib_a-locale.o)
                0x0000000020003680                __global_locale
                0x00000000200037ec                . = ALIGN (0x4)
                0x00000000200037ec                PROVIDE (__preinit_array_start = .)
 *(.preinit_array)
                0x00000000200037ec                PROVIDE (__preinit_array_end = .)
                0x00000000200037ec                . = ALIGN (0x4)
                0x00000000200037ec                PROVIDE (__init_array_start = .)
 *(SORT_BY_NAME(.init_array.*))
 *(.init_array)
 .init_array    0x00000000200037ec        0x4 /home/slombardo/.arduino15/packages/adafruit/tools/arm-none-eabi-gcc/9-2019q4/bin/../lib/gcc/arm-none-eabi/9.2.1/thumb/v7e-m+fp/hard/crtfastmath.o
 .init_array    0x00000000200037f0        0x4 /home/slombardo/.arduino15/packages/adafruit/tools/arm-none-eabi-gcc/9-2019q4/bin/../lib/gcc/arm-none-eabi/9.2.1/thumb/v7e-m+fp/hard/crtbegin.o
 .init_array    0x00000000200037f4        0x4 /home/slombardo/projects/BadgersRunFirmware/Build/core/core.a(Uart.cpp.o)
                0x00000000200037f8                PROVIDE (__init_array_end = .)
                0x00000000200037f8                . = ALIGN (0x4)
                [!provide]                        PROVIDE (__fini_array_start = .)
 *(SORT_BY_NAME(.fini_array.*))
 *(.fini_array)
 .fini_array    0x00000000200037f8        0x4 /home/slombardo/.arduino15/packages/adafruit/tools/arm-none-eabi-gcc/9-2019q4/bin/../lib/gcc/arm-none-eabi/9.2.1/thumb/v7e-m+fp/hard/crtbegin.o
                [!provide]                        PROVIDE (__fini_array_end = .)
 *(.jcr*)
                0x00000000200037fc                . = ALIGN (0x4)
                0x00000000200037fc                __data_end__ = .
LOAD /home/slombardo/.arduino15/packages/adafruit/tools/arm-none-eabi-gcc/9-2019q4/bin/../lib/gcc/arm-none-eabi/9.2.1/thumb/v7e-m+fp/hard/crtfastmath.o
LOAD /home/slombardo/.arduino15/packages/adafruit/tools/arm-none-eabi-gcc/9-2019q4/bin/../lib/gcc/arm-none-eabi/9.2.1/thumb/v7e-m+fp/hard/crti.o
LOAD /home/slombardo/.arduino15/packages/adafruit/tools/arm-none-eabi-gcc/9-2019q4/bin/../lib/gcc/arm-none-eabi/9.2.1/thumb/v7e-m+fp/hard/crtbegin.o
LOAD /home/slombardo/.arduino15/packages/adafruit/tools/arm-none-eabi-gcc/9-2019q4/bin/../lib/gcc/arm-none-eabi/9.2.1/../../../../arm-none-eabi/lib/thumb/v7e-m+fp/hard/crt0.o
LOAD /home/slombardo/projects/BadgersRunFirmware/Build/sketch/keyboard.ino.cpp.o
LOAD /home/slombardo/projects/BadgersRunFirmware/Build/core/variant.cpp.o
START GROUP
LOAD /home/slombardo/.arduino15/packages/adafruit/tools/arm-none-eabi-gcc/9-2019q4/bin/../lib/gcc/arm-none-eabi/9.2.1/../../../../arm-none-eabi/lib/thumb/v7e-m+fp/hard/libm.a
LOAD /home/slombardo/projects/BadgersRunFirmware/Build/core/core.a
END GROUP
START GROUP
LOAD /home/slombardo/.arduino15/packages/adafruit/tools/arm-none-eabi-gcc/9-2019q4/bin/../lib/gcc/arm-none-eabi/9.2.1/thumb/v7e-m+fp/hard/libgcc.a
LOAD /home/slombardo/.arduino15/packages/adafruit/tools/arm-none-eabi-gcc/9-2019q4/bin/../lib/gcc/arm-none-eabi/9.2.1/../../../../arm-none-eabi/lib/thumb/v7e-m+fp/hard/libc_nano.a
END GROUP
START GROUP
LOAD /home/slombardo/.arduino15/packages/adafruit/tools/arm-none-eabi-gcc/9-2019q4/bin/../lib/gcc/arm-none-eabi/9.2.1/thumb/v7e-m+fp/hard/libgcc.a
LOAD /home/slombardo/.arduino15/packages/adafruit/tools/arm-none-eabi-gcc/9-2019q4/bin/../lib/gcc/arm-none-eabi/9.2.1/../../../../arm-none-eabi/lib/thumb/v7e-m+fp/hard/libc_nano.a
LOAD /home/slombardo/.arduino15/packages/adafruit/tools/arm-none-eabi-gcc/9-2019q4/bin/../lib/gcc/arm-none-eabi/9.2.1/../../../../arm-none-eabi/lib/thumb/v7e-m+fp/hard/libnosys.a
END GROUP
START GROUP
LOAD /home/slombardo/.arduino15/packages/adafruit/tools/arm-none-eabi-gcc/9-2019q4/bin/../lib/gcc/arm-none-eabi/9.2.1/thumb/v7e-m+fp/hard/libgcc.a
LOAD /home/slombardo/.arduino15/packages/adafruit/tools/arm-none-eabi-gcc/9-2019q4/bin/../lib/gcc/arm-none-eabi/9.2.1/../../../../arm-none-eabi/lib/thumb/v7e-m+fp/hard/libc_nano.a
LOAD /home/slombardo/.arduino15/packages/adafruit/tools/arm-none-eabi-gcc/9-2019q4/bin/../lib/gcc/arm-none-eabi/9.2.1/../../../../arm-none-eabi/lib/thumb/v7e-m+fp/hard/libnosys.a
END GROUP
LOAD /home/slombardo/.arduino15/packages/adafruit/tools/arm-none-eabi-gcc/9-2019q4/bin/../lib/gcc/arm-none-eabi/9.2.1/thumb/v7e-m+fp/hard/crtend.o
LOAD /home/slombardo/.arduino15/packages/adafruit/tools/arm-none-eabi-gcc/9-2019q4/bin/../lib/gcc/arm-none-eabi/9.2.1/thumb/v7e-m+fp/hard/crtn.o
START GROUP
LOAD /home/slombardo/.arduino15/packages/adafruit/tools/arm-none-eabi-gcc/9-2019q4/bin/../lib/gcc/arm-none-eabi/9.2.1/thumb/v7e-m+fp/hard/libgcc.a
LOAD /home/slombardo/.arduino15/packages/adafruit/tools/arm-none-eabi-gcc/9-2019q4/bin/../lib/gcc/arm-none-eabi/9.2.1/../../../../arm-none-eabi/lib/thumb/v7e-m+fp/hard/libc.a
LOAD /home/slombardo/.arduino15/packages/adafruit/tools/arm-none-eabi-gcc/9-2019q4/bin/../lib/gcc/arm-none-eabi/9.2.1/../../../../arm-none-eabi/lib/thumb/v7e-m+fp/hard/libnosys.a
END GROUP

.igot.plt       0x00000000200037fc        0x0 load address 0x000000000002e190
 .igot.plt      0x00000000200037fc        0x0 /home/slombardo/.arduino15/packages/adafruit/tools/arm-none-eabi-gcc/9-2019q4/bin/../lib/gcc/arm-none-eabi/9.2.1/thumb/v7e-m+fp/hard/crtfastmath.o
                0x00000000200037fc                . = ALIGN (0x4)

.svc_data       0x00000000200037fc        0x0
                [!provide]                        PROVIDE (__start_svc_data = .)
 *(.svc_data)
                [!provide]                        PROVIDE (__stop_svc_data = .)

.fs_data        0x00000000200037fc        0x0
                [!provide]                        PROVIDE (__start_fs_data = .)
 *(.fs_data)
                [!provide]                        PROVIDE (__stop_fs_data = .)

.bss            0x00000000200037fc      0xb18 load address 0x000000000002e190
                0x00000000200037fc                . = ALIGN (0x4)
                0x00000000200037fc                __bss_start__ = .
 *(.bss*)
 .bss           0x00000000200037fc       0x1c /home/slombardo/.arduino15/packages/adafruit/tools/arm-none-eabi-gcc/9-2019q4/bin/../lib/gcc/arm-none-eabi/9.2.1/thumb/v7e-m+fp/hard/crtbegin.o
 .bss._ZL11_loopHandle
                0x0000000020003818        0x4 /home/slombardo/projects/BadgersRunFirmware/Build/core/core.a(main.cpp.o)
 .bss._ZZ29vApplicationGetIdleTaskMemoryE12xIdleTaskTCB
                0x000000002000381c       0x54 /home/slombardo/projects/BadgersRunFirmware/Build/core/core.a(rtos.cpp.o)
 .bss._ZZ29vApplicationGetIdleTaskMemoryE15uxIdleTaskStack
                0x0000000020003870      0x190 /home/slombardo/projects/BadgersRunFirmware/Build/core/core.a(rtos.cpp.o)
 .bss._ZZ30vApplicationGetTimerTaskMemoryE13xTimerTaskTCB
                0x0000000020003a00       0x54 /home/slombardo/projects/BadgersRunFirmware/Build/core/core.a(rtos.cpp.o)
 .bss._ZZ30vApplicationGetTimerTaskMemoryE16uxTimerTaskStack
                0x0000000020003a54      0x400 /home/slombardo/projects/BadgersRunFirmware/Build/core/core.a(rtos.cpp.o)
 .bss._ZZ11dbg_err_strE11unknown_str
                0x0000000020003e54        0x7 /home/slombardo/projects/BadgersRunFirmware/Build/core/core.a(debug.cpp.o)
 *fill*         0x0000000020003e5b        0x1 
 .bss.pxCurrentTCB
                0x0000000020003e5c        0x4 /home/slombardo/projects/BadgersRunFirmware/Build/core/core.a(tasks.c.o)
                0x0000000020003e5c                pxCurrentTCB
 .bss.pxDelayedTaskList
                0x0000000020003e60        0x4 /home/slombardo/projects/BadgersRunFirmware/Build/core/core.a(tasks.c.o)
 .bss.pxOverflowDelayedTaskList
                0x0000000020003e64        0x4 /home/slombardo/projects/BadgersRunFirmware/Build/core/core.a(tasks.c.o)
 .bss.pxReadyTasksLists
                0x0000000020003e68       0x64 /home/slombardo/projects/BadgersRunFirmware/Build/core/core.a(tasks.c.o)
 .bss.uxCurrentNumberOfTasks
                0x0000000020003ecc        0x4 /home/slombardo/projects/BadgersRunFirmware/Build/core/core.a(tasks.c.o)
 .bss.uxDeletedTasksWaitingCleanUp
                0x0000000020003ed0        0x4 /home/slombardo/projects/BadgersRunFirmware/Build/core/core.a(tasks.c.o)
 .bss.uxPendedTicks
                0x0000000020003ed4        0x4 /home/slombardo/projects/BadgersRunFirmware/Build/core/core.a(tasks.c.o)
 .bss.uxSchedulerSuspended
                0x0000000020003ed8        0x4 /home/slombardo/projects/BadgersRunFirmware/Build/core/core.a(tasks.c.o)
 .bss.uxTaskNumber
                0x0000000020003edc        0x4 /home/slombardo/projects/BadgersRunFirmware/Build/core/core.a(tasks.c.o)
 .bss.uxTopReadyPriority
                0x0000000020003ee0        0x4 /home/slombardo/projects/BadgersRunFirmware/Build/core/core.a(tasks.c.o)
 .bss.xDelayedTaskList1
                0x0000000020003ee4       0x14 /home/slombardo/projects/BadgersRunFirmware/Build/core/core.a(tasks.c.o)
 .bss.xDelayedTaskList2
                0x0000000020003ef8       0x14 /home/slombardo/projects/BadgersRunFirmware/Build/core/core.a(tasks.c.o)
 .bss.xIdleTaskHandle
                0x0000000020003f0c        0x4 /home/slombardo/projects/BadgersRunFirmware/Build/core/core.a(tasks.c.o)
 .bss.xNextTaskUnblockTime
                0x0000000020003f10        0x4 /home/slombardo/projects/BadgersRunFirmware/Build/core/core.a(tasks.c.o)
 .bss.xNumOfOverflows
                0x0000000020003f14        0x4 /home/slombardo/projects/BadgersRunFirmware/Build/core/core.a(tasks.c.o)
 .bss.xPendingReadyList
                0x0000000020003f18       0x14 /home/slombardo/projects/BadgersRunFirmware/Build/core/core.a(tasks.c.o)
 .bss.xSchedulerRunning
                0x0000000020003f2c        0x4 /home/slombardo/projects/BadgersRunFirmware/Build/core/core.a(tasks.c.o)
 .bss.xSuspendedTaskList
                0x0000000020003f30       0x14 /home/slombardo/projects/BadgersRunFirmware/Build/core/core.a(tasks.c.o)
 .bss.xTasksWaitingTermination
                0x0000000020003f44       0x14 /home/slombardo/projects/BadgersRunFirmware/Build/core/core.a(tasks.c.o)
 .bss.xTickCount
                0x0000000020003f58        0x4 /home/slombardo/projects/BadgersRunFirmware/Build/core/core.a(tasks.c.o)
 .bss.xYieldPending
                0x0000000020003f5c        0x4 /home/slombardo/projects/BadgersRunFirmware/Build/core/core.a(tasks.c.o)
 .bss.pxCurrentTimerList
                0x0000000020003f60        0x4 /home/slombardo/projects/BadgersRunFirmware/Build/core/core.a(timers.c.o)
 .bss.pxOverflowTimerList
                0x0000000020003f64        0x4 /home/slombardo/projects/BadgersRunFirmware/Build/core/core.a(timers.c.o)
 .bss.ucStaticTimerQueueStorage.9330
                0x0000000020003f68      0x200 /home/slombardo/projects/BadgersRunFirmware/Build/core/core.a(timers.c.o)
 .bss.xActiveTimerList1
                0x0000000020004168       0x14 /home/slombardo/projects/BadgersRunFirmware/Build/core/core.a(timers.c.o)
 .bss.xActiveTimerList2
                0x000000002000417c       0x14 /home/slombardo/projects/BadgersRunFirmware/Build/core/core.a(timers.c.o)
 .bss.xLastTime.9283
                0x0000000020004190        0x4 /home/slombardo/projects/BadgersRunFirmware/Build/core/core.a(timers.c.o)
 .bss.xStaticTimerQueue.9329
                0x0000000020004194       0x50 /home/slombardo/projects/BadgersRunFirmware/Build/core/core.a(timers.c.o)
 .bss.xTimerQueue
                0x00000000200041e4        0x4 /home/slombardo/projects/BadgersRunFirmware/Build/core/core.a(timers.c.o)
 .bss.xTimerTaskHandle
                0x00000000200041e8        0x4 /home/slombardo/projects/BadgersRunFirmware/Build/core/core.a(timers.c.o)
 .bss.uxCriticalNesting
                0x00000000200041ec        0x4 /home/slombardo/projects/BadgersRunFirmware/Build/core/core.a(port_cmsis.c.o)
 .bss._cb_qdepth
                0x00000000200041f0        0x4 /home/slombardo/projects/BadgersRunFirmware/Build/core/core.a(AdaCallback.c.o)
 .bss._cb_queue
                0x00000000200041f4        0x4 /home/slombardo/projects/BadgersRunFirmware/Build/core/core.a(AdaCallback.c.o)
 .bss._cb_task  0x00000000200041f8        0x4 /home/slombardo/projects/BadgersRunFirmware/Build/core/core.a(AdaCallback.c.o)
 .bss.fw_str.11523
                0x00000000200041fc       0x1f /home/slombardo/projects/BadgersRunFirmware/Build/core/core.a(utilities.c.o)
 *fill*         0x000000002000421b        0x1 
 .bss.serial_str.11532
                0x000000002000421c       0x11 /home/slombardo/projects/BadgersRunFirmware/Build/core/core.a(utilities.c.o)
 *fill*         0x000000002000422d        0x3 
 .bss.bootloaderVersion
                0x0000000020004230        0x4 /home/slombardo/projects/BadgersRunFirmware/Build/core/core.a(wiring.c.o)
                0x0000000020004230                bootloaderVersion
 .bss.Serial    0x0000000020004234       0xa8 /home/slombardo/projects/BadgersRunFirmware/Build/core/core.a(Uart.cpp.o)
                0x0000000020004234                Serial
 .bss.__malloc_free_list
                0x00000000200042dc        0x4 /home/slombardo/.arduino15/packages/adafruit/tools/arm-none-eabi-gcc/9-2019q4/bin/../lib/gcc/arm-none-eabi/9.2.1/../../../../arm-none-eabi/lib/thumb/v7e-m+fp/hard/libc_nano.a(lib_a-nano-mallocr.o)
                0x00000000200042dc                __malloc_free_list
 .bss.__malloc_sbrk_start
                0x00000000200042e0        0x4 /home/slombardo/.arduino15/packages/adafruit/tools/arm-none-eabi-gcc/9-2019q4/bin/../lib/gcc/arm-none-eabi/9.2.1/../../../../arm-none-eabi/lib/thumb/v7e-m+fp/hard/libc_nano.a(lib_a-nano-mallocr.o)
                0x00000000200042e0                __malloc_sbrk_start
 .bss.heap_end.5507
                0x00000000200042e4        0x4 /home/slombardo/.arduino15/packages/adafruit/tools/arm-none-eabi-gcc/9-2019q4/bin/../lib/gcc/arm-none-eabi/9.2.1/../../../../arm-none-eabi/lib/thumb/v7e-m+fp/hard/libnosys.a(sbrk.o)
 *(COMMON)
 COMMON         0x00000000200042e8        0xc /home/slombardo/projects/BadgersRunFirmware/Build/core/core.a(wiring.c.o)
                0x00000000200042e8                nrf_nvic_state
 COMMON         0x00000000200042f4       0x10 /home/slombardo/projects/BadgersRunFirmware/Build/core/core.a(queue.c.o)
                0x00000000200042f4                xQueueRegistry
 COMMON         0x0000000020004304        0x9 /home/slombardo/.arduino15/packages/adafruit/tools/arm-none-eabi-gcc/9-2019q4/bin/../lib/gcc/arm-none-eabi/9.2.1/../../../../arm-none-eabi/lib/thumb/v7e-m+fp/hard/libc_nano.a(lib_a-lock.o)
                0x0000000020004304                __lock___atexit_recursive_mutex
                0x0000000020004305                __lock___arc4random_mutex
                0x0000000020004306                __lock___env_recursive_mutex
                0x0000000020004307                __lock___sinit_recursive_mutex
                0x0000000020004308                __lock___malloc_recursive_mutex
                0x0000000020004309                __lock___at_quick_exit_mutex
                0x000000002000430a                __lock___dd_hash_mutex
                0x000000002000430b                __lock___tz_mutex
                0x000000002000430c                __lock___sfp_recursive_mutex
 *fill*         0x000000002000430d        0x3 
 COMMON         0x0000000020004310        0x4 /home/slombardo/.arduino15/packages/adafruit/tools/arm-none-eabi-gcc/9-2019q4/bin/../lib/gcc/arm-none-eabi/9.2.1/../../../../arm-none-eabi/lib/thumb/v7e-m+fp/hard/libc_nano.a(lib_a-reent.o)
                0x0000000020004310                errno
                0x0000000020004314                . = ALIGN (0x4)
                0x0000000020004314                __bss_end__ = .

.heap           0x0000000020004314     0xb4ec load address 0x000000000002eca8
                0x0000000020004314                __HeapBase = .
                0x0000000020004314                __end__ = .
                0x0000000020004314                PROVIDE (end = .)
 *(.heap*)
                0x000000002000f800                . = ALIGN (__StackLimit)
 *fill*         0x0000000020004314     0xb4ec 
                0x000000002000f800                __HeapLimit = .
                0x0000000000000001                ASSERT ((__StackLimit >= __HeapLimit), region RAM overflowed with stack)
                0x0000000000000001                ASSERT ((__StackLimit >= __bss_end__), region RAM overflowed with stack)
OUTPUT(/home/slombardo/projects/BadgersRunFirmware/Build/keyboard.ino.elf elf32-littlearm)

.ARM.attributes
                0x0000000000000000       0x32
 .ARM.attributes
                0x0000000000000000       0x34 /home/slombardo/.arduino15/packages/adafruit/tools/arm-none-eabi-gcc/9-2019q4/bin/../lib/gcc/arm-none-eabi/9.2.1/thumb/v7e-m+fp/hard/crtfastmath.o
 .ARM.attributes
                0x0000000000000034       0x1e /home/slombardo/.arduino15/packages/adafruit/tools/arm-none-eabi-gcc/9-2019q4/bin/../lib/gcc/arm-none-eabi/9.2.1/thumb/v7e-m+fp/hard/crti.o
 .ARM.attributes
                0x0000000000000052       0x34 /home/slombardo/.arduino15/packages/adafruit/tools/arm-none-eabi-gcc/9-2019q4/bin/../lib/gcc/arm-none-eabi/9.2.1/thumb/v7e-m+fp/hard/crtbegin.o
 .ARM.attributes
                0x0000000000000086       0x1c /home/slombardo/.arduino15/packages/adafruit/tools/arm-none-eabi-gcc/9-2019q4/bin/../lib/gcc/arm-none-eabi/9.2.1/../../../../arm-none-eabi/lib/thumb/v7e-m+fp/hard/crt0.o
 .ARM.attributes
                0x00000000000000a2       0x30 /home/slombardo/projects/BadgersRunFirmware/Build/sketch/keyboard.ino.cpp.o
 .ARM.attributes
                0x00000000000000d2       0x30 /home/slombardo/projects/BadgersRunFirmware/Build/core/variant.cpp.o
 .ARM.attributes
                0x0000000000000102       0x1c /home/slombardo/projects/BadgersRunFirmware/Build/core/core.a(gcc_startup_nrf52.S.o)
 .ARM.attributes
                0x000000000000011e       0x30 /home/slombardo/projects/BadgersRunFirmware/Build/core/core.a(system_nrf52.c.o)
 .ARM.attributes
                0x000000000000014e       0x30 /home/slombardo/projects/BadgersRunFirmware/Build/core/core.a(wiring_digital.c.o)
 .ARM.attributes
                0x000000000000017e       0x30 /home/slombardo/projects/BadgersRunFirmware/Build/core/core.a(main.cpp.o)
 .ARM.attributes
                0x00000000000001ae       0x30 /home/slombardo/projects/BadgersRunFirmware/Build/core/core.a(rtos.cpp.o)
 .ARM.attributes
                0x00000000000001de       0x30 /home/slombardo/projects/BadgersRunFirmware/Build/core/core.a(debug.cpp.o)
 .ARM.attributes
                0x000000000000020e       0x30 /home/slombardo/projects/BadgersRunFirmware/Build/core/core.a(heap_3.c.o)
 .ARM.attributes
                0x000000000000023e       0x30 /home/slombardo/projects/BadgersRunFirmware/Build/core/core.a(tasks.c.o)
 .ARM.attributes
                0x000000000000026e       0x30 /home/slombardo/projects/BadgersRunFirmware/Build/core/core.a(timers.c.o)
 .ARM.attributes
                0x000000000000029e       0x30 /home/slombardo/projects/BadgersRunFirmware/Build/core/core.a(port_cmsis.c.o)
 .ARM.attributes
                0x00000000000002ce       0x30 /home/slombardo/projects/BadgersRunFirmware/Build/core/core.a(port_cmsis_systick.c.o)
 .ARM.attributes
                0x00000000000002fe       0x30 /home/slombardo/projects/BadgersRunFirmware/Build/core/core.a(port.c.o)
 .ARM.attributes
                0x000000000000032e       0x30 /home/slombardo/projects/BadgersRunFirmware/Build/core/core.a(hooks.c.o)
 .ARM.attributes
                0x000000000000035e       0x30 /home/slombardo/projects/BadgersRunFirmware/Build/core/core.a(AdaCallback.c.o)
 .ARM.attributes
                0x000000000000038e       0x30 /home/slombardo/projects/BadgersRunFirmware/Build/core/core.a(utilities.c.o)
 .ARM.attributes
                0x00000000000003be       0x30 /home/slombardo/projects/BadgersRunFirmware/Build/core/core.a(wiring.c.o)
 .ARM.attributes
                0x00000000000003ee       0x30 /home/slombardo/projects/BadgersRunFirmware/Build/core/core.a(Uart.cpp.o)
 .ARM.attributes
                0x000000000000041e       0x30 /home/slombardo/projects/BadgersRunFirmware/Build/core/core.a(list.c.o)
 .ARM.attributes
                0x000000000000044e       0x30 /home/slombardo/projects/BadgersRunFirmware/Build/core/core.a(queue.c.o)
 .ARM.attributes
                0x000000000000047e       0x30 /home/slombardo/projects/BadgersRunFirmware/Build/core/core.a(RingBuffer.cpp.o)
 .ARM.attributes
                0x00000000000004ae       0x34 /home/slombardo/.arduino15/packages/adafruit/tools/arm-none-eabi-gcc/9-2019q4/bin/../lib/gcc/arm-none-eabi/9.2.1/../../../../arm-none-eabi/lib/thumb/v7e-m+fp/hard/libc_nano.a(lib_a-exit.o)
 .ARM.attributes
                0x00000000000004e2       0x32 /home/slombardo/.arduino15/packages/adafruit/tools/arm-none-eabi-gcc/9-2019q4/bin/../lib/gcc/arm-none-eabi/9.2.1/../../../../arm-none-eabi/lib/thumb/v7e-m+fp/hard/libc_nano.a(lib_a-impure.o)
 .ARM.attributes
                0x0000000000000514       0x34 /home/slombardo/.arduino15/packages/adafruit/tools/arm-none-eabi-gcc/9-2019q4/bin/../lib/gcc/arm-none-eabi/9.2.1/../../../../arm-none-eabi/lib/thumb/v7e-m+fp/hard/libc_nano.a(lib_a-init.o)
 .ARM.attributes
                0x0000000000000548       0x34 /home/slombardo/.arduino15/packages/adafruit/tools/arm-none-eabi-gcc/9-2019q4/bin/../lib/gcc/arm-none-eabi/9.2.1/../../../../arm-none-eabi/lib/thumb/v7e-m+fp/hard/libc_nano.a(lib_a-malloc.o)
 .ARM.attributes
                0x000000000000057c       0x34 /home/slombardo/.arduino15/packages/adafruit/tools/arm-none-eabi-gcc/9-2019q4/bin/../lib/gcc/arm-none-eabi/9.2.1/../../../../arm-none-eabi/lib/thumb/v7e-m+fp/hard/libc_nano.a(lib_a-memcpy-stub.o)
 .ARM.attributes
                0x00000000000005b0       0x34 /home/slombardo/.arduino15/packages/adafruit/tools/arm-none-eabi-gcc/9-2019q4/bin/../lib/gcc/arm-none-eabi/9.2.1/../../../../arm-none-eabi/lib/thumb/v7e-m+fp/hard/libc_nano.a(lib_a-memset.o)
 .ARM.attributes
                0x00000000000005e4       0x34 /home/slombardo/.arduino15/packages/adafruit/tools/arm-none-eabi-gcc/9-2019q4/bin/../lib/gcc/arm-none-eabi/9.2.1/../../../../arm-none-eabi/lib/thumb/v7e-m+fp/hard/libc_nano.a(lib_a-nano-freer.o)
 .ARM.attributes
                0x0000000000000618       0x34 /home/slombardo/.arduino15/packages/adafruit/tools/arm-none-eabi-gcc/9-2019q4/bin/../lib/gcc/arm-none-eabi/9.2.1/../../../../arm-none-eabi/lib/thumb/v7e-m+fp/hard/libc_nano.a(lib_a-nano-mallocr.o)
 .ARM.attributes
                0x000000000000064c       0x34 /home/slombardo/.arduino15/packages/adafruit/tools/arm-none-eabi-gcc/9-2019q4/bin/../lib/gcc/arm-none-eabi/9.2.1/../../../../arm-none-eabi/lib/thumb/v7e-m+fp/hard/libc_nano.a(lib_a-nano-vfprintf_float.o)
 .ARM.attributes
                0x0000000000000680       0x34 /home/slombardo/.arduino15/packages/adafruit/tools/arm-none-eabi-gcc/9-2019q4/bin/../lib/gcc/arm-none-eabi/9.2.1/../../../../arm-none-eabi/lib/thumb/v7e-m+fp/hard/libc_nano.a(lib_a-nano-vfprintf_i.o)
 .ARM.attributes
                0x00000000000006b4       0x34 /home/slombardo/.arduino15/packages/adafruit/tools/arm-none-eabi-gcc/9-2019q4/bin/../lib/gcc/arm-none-eabi/9.2.1/../../../../arm-none-eabi/lib/thumb/v7e-m+fp/hard/libc_nano.a(lib_a-printf.o)
 .ARM.attributes
                0x00000000000006e8       0x34 /home/slombardo/.arduino15/packages/adafruit/tools/arm-none-eabi-gcc/9-2019q4/bin/../lib/gcc/arm-none-eabi/9.2.1/../../../../arm-none-eabi/lib/thumb/v7e-m+fp/hard/libc_nano.a(lib_a-putchar.o)
 .ARM.attributes
                0x000000000000071c       0x34 /home/slombardo/.arduino15/packages/adafruit/tools/arm-none-eabi-gcc/9-2019q4/bin/../lib/gcc/arm-none-eabi/9.2.1/../../../../arm-none-eabi/lib/thumb/v7e-m+fp/hard/libc_nano.a(lib_a-puts.o)
 .ARM.attributes
                0x0000000000000750       0x34 /home/slombardo/.arduino15/packages/adafruit/tools/arm-none-eabi-gcc/9-2019q4/bin/../lib/gcc/arm-none-eabi/9.2.1/../../../../arm-none-eabi/lib/thumb/v7e-m+fp/hard/libc_nano.a(lib_a-sbrkr.o)
 .ARM.attributes
                0x0000000000000784       0x34 /home/slombardo/.arduino15/packages/adafruit/tools/arm-none-eabi-gcc/9-2019q4/bin/../lib/gcc/arm-none-eabi/9.2.1/../../../../arm-none-eabi/lib/thumb/v7e-m+fp/hard/libc_nano.a(lib_a-sprintf.o)
 .ARM.attributes
                0x00000000000007b8       0x17 /home/slombardo/.arduino15/packages/adafruit/tools/arm-none-eabi-gcc/9-2019q4/bin/../lib/gcc/arm-none-eabi/9.2.1/../../../../arm-none-eabi/lib/thumb/v7e-m+fp/hard/libc_nano.a(lib_a-strlen.o)
 .ARM.attributes