Archive member included to satisfy reference by file (symbol)

/home/slombardo/projects/BadgersRunFirmware/Build/core/core.a(gcc_startup_nrf52.S.o)
                              (Reset_Handler)
/home/slombardo/projects/BadgersRunFirmware/Build/core/core.a(delay.c.o)
                              /home/slombardo/projects/BadgersRunFirmware/Build/sketch/keyboard.ino.cpp.o (delay)
/home/slombardo/projects/BadgersRunFirmware/Build/core/core.a(tasks.c.o)
                              /home/slombardo/projects/BadgersRunFirmware/Build/core/core.a(delay.c.o) (xTaskGetTickCount)
/home/slombardo/projects/BadgersRunFirmware/Build/core/core.a(timers.c.o)
                              /home/slombardo/projects/BadgersRunFirmware/Build/core/core.a(tasks.c.o) (xTimerCreateTimerTask)
/home/slombardo/projects/BadgersRunFirmware/Build/core/core.a(port_cmsis.c.o)
                              /home/slombardo/projects/BadgersRunFirmware/Build/core/core.a(tasks.c.o) (pxPortInitialiseStack)
/home/slombardo/projects/BadgersRunFirmware/Build/core/core.a(port_cmsis_systick.c.o)
                              /home/slombardo/projects/BadgersRunFirmware/Build/core/core.a(port_cmsis.c.o) (vPortSetupTimerInterrupt)
/home/slombardo/projects/BadgersRunFirmware/Build/core/core.a(port.c.o)
                              /home/slombardo/projects/BadgersRunFirmware/Build/core/core.a(port_cmsis.c.o) (vPortStartFirstTask)
/home/slombardo/projects/BadgersRunFirmware/Build/core/core.a(hooks.c.o)
                              /home/slombardo/projects/BadgersRunFirmware/Build/core/core.a(tasks.c.o) (vApplicationIdleHook)
/home/slombardo/projects/BadgersRunFirmware/Build/core/core.a(system_nrf52.c.o)
                              /home/slombardo/projects/BadgersRunFirmware/Build/core/core.a(gcc_startup_nrf52.S.o) (SystemInit)
/home/slombardo/projects/BadgersRunFirmware/Build/core/core.a(wiring.c.o)
                              /home/slombardo/projects/BadgersRunFirmware/Build/core/core.a(port_cmsis_systick.c.o) (nrf_nvic_state)
/home/slombardo/projects/BadgersRunFirmware/Build/core/core.a(wiring_digital.c.o)
                              /home/slombardo/projects/BadgersRunFirmware/Build/sketch/keyboard.ino.cpp.o (pinMode)
/home/slombardo/projects/BadgersRunFirmware/Build/core/core.a(Print.cpp.o)
                              /home/slombardo/projects/BadgersRunFirmware/Build/sketch/keyboard.ino.cpp.o (Print::println(int, int))
/home/slombardo/projects/BadgersRunFirmware/Build/core/core.a(Uart.cpp.o)
                              /home/slombardo/projects/BadgersRunFirmware/Build/sketch/keyboard.ino.cpp.o (Uart::begin(unsigned long))
/home/slombardo/projects/BadgersRunFirmware/Build/core/core.a(abi.cpp.o)
                              /home/slombardo/projects/BadgersRunFirmware/Build/core/core.a(Print.cpp.o) (__cxa_pure_virtual)
/home/slombardo/projects/BadgersRunFirmware/Build/core/core.a(main.cpp.o)
                              /home/slombardo/.arduino15/packages/adafruit/tools/arm-none-eabi-gcc/9-2019q4/bin/../lib/gcc/arm-none-eabi/9.2.1/../../../../arm-none-eabi/lib/thumb/v7e-m+fp/hard/crt0.o (main)
/home/slombardo/projects/BadgersRunFirmware/Build/core/core.a(rtos.cpp.o)
                              /home/slombardo/projects/BadgersRunFirmware/Build/core/core.a(tasks.c.o) (vApplicationStackOverflowHook)
/home/slombardo/projects/BadgersRunFirmware/Build/core/core.a(debug.cpp.o)
                              /home/slombardo/projects/BadgersRunFirmware/Build/core/core.a(main.cpp.o) (dbgPrintVersion)
/home/slombardo/projects/BadgersRunFirmware/Build/core/core.a(list.c.o)
                              /home/slombardo/projects/BadgersRunFirmware/Build/core/core.a(tasks.c.o) (vListInitialise)
/home/slombardo/projects/BadgersRunFirmware/Build/core/core.a(heap_3.c.o)
                              /home/slombardo/projects/BadgersRunFirmware/Build/core/core.a(tasks.c.o) (pvPortMalloc)
/home/slombardo/projects/BadgersRunFirmware/Build/core/core.a(queue.c.o)
                              /home/slombardo/projects/BadgersRunFirmware/Build/core/core.a(timers.c.o) (xQueueGenericCreateStatic)
/home/slombardo/projects/BadgersRunFirmware/Build/core/core.a(AdaCallback.c.o)
                              /home/slombardo/projects/BadgersRunFirmware/Build/core/core.a(main.cpp.o) (ada_callback_init)
/home/slombardo/projects/BadgersRunFirmware/Build/core/core.a(utilities.c.o)
                              /home/slombardo/projects/BadgersRunFirmware/Build/core/core.a(debug.cpp.o) (lookup_find)
/home/slombardo/projects/BadgersRunFirmware/Build/core/core.a(RingBuffer.cpp.o)
                              /home/slombardo/projects/BadgersRunFirmware/Build/core/core.a(Uart.cpp.o) (RingBuffer::RingBuffer())
/home/slombardo/.arduino15/packages/adafruit/tools/arm-none-eabi-gcc/9-2019q4/bin/../lib/gcc/arm-none-eabi/9.2.1/../../../../arm-none-eabi/lib/thumb/v7e-m+fp/hard/libc_nano.a(lib_a-exit.o)
[...]
Memory Configuration

Name             Origin             Length             Attributes
FLASH            0x0000000000026000 0x0000000000047000 xr
RAM              0x0000000020003600 0x000000000000ca00 xrw
*default*        0x0000000000000000 0xffffffffffffffff

Linker script and memory map

                0x0000000000000800                __StackSize = 0x800
                0x0000000020010000                PROVIDE (__StackTop = (ORIGIN (RAM) + LENGTH (RAM)))
                0x000000002000f800                PROVIDE (__StackLimit = (__StackTop - __StackSize))
                0x0000000020010000                PROVIDE (__stack = __StackTop)
                0x0000000000026000                __flash_arduino_start = ORIGIN (FLASH)
                0x000000000006d000                __flash_arduino_end = (ORIGIN (FLASH) + LENGTH (FLASH))

.text           0x0000000000026000     0x818c
 *(.isr_vector)
 .isr_vector    0x0000000000026000      0x200 /home/slombardo/projects/BadgersRunFirmware/Build/core/core.a(gcc_startup_nrf52.S.o)
                0x0000000000026000                __isr_vector
 *(.text*)
 .text.startup  0x0000000000026200       0x10 /home/slombardo/.arduino15/packages/adafruit/tools/arm-none-eabi-gcc/9-2019q4/bin/../lib/gcc/arm-none-eabi/9.2.1/thumb/v7e-m+fp/hard/crtfastmath.o
 .text          0x0000000000026210       0x40 /home/slombardo/.arduino15/packages/adafruit/tools/arm-none-eabi-gcc/9-2019q4/bin/../lib/gcc/arm-none-eabi/9.2.1/thumb/v7e-m+fp/hard/crtbegin.o
 .text          0x0000000000026250       0x74 /home/slombardo/.arduino15/packages/adafruit/tools/arm-none-eabi-gcc/9-2019q4/bin/../lib/gcc/arm-none-eabi/9.2.1/../../../../arm-none-eabi/lib/thumb/v7e-m+fp/hard/crt0.o
                0x0000000000026250                _mainCRTStartup
                0x0000000000026250                _start
 .text.loop     0x00000000000262c4       0x3c /home/slombardo/projects/BadgersRunFirmware/Build/sketch/keyboard.ino.cpp.o
                0x00000000000262c4                loop
 .text.setup    0x0000000000026300       0x4c /home/slombardo/projects/BadgersRunFirmware/Build/sketch/keyboard.ino.cpp.o
                0x0000000000026300                setup
 .text._Z11initVariantv
                0x000000000002634c       0x24 /home/slombardo/projects/BadgersRunFirmware/Build/core/variant.cpp.o
                0x000000000002634c                initVariant()
 .text          0x0000000000026370       0x54 /home/slombardo/projects/BadgersRunFirmware/Build/core/core.a(gcc_startup_nrf52.S.o)
                0x0000000000026370                Reset_Handler
                0x00000000000263b0                NMI_Handler
                0x00000000000263b4                MemoryManagement_Handler
                0x00000000000263b6                BusFault_Handler
                0x00000000000263b8                UsageFault_Handler
                0x00000000000263bc                DebugMon_Handler
                0x00000000000263c0                SysTick_Handler
                0x00000000000263c2                TIMER2_IRQHandler
                0x00000000000263c2                RTC0_IRQHandler
                0x00000000000263c2                SWI0_EGU0_IRQHandler
                0x00000000000263c2                SWI2_EGU2_IRQHandler
                0x00000000000263c2                GPIOTE_IRQHandler
                0x00000000000263c2                PWM1_IRQHandler
                0x00000000000263c2                POWER_CLOCK_IRQHandler
                0x00000000000263c2                RADIO_IRQHandler
                0x00000000000263c2                PDM_IRQHandler
                0x00000000000263c2                TEMP_IRQHandler
                0x00000000000263c2                QDEC_IRQHandler
                0x00000000000263c2                TIMER3_IRQHandler
                0x00000000000263c2                FPU_IRQHandler
                0x00000000000263c2                SPIM0_SPIS0_TWIM0_TWIS0_SPI0_TWI0_IRQHandler
                0x00000000000263c2                TIMER4_IRQHandler
                0x00000000000263c2                I2S_IRQHandler
                0x00000000000263c2                SWI4_EGU4_IRQHandler
                0x00000000000263c2                TIMER0_IRQHandler
                0x00000000000263c2                TIMER1_IRQHandler
                0x00000000000263c2                PWM2_IRQHandler
                0x00000000000263c2                ECB_IRQHandler
                0x00000000000263c2                SPIM1_SPIS1_TWIM1_TWIS1_SPI1_TWI1_IRQHandler
                0x00000000000263c2                Default_Handler
                0x00000000000263c2                SAADC_IRQHandler
                0x00000000000263c2                CCM_AAR_IRQHandler
                0x00000000000263c2                WDT_IRQHandler
                0x00000000000263c2                SWI5_EGU5_IRQHandler
                0x00000000000263c2                RNG_IRQHandler
                0x00000000000263c2                RTC2_IRQHandler
                0x00000000000263c2                PWM0_IRQHandler
                0x00000000000263c2                SWI3_EGU3_IRQHandler
                0x00000000000263c2                SWI1_EGU1_IRQHandler
                0x00000000000263c2                SPIM2_SPIS2_SPI2_IRQHandler
                0x00000000000263c2                NFCT_IRQHandler
                0x00000000000263c2                MWU_IRQHandler
                0x00000000000263c2                COMP_LPCOMP_IRQHandler
 .text.delay    0x00000000000263c4       0x14 /home/slombardo/projects/BadgersRunFirmware/Build/core/core.a(delay.c.o)
                0x00000000000263c4                delay
 .text.prvAddNewTaskToReadyList
                0x00000000000263d8      0x124 /home/slombardo/projects/BadgersRunFirmware/Build/core/core.a(tasks.c.o)
 .text.xTaskCreateStatic
                0x00000000000264fc       0xe0 /home/slombardo/projects/BadgersRunFirmware/Build/core/core.a(tasks.c.o)
                0x00000000000264fc                xTaskCreateStatic
 .text.xTaskCreate
                0x00000000000265dc       0xf0 /home/slombardo/projects/BadgersRunFirmware/Build/core/core.a(tasks.c.o)
                0x00000000000265dc                xTaskCreate
 .text.vTaskStartScheduler
                0x00000000000266cc       0xcc /home/slombardo/projects/BadgersRunFirmware/Build/core/core.a(tasks.c.o)
                0x00000000000266cc                vTaskStartScheduler
 .text.vTaskSuspendAll
                0x0000000000026798       0x10 /home/slombardo/projects/BadgersRunFirmware/Build/core/core.a(tasks.c.o)
                0x0000000000026798                vTaskSuspendAll
 .text.xTaskGetTickCount
                0x00000000000267a8        0xc /home/slombardo/projects/BadgersRunFirmware/Build/core/core.a(tasks.c.o)
                0x00000000000267a8                xTaskGetTickCount
 .text.pcTaskGetName
                0x00000000000267b4       0x14 /home/slombardo/projects/BadgersRunFirmware/Build/core/core.a(tasks.c.o)
                0x00000000000267b4                pcTaskGetName
 .text.vTaskStepTick
                0x00000000000267c8       0x10 /home/slombardo/projects/BadgersRunFirmware/Build/core/core.a(tasks.c.o)
                0x00000000000267c8                vTaskStepTick
 .text.xTaskIncrementTick
                0x00000000000267d8      0x134 /home/slombardo/projects/BadgersRunFirmware/Build/core/core.a(tasks.c.o)
                0x00000000000267d8                xTaskIncrementTick
 .text.xTaskResumeAll
                0x000000000002690c      0x120 /home/slombardo/projects/BadgersRunFirmware/Build/core/core.a(tasks.c.o)
                0x000000000002690c                xTaskResumeAll
 .text.vTaskDelay
                0x0000000000026a2c       0x84 /home/slombardo/projects/BadgersRunFirmware/Build/core/core.a(tasks.c.o)
                0x0000000000026a2c                vTaskDelay
 .text.prvIdleTask
                0x0000000000026ab0      0x118 /home/slombardo/projects/BadgersRunFirmware/Build/core/core.a(tasks.c.o)
 .text.vTaskSwitchContext
                0x0000000000026bc8       0xbc /home/slombardo/projects/BadgersRunFirmware/Build/core/core.a(tasks.c.o)
                0x0000000000026bc8                vTaskSwitchContext
 .text.vTaskPlaceOnEventList
                0x0000000000026c84       0x78 /home/slombardo/projects/BadgersRunFirmware/Build/core/core.a(tasks.c.o)
                0x0000000000026c84                vTaskPlaceOnEventList
 .text.vTaskPlaceOnEventListRestricted
                0x0000000000026cfc       0x80 /home/slombardo/projects/BadgersRunFirmware/Build/core/core.a(tasks.c.o)
                0x0000000000026cfc                vTaskPlaceOnEventListRestricted
 .text.xTaskRemoveFromEventList
                0x0000000000026d7c       0xa4 /home/slombardo/projects/BadgersRunFirmware/Build/core/core.a(tasks.c.o)
                0x0000000000026d7c                xTaskRemoveFromEventList
 .text.vTaskInternalSetTimeOutState
                0x0000000000026e20       0x18 /home/slombardo/projects/BadgersRunFirmware/Build/core/core.a(tasks.c.o)
                0x0000000000026e20                vTaskInternalSetTimeOutState
 .text.xTaskCheckForTimeOut
                0x0000000000026e38       0x68 /home/slombardo/projects/BadgersRunFirmware/Build/core/core.a(tasks.c.o)
                0x0000000000026e38                xTaskCheckForTimeOut
 .text.vTaskMissedYield
                0x0000000000026ea0        0xc /home/slombardo/projects/BadgersRunFirmware/Build/core/core.a(tasks.c.o)
                0x0000000000026ea0                vTaskMissedYield
 .text.eTaskConfirmSleepModeStatus
                0x0000000000026eac       0x38 /home/slombardo/projects/BadgersRunFirmware/Build/core/core.a(tasks.c.o)
                0x0000000000026eac                eTaskConfirmSleepModeStatus
 .text.xTaskGetCurrentTaskHandle
                0x0000000000026ee4        0xc /home/slombardo/projects/BadgersRunFirmware/Build/core/core.a(tasks.c.o)
                0x0000000000026ee4                xTaskGetCurrentTaskHandle
 .text.xTaskGetSchedulerState
                0x0000000000026ef0       0x20 /home/slombardo/projects/BadgersRunFirmware/Build/core/core.a(tasks.c.o)
                0x0000000000026ef0                xTaskGetSchedulerState
 .text.xTaskPriorityInherit
                0x0000000000026f10       0x8c /home/slombardo/projects/BadgersRunFirmware/Build/core/core.a(tasks.c.o)
                0x0000000000026f10                xTaskPriorityInherit
 .text.xTaskPriorityDisinherit
                0x0000000000026f9c       0x60 /home/slombardo/projects/BadgersRunFirmware/Build/core/core.a(tasks.c.o)
                0x0000000000026f9c                xTaskPriorityDisinherit
 .text.vTaskPriorityDisinheritAfterTimeout
                0x0000000000026ffc       0x74 /home/slombardo/projects/BadgersRunFirmware/Build/core/core.a(tasks.c.o)
                0x0000000000026ffc                vTaskPriorityDisinheritAfterTimeout
 .text.pvTaskIncrementMutexHeldCount
                0x0000000000027070       0x18 /home/slombardo/projects/BadgersRunFirmware/Build/core/core.a(tasks.c.o)
                0x0000000000027070                pvTaskIncrementMutexHeldCount
 .text.prvSwitchTimerLists
                0x0000000000027088       0x88 /home/slombardo/projects/BadgersRunFirmware/Build/core/core.a(timers.c.o)
 .text.prvTimerTask
                0x0000000000027110      0x240 /home/slombardo/projects/BadgersRunFirmware/Build/core/core.a(timers.c.o)
 .text.xTimerCreateTimerTask
                0x0000000000027350       0xac /home/slombardo/projects/BadgersRunFirmware/Build/core/core.a(timers.c.o)
                0x0000000000027350                xTimerCreateTimerTask
 .text.prvTaskExitError
                0x00000000000273fc        0x8 /home/slombardo/projects/BadgersRunFirmware/Build/core/core.a(port_cmsis.c.o)
 .text.pxPortInitialiseStack
                0x0000000000027404       0x2c /home/slombardo/projects/BadgersRunFirmware/Build/core/core.a(port_cmsis.c.o)
                0x0000000000027404                pxPortInitialiseStack
 .text.xPortStartScheduler
                0x0000000000027430       0x4c /home/slombardo/projects/BadgersRunFirmware/Build/core/core.a(port_cmsis.c.o)
                0x0000000000027430                xPortStartScheduler
 .text.vPortEnterCritical
                0x000000000002747c       0x14 /home/slombardo/projects/BadgersRunFirmware/Build/core/core.a(port_cmsis.c.o)
                0x000000000002747c                vPortEnterCritical
 .text.vPortExitCritical
                0x0000000000027490       0x14 /home/slombardo/projects/BadgersRunFirmware/Build/core/core.a(port_cmsis.c.o)
                0x0000000000027490                vPortExitCritical
 .text.sd_app_evt_wait
                0x00000000000274a4        0x4 /home/slombardo/projects/BadgersRunFirmware/Build/core/core.a(port_cmsis_systick.c.o)
 .text.sd_softdevice_is_enabled
                0x00000000000274a8        0x4 /home/slombardo/projects/BadgersRunFirmware/Build/core/core.a(port_cmsis_systick.c.o)
 .text.RTC1_IRQHandler
                0x00000000000274ac       0x88 /home/slombardo/projects/BadgersRunFirmware/Build/core/core.a(port_cmsis_systick.c.o)
                0x00000000000274ac                RTC1_IRQHandler
 .text.vPortSetupTimerInterrupt
                0x0000000000027534       0x3c /home/slombardo/projects/BadgersRunFirmware/Build/core/core.a(port_cmsis_systick.c.o)
                0x0000000000027534                vPortSetupTimerInterrupt
 .text.vPortSuppressTicksAndSleep
                0x0000000000027570      0x1c0 /home/slombardo/projects/BadgersRunFirmware/Build/core/core.a(port_cmsis_systick.c.o)
                0x0000000000027570                vPortSuppressTicksAndSleep
 .text.vPortStartFirstTask
                0x0000000000027730       0x24 /home/slombardo/projects/BadgersRunFirmware/Build/core/core.a(port.c.o)
                0x0000000000027730                vPortStartFirstTask
 .text.SVC_Handler
                0x0000000000027754       0x20 /home/slombardo/projects/BadgersRunFirmware/Build/core/core.a(port.c.o)
                0x0000000000027754                SVC_Handler
 .text.PendSV_Handler
                0x0000000000027774       0x60 /home/slombardo/projects/BadgersRunFirmware/Build/core/core.a(port.c.o)
                0x0000000000027774                PendSV_Handler
 .text.__empty  0x00000000000277d4        0x4 /home/slombardo/projects/BadgersRunFirmware/Build/core/core.a(hooks.c.o)
                0x00000000000277d4                vApplicationIdleHook
 .text.SystemInit
                0x00000000000277d8      0x388 /home/slombardo/projects/BadgersRunFirmware/Build/core/core.a(system_nrf52.c.o)
                0x00000000000277d8                SystemInit
 .text.init     0x0000000000027b60       0x5c /home/slombardo/projects/BadgersRunFirmware/Build/core/core.a(wiring.c.o)
                0x0000000000027b60                init
 .text.pinMode  0x0000000000027bbc       0x84 /home/slombardo/projects/BadgersRunFirmware/Build/core/core.a(wiring_digital.c.o)
                0x0000000000027bbc                pinMode
 .text.digitalWrite
                0x0000000000027c40       0x2c /home/slombardo/projects/BadgersRunFirmware/Build/core/core.a(wiring_digital.c.o)
                0x0000000000027c40                digitalWrite
 .text.digitalRead
                0x0000000000027c6c       0x34 /home/slombardo/projects/BadgersRunFirmware/Build/core/core.a(wiring_digital.c.o)
                0x0000000000027c6c                digitalRead
 .text.ledOff   0x0000000000027ca0       0x1c /home/slombardo/projects/BadgersRunFirmware/Build/core/core.a(wiring_digital.c.o)
                0x0000000000027ca0                ledOff
 .text._ZN5Print17availableForWriteEv
                0x0000000000027cbc        0x4 /home/slombardo/projects/BadgersRunFirmware/Build/core/core.a(Print.cpp.o)
                0x0000000000027cbc                Print::availableForWrite()
 .text._ZN5Print5writeEPKhj
                0x0000000000027cc0       0x2c /home/slombardo/projects/BadgersRunFirmware/Build/core/core.a(Print.cpp.o)
                0x0000000000027cc0                Print::write(unsigned char const*, unsigned int)
 .text._ZN5Print11printNumberEmh
                0x0000000000027cec       0x88 /home/slombardo/projects/BadgersRunFirmware/Build/core/core.a(Print.cpp.o)
                0x0000000000027cec                Print::printNumber(unsigned long, unsigned char)
 .text._ZN5Print5printEli
                0x0000000000027d74       0x44 /home/slombardo/projects/BadgersRunFirmware/Build/core/core.a(Print.cpp.o)
                0x0000000000027d74                Print::print(long, int)
 .text._ZN5Print7printlnEii
                0x0000000000027db8       0x4c /home/slombardo/projects/BadgersRunFirmware/Build/core/core.a(Print.cpp.o)
                0x0000000000027db8                Print::println(int, int)
 .text._ZN4UartcvbEv
                0x0000000000027e04        0x8 /home/slombardo/projects/BadgersRunFirmware/Build/core/core.a(Uart.cpp.o)
                0x0000000000027e04                Uart::operator bool()
 .text._ZN4Uart3endEv
                0x0000000000027e0c       0x70 /home/slombardo/projects/BadgersRunFirmware/Build/core/core.a(Uart.cpp.o)
                0x0000000000027e0c                Uart::end()
 .text._ZN4Uart9availableEv
                0x0000000000027e7c        0x8 /home/slombardo/projects/BadgersRunFirmware/Build/core/core.a(Uart.cpp.o)
                0x0000000000027e7c                Uart::available()
 .text._ZN4Uart4peekEv
                0x0000000000027e84        0x8 /home/slombardo/projects/BadgersRunFirmware/Build/core/core.a(Uart.cpp.o)
                0x0000000000027e84                Uart::peek()
 .text._ZN4Uart4readEv
                0x0000000000027e8c        0x8 /home/slombardo/projects/BadgersRunFirmware/Build/core/core.a(Uart.cpp.o)
                0x0000000000027e8c                Uart::read()
 .text._ZN4Uart5flushEv
                0x0000000000027e94       0x2c /home/slombardo/projects/BadgersRunFirmware/Build/core/core.a(Uart.cpp.o)
                0x0000000000027e94                Uart::flush()
 .text._ZN4Uart5writeEh
                0x0000000000027ec0       0x48 /home/slombardo/projects/BadgersRunFirmware/Build/core/core.a(Uart.cpp.o)
                0x0000000000027ec0                Uart::write(unsigned char)
 .text._ZN4Uart5writeEPKhj
                0x0000000000027f08       0x54 /home/slombardo/projects/BadgersRunFirmware/Build/core/core.a(Uart.cpp.o)
                0x0000000000027f08                Uart::write(unsigned char const*, unsigned int)
 .text._ZN4Uart5beginEm
                0x0000000000027f5c      0x1bc /home/slombardo/projects/BadgersRunFirmware/Build/core/core.a(Uart.cpp.o)
                0x0000000000027f5c                Uart::begin(unsigned long)
 .text._ZN4Uart5beginEmt
                0x0000000000028118      0x1a0 /home/slombardo/projects/BadgersRunFirmware/Build/core/core.a(Uart.cpp.o)
                0x0000000000028118                Uart::begin(unsigned long, unsigned short)
 .text._Z14serialEventRunv
                0x00000000000282b8       0x20 /home/slombardo/projects/BadgersRunFirmware/Build/core/core.a(Uart.cpp.o)
                0x00000000000282b8                serialEventRun()
 .text.UARTE0_UART0_IRQHandler
                0x00000000000282d8       0x4c /home/slombardo/projects/BadgersRunFirmware/Build/core/core.a(Uart.cpp.o)
                0x00000000000282d8                UARTE0_UART0_IRQHandler
 .text.startup._GLOBAL__sub_I__ZN4UartC2EP14NRF_UARTE_Type9IRQn_Typehh
                0x0000000000028324       0x4c /home/slombardo/projects/BadgersRunFirmware/Build/core/core.a(Uart.cpp.o)
 .text._Z19Bluefruit_printInfov
                0x0000000000028370        0x4 /home/slombardo/projects/BadgersRunFirmware/Build/core/core.a(main.cpp.o)
                0x0000000000028370                Bluefruit_printInfo()
 .text.startup.main
                0x0000000000028374       0x5c /home/slombardo/projects/BadgersRunFirmware/Build/core/core.a(main.cpp.o)
                0x0000000000028374                main
 .text._ZL9loop_taskPv
                0x00000000000283d0       0x74 /home/slombardo/projects/BadgersRunFirmware/Build/core/core.a(main.cpp.o)
 .text._write   0x0000000000028444       0x14 /home/slombardo/projects/BadgersRunFirmware/Build/core/core.a(main.cpp.o)
                0x0000000000028444                _write
 .text.yield    0x0000000000028458       0x18 /home/slombardo/projects/BadgersRunFirmware/Build/core/core.a(rtos.cpp.o)
                0x0000000000028458                yield
 .text.vApplicationStackOverflowHook
                0x0000000000028470       0x40 /home/slombardo/projects/BadgersRunFirmware/Build/core/core.a(rtos.cpp.o)
                0x0000000000028470                vApplicationStackOverflowHook
 .text.vApplicationMallocFailedHook
                0x00000000000284b0       0x44 /home/slombardo/projects/BadgersRunFirmware/Build/core/core.a(rtos.cpp.o)
                0x00000000000284b0                vApplicationMallocFailedHook
 .text.vApplicationGetIdleTaskMemory
                0x00000000000284f4       0x1c /home/slombardo/projects/BadgersRunFirmware/Build/core/core.a(rtos.cpp.o)
                0x00000000000284f4                vApplicationGetIdleTaskMemory
 .text.vApplicationGetTimerTaskMemory
                0x0000000000028510       0x20 /home/slombardo/projects/BadgersRunFirmware/Build/core/core.a(rtos.cpp.o)
                0x0000000000028510                vApplicationGetTimerTaskMemory
 .text.HardFault_Handler
                0x0000000000028530       0x24 /home/slombardo/projects/BadgersRunFirmware/Build/core/core.a(debug.cpp.o)
                0x0000000000028530                HardFault_Handler
 .text.dbgPrintVersion
                0x0000000000028554       0x3c /home/slombardo/projects/BadgersRunFirmware/Build/core/core.a(debug.cpp.o)
                0x0000000000028554                dbgPrintVersion
 .text.dbg_err_str
                0x0000000000028590       0x2c /home/slombardo/projects/BadgersRunFirmware/Build/core/core.a(debug.cpp.o)
                0x0000000000028590                dbg_err_str
 .text.vListInitialise
                0x00000000000285bc       0x18 /home/slombardo/projects/BadgersRunFirmware/Build/core/core.a(list.c.o)
                0x00000000000285bc                vListInitialise
 .text.vListInitialiseItem
                0x00000000000285d4        0x8 /home/slombardo/projects/BadgersRunFirmware/Build/core/core.a(list.c.o)
                0x00000000000285d4                vListInitialiseItem
 .text.vListInsertEnd
                0x00000000000285dc       0x20 /home/slombardo/projects/BadgersRunFirmware/Build/core/core.a(list.c.o)
                0x00000000000285dc                vListInsertEnd
 .text.vListInsert
                0x00000000000285fc       0x30 /home/slombardo/projects/BadgersRunFirmware/Build/core/core.a(list.c.o)
                0x00000000000285fc                vListInsert
 .text.uxListRemove
                0x000000000002862c       0x28 /home/slombardo/projects/BadgersRunFirmware/Build/core/core.a(list.c.o)
                0x000000000002862c                uxListRemove
 .text.pvPortMalloc
                0x0000000000028654       0x24 /home/slombardo/projects/BadgersRunFirmware/Build/core/core.a(heap_3.c.o)
                0x0000000000028654                pvPortMalloc
 .text.vPortFree
                0x0000000000028678       0x1c /home/slombardo/projects/BadgersRunFirmware/Build/core/core.a(heap_3.c.o)
                0x0000000000028678                vPortFree
 .text.xQueueGenericCreateStatic
                0x0000000000028694       0x60 /home/slombardo/projects/BadgersRunFirmware/Build/core/core.a(queue.c.o)
                0x0000000000028694                xQueueGenericCreateStatic
 .text.xQueueGenericCreate
                0x00000000000286f4       0x84 /home/slombardo/projects/BadgersRunFirmware/Build/core/core.a(queue.c.o)
                0x00000000000286f4                xQueueGenericCreate
 .text.xQueueGenericSend
                0x0000000000028778      0x360 /home/slombardo/projects/BadgersRunFirmware/Build/core/core.a(queue.c.o)
                0x0000000000028778                xQueueGenericSend
 .text.xQueueCreateMutex
                0x0000000000028ad8       0x70 /home/slombardo/projects/BadgersRunFirmware/Build/core/core.a(queue.c.o)
                0x0000000000028ad8                xQueueCreateMutex
 .text.xQueueGiveFromISR
                0x0000000000028b48       0x60 /home/slombardo/projects/BadgersRunFirmware/Build/core/core.a(queue.c.o)
                0x0000000000028b48                xQueueGiveFromISR
 .text.xQueueReceive
                0x0000000000028ba8      0x2b8 /home/slombardo/projects/BadgersRunFirmware/Build/core/core.a(queue.c.o)
                0x0000000000028ba8                xQueueReceive
 .text.xQueueSemaphoreTake
                0x0000000000028e60      0x2f8 /home/slombardo/projects/BadgersRunFirmware/Build/core/core.a(queue.c.o)
                0x0000000000028e60                xQueueSemaphoreTake
 .text.vQueueDelete
                0x0000000000029158       0x48 /home/slombardo/projects/BadgersRunFirmware/Build/core/core.a(queue.c.o)
                0x0000000000029158                vQueueDelete
 .text.vQueueAddToRegistry
                0x00000000000291a0       0x24 /home/slombardo/projects/BadgersRunFirmware/Build/core/core.a(queue.c.o)
                0x00000000000291a0                vQueueAddToRegistry
 .text.vQueueWaitForMessageRestricted
                0x00000000000291c4       0xcc /home/slombardo/projects/BadgersRunFirmware/Build/core/core.a(queue.c.o)
                0x00000000000291c4                vQueueWaitForMessageRestricted
 .text.adafruit_callback_task
                0x0000000000029290       0xc4 /home/slombardo/projects/BadgersRunFirmware/Build/core/core.a(AdaCallback.c.o)
                0x0000000000029290                adafruit_callback_task
 .text.ada_callback_init
                0x0000000000029354       0x48 /home/slombardo/projects/BadgersRunFirmware/Build/core/core.a(AdaCallback.c.o)
                0x0000000000029354                ada_callback_init
 .text.lookup_find
                0x000000000002939c       0x28 /home/slombardo/projects/BadgersRunFirmware/Build/core/core.a(utilities.c.o)
                0x000000000002939c                lookup_find
 .text.getBootloaderVersion
                0x00000000000293c4       0x80 /home/slombardo/projects/BadgersRunFirmware/Build/core/core.a(utilities.c.o)
                0x00000000000293c4                getBootloaderVersion
 .text.getMcuUniqueID
                0x0000000000029444       0x28 /home/slombardo/projects/BadgersRunFirmware/Build/core/core.a(utilities.c.o)
                0x0000000000029444                getMcuUniqueID
 .text._ZN10RingBufferC2Ev
                0x000000000002946c       0x18 /home/slombardo/projects/BadgersRunFirmware/Build/core/core.a(RingBuffer.cpp.o)
                0x000000000002946c                RingBuffer::RingBuffer()
                0x000000000002946c                RingBuffer::RingBuffer()
 .text._ZN10RingBuffer10store_charEh
                0x0000000000029484       0x1c /home/slombardo/projects/BadgersRunFirmware/Build/core/core.a(RingBuffer.cpp.o)
                0x0000000000029484                RingBuffer::store_char(unsigned char)
 .text._ZN10RingBuffer5clearEv
                0x00000000000294a0        0x8 /home/slombardo/projects/BadgersRunFirmware/Build/core/core.a(RingBuffer.cpp.o)
                0x00000000000294a0                RingBuffer::clear()
 .text._ZN10RingBuffer9read_charEv
                0x00000000000294a8       0x1c /home/slombardo/projects/BadgersRunFirmware/Build/core/core.a(RingBuffer.cpp.o)
                0x00000000000294a8                RingBuffer::read_char()
 .text._ZN10RingBuffer9availableEv
                0x00000000000294c4        0xc /home/slombardo/projects/BadgersRunFirmware/Build/core/core.a(RingBuffer.cpp.o)
                0x00000000000294c4                RingBuffer::available()
 .text._ZN10RingBuffer4peekEv
                0x00000000000294d0       0x10 /home/slombardo/projects/BadgersRunFirmware/Build/core/core.a(RingBuffer.cpp.o)
                0x00000000000294d0                RingBuffer::peek()
 .text.exit     0x00000000000294e0       0x28 /home/slombardo/.arduino15/packages/adafruit/tools/arm-none-eabi-gcc/9-2019q4/bin/../lib/gcc/arm-none-eabi/9.2.1/../../../../arm-none-eabi/lib/thumb/v7e-m+fp/hard/libc_nano.a(lib_a-exit.o)
                0x00000000000294e0                exit
 .text.__libc_init_array
                0x0000000000029508       0x48 /home/slombardo/.arduino15/packages/adafruit/tools/arm-none-eabi-gcc/9-2019q4/bin/../lib/gcc/arm-none-eabi/9.2.1/../../../../arm-none-eabi/lib/thumb/v7e-m+fp/hard/libc_nano.a(lib_a-init.o)
                0x0000000000029508                __libc_init_array
 .text.malloc   0x0000000000029550       0x10 /home/slombardo/.arduino15/packages/adafruit/tools/arm-none-eabi-gcc/9-2019q4/bin/../lib/gcc/arm-none-eabi/9.2.1/../../../../arm-none-eabi/lib/thumb/v7e-m+fp/hard/libc_nano.a(lib_a-malloc.o)
                0x0000000000029550                malloc
 .text.free     0x0000000000029560       0x10 /home/slombardo/.arduino15/packages/adafruit/tools/arm-none-eabi-gcc/9-2019q4/bin/../lib/gcc/arm-none-eabi/9.2.1/../../../../arm-none-eabi/lib/thumb/v7e-m+fp/hard/libc_nano.a(lib_a-malloc.o)
                0x0000000000029560                free
 .text.memcpy   0x0000000000029570       0x1c /home/slombardo/.arduino15/packages/adafruit/tools/arm-none-eabi-gcc/9-2019q4/bin/../lib/gcc/arm-none-eabi/9.2.1/../../../../arm-none-eabi/lib/thumb/v7e-m+fp/hard/libc_nano.a(lib_a-memcpy-stub.o)
                0x0000000000029570                memcpy
 .text.memset   0x000000000002958c       0x10 /home/slombardo/.arduino15/packages/adafruit/tools/arm-none-eabi-gcc/9-2019q4/bin/../lib/gcc/arm-none-eabi/9.2.1/../../../../arm-none-eabi/lib/thumb/v7e-m+fp/hard/libc_nano.a(lib_a-memset.o)
                0x000000000002958c                memset
 .text._free_r  0x000000000002959c       0xa0 /home/slombardo/.arduino15/packages/adafruit/tools/arm-none-eabi-gcc/9-2019q4/bin/../lib/gcc/arm-none-eabi/9.2.1/../../../../arm-none-eabi/lib/thumb/v7e-m+fp/hard/libc_nano.a(lib_a-nano-freer.o)
                0x000000000002959c                _free_r
 .text._malloc_r
                0x000000000002963c       0xb4 /home/slombardo/.arduino15/packages/adafruit/tools/arm-none-eabi-gcc/9-2019q4/bin/../lib/gcc/arm-none-eabi/9.2.1/../../../../arm-none-eabi/lib/thumb/v7e-m+fp/hard/libc_nano.a(lib_a-nano-mallocr.o)
                0x000000000002963c                _malloc_r
 .text.__cvt    0x00000000000296f0       0xc4 /home/slombardo/.arduino15/packages/adafruit/tools/arm-none-eabi-gcc/9-2019q4/bin/../lib/gcc/arm-none-eabi/9.2.1/../../../../arm-none-eabi/lib/thumb/v7e-m+fp/hard/libc_nano.a(lib_a-nano-vfprintf_float.o)
                0x00000000000296f0                __cvt
 .text.__exponent
                0x00000000000297b4       0x7c /home/slombardo/.arduino15/packages/adafruit/tools/arm-none-eabi-gcc/9-2019q4/bin/../lib/gcc/arm-none-eabi/9.2.1/../../../../arm-none-eabi/lib/thumb/v7e-m+fp/hard/libc_nano.a(lib_a-nano-vfprintf_float.o)
                0x00000000000297b4                __exponent
 .text._printf_float
                0x0000000000029830      0x46c /home/slombardo/.arduino15/packages/adafruit/tools/arm-none-eabi-gcc/9-2019q4/bin/../lib/gcc/arm-none-eabi/9.2.1/../../../../arm-none-eabi/lib/thumb/v7e-m+fp/hard/libc_nano.a(lib_a-nano-vfprintf_float.o)
                0x0000000000029830                _printf_float
 .text._printf_common
                0x0000000000029c9c       0xda /home/slombardo/.arduino15/packages/adafruit/tools/arm-none-eabi-gcc/9-2019q4/bin/../lib/gcc/arm-none-eabi/9.2.1/../../../../arm-none-eabi/lib/thumb/v7e-m+fp/hard/libc_nano.a(lib_a-nano-vfprintf_i.o)
                0x0000000000029c9c                _printf_common
 *fill*         0x0000000000029d76        0x2 
 .text._printf_i
                0x0000000000029d78      0x24c /home/slombardo/.arduino15/packages/adafruit/tools/arm-none-eabi-gcc/9-2019q4/bin/../lib/gcc/arm-none-eabi/9.2.1/../../../../arm-none-eabi/lib/thumb/v7e-m+fp/hard/libc_nano.a(lib_a-nano-vfprintf_i.o)
                0x0000000000029d78                _printf_i
 .text.printf   0x0000000000029fc4       0x30 /home/slombardo/.arduino15/packages/adafruit/tools/arm-none-eabi-gcc/9-2019q4/bin/../lib/gcc/arm-none-eabi/9.2.1/../../../../arm-none-eabi/lib/thumb/v7e-m+fp/hard/libc_nano.a(lib_a-printf.o)
                0x0000000000029fc4                printf
                0x0000000000029fc4                iprintf
 .text.putchar  0x0000000000029ff4       0x2c /home/slombardo/.arduino15/packages/adafruit/tools/arm-none-eabi-gcc/9-2019q4/bin/../lib/gcc/arm-none-eabi/9.2.1/../../../../arm-none-eabi/lib/thumb/v7e-m+fp/hard/libc_nano.a(lib_a-putchar.o)
                0x0000000000029ff4                putchar
 .text._puts_r  0x000000000002a020       0xdc /home/slombardo/.arduino15/packages/adafruit/tools/arm-none-eabi-gcc/9-2019q4/bin/../lib/gcc/arm-none-eabi/9.2.1/../../../../arm-none-eabi/lib/thumb/v7e-m+fp/hard/libc_nano.a(lib_a-puts.o)
                0x000000000002a020                _puts_r
 .text.puts     0x000000000002a0fc       0x10 /home/slombardo/.arduino15/packages/adafruit/tools/arm-none-eabi-gcc/9-2019q4/bin/../lib/gcc/arm-none-eabi/9.2.1/../../../../arm-none-eabi/lib/thumb/v7e-m+fp/hard/libc_nano.a(lib_a-puts.o)
                0x000000000002a0fc                puts
 .text._sbrk_r  0x000000000002a10c       0x20 /home/slombardo/.arduino15/packages/adafruit/tools/arm-none-eabi-gcc/9-2019q4/bin/../lib/gcc/arm-none-eabi/9.2.1/../../../../arm-none-eabi/lib/thumb/v7e-m+fp/hard/libc_nano.a(lib_a-sbrkr.o)
                0x000000000002a10c                _sbrk_r
 .text.sprintf  0x000000000002a12c       0x40 /home/slombardo/.arduino15/packages/adafruit/tools/arm-none-eabi-gcc/9-2019q4/bin/../lib/gcc/arm-none-eabi/9.2.1/../../../../arm-none-eabi/lib/thumb/v7e-m+fp/hard/libc_nano.a(lib_a-sprintf.o)
                0x000000000002a12c                sprintf
                0x000000000002a12c                siprintf
 .text          0x000000000002a16c       0x10 /home/slombardo/.arduino15/packages/adafruit/tools/arm-none-eabi-gcc/9-2019q4/bin/../lib/gcc/arm-none-eabi/9.2.1/../../../../arm-none-eabi/lib/thumb/v7e-m+fp/hard/libc_nano.a(lib_a-strlen.o)
                0x000000000002a16c                strlen
 .text.__swbuf_r
                0x000000000002a17c       0xa4 /home/slombardo/.arduino15/packages/adafruit/tools/arm-none-eabi-gcc/9-2019q4/bin/../lib/gcc/arm-none-eabi/9.2.1/../../../../arm-none-eabi/lib/thumb/v7e-m+fp/hard/libc_nano.a(lib_a-wbuf.o)
                0x000000000002a17c                __swbuf_r
 .text.__swsetup_r
                0x000000000002a220       0xdc /home/slombardo/.arduino15/packages/adafruit/tools/arm-none-eabi-gcc/9-2019q4/bin/../lib/gcc/arm-none-eabi/9.2.1/../../../../arm-none-eabi/lib/thumb/v7e-m+fp/hard/libc_nano.a(lib_a-wsetup.o)
                0x000000000002a220                __swsetup_r
 .text.quorem   0x000000000002a2fc      0x116 /home/slombardo/.arduino15/packages/adafruit/tools/arm-none-eabi-gcc/9-2019q4/bin/../lib/gcc/arm-none-eabi/9.2.1/../../../../arm-none-eabi/lib/thumb/v7e-m+fp/hard/libc_nano.a(lib_a-dtoa.o)
 *fill*         0x000000000002a412        0x6 
 .text._dtoa_r  0x000000000002a418      0xbbc /home/slombardo/.arduino15/packages/adafruit/tools/arm-none-eabi-gcc/9-2019q4/bin/../lib/gcc/arm-none-eabi/9.2.1/../../../../arm-none-eabi/lib/thumb/v7e-m+fp/hard/libc_nano.a(lib_a-dtoa.o)
                0x000000000002a418                _dtoa_r
 .text.__sflush_r
                0x000000000002afd4      0x10c /home/slombardo/.arduino15/packages/adafruit/tools/arm-none-eabi-gcc/9-2019q4/bin/../lib/gcc/arm-none-eabi/9.2.1/../../../../arm-none-eabi/lib/thumb/v7e-m+fp/hard/libc_nano.a(lib_a-fflush.o)
                0x000000000002afd4                __sflush_r
 .text._fflush_r
                0x000000000002b0e0       0x78 /home/slombardo/.arduino15/packages/adafruit/tools/arm-none-eabi-gcc/9-2019q4/bin/../lib/gcc/arm-none-eabi/9.2.1/../../../../arm-none-eabi/lib/thumb/v7e-m+fp/hard/libc_nano.a(lib_a-fflush.o)
                0x000000000002b0e0                _fflush_r
 .text.std      0x000000000002b158       0x48 /home/slombardo/.arduino15/packages/adafruit/tools/arm-none-eabi-gcc/9-2019q4/bin/../lib/gcc/arm-none-eabi/9.2.1/../../../../arm-none-eabi/lib/thumb/v7e-m+fp/hard/libc_nano.a(lib_a-findfp.o)
 .text._cleanup_r
                0x000000000002b1a0        0xc /home/slombardo/.arduino15/packages/adafruit/tools/arm-none-eabi-gcc/9-2019q4/bin/../lib/gcc/arm-none-eabi/9.2.1/../../../../arm-none-eabi/lib/thumb/v7e-m+fp/hard/libc_nano.a(lib_a-findfp.o)
                0x000000000002b1a0                _cleanup_r
 .text.__sfmoreglue
                0x000000000002b1ac       0x2c /home/slombardo/.arduino15/packages/adafruit/tools/arm-none-eabi-gcc/9-2019q4/bin/../lib/gcc/arm-none-eabi/9.2.1/../../../../arm-none-eabi/lib/thumb/v7e-m+fp/hard/libc_nano.a(lib_a-findfp.o)
                0x000000000002b1ac                __sfmoreglue
 .text.__sfp_lock_acquire
                0x000000000002b1d8        0xc /home/slombardo/.arduino15/packages/adafruit/tools/arm-none-eabi-gcc/9-2019q4/bin/../lib/gcc/arm-none-eabi/9.2.1/../../../../arm-none-eabi/lib/thumb/v7e-m+fp/hard/libc_nano.a(lib_a-findfp.o)
                0x000000000002b1d8                __sfp_lock_acquire
 .text.__sfp_lock_release
                0x000000000002b1e4        0xc /home/slombardo/.arduino15/packages/adafruit/tools/arm-none-eabi-gcc/9-2019q4/bin/../lib/gcc/arm-none-eabi/9.2.1/../../../../arm-none-eabi/lib/thumb/v7e-m+fp/hard/libc_nano.a(lib_a-findfp.o)
                0x000000000002b1e4                __sfp_lock_release
 .text.__sinit_lock_acquire
                0x000000000002b1f0        0xc /home/slombardo/.arduino15/packages/adafruit/tools/arm-none-eabi-gcc/9-2019q4/bin/../lib/gcc/arm-none-eabi/9.2.1/../../../../arm-none-eabi/lib/thumb/v7e-m+fp/hard/libc_nano.a(lib_a-findfp.o)
                0x000000000002b1f0                __sinit_lock_acquire
 .text.__sinit_lock_release
                0x000000000002b1fc        0xc /home/slombardo/.arduino15/packages/adafruit/tools/arm-none-eabi-gcc/9-2019q4/bin/../lib/gcc/arm-none-eabi/9.2.1/../../../../arm-none-eabi/lib/thumb/v7e-m+fp/hard/libc_nano.a(lib_a-findfp.o)
                0x000000000002b1fc                __sinit_lock_release
 .text.__sinit  0x000000000002b208       0x70 /home/slombardo/.arduino15/packages/adafruit/tools/arm-none-eabi-gcc/9-2019q4/bin/../lib/gcc/arm-none-eabi/9.2.1/../../../../arm-none-eabi/lib/thumb/v7e-m+fp/hard/libc_nano.a(lib_a-findfp.o)
                0x000000000002b208                __sinit
 .text.__sfp    0x000000000002b278       0x8c /home/slombardo/.arduino15/packages/adafruit/tools/arm-none-eabi-gcc/9-2019q4/bin/../lib/gcc/arm-none-eabi/9.2.1/../../../../arm-none-eabi/lib/thumb/v7e-m+fp/hard/libc_nano.a(lib_a-findfp.o)
                0x000000000002b278                __sfp
 .text._fwalk_reent
                0x000000000002b304       0x3e /home/slombardo/.arduino15/packages/adafruit/tools/arm-none-eabi-gcc/9-2019q4/bin/../lib/gcc/arm-none-eabi/9.2.1/../../../../arm-none-eabi/lib/thumb/v7e-m+fp/hard/libc_nano.a(lib_a-fwalk.o)
                0x000000000002b304                _fwalk_reent
 *fill*         0x000000000002b342        0x2 
 .text._localeconv_r
                0x000000000002b344        0x8 /home/slombardo/.arduino15/packages/adafruit/tools/arm-none-eabi-gcc/9-2019q4/bin/../lib/gcc/arm-none-eabi/9.2.1/../../../../arm-none-eabi/lib/thumb/v7e-m+fp/hard/libc_nano.a(lib_a-localeconv.o)
                0x000000000002b344                _localeconv_r
 .text.__retarget_lock_init_recursive
                0x000000000002b34c        0x2 /home/slombardo/.arduino15/packages/adafruit/tools/arm-none-eabi-gcc/9-2019q4/bin/../lib/gcc/arm-none-eabi/9.2.1/../../../../arm-none-eabi/lib/thumb/v7e-m+fp/hard/libc_nano.a(lib_a-lock.o)
                0x000000000002b34c                __retarget_lock_init_recursive
 .text.__retarget_lock_acquire_recursive
                0x000000000002b34e        0x2 /home/slombardo/.arduino15/packages/adafruit/tools/arm-none-eabi-gcc/9-2019q4/bin/../lib/gcc/arm-none-eabi/9.2.1/../../../../arm-none-eabi/lib/thumb/v7e-m+fp/hard/libc_nano.a(lib_a-lock.o)
                0x000000000002b34e                __retarget_lock_acquire_recursive
 .text.__retarget_lock_release_recursive
                0x000000000002b350        0x2 /home/slombardo/.arduino15/packages/adafruit/tools/arm-none-eabi-gcc/9-2019q4/bin/../lib/gcc/arm-none-eabi/9.2.1/../../../../arm-none-eabi/lib/thumb/v7e-m+fp/hard/libc_nano.a(lib_a-lock.o)
                0x000000000002b350                __retarget_lock_release_recursive
 .text.__swhatbuf_r
                0x000000000002b352       0x48 /home/slombardo/.arduino15/packages/adafruit/tools/arm-none-eabi-gcc/9-2019q4/bin/../lib/gcc/arm-none-eabi/9.2.1/../../../../arm-none-eabi/lib/thumb/v7e-m+fp/hard/libc_nano.a(lib_a-makebuf.o)
                0x000000000002b352                __swhatbuf_r
 *fill*         0x000000000002b39a        0x2 
 .text.__smakebuf_r
                0x000000000002b39c       0x80 /home/slombardo/.arduino15/packages/adafruit/tools/arm-none-eabi-gcc/9-2019q4/bin/../lib/gcc/arm-none-eabi/9.2.1/../../../../arm-none-eabi/lib/thumb/v7e-m+fp/hard/libc_nano.a(lib_a-makebuf.o)
                0x000000000002b39c                __smakebuf_r
 *fill*         0x000000000002b41c        0x4 
 .text          0x000000000002b420       0xa0 /home/slombardo/.arduino15/packages/adafruit/tools/arm-none-eabi-gcc/9-2019q4/bin/../lib/gcc/arm-none-eabi/9.2.1/../../../../arm-none-eabi/lib/thumb/v7e-m+fp/hard/libc_nano.a(lib_a-memchr.o)
                0x000000000002b420                memchr
 .text.__malloc_lock
                0x000000000002b4c0        0xc /home/slombardo/.arduino15/packages/adafruit/tools/arm-none-eabi-gcc/9-2019q4/bin/../lib/gcc/arm-none-eabi/9.2.1/../../../../arm-none-eabi/lib/thumb/v7e-m+fp/hard/libc_nano.a(lib_a-mlock.o)
                0x000000000002b4c0                __malloc_lock
 .text.__malloc_unlock
                0x000000000002b4cc        0xc /home/slombardo/.arduino15/packages/adafruit/tools/arm-none-eabi-gcc/9-2019q4/bin/../lib/gcc/arm-none-eabi/9.2.1/../../../../arm-none-eabi/lib/thumb/v7e-m+fp/hard/libc_nano.a(lib_a-mlock.o)
                0x000000000002b4cc                __malloc_unlock
 .text._Balloc  0x000000000002b4d8       0x68 /home/slombardo/.arduino15/packages/adafruit/tools/arm-none-eabi-gcc/9-2019q4/bin/../lib/gcc/arm-none-eabi/9.2.1/../../../../arm-none-eabi/lib/thumb/v7e-m+fp/hard/libc_nano.a(lib_a-mprec.o)
                0x000000000002b4d8                _Balloc
 .text._Bfree   0x000000000002b540       0x2e /home/slombardo/.arduino15/packages/adafruit/tools/arm-none-eabi-gcc/9-2019q4/bin/../lib/gcc/arm-none-eabi/9.2.1/../../../../arm-none-eabi/lib/thumb/v7e-m+fp/hard/libc_nano.a(lib_a-mprec.o)
                0x000000000002b540                _Bfree
 .text.__multadd
                0x000000000002b56e       0x7c /home/slombardo/.arduino15/packages/adafruit/tools/arm-none-eabi-gcc/9-2019q4/bin/../lib/gcc/arm-none-eabi/9.2.1/../../../../arm-none-eabi/lib/thumb/v7e-m+fp/hard/libc_nano.a(lib_a-mprec.o)
                0x000000000002b56e                __multadd
 .text.__hi0bits
                0x000000000002b5ea       0x40 /home/slombardo/.arduino15/packages/adafruit/tools/arm-none-eabi-gcc/9-2019q4/bin/../lib/gcc/arm-none-eabi/9.2.1/../../../../arm-none-eabi/lib/thumb/v7e-m+fp/hard/libc_nano.a(lib_a-mprec.o)
                0x000000000002b5ea                __hi0bits
 .text.__lo0bits
                0x000000000002b62a       0x60 /home/slombardo/.arduino15/packages/adafruit/tools/arm-none-eabi-gcc/9-2019q4/bin/../lib/gcc/arm-none-eabi/9.2.1/../../../../arm-none-eabi/lib/thumb/v7e-m+fp/hard/libc_nano.a(lib_a-mprec.o)
                0x000000000002b62a                __lo0bits
 .text.__i2b    0x000000000002b68a       0x12 /home/slombardo/.arduino15/packages/adafruit/tools/arm-none-eabi-gcc/9-2019q4/bin/../lib/gcc/arm-none-eabi/9.2.1/../../../../arm-none-eabi/lib/thumb/v7e-m+fp/hard/libc_nano.a(lib_a-mprec.o)
                0x000000000002b68a                __i2b
 .text.__multiply
                0x000000000002b69c      0x138 /home/slombardo/.arduino15/packages/adafruit/tools/arm-none-eabi-gcc/9-2019q4/bin/../lib/gcc/arm-none-eabi/9.2.1/../../../../arm-none-eabi/lib/thumb/v7e-m+fp/hard/libc_nano.a(lib_a-mprec.o)
                0x000000000002b69c                __multiply
 .text.__pow5mult
                0x000000000002b7d4       0x9c /home/slombardo/.arduino15/packages/adafruit/tools/arm-none-eabi-gcc/9-2019q4/bin/../lib/gcc/arm-none-eabi/9.2.1/../../../../arm-none-eabi/lib/thumb/v7e-m+fp/hard/libc_nano.a(lib_a-mprec.o)
                0x000000000002b7d4                __pow5mult
 .text.__lshift
                0x000000000002b870       0xbe /home/slombardo/.arduino15/packages/adafruit/tools/arm-none-eabi-gcc/9-2019q4/bin/../lib/gcc/arm-none-eabi/9.2.1/../../../../arm-none-eabi/lib/thumb/v7e-m+fp/hard/libc_nano.a(lib_a-mprec.o)
                0x000000000002b870                __lshift
 .text.__mcmp   0x000000000002b92e       0x38 /home/slombardo/.arduino15/packages/adafruit/tools/arm-none-eabi-gcc/9-2019q4/bin/../lib/gcc/arm-none-eabi/9.2.1/../../../../arm-none-eabi/lib/thumb/v7e-m+fp/hard/libc_nano.a(lib_a-mprec.o)
                0x000000000002b92e                __mcmp
 .text.__mdiff  0x000000000002b966       0xec /home/slombardo/.arduino15/packages/adafruit/tools/arm-none-eabi-gcc/9-2019q4/bin/../lib/gcc/arm-none-eabi/9.2.1/../../../../arm-none-eabi/lib/thumb/v7e-m+fp/hard/libc_nano.a(lib_a-mprec.o)
                0x000000000002b966                __mdiff
 .text.__d2b    0x000000000002ba52       0xa0 /home/slombardo/.arduino15/packages/adafruit/tools/arm-none-eabi-gcc/9-2019q4/bin/../lib/gcc/arm-none-eabi/9.2.1/../../../../arm-none-eabi/lib/thumb/v7e-m+fp/hard/libc_nano.a(lib_a-mprec.o)
                0x000000000002ba52                __d2b
 .text._calloc_r
                0x000000000002baf2       0x1e /home/slombardo/.arduino15/packages/adafruit/tools/arm-none-eabi-gcc/9-2019q4/bin/../lib/gcc/arm-none-eabi/9.2.1/../../../../arm-none-eabi/lib/thumb/v7e-m+fp/hard/libc_nano.a(lib_a-nano-callocr.o)
                0x000000000002baf2                _calloc_r
 .text.__ssputs_r
                0x000000000002bb10       0xb6 /home/slombardo/.arduino15/packages/adafruit/tools/arm-none-eabi-gcc/9-2019q4/bin/../lib/gcc/arm-none-eabi/9.2.1/../../../../arm-none-eabi/lib/thumb/v7e-m+fp/hard/libc_nano.a(lib_a-nano-svfprintf.o)
                0x000000000002bb10                __ssputs_r
 *fill*         0x000000000002bbc6        0x2 
 .text._svfprintf_r
                0x000000000002bbc8      0x200 /home/slombardo/.arduino15/packages/adafruit/tools/arm-none-eabi-gcc/9-2019q4/bin/../lib/gcc/arm-none-eabi/9.2.1/../../../../arm-none-eabi/lib/thumb/v7e-m+fp/hard/libc_nano.a(lib_a-nano-svfprintf.o)
                0x000000000002bbc8                _svfprintf_r
                0x000000000002bbc8                _svfiprintf_r
 .text.__sfputc_r
                0x000000000002bdc8       0x2e /home/slombardo/.arduino15/packages/adafruit/tools/arm-none-eabi-gcc/9-2019q4/bin/../lib/gcc/arm-none-eabi/9.2.1/../../../../arm-none-eabi/lib/thumb/v7e-m+fp/hard/libc_nano.a(lib_a-nano-vfprintf.o)
 .text.__sfputs_r
                0x000000000002bdf6       0x24 /home/slombardo/.arduino15/packages/adafruit/tools/arm-none-eabi-gcc/9-2019q4/bin/../lib/gcc/arm-none-eabi/9.2.1/../../../../arm-none-eabi/lib/thumb/v7e-m+fp/hard/libc_nano.a(lib_a-nano-vfprintf.o)
                0x000000000002bdf6                __sfputs_r
 *fill*         0x000000000002be1a        0x2 
 .text._vfprintf_r
                0x000000000002be1c      0x260 /home/slombardo/.arduino15/packages/adafruit/tools/arm-none-eabi-gcc/9-2019q4/bin/../lib/gcc/arm-none-eabi/9.2.1/../../../../arm-none-eabi/lib/thumb/v7e-m+fp/hard/libc_nano.a(lib_a-nano-vfprintf.o)
                0x000000000002be1c                _vfiprintf_r
                0x000000000002be1c                _vfprintf_r
 .text._putc_r  0x000000000002c07c       0x90 /home/slombardo/.arduino15/packages/adafruit/tools/arm-none-eabi-gcc/9-2019q4/bin/../lib/gcc/arm-none-eabi/9.2.1/../../../../arm-none-eabi/lib/thumb/v7e-m+fp/hard/libc_nano.a(lib_a-putc.o)
                0x000000000002c07c                _putc_r
 .text.__sread  0x000000000002c10c       0x22 /home/slombardo/.arduino15/packages/adafruit/tools/arm-none-eabi-gcc/9-2019q4/bin/../lib/gcc/arm-none-eabi/9.2.1/../../../../arm-none-eabi/lib/thumb/v7e-m+fp/hard/libc_nano.a(lib_a-stdio.o)
                0x000000000002c10c                __sread
 .text.__swrite
                0x000000000002c12e       0x38 /home/slombardo/.arduino15/packages/adafruit/tools/arm-none-eabi-gcc/9-2019q4/bin/../lib/gcc/arm-none-eabi/9.2.1/../../../../arm-none-eabi/lib/thumb/v7e-m+fp/hard/libc_nano.a(lib_a-stdio.o)
                0x000000000002c12e                __swrite
 .text.__sseek  0x000000000002c166       0x24 /home/slombardo/.arduino15/packages/adafruit/tools/arm-none-eabi-gcc/9-2019q4/bin/../lib/gcc/arm-none-eabi/9.2.1/../../../../arm-none-eabi/lib/thumb/v7e-m+fp/hard/libc_nano.a(lib_a-stdio.o)
                0x000000000002c166                __sseek
 .text.__sclose
                0x000000000002c18a        0x8 /home/slombardo/.arduino15/packages/adafruit/tools/arm-none-eabi-gcc/9-2019q4/bin/../lib/gcc/arm-none-eabi/9.2.1/../../../../arm-none-eabi/lib/thumb/v7e-m+fp/hard/libc_nano.a(lib_a-stdio.o)
                0x000000000002c18a                __sclose
 *fill*         0x000000000002c192        0x2 
 .text._write_r
                0x000000000002c194       0x24 /home/slombardo/.arduino15/packages/adafruit/tools/arm-none-eabi-gcc/9-2019q4/bin/../lib/gcc/arm-none-eabi/9.2.1/../../../../arm-none-eabi/lib/thumb/v7e-m+fp/hard/libc_nano.a(lib_a-writer.o)
                0x000000000002c194                _write_r
 .text._close_r
                0x000000000002c1b8       0x20 /home/slombardo/.arduino15/packages/adafruit/tools/arm-none-eabi-gcc/9-2019q4/bin/../lib/gcc/arm-none-eabi/9.2.1/../../../../arm-none-eabi/lib/thumb/v7e-m+fp/hard/libc_nano.a(lib_a-closer.o)
                0x000000000002c1b8                _close_r
 .text._fstat_r
                0x000000000002c1d8       0x24 /home/slombardo/.arduino15/packages/adafruit/tools/arm-none-eabi-gcc/9-2019q4/bin/../lib/gcc/arm-none-eabi/9.2.1/../../../../arm-none-eabi/lib/thumb/v7e-m+fp/hard/libc_nano.a(lib_a-fstatr.o)
                0x000000000002c1d8                _fstat_r
 .text._isatty_r
                0x000000000002c1fc       0x20 /home/slombardo/.arduino15/packages/adafruit/tools/arm-none-eabi-gcc/9-2019q4/bin/../lib/gcc/arm-none-eabi/9.2.1/../../../../arm-none-eabi/lib/thumb/v7e-m+fp/hard/libc_nano.a(lib_a-isattyr.o)
                0x000000000002c1fc                _isatty_r
 .text._lseek_r
                0x000000000002c21c       0x24 /home/slombardo/.arduino15/packages/adafruit/tools/arm-none-eabi-gcc/9-2019q4/bin/../lib/gcc/arm-none-eabi/9.2.1/../../../../arm-none-eabi/lib/thumb/v7e-m+fp/hard/libc_nano.a(lib_a-lseekr.o)
                0x000000000002c21c                _lseek_r
 .text.__ascii_mbtowc
                0x000000000002c240       0x24 /home/slombardo/.arduino15/packages/adafruit/tools/arm-none-eabi-gcc/9-2019q4/bin/../lib/gcc/arm-none-eabi/9.2.1/../../../../arm-none-eabi/lib/thumb/v7e-m+fp/hard/libc_nano.a(lib_a-mbtowc_r.o)
                0x000000000002c240                __ascii_mbtowc
 .text.memmove  0x000000000002c264       0x34 /home/slombardo/.arduino15/packages/adafruit/tools/arm-none-eabi-gcc/9-2019q4/bin/../lib/gcc/arm-none-eabi/9.2.1/../../../../arm-none-eabi/lib/thumb/v7e-m+fp/hard/libc_nano.a(lib_a-memmove.o)
                0x000000000002c264                memmove
 .text._realloc_r
                0x000000000002c298       0x4c /home/slombardo/.arduino15/packages/adafruit/tools/arm-none-eabi-gcc/9-2019q4/bin/../lib/gcc/arm-none-eabi/9.2.1/../../../../arm-none-eabi/lib/thumb/v7e-m+fp/hard/libc_nano.a(lib_a-nano-reallocr.o)
                0x000000000002c298                _realloc_r
 .text._read_r  0x000000000002c2e4       0x24 /home/slombardo/.arduino15/packages/adafruit/tools/arm-none-eabi-gcc/9-2019q4/bin/../lib/gcc/arm-none-eabi/9.2.1/../../../../arm-none-eabi/lib/thumb/v7e-m+fp/hard/libc_nano.a(lib_a-readr.o)
                0x000000000002c2e4                _read_r
 .text.__ascii_wctomb
                0x000000000002c308       0x1a /home/slombardo/.arduino15/packages/adafruit/tools/arm-none-eabi-gcc/9-2019q4/bin/../lib/gcc/arm-none-eabi/9.2.1/../../../../arm-none-eabi/lib/thumb/v7e-m+fp/hard/libc_nano.a(lib_a-wctomb_r.o)
                0x000000000002c308                __ascii_wctomb
 .text._malloc_usable_size_r
                0x000000000002c322       0x10 /home/slombardo/.arduino15/packages/adafruit/tools/arm-none-eabi-gcc/9-2019q4/bin/../lib/gcc/arm-none-eabi/9.2.1/../../../../arm-none-eabi/lib/thumb/v7e-m+fp/hard/libc_nano.a(lib_a-nano-msizer.o)
                0x000000000002c322                _malloc_usable_size_r
 *fill*         0x000000000002c332        0x2 
 .text          0x000000000002c334      0x378 /home/slombardo/.arduino15/packages/adafruit/tools/arm-none-eabi-gcc/9-2019q4/bin/../lib/gcc/arm-none-eabi/9.2.1/thumb/v7e-m+fp/hard/libgcc.a(_arm_addsubdf3.o)
                0x000000000002c334                __aeabi_drsub
                0x000000000002c33c                __aeabi_dsub
                0x000000000002c33c                __subdf3
                0x000000000002c340                __adddf3
                0x000000000002c340                __aeabi_dadd
                0x000000000002c5b8                __aeabi_ui2d
                0x000000000002c5b8                __floatunsidf
                0x000000000002c5d8                __floatsidf
                0x000000000002c5d8                __aeabi_i2d
                0x000000000002c5fc                __extendsfdf2
                0x000000000002c5fc                __aeabi_f2d
                0x000000000002c640                __aeabi_ul2d
                0x000000000002c640                __floatundidf
                0x000000000002c650                __floatdidf
                0x000000000002c650                __aeabi_l2d
 .text          0x000000000002c6ac      0x424 /home/slombardo/.arduino15/packages/adafruit/tools/arm-none-eabi-gcc/9-2019q4/bin/../lib/gcc/arm-none-eabi/9.2.1/thumb/v7e-m+fp/hard/libgcc.a(_arm_muldivdf3.o)
                0x000000000002c6ac                __aeabi_dmul
                0x000000000002c6ac                __muldf3
                0x000000000002c900                __aeabi_ddiv
                0x000000000002c900                __divdf3
 .text          0x000000000002cad0      0x110 /home/slombardo/.arduino15/packages/adafruit/tools/arm-none-eabi-gcc/9-2019q4/bin/../lib/gcc/arm-none-eabi/9.2.1/thumb/v7e-m+fp/hard/libgcc.a(_arm_cmpdf2.o)
                0x000000000002cad0                __gtdf2
                0x000000000002cad0                __gedf2
                0x000000000002cad8                __ltdf2
                0x000000000002cad8                __ledf2
                0x000000000002cae0                __cmpdf2
                0x000000000002cae0                __eqdf2
                0x000000000002cae0                __nedf2
                0x000000000002cb5c                __aeabi_cdrcmple
                0x000000000002cb6c                __aeabi_cdcmple
                0x000000000002cb6c                __aeabi_cdcmpeq
                0x000000000002cb7c                __aeabi_dcmpeq
                0x000000000002cb90                __aeabi_dcmplt
                0x000000000002cba4                __aeabi_dcmple
                0x000000000002cbb8                __aeabi_dcmpge
                0x000000000002cbcc                __aeabi_dcmpgt
 .text          0x000000000002cbe0       0x2c /home/slombardo/.arduino15/packages/adafruit/tools/arm-none-eabi-gcc/9-2019q4/bin/../lib/gcc/arm-none-eabi/9.2.1/thumb/v7e-m+fp/hard/libgcc.a(_arm_unorddf2.o)
                0x000000000002cbe0                __aeabi_dcmpun
                0x000000000002cbe0                __unorddf2
 .text          0x000000000002cc0c       0x50 /home/slombardo/.arduino15/packages/adafruit/tools/arm-none-eabi-gcc/9-2019q4/bin/../lib/gcc/arm-none-eabi/9.2.1/thumb/v7e-m+fp/hard/libgcc.a(_arm_fixdfsi.o)
                0x000000000002cc0c                __fixdfsi
                0x000000000002cc0c                __aeabi_d2iz
 .text._close   0x000000000002cc5c       0x10 /home/slombardo/.arduino15/packages/adafruit/tools/arm-none-eabi-gcc/9-2019q4/bin/../lib/gcc/arm-none-eabi/9.2.1/../../../../arm-none-eabi/lib/thumb/v7e-m+fp/hard/libnosys.a(close.o)
                0x000000000002cc5c                _close
 .text._fstat   0x000000000002cc6c       0x10 /home/slombardo/.arduino15/packages/adafruit/tools/arm-none-eabi-gcc/9-2019q4/bin/../lib/gcc/arm-none-eabi/9.2.1/../../../../arm-none-eabi/lib/thumb/v7e-m+fp/hard/libnosys.a(fstat.o)
                0x000000000002cc6c                _fstat
 .text._isatty  0x000000000002cc7c       0x10 /home/slombardo/.arduino15/packages/adafruit/tools/arm-none-eabi-gcc/9-2019q4/bin/../lib/gcc/arm-none-eabi/9.2.1/../../../../arm-none-eabi/lib/thumb/v7e-m+fp/hard/libnosys.a(isatty.o)
                0x000000000002cc7c                _isatty
 .text._lseek   0x000000000002cc8c       0x10 /home/slombardo/.arduino15/packages/adafruit/tools/arm-none-eabi-gcc/9-2019q4/bin/../lib/gcc/arm-none-eabi/9.2.1/../../../../arm-none-eabi/lib/thumb/v7e-m+fp/hard/libnosys.a(lseek.o)
                0x000000000002cc8c                _lseek
 .text._read    0x000000000002cc9c       0x10 /home/slombardo/.arduino15/packages/adafruit/tools/arm-none-eabi-gcc/9-2019q4/bin/../lib/gcc/arm-none-eabi/9.2.1/../../../../arm-none-eabi/lib/thumb/v7e-m+fp/hard/libnosys.a(read.o)
                0x000000000002cc9c                _read
 .text._sbrk    0x000000000002ccac       0x1c /home/slombardo/.arduino15/packages/adafruit/tools/arm-none-eabi-gcc/9-2019q4/bin/../lib/gcc/arm-none-eabi/9.2.1/../../../../arm-none-eabi/lib/thumb/v7e-m+fp/hard/libnosys.a(sbrk.o)
                0x000000000002ccac                _sbrk
 .text._exit    0x000000000002ccc8        0x4 /home/slombardo/.arduino15/packages/adafruit/tools/arm-none-eabi-gcc/9-2019q4/bin/../lib/gcc/arm-none-eabi/9.2.1/../../../../arm-none-eabi/lib/thumb/v7e-m+fp/hard/libnosys.a(_exit.o)
                0x000000000002ccc8                _exit
 *(.init)
 .init          0x000000000002cccc        0x4 /home/slombardo/.arduino15/packages/adafruit/tools/arm-none-eabi-gcc/9-2019q4/bin/../lib/gcc/arm-none-eabi/9.2.1/thumb/v7e-m+fp/hard/crti.o
                0x000000000002cccc                _init
 .init          0x000000000002ccd0        0x8 /home/slombardo/.arduino15/packages/adafruit/tools/arm-none-eabi-gcc/9-2019q4/bin/../lib/gcc/arm-none-eabi/9.2.1/thumb/v7e-m+fp/hard/crtn.o
 *(.fini)
 .fini          0x000000000002ccd8        0x4 /home/slombardo/.arduino15/packages/adafruit/tools/arm-none-eabi-gcc/9-2019q4/bin/../lib/gcc/arm-none-eabi/9.2.1/thumb/v7e-m+fp/hard/crti.o
                0x000000000002ccd8                _fini
 .fini          0x000000000002ccdc        0x8 /home/slombardo/.arduino15/packages/adafruit/tools/arm-none-eabi-gcc/9-2019q4/bin/../lib/gcc/arm-none-eabi/9.2.1/thumb/v7e-m+fp/hard/crtn.o
 *crtbegin.o(.ctors)
 *crtbegin?.o(.ctors)
 *(EXCLUDE_FILE(*crtend.o *crtend?.o) .ctors)
 *(SORT_BY_NAME(.ctors.*))
 *(.ctors)
 *crtbegin.o(.dtors)
 *crtbegin?.o(.dtors)
 *(EXCLUDE_FILE(*crtend.o *crtend?.o) .dtors)
 *(SORT_BY_NAME(.dtors.*))
 *(.dtors)
 *(.rodata*)
 .rodata.g_ADigitalPinMap
                0x000000000002cce4       0x80 /home/slombardo/projects/BadgersRunFirmware/Build/core/variant.cpp.o
                0x000000000002cce4                g_ADigitalPinMap
 .rodata.xTimerCreateTimerTask.str1.4
                0x000000000002cd64       0x10 /home/slombardo/projects/BadgersRunFirmware/Build/core/core.a(timers.c.o)
 .rodata.CSWTCH.14
                0x000000000002cd74        0x4 /home/slombardo/projects/BadgersRunFirmware/Build/core/core.a(system_nrf52.c.o)
 .rodata.CSWTCH.18
                0x000000000002cd78        0x4 /home/slombardo/projects/BadgersRunFirmware/Build/core/core.a(system_nrf52.c.o)
 .rodata.CSWTCH.4
                0x000000000002cd7c        0x4 /home/slombardo/projects/BadgersRunFirmware/Build/core/core.a(system_nrf52.c.o)
 .rodata._ZN5Print7printlnEPK19__FlashStringHelper.str1.4
                0x000000000002cd80        0x3 /home/slombardo/projects/BadgersRunFirmware/Build/core/core.a(Print.cpp.o)
 *fill*         0x000000000002cd83        0x1 
 .rodata._ZTV4Uart
                0x000000000002cd84       0x34 /home/slombardo/projects/BadgersRunFirmware/Build/core/core.a(Uart.cpp.o)
                0x000000000002cd84                vtable for Uart
 .rodata.main.str1.4
                0x000000000002cdb8        0x5 /home/slombardo/projects/BadgersRunFirmware/Build/core/core.a(main.cpp.o)
 *fill*         0x000000000002cdbd        0x3 
 .rodata.vApplicationStackOverflowHook.str1.4
                0x000000000002cdc0       0x2c /home/slombardo/projects/BadgersRunFirmware/Build/core/core.a(rtos.cpp.o)
 .rodata.vApplicationMallocFailedHook.str1.4
                0x000000000002cdec       0x1a /home/slombardo/projects/BadgersRunFirmware/Build/core/core.a(rtos.cpp.o)
 *fill*         0x000000000002ce06        0x2 
 .rodata.dbgPrintVersion.str1.4
                0x000000000002ce08       0x3e /home/slombardo/projects/BadgersRunFirmware/Build/core/core.a(debug.cpp.o)
 *fill*         0x000000000002ce46        0x2 
 .rodata.dbg_err_str.str1.4
                0x000000000002ce48        0x8 /home/slombardo/projects/BadgersRunFirmware/Build/core/core.a(debug.cpp.o)
 .rodata.str1.4
                0x000000000002ce50      0xe92 /home/slombardo/projects/BadgersRunFirmware/Build/core/core.a(debug.cpp.o)
 *fill*         0x000000000002dce2        0x2 
 .rodata._ZL13_strerr_table
                0x000000000002dce4        0x8 /home/slombardo/projects/BadgersRunFirmware/Build/core/core.a(debug.cpp.o)
 .rodata._ZL14_strerr_lookup
                0x000000000002dcec      0x178 /home/slombardo/projects/BadgersRunFirmware/Build/core/core.a(debug.cpp.o)
 .rodata.adafruit_callback_task.str1.4
                0x000000000002de64       0x20 /home/slombardo/projects/BadgersRunFirmware/Build/core/core.a(AdaCallback.c.o)
 .rodata.ada_callback_init.str1.4
                0x000000000002de84        0x9 /home/slombardo/projects/BadgersRunFirmware/Build/core/core.a(AdaCallback.c.o)
 *fill*         0x000000000002de8d        0x3 
 .rodata.__PRETTY_FUNCTION__.11486
                0x000000000002de90       0x17 /home/slombardo/projects/BadgersRunFirmware/Build/core/core.a(AdaCallback.c.o)
 *fill*         0x000000000002dea7        0x1 
 .rodata.getBootloaderVersion.str1.4
                0x000000000002dea8       0x11 /home/slombardo/projects/BadgersRunFirmware/Build/core/core.a(utilities.c.o)
 *fill*         0x000000000002deb9        0x3 
 .rodata.getMcuUniqueID.str1.4
                0x000000000002debc        0xb /home/slombardo/projects/BadgersRunFirmware/Build/core/core.a(utilities.c.o)
 *fill*         0x000000000002dec7        0x1 
 .rodata._global_impure_ptr
                0x000000000002dec8        0x4 /home/slombardo/.arduino15/packages/adafruit/tools/arm-none-eabi-gcc/9-2019q4/bin/../lib/gcc/arm-none-eabi/9.2.1/../../../../arm-none-eabi/lib/thumb/v7e-m+fp/hard/libc_nano.a(lib_a-impure.o)
                0x000000000002dec8                _global_impure_ptr
 .rodata._printf_float.str1.1
                0x000000000002decc       0x12 /home/slombardo/.arduino15/packages/adafruit/tools/arm-none-eabi-gcc/9-2019q4/bin/../lib/gcc/arm-none-eabi/9.2.1/../../../../arm-none-eabi/lib/thumb/v7e-m+fp/hard/libc_nano.a(lib_a-nano-vfprintf_float.o)
 .rodata._printf_i.str1.1
                0x000000000002dede       0x22 /home/slombardo/.arduino15/packages/adafruit/tools/arm-none-eabi-gcc/9-2019q4/bin/../lib/gcc/arm-none-eabi/9.2.1/../../../../arm-none-eabi/lib/thumb/v7e-m+fp/hard/libc_nano.a(lib_a-nano-vfprintf_i.o)
 .rodata._ctype_
                0x000000000002df00      0x101 /home/slombardo/.arduino15/packages/adafruit/tools/arm-none-eabi-gcc/9-2019q4/bin/../lib/gcc/arm-none-eabi/9.2.1/../../../../arm-none-eabi/lib/thumb/v7e-m+fp/hard/libc_nano.a(lib_a-ctype_.o)
                0x000000000002df00                _ctype_
 .rodata._dtoa_r.str1.1
                0x000000000002e001        0xd /home/slombardo/.arduino15/packages/adafruit/tools/arm-none-eabi-gcc/9-2019q4/bin/../lib/gcc/arm-none-eabi/9.2.1/../../../../arm-none-eabi/lib/thumb/v7e-m+fp/hard/libc_nano.a(lib_a-dtoa.o)
                                          0xf (size before relaxing)
 *fill*         0x000000000002e00e        0x2 
 .rodata.__sf_fake_stderr
                0x000000000002e010       0x20 /home/slombardo/.arduino15/packages/adafruit/tools/arm-none-eabi-gcc/9-2019q4/bin/../lib/gcc/arm-none-eabi/9.2.1/../../../../arm-none-eabi/lib/thumb/v7e-m+fp/hard/libc_nano.a(lib_a-findfp.o)
                0x000000000002e010                __sf_fake_stderr
 .rodata.__sf_fake_stdin
                0x000000000002e030       0x20 /home/slombardo/.arduino15/packages/adafruit/tools/arm-none-eabi-gcc/9-2019q4/bin/../lib/gcc/arm-none-eabi/9.2.1/../../../../arm-none-eabi/lib/thumb/v7e-m+fp/hard/libc_nano.a(lib_a-findfp.o)
                0x000000000002e030                __sf_fake_stdin
 .rodata.__sf_fake_stdout
                0x000000000002e050       0x20 /home/slombardo/.arduino15/packages/adafruit/tools/arm-none-eabi-gcc/9-2019q4/bin/../lib/gcc/arm-none-eabi/9.2.1/../../../../arm-none-eabi/lib/thumb/v7e-m+fp/hard/libc_nano.a(lib_a-findfp.o)
                0x000000000002e050                __sf_fake_stdout
 .rodata.__mprec_bigtens
                0x000000000002e070       0x28 /home/slombardo/.arduino15/packages/adafruit/tools/arm-none-eabi-gcc/9-2019q4/bin/../lib/gcc/arm-none-eabi/9.2.1/../../../../arm-none-eabi/lib/thumb/v7e-m+fp/hard/libc_nano.a(lib_a-mprec.o)
                0x000000000002e070                __mprec_bigtens
 .rodata.__mprec_tens
                0x000000000002e098       0xc8 /home/slombardo/.arduino15/packages/adafruit/tools/arm-none-eabi-gcc/9-2019q4/bin/../lib/gcc/arm-none-eabi/9.2.1/../../../../arm-none-eabi/lib/thumb/v7e-m+fp/hard/libc_nano.a(lib_a-mprec.o)
                0x000000000002e098                __mprec_tens
 .rodata.p05.7490
                0x000000000002e160        0xc /home/slombardo/.arduino15/packages/adafruit/tools/arm-none-eabi-gcc/9-2019q4/bin/../lib/gcc/arm-none-eabi/9.2.1/../../../../arm-none-eabi/lib/thumb/v7e-m+fp/hard/libc_nano.a(lib_a-mprec.o)
 .rodata._svfprintf_r.str1.1
                0x000000000002e16c       0x11 /home/slombardo/.arduino15/packages/adafruit/tools/arm-none-eabi-gcc/9-2019q4/bin/../lib/gcc/arm-none-eabi/9.2.1/../../../../arm-none-eabi/lib/thumb/v7e-m+fp/hard/libc_nano.a(lib_a-nano-svfprintf.o)
 .rodata._vfprintf_r.str1.1
                0x000000000002e17d       0x11 /home/slombardo/.arduino15/packages/adafruit/tools/arm-none-eabi-gcc/9-2019q4/bin/../lib/gcc/arm-none-eabi/9.2.1/../../../../arm-none-eabi/lib/thumb/v7e-m+fp/hard/libc_nano.a(lib_a-nano-vfprintf.o)
 .rodata._setlocale_r.str1.1
                0x000000000002e17d        0x8 /home/slombardo/.arduino15/packages/adafruit/tools/arm-none-eabi-gcc/9-2019q4/bin/../lib/gcc/arm-none-eabi/9.2.1/../../../../arm-none-eabi/lib/thumb/v7e-m+fp/hard/libc_nano.a(lib_a-locale.o)
                                          0x9 (size before relaxing)
 .rodata.str1.1
                0x000000000002e185        0x2 /home/slombardo/.arduino15/packages/adafruit/tools/arm-none-eabi-gcc/9-2019q4/bin/../lib/gcc/arm-none-eabi/9.2.1/../../../../arm-none-eabi/lib/thumb/v7e-m+fp/hard/libc_nano.a(lib_a-locale.o)
 *(.eh_frame*)
 *fill*         0x000000000002e187        0x1 
 .eh_frame      0x000000000002e188        0x0 /home/slombardo/.arduino15/packages/adafruit/tools/arm-none-eabi-gcc/9-2019q4/bin/../lib/gcc/arm-none-eabi/9.2.1/thumb/v7e-m+fp/hard/crtbegin.o
 .eh_frame      0x000000000002e188        0x4 /home/slombardo/.arduino15/packages/adafruit/tools/arm-none-eabi-gcc/9-2019q4/bin/../lib/gcc/arm-none-eabi/9.2.1/thumb/v7e-m+fp/hard/crtend.o

.glue_7         0x000000000002e18c        0x0
 .glue_7        0x000000000002e18c        0x0 linker stubs

.glue_7t        0x000000000002e18c        0x0
 .glue_7t       0x000000000002e18c        0x0 linker stubs

.vfp11_veneer   0x000000000002e18c        0x0
 .vfp11_veneer  0x000000000002e18c        0x0 linker stubs

.v4_bx          0x000000000002e18c        0x0
 .v4_bx         0x000000000002e18c        0x0 linker stubs

.iplt           0x000000000002e18c        0x0
 .iplt          0x000000000002e18c        0x0 /home/slombardo/.arduino15/packages/adafruit/tools/arm-none-eabi-gcc/9-2019q4/bin/../lib/gcc/arm-none-eabi/9.2.1/thumb/v7e-m+fp/hard/crtfastmath.o

.ARM.extab
 *(.ARM.extab* .gnu.linkonce.armextab.*)
                0x000000000002e18c                __exidx_start = .

.ARM.exidx      0x000000000002e18c        0x8
 *(.ARM.exidx* .gnu.linkonce.armexidx.*)
 .ARM.exidx     0x000000000002e18c        0x8 /home/slombardo/.arduino15/packages/adafruit/tools/arm-none-eabi-gcc/9-2019q4/bin/../lib/gcc/arm-none-eabi/9.2.1/../../../../arm-none-eabi/lib/thumb/v7e-m+fp/hard/crt0.o
                0x000000000002e194                __exidx_end = .
                0x000000000002e194                __etext = .

.rel.dyn        0x000000000002e194        0x0
 .rel.iplt      0x000000000002e194        0x0 /home/slombardo/.arduino15/packages/adafruit/tools/arm-none-eabi-gcc/9-2019q4/bin/../lib/gcc/arm-none-eabi/9.2.1/thumb/v7e-m+fp/hard/crtfastmath.o

.data           0x0000000020003600      0x1fc load address 0x000000000002e194
                0x0000000020003600                __data_start__ = .
 *(vtable)
 *(.data*)
 .data.cols     0x0000000020003600        0xd /home/slombardo/projects/BadgersRunFirmware/Build/sketch/keyboard.ino.cpp.o
                0x0000000020003600                cols
 *fill*         0x000000002000360d        0x3 
 .data.rows     0x0000000020003610        0x6 /home/slombardo/projects/BadgersRunFirmware/Build/sketch/keyboard.ino.cpp.o
                0x0000000020003610                rows
 *fill*         0x0000000020003616        0x2 
 .data.SystemCoreClock
                0x0000000020003618        0x4 /home/slombardo/projects/BadgersRunFirmware/Build/core/core.a(system_nrf52.c.o)
                0x0000000020003618                SystemCoreClock
 .data._impure_ptr
                0x000000002000361c        0x4 /home/slombardo/.arduino15/packages/adafruit/tools/arm-none-eabi-gcc/9-2019q4/bin/../lib/gcc/arm-none-eabi/9.2.1/../../../../arm-none-eabi/lib/thumb/v7e-m+fp/hard/libc_nano.a(lib_a-impure.o)
                0x000000002000361c                _impure_ptr
 .data.impure_data
                0x0000000020003620       0x60 /home/slombardo/.arduino15/packages/adafruit/tools/arm-none-eabi-gcc/9-2019q4/bin/../lib/gcc/arm-none-eabi/9.2.1/../../../../arm-none-eabi/lib/thumb/v7e-m+fp/hard/libc_nano.a(lib_a-impure.o)
 .data.__global_locale
                0x0000000020003680      0x16c /home/slombardo/.arduino15/packages/adafruit/tools/arm-none-eabi-gcc/9-2019q4/bin/../lib/gcc/arm-none-eabi/9.2.1/../../../../arm-none-eabi/lib/thumb/v7e-m+fp/hard/libc_nano.a(lib_a-locale.o)
                0x0000000020003680                __global_locale
                0x00000000200037ec                . = ALIGN (0x4)
                0x00000000200037ec                PROVIDE (__preinit_array_start = .)
 *(.preinit_array)
                0x00000000200037ec                PROVIDE (__preinit_array_end = .)
                0x00000000200037ec                . = ALIGN (0x4)
                0x00000000200037ec                PROVIDE (__init_array_start = .)
 *(SORT_BY_NAME(.init_array.*))
 *(.init_array)
 .init_array    0x00000000200037ec        0x4 /home/slombardo/.arduino15/packages/adafruit/tools/arm-none-eabi-gcc/9-2019q4/bin/../lib/gcc/arm-none-eabi/9.2.1/thumb/v7e-m+fp/hard/crtfastmath.o
 .init_array    0x00000000200037f0        0x4 /home/slombardo/.arduino15/packages/adafruit/tools/arm-none-eabi-gcc/9-2019q4/bin/../lib/gcc/arm-none-eabi/9.2.1/thumb/v7e-m+fp/hard/crtbegin.o
 .init_array    0x00000000200037f4        0x4 /home/slombardo/projects/BadgersRunFirmware/Build/core/core.a(Uart.cpp.o)
                0x00000000200037f8                PROVIDE (__init_array_end = .)
                0x00000000200037f8                . = ALIGN (0x4)
                [!provide]                        PROVIDE (__fini_array_start = .)
 *(SORT_BY_NAME(.fini_array.*))
 *(.fini_array)
 .fini_array    0x00000000200037f8        0x4 /home/slombardo/.arduino15/packages/adafruit/tools/arm-none-eabi-gcc/9-2019q4/bin/../lib/gcc/arm-none-eabi/9.2.1/thumb/v7e-m+fp/hard/crtbegin.o
                [!provide]                        PROVIDE (__fini_array_end = .)
 *(.jcr*)
                0x00000000200037fc                . = ALIGN (0x4)
                0x00000000200037fc                __data_end__ = .
LOAD /home/slombardo/.arduino15/packages/adafruit/tools/arm-none-eabi-gcc/9-2019q4/bin/../lib/gcc/arm-none-eabi/9.2.1/thumb/v7e-m+fp/hard/crtfastmath.o
LOAD /home/slombardo/.arduino15/packages/adafruit/tools/arm-none-eabi-gcc/9-2019q4/bin/../lib/gcc/arm-none-eabi/9.2.1/thumb/v7e-m+fp/hard/crti.o
LOAD /home/slombardo/.arduino15/packages/adafruit/tools/arm-none-eabi-gcc/9-2019q4/bin/../lib/gcc/arm-none-eabi/9.2.1/thumb/v7e-m+fp/hard/crtbegin.o
LOAD /home/slombardo/.arduino15/packages/adafruit/tools/arm-none-eabi-gcc/9-2019q4/bin/../lib/gcc/arm-none-eabi/9.2.1/../../../../arm-none-eabi/lib/thumb/v7e-m+fp/hard/crt0.o
LOAD /home/slombardo/projects/BadgersRunFirmware/Build/sketch/keyboard.ino.cpp.o
LOAD /home/slombardo/projects/BadgersRunFirmware/Build/core/variant.cpp.o
START GROUP
LOAD /home/slombardo/.arduino15/packages/adafruit/tools/arm-none-eabi-gcc/9-2019q4/bin/../lib/gcc/arm-none-eabi/9.2.1/../../../../arm-none-eabi/lib/thumb/v7e-m+fp/hard/libm.a
LOAD /home/slombardo/projects/BadgersRunFirmware/Build/core/core.a
END GROUP
START GROUP
LOAD /home/slombardo/.arduino15/packages/adafruit/tools/arm-none-eabi-gcc/9-2019q4/bin/../lib/gcc/arm-none-eabi/9.2.1/thumb/v7e-m+fp/hard/libgcc.a
LOAD /home/slombardo/.arduino15/packages/adafruit/tools/arm-none-eabi-gcc/9-2019q4/bin/../lib/gcc/arm-none-eabi/9.2.1/../../../../arm-none-eabi/lib/thumb/v7e-m+fp/hard/libc_nano.a
END GROUP
START GROUP
LOAD /home/slombardo/.arduino15/packages/adafruit/tools/arm-none-eabi-gcc/9-2019q4/bin/../lib/gcc/arm-none-eabi/9.2.1/thumb/v7e-m+fp/hard/libgcc.a
LOAD /home/slombardo/.arduino15/packages/adafruit/tools/arm-none-eabi-gcc/9-2019q4/bin/../lib/gcc/arm-none-eabi/9.2.1/../../../../arm-none-eabi/lib/thumb/v7e-m+fp/hard/libc_nano.a
LOAD /home/slombardo/.arduino15/packages/adafruit/tools/arm-none-eabi-gcc/9-2019q4/bin/../lib/gcc/arm-none-eabi/9.2.1/../../../../arm-none-eabi/lib/thumb/v7e-m+fp/hard/libnosys.a
END GROUP
START GROUP
LOAD /home/slombardo/.arduino15/packages/adafruit/tools/arm-none-eabi-gcc/9-2019q4/bin/../lib/gcc/arm-none-eabi/9.2.1/thumb/v7e-m+fp/hard/libgcc.a
LOAD /home/slombardo/.arduino15/packages/adafruit/tools/arm-none-eabi-gcc/9-2019q4/bin/../lib/gcc/arm-none-eabi/9.2.1/../../../../arm-none-eabi/lib/thumb/v7e-m+fp/hard/libc_nano.a
LOAD /home/slombardo/.arduino15/packages/adafruit/tools/arm-none-eabi-gcc/9-2019q4/bin/../lib/gcc/arm-none-eabi/9.2.1/../../../../arm-none-eabi/lib/thumb/v7e-m+fp/hard/libnosys.a
END GROUP
LOAD /home/slombardo/.arduino15/packages/adafruit/tools/arm-none-eabi-gcc/9-2019q4/bin/../lib/gcc/arm-none-eabi/9.2.1/thumb/v7e-m+fp/hard/crtend.o
LOAD /home/slombardo/.arduino15/packages/adafruit/tools/arm-none-eabi-gcc/9-2019q4/bin/../lib/gcc/arm-none-eabi/9.2.1/thumb/v7e-m+fp/hard/crtn.o
START GROUP
LOAD /home/slombardo/.arduino15/packages/adafruit/tools/arm-none-eabi-gcc/9-2019q4/bin/../lib/gcc/arm-none-eabi/9.2.1/thumb/v7e-m+fp/hard/libgcc.a
LOAD /home/slombardo/.arduino15/packages/adafruit/tools/arm-none-eabi-gcc/9-2019q4/bin/../lib/gcc/arm-none-eabi/9.2.1/../../../../arm-none-eabi/lib/thumb/v7e-m+fp/hard/libc.a
LOAD /home/slombardo/.arduino15/packages/adafruit/tools/arm-none-eabi-gcc/9-2019q4/bin/../lib/gcc/arm-none-eabi/9.2.1/../../../../arm-none-eabi/lib/thumb/v7e-m+fp/hard/libnosys.a
END GROUP

.igot.plt       0x00000000200037fc        0x0 load address 0x000000000002e390
 .igot.plt      0x00000000200037fc        0x0 /home/slombardo/.arduino15/packages/adafruit/tools/arm-none-eabi-gcc/9-2019q4/bin/../lib/gcc/arm-none-eabi/9.2.1/thumb/v7e-m+fp/hard/crtfastmath.o
                0x00000000200037fc                . = ALIGN (0x4)

.svc_data       0x00000000200037fc        0x0
                [!provide]                        PROVIDE (__start_svc_data = .)
 *(.svc_data)
                [!provide]                        PROVIDE (__stop_svc_data = .)

.fs_data        0x00000000200037fc        0x0
                [!provide]                        PROVIDE (__start_fs_data = .)
 *(.fs_data)
                [!provide]                        PROVIDE (__stop_fs_data = .)

.bss            0x00000000200037fc      0xb18 load address 0x000000000002e390
                0x00000000200037fc                . = ALIGN (0x4)
                0x00000000200037fc                __bss_start__ = .
 *(.bss*)
 .bss           0x00000000200037fc       0x1c /home/slombardo/.arduino15/packages/adafruit/tools/arm-none-eabi-gcc/9-2019q4/bin/../lib/gcc/arm-none-eabi/9.2.1/thumb/v7e-m+fp/hard/crtbegin.o
 .bss.pxCurrentTCB
                0x0000000020003818        0x4 /home/slombardo/projects/BadgersRunFirmware/Build/core/core.a(tasks.c.o)
                0x0000000020003818                pxCurrentTCB
 .bss.pxDelayedTaskList
                0x000000002000381c        0x4 /home/slombardo/projects/BadgersRunFirmware/Build/core/core.a(tasks.c.o)
 .bss.pxOverflowDelayedTaskList
                0x0000000020003820        0x4 /home/slombardo/projects/BadgersRunFirmware/Build/core/core.a(tasks.c.o)
 .bss.pxReadyTasksLists
                0x0000000020003824       0x64 /home/slombardo/projects/BadgersRunFirmware/Build/core/core.a(tasks.c.o)
 .bss.uxCurrentNumberOfTasks
                0x0000000020003888        0x4 /home/slombardo/projects/BadgersRunFirmware/Build/core/core.a(tasks.c.o)
 .bss.uxDeletedTasksWaitingCleanUp
                0x000000002000388c        0x4 /home/slombardo/projects/BadgersRunFirmware/Build/core/core.a(tasks.c.o)
 .bss.uxPendedTicks
                0x0000000020003890        0x4 /home/slombardo/projects/BadgersRunFirmware/Build/core/core.a(tasks.c.o)
 .bss.uxSchedulerSuspended
                0x0000000020003894        0x4 /home/slombardo/projects/BadgersRunFirmware/Build/core/core.a(tasks.c.o)
 .bss.uxTaskNumber
                0x0000000020003898        0x4 /home/slombardo/projects/BadgersRunFirmware/Build/core/core.a(tasks.c.o)
 .bss.uxTopReadyPriority
                0x000000002000389c        0x4 /home/slombardo/projects/BadgersRunFirmware/Build/core/core.a(tasks.c.o)
 .bss.xDelayedTaskList1
                0x00000000200038a0       0x14 /home/slombardo/projects/BadgersRunFirmware/Build/core/core.a(tasks.c.o)
 .bss.xDelayedTaskList2
                0x00000000200038b4       0x14 /home/slombardo/projects/BadgersRunFirmware/Build/core/core.a(tasks.c.o)
 .bss.xIdleTaskHandle
                0x00000000200038c8        0x4 /home/slombardo/projects/BadgersRunFirmware/Build/core/core.a(tasks.c.o)
 .bss.xNextTaskUnblockTime
                0x00000000200038cc        0x4 /home/slombardo/projects/BadgersRunFirmware/Build/core/core.a(tasks.c.o)
 .bss.xNumOfOverflows
                0x00000000200038d0        0x4 /home/slombardo/projects/BadgersRunFirmware/Build/core/core.a(tasks.c.o)
 .bss.xPendingReadyList
                0x00000000200038d4       0x14 /home/slombardo/projects/BadgersRunFirmware/Build/core/core.a(tasks.c.o)
 .bss.xSchedulerRunning
                0x00000000200038e8        0x4 /home/slombardo/projects/BadgersRunFirmware/Build/core/core.a(tasks.c.o)
 .bss.xSuspendedTaskList
                0x00000000200038ec       0x14 /home/slombardo/projects/BadgersRunFirmware/Build/core/core.a(tasks.c.o)
 .bss.xTasksWaitingTermination
                0x0000000020003900       0x14 /home/slombardo/projects/BadgersRunFirmware/Build/core/core.a(tasks.c.o)
 .bss.xTickCount
                0x0000000020003914        0x4 /home/slombardo/projects/BadgersRunFirmware/Build/core/core.a(tasks.c.o)
 .bss.xYieldPending
                0x0000000020003918        0x4 /home/slombardo/projects/BadgersRunFirmware/Build/core/core.a(tasks.c.o)
 .bss.pxCurrentTimerList
                0x000000002000391c        0x4 /home/slombardo/projects/BadgersRunFirmware/Build/core/core.a(timers.c.o)
 .bss.pxOverflowTimerList
                0x0000000020003920        0x4 /home/slombardo/projects/BadgersRunFirmware/Build/core/core.a(timers.c.o)
 .bss.ucStaticTimerQueueStorage.9330
                0x0000000020003924      0x200 /home/slombardo/projects/BadgersRunFirmware/Build/core/core.a(timers.c.o)
 .bss.xActiveTimerList1
                0x0000000020003b24       0x14 /home/slombardo/projects/BadgersRunFirmware/Build/core/core.a(timers.c.o)
 .bss.xActiveTimerList2
                0x0000000020003b38       0x14 /home/slombardo/projects/BadgersRunFirmware/Build/core/core.a(timers.c.o)
 .bss.xLastTime.9283
                0x0000000020003b4c        0x4 /home/slombardo/projects/BadgersRunFirmware/Build/core/core.a(timers.c.o)
 .bss.xStaticTimerQueue.9329
                0x0000000020003b50       0x50 /home/slombardo/projects/BadgersRunFirmware/Build/core/core.a(timers.c.o)
 .bss.xTimerQueue
                0x0000000020003ba0        0x4 /home/slombardo/projects/BadgersRunFirmware/Build/core/core.a(timers.c.o)
 .bss.xTimerTaskHandle
                0x0000000020003ba4        0x4 /home/slombardo/projects/BadgersRunFirmware/Build/core/core.a(timers.c.o)
 .bss.uxCriticalNesting
                0x0000000020003ba8        0x4 /home/slombardo/projects/BadgersRunFirmware/Build/core/core.a(port_cmsis.c.o)
 .bss.bootloaderVersion
                0x0000000020003bac        0x4 /home/slombardo/projects/BadgersRunFirmware/Build/core/core.a(wiring.c.o)
                0x0000000020003bac                bootloaderVersion
 .bss.Serial    0x0000000020003bb0       0xa8 /home/slombardo/projects/BadgersRunFirmware/Build/core/core.a(Uart.cpp.o)
                0x0000000020003bb0                Serial
 .bss._ZL11_loopHandle
                0x0000000020003c58        0x4 /home/slombardo/projects/BadgersRunFirmware/Build/core/core.a(main.cpp.o)
 .bss._ZZ29vApplicationGetIdleTaskMemoryE12xIdleTaskTCB
                0x0000000020003c5c       0x54 /home/slombardo/projects/BadgersRunFirmware/Build/core/core.a(rtos.cpp.o)
 .bss._ZZ29vApplicationGetIdleTaskMemoryE15uxIdleTaskStack
                0x0000000020003cb0      0x190 /home/slombardo/projects/BadgersRunFirmware/Build/core/core.a(rtos.cpp.o)
 .bss._ZZ30vApplicationGetTimerTaskMemoryE13xTimerTaskTCB
                0x0000000020003e40       0x54 /home/slombardo/projects/BadgersRunFirmware/Build/core/core.a(rtos.cpp.o)
 .bss._ZZ30vApplicationGetTimerTaskMemoryE16uxTimerTaskStack
                0x0000000020003e94      0x400 /home/slombardo/projects/BadgersRunFirmware/Build/core/core.a(rtos.cpp.o)
 .bss._ZZ11dbg_err_strE11unknown_str
                0x0000000020004294        0x7 /home/slombardo/projects/BadgersRunFirmware/Build/core/core.a(debug.cpp.o)
 *fill*         0x000000002000429b        0x1 
 .bss._cb_qdepth
                0x000000002000429c        0x4 /home/slombardo/projects/BadgersRunFirmware/Build/core/core.a(AdaCallback.c.o)
 .bss._cb_queue
                0x00000000200042a0        0x4 /home/slombardo/projects/BadgersRunFirmware/Build/core/core.a(AdaCallback.c.o)
 .bss._cb_task  0x00000000200042a4        0x4 /home/slombardo/projects/BadgersRunFirmware/Build/core/core.a(AdaCallback.c.o)
 .bss.fw_str.11523
                0x00000000200042a8       0x1f /home/slombardo/projects/BadgersRunFirmware/Build/core/core.a(utilities.c.o)
 *fill*         0x00000000200042c7        0x1 
 .bss.serial_str.11532
                0x00000000200042c8       0x11 /home/slombardo/projects/BadgersRunFirmware/Build/core/core.a(utilities.c.o)
 *fill*         0x00000000200042d9        0x3 
 .bss.__malloc_free_list
                0x00000000200042dc        0x4 /home/slombardo/.arduino15/packages/adafruit/tools/arm-none-eabi-gcc/9-2019q4/bin/../lib/gcc/arm-none-eabi/9.2.1/../../../../arm-none-eabi/lib/thumb/v7e-m+fp/hard/libc_nano.a(lib_a-nano-mallocr.o)
                0x00000000200042dc                __malloc_free_list
 .bss.__malloc_sbrk_start
                0x00000000200042e0        0x4 /home/slombardo/.arduino15/packages/adafruit/tools/arm-none-eabi-gcc/9-2019q4/bin/../lib/gcc/arm-none-eabi/9.2.1/../../../../arm-none-eabi/lib/thumb/v7e-m+fp/hard/libc_nano.a(lib_a-nano-mallocr.o)
                0x00000000200042e0                __malloc_sbrk_start
 .bss.heap_end.5507
                0x00000000200042e4        0x4 /home/slombardo/.arduino15/packages/adafruit/tools/arm-none-eabi-gcc/9-2019q4/bin/../lib/gcc/arm-none-eabi/9.2.1/../../../../arm-none-eabi/lib/thumb/v7e-m+fp/hard/libnosys.a(sbrk.o)
 *(COMMON)
 COMMON         0x00000000200042e8        0xc /home/slombardo/projects/BadgersRunFirmware/Build/core/core.a(wiring.c.o)
                0x00000000200042e8                nrf_nvic_state
 COMMON         0x00000000200042f4       0x10 /home/slombardo/projects/BadgersRunFirmware/Build/core/core.a(queue.c.o)
                0x00000000200042f4                xQueueRegistry
 COMMON         0x0000000020004304        0x9 /home/slombardo/.arduino15/packages/adafruit/tools/arm-none-eabi-gcc/9-2019q4/bin/../lib/gcc/arm-none-eabi/9.2.1/../../../../arm-none-eabi/lib/thumb/v7e-m+fp/hard/libc_nano.a(lib_a-lock.o)
                0x0000000020004304                __lock___atexit_recursive_mutex
                0x0000000020004305                __lock___arc4random_mutex
                0x0000000020004306                __lock___env_recursive_mutex
                0x0000000020004307                __lock___sinit_recursive_mutex
                0x0000000020004308                __lock___malloc_recursive_mutex
                0x0000000020004309                __lock___at_quick_exit_mutex
                0x000000002000430a                __lock___dd_hash_mutex
                0x000000002000430b                __lock___tz_mutex
                0x000000002000430c                __lock___sfp_recursive_mutex
 *fill*         0x000000002000430d        0x3 
 COMMON         0x0000000020004310        0x4 /home/slombardo/.arduino15/packages/adafruit/tools/arm-none-eabi-gcc/9-2019q4/bin/../lib/gcc/arm-none-eabi/9.2.1/../../../../arm-none-eabi/lib/thumb/v7e-m+fp/hard/libc_nano.a(lib_a-reent.o)
                0x0000000020004310                errno
                0x0000000020004314                . = ALIGN (0x4)
                0x0000000020004314                __bss_end__ = .

.heap           0x0000000020004314     0xb4ec load address 0x000000000002eea8
                0x0000000020004314                __HeapBase = .
                0x0000000020004314                __end__ = .
                0x0000000020004314                PROVIDE (end = .)
 *(.heap*)
                0x000000002000f800                . = ALIGN (__StackLimit)
 *fill*         0x0000000020004314     0xb4ec 
                0x000000002000f800                __HeapLimit = .
                0x0000000000000001                ASSERT ((__StackLimit >= __HeapLimit), region RAM overflowed with stack)
                0x0000000000000001                ASSERT ((__StackLimit >= __bss_end__), region RAM overflowed with stack)
OUTPUT(/home/slombardo/projects/BadgersRunFirmware/Build/keyboard.ino.elf elf32-littlearm)

.ARM.attributes
                0x0000000000000000       0x32
 .ARM.attributes
                0x0000000000000000       0x34 /home/slombardo/.arduino15/packages/adafruit/tools/arm-none-eabi-gcc/9-2019q4/bin/../lib/gcc/arm-none-eabi/9.2.1/thumb/v7e-m+fp/hard/crtfastmath.o
 .ARM.attributes
                0x0000000000000034       0x1e /home/slombardo/.arduino15/packages/adafruit/tools/arm-none-eabi-gcc/9-2019q4/bin/../lib/gcc/arm-none-eabi/9.2.1/thumb/v7e-m+fp/hard/crti.o
 .ARM.attributes
                0x0000000000000052       0x34 /home/slombardo/.arduino15/packages/adafruit/tools/arm-none-eabi-gcc/9-2019q4/bin/../lib/gcc/arm-none-eabi/9.2.1/thumb/v7e-m+fp/hard/crtbegin.o
 .ARM.attributes
                0x0000000000000086       0x1c /home/slombardo/.arduino15/packages/adafruit/tools/arm-none-eabi-gcc/9-2019q4/bin/../lib/gcc/arm-none-eabi/9.2.1/../../../../arm-none-eabi/lib/thumb/v7e-m+fp/hard/crt0.o
 .ARM.attributes
                0x00000000000000a2       0x30 /home/slombardo/projects/BadgersRunFirmware/Build/sketch/keyboard.ino.cpp.o
 .ARM.attributes
                0x00000000000000d2       0x30 /home/slombardo/projects/BadgersRunFirmware/Build/core/variant.cpp.o
 .ARM.attributes
                0x0000000000000102       0x1c /home/slombardo/projects/BadgersRunFirmware/Build/core/core.a(gcc_startup_nrf52.S.o)
 .ARM.attributes
                0x000000000000011e       0x30 /home/slombardo/projects/BadgersRunFirmware/Build/core/core.a(delay.c.o)
 .ARM.attributes
                0x000000000000014e       0x30 /home/slombardo/projects/BadgersRunFirmware/Build/core/core.a(tasks.c.o)
 .ARM.attributes
                0x000000000000017e       0x30 /home/slombardo/projects/BadgersRunFirmware/Build/core/core.a(timers.c.o)
 .ARM.attributes
                0x00000000000001ae       0x30 /home/slombardo/projects/BadgersRunFirmware/Build/core/core.a(port_cmsis.c.o)
 .ARM.attributes
                0x00000000000001de       0x30 /home/slombardo/projects/BadgersRunFirmware/Build/core/core.a(port_cmsis_systick.c.o)
 .ARM.attributes
                0x000000000000020e       0x30 /home/slombardo/projects/BadgersRunFirmware/Build/core/core.a(port.c.o)
 .ARM.attributes
                0x000000000000023e       0x30 /home/slombardo/projects/BadgersRunFirmware/Build/core/core.a(hooks.c.o)
 .ARM.attributes
                0x000000000000026e       0x30 /home/slombardo/projects/BadgersRunFirmware/Build/core/core.a(system_nrf52.c.o)
 .ARM.attributes
                0x000000000000029e       0x30 /home/slombardo/projects/BadgersRunFirmware/Build/core/core.a(wiring.c.o)
 .ARM.attributes
                0x00000000000002ce       0x30 /home/slombardo/projects/BadgersRunFirmware/Build/core/core.a(wiring_digital.c.o)
 .ARM.attributes
                0x00000000000002fe       0x30 /home/slombardo/projects/BadgersRunFirmware/Build/core/core.a(Print.cpp.o)
 .ARM.attributes
                0x000000000000032e       0x30 /home/slombardo/projects/BadgersRunFirmware/Build/core/core.a(Uart.cpp.o)
 .ARM.attributes
                0x000000000000035e       0x30 /home/slombardo/projects/BadgersRunFirmware/Build/core/core.a(main.cpp.o)
 .ARM.attributes
                0x000000000000038e       0x30 /home/slombardo/projects/BadgersRunFirmware/Build/core/core.a(rtos.cpp.o)
 .ARM.attributes
                0x00000000000003be       0x30 /home/slombardo/projects/BadgersRunFirmware/Build/core/core.a(debug.cpp.o)
 .ARM.attributes
                0x00000000000003ee       0x30 /home/slombardo/projects/BadgersRunFirmware/Build/core/core.a(list.c.o)
 .ARM.attributes
                0x000000000000041e       0x30 /home/slombardo/projects/BadgersRunFirmware/Build/core/core.a(heap_3.c.o)
 .ARM.attributes
                0x000000000000044e       0x30 /home/slombardo/projects/BadgersRunFirmware/Build/core/core.a(queue.c.o)
 .ARM.attributes
                0x000000000000047e       0x30 /home/slombardo/projects/BadgersRunFirmware/Build/core/core.a(AdaCallback.c.o)
 .ARM.attributes
                0x00000000000004ae       0x30 /home/slombardo/projects/BadgersRunFirmware/Build/core/core.a(utilities.c.o)
 .ARM.attributes
                0x00000000000004de       0x30 /home/slombardo/projects/BadgersRunFirmware/Build/core/core.a(RingBuffer.cpp.o)
 .ARM.attributes
                0x000000000000050e       0x34 /home/slombardo/.arduino15/packages/adafruit/tools/arm-none-eabi-gcc/9-2019q4/bin/../lib/gcc/arm-none-eabi/9.2.1/../../../../arm-none-eabi/lib/thumb/v7e-m+fp/hard/libc_nano.a(lib_a-exit.o)
 .ARM.attributes
                0x0000000000000542       0x32 /home/slombardo/.arduino15/packages/adafruit/tools/arm-none-eabi-gcc/9-2019q4/bin/../lib/gcc/arm-none-eabi/9.2.1/../../../../arm-none-eabi/lib/thumb/v7e-m+fp/hard/libc_nano.a(lib_a-impure.o)
 .ARM.attributes
                0x0000000000000574       0x34 /home/slombardo/.arduino15/packages/adafruit/tools/arm-none-eabi-gcc/9-2019q4/bin/../lib/gcc/arm-none-eabi/9.2.1/../../../../arm-none-eabi/lib/thumb/v7e-m+fp/hard/libc_nano.a(lib_a-init.o)
 .ARM.attributes
                0x00000000000005a8       0x34 /home/slombardo/.arduino15/packages/adafruit/tools/arm-none-eabi-gcc/9-2019q4/bin/../lib/gcc/arm-none-eabi/9.2.1/../../../../arm-none-eabi/lib/thumb/v7e-m+fp/hard/libc_nano.a(lib_a-malloc.o)
 .ARM.attributes
                0x00000000000005dc       0x34 /home/slombardo/.arduino15/packages/adafruit/tools/arm-none-eabi-gcc/9-2019q4/bin/../lib/gcc/arm-none-eabi/9.2.1/../../../../arm-none-eabi/lib/thumb/v7e-m+fp/hard/libc_nano.a(lib_a-memcpy-stub.o)
 .ARM.attributes
                0x0000000000000610       0x34 /home/slombardo/.arduino15/packages/adafruit/tools/arm-none-eabi-gcc/9-2019q4/bin/../lib/gcc/arm-none-eabi/9.2.1/../../../../arm-none-eabi/lib/thumb/v7e-m+fp/hard/libc_nano.a(lib_a-memset.o)
 .ARM.attributes
                0x0000000000000644       0x34 /home/slombardo/.arduino15/packages/adafruit/tools/arm-none-eabi-gcc/9-2019q4/bin/../lib/gcc/arm-none-eabi/9.2.1/../../../../arm-none-eabi/lib/thumb/v7e-m+fp/hard/libc_nano.a(lib_a-nano-freer.o)
 .ARM.attributes
                0x0000000000000678       0x34 /home/slombardo/.arduino15/packages/adafruit/tools/arm-none-eabi-gcc/9-2019q4/bin/../lib/gcc/arm-none-eabi/9.2.1/../../../../arm-none-eabi/lib/thumb/v7e-m+fp/hard/libc_nano.a(lib_a-nano-mallocr.o)
 .ARM.attributes
                0x00000000000006ac       0x34 /home/slombardo/.arduino15/packages/adafruit/tools/arm-none-eabi-gcc/9-2019q4/bin/../lib/gcc/arm-none-eabi/9.2.1/../../../../arm-none-eabi/lib/thumb/v7e-m+fp/hard/libc_nano.a(lib_a-nano-vfprintf_float.o)
 .ARM.attributes