Archive member included to satisfy reference by file (symbol)

c:\Users\Spencer\Desktop\Keyboard\Firmware\build/core\core.a(gcc_startup_nrf52.S.o)
                              (Reset_Handler)
c:\Users\Spencer\Desktop\Keyboard\Firmware\build/core\core.a(delay.c.o)
                              c:\Users\Spencer\Desktop\Keyboard\Firmware\build\libraries\Bluefruit52Lib\services\BLEMidi.cpp.o (millis)
c:\Users\Spencer\Desktop\Keyboard\Firmware\build/core\core.a(heap_3.c.o)
                              c:\Users\Spencer\Desktop\Keyboard\Firmware\build\libraries\Bluefruit52Lib\BLECharacteristic.cpp.o (pvPortMalloc)
c:\Users\Spencer\Desktop\Keyboard\Firmware\build/core\core.a(queue.c.o)
                              c:\Users\Spencer\Desktop\Keyboard\Firmware\build\libraries\Bluefruit52Lib\BLEConnection.cpp.o (xQueueGenericCreate)
c:\Users\Spencer\Desktop\Keyboard\Firmware\build/core\core.a(tasks.c.o)
                              c:\Users\Spencer\Desktop\Keyboard\Firmware\build\libraries\Bluefruit52Lib\bluefruit.cpp.o (xTaskCreate)
c:\Users\Spencer\Desktop\Keyboard\Firmware\build/core\core.a(timers.c.o)
                              c:\Users\Spencer\Desktop\Keyboard\Firmware\build/core\core.a(tasks.c.o) (xTimerCreateTimerTask)
c:\Users\Spencer\Desktop\Keyboard\Firmware\build/core\core.a(port_cmsis.c.o)
                              c:\Users\Spencer\Desktop\Keyboard\Firmware\build/core\core.a(tasks.c.o) (pxPortInitialiseStack)
c:\Users\Spencer\Desktop\Keyboard\Firmware\build/core\core.a(port_cmsis_systick.c.o)
                              c:\Users\Spencer\Desktop\Keyboard\Firmware\build/core\core.a(port_cmsis.c.o) (vPortSetupTimerInterrupt)
c:\Users\Spencer\Desktop\Keyboard\Firmware\build/core\core.a(port.c.o)
                              c:\Users\Spencer\Desktop\Keyboard\Firmware\build/core\core.a(port_cmsis.c.o) (vPortStartFirstTask)
c:\Users\Spencer\Desktop\Keyboard\Firmware\build/core\core.a(hooks.c.o)
                              c:\Users\Spencer\Desktop\Keyboard\Firmware\build/core\core.a(tasks.c.o) (vApplicationIdleHook)
c:\Users\Spencer\Desktop\Keyboard\Firmware\build/core\core.a(system_nrf52.c.o)
                              c:\Users\Spencer\Desktop\Keyboard\Firmware\build/core\core.a(gcc_startup_nrf52.S.o) (SystemInit)
c:\Users\Spencer\Desktop\Keyboard\Firmware\build/core\core.a(AdaCallback.c.o)
                              c:\Users\Spencer\Desktop\Keyboard\Firmware\build\libraries\Bluefruit52Lib\BLEAdvertising.cpp.o (ada_callback_invoke)
c:\Users\Spencer\Desktop\Keyboard\Firmware\build/core\core.a(utilities.c.o)
                              c:\Users\Spencer\Desktop\Keyboard\Firmware\build\libraries\Bluefruit52Lib\services\BLEDis.cpp.o (getBootloaderVersion)
c:\Users\Spencer\Desktop\Keyboard\Firmware\build/core\core.a(wiring.c.o)
                              c:\Users\Spencer\Desktop\Keyboard\Firmware\build/core\core.a(port_cmsis_systick.c.o) (nrf_nvic_state)
c:\Users\Spencer\Desktop\Keyboard\Firmware\build/core\core.a(wiring_digital.c.o)
                              c:\Users\Spencer\Desktop\Keyboard\Firmware\build\core\variant.cpp.o (pinMode)
c:\Users\Spencer\Desktop\Keyboard\Firmware\build/core\core.a(Print.cpp.o)
                              c:\Users\Spencer\Desktop\Keyboard\Firmware\build\libraries\Bluefruit52Lib\services\BLEMidi.cpp.o (Print::write(unsigned char const*, unsigned int))
c:\Users\Spencer\Desktop\Keyboard\Firmware\build/core\core.a(Uart.cpp.o)
                              c:\Users\Spencer\Desktop\Keyboard\Firmware\build\sketch\testapp.ino.cpp.o (Uart::available())
c:\Users\Spencer\Desktop\Keyboard\Firmware\build/core\core.a(abi.cpp.o)
                              c:\Users\Spencer\Desktop\Keyboard\Firmware\build/core\core.a(Print.cpp.o) (__cxa_pure_virtual)
c:\Users\Spencer\Desktop\Keyboard\Firmware\build/core\core.a(main.cpp.o)
                              c:/users/spencer/appdata/local/arduino15/packages/adafruit/tools/arm-none-eabi-gcc/9-2019q4/bin/../lib/gcc/arm-none-eabi/9.2.1/../../../../arm-none-eabi/lib/thumb/v7e-m+fp/hard/crt0.o (main)
c:\Users\Spencer\Desktop\Keyboard\Firmware\build/core\core.a(new.cpp.o)
                              c:\Users\Spencer\Desktop\Keyboard\Firmware\build\libraries\Bluefruit52Lib\bluefruit.cpp.o (operator new(unsigned int))
c:\Users\Spencer\Desktop\Keyboard\Firmware\build/core\core.a(rtos.cpp.o)
                              c:\Users\Spencer\Desktop\Keyboard\Firmware\build/core\core.a(tasks.c.o) (vApplicationStackOverflowHook)
c:\Users\Spencer\Desktop\Keyboard\Firmware\build/core\core.a(adafruit_fifo.cpp.o)
                              c:\Users\Spencer\Desktop\Keyboard\Firmware\build\libraries\Bluefruit52Lib\clients\BLEClientUart.cpp.o (Adafruit_FIFO::Adafruit_FIFO(unsigned char, unsigned short))
c:\Users\Spencer\Desktop\Keyboard\Firmware\build/core\core.a(list.c.o)
                              c:\Users\Spencer\Desktop\Keyboard\Firmware\build/core\core.a(queue.c.o) (vListInitialise)
[...]
Memory Configuration

Name             Origin             Length             Attributes
FLASH            0x00026000         0x00047000         xr
RAM              0x20003600         0x0000ca00         xrw
*default*        0x00000000         0xffffffff

Linker script and memory map

                0x00000800                __StackSize = 0x800
                0x20010000                PROVIDE (__StackTop = (ORIGIN (RAM) + LENGTH (RAM)))
                0x2000f800                PROVIDE (__StackLimit = (__StackTop - __StackSize))
                0x20010000                PROVIDE (__stack = __StackTop)
                0x00026000                __flash_arduino_start = ORIGIN (FLASH)
                0x0006d000                __flash_arduino_end = (ORIGIN (FLASH) + LENGTH (FLASH))

.text           0x00026000    0x10bb4
 *(.isr_vector)
 .isr_vector    0x00026000      0x200 c:\Users\Spencer\Desktop\Keyboard\Firmware\build/core\core.a(gcc_startup_nrf52.S.o)
                0x00026000                __isr_vector
 *(.text*)
 .text.startup  0x00026200       0x10 c:/users/spencer/appdata/local/arduino15/packages/adafruit/tools/arm-none-eabi-gcc/9-2019q4/bin/../lib/gcc/arm-none-eabi/9.2.1/thumb/v7e-m+fp/hard/crtfastmath.o
 .text          0x00026210       0x40 c:/users/spencer/appdata/local/arduino15/packages/adafruit/tools/arm-none-eabi-gcc/9-2019q4/bin/../lib/gcc/arm-none-eabi/9.2.1/thumb/v7e-m+fp/hard/crtbegin.o
 .text          0x00026250       0x74 c:/users/spencer/appdata/local/arduino15/packages/adafruit/tools/arm-none-eabi-gcc/9-2019q4/bin/../lib/gcc/arm-none-eabi/9.2.1/../../../../arm-none-eabi/lib/thumb/v7e-m+fp/hard/crt0.o
                0x00026250                _start
                0x00026250                _mainCRTStartup
 .text._Z16set_keyboard_ledth
                0x000262c4        0xc c:\Users\Spencer\Desktop\Keyboard\Firmware\build\sketch\testapp.ino.cpp.o
                0x000262c4                set_keyboard_led(unsigned short, unsigned char)
 .text.startup._GLOBAL__sub_I_bledis
                0x000262d0       0x30 c:\Users\Spencer\Desktop\Keyboard\Firmware\build\sketch\testapp.ino.cpp.o
 .text.setup    0x00026300      0x124 c:\Users\Spencer\Desktop\Keyboard\Firmware\build\sketch\testapp.ino.cpp.o
                0x00026300                setup
 .text.loop     0x00026424       0x64 c:\Users\Spencer\Desktop\Keyboard\Firmware\build\sketch\testapp.ino.cpp.o
                0x00026424                loop
 .text._ZN14BLEHidAdafruitD2Ev
                0x00026488       0x18 c:\Users\Spencer\Desktop\Keyboard\Firmware\build\sketch\testapp.ino.cpp.o
                0x00026488                BLEHidAdafruit::~BLEHidAdafruit()
                0x00026488                BLEHidAdafruit::~BLEHidAdafruit()
 .text.sd_ble_gap_adv_set_configure
                0x000264a0        0x4 c:\Users\Spencer\Desktop\Keyboard\Firmware\build\libraries\Bluefruit52Lib\BLEAdvertising.cpp.o
 .text.sd_ble_gap_adv_start
                0x000264a4        0x4 c:\Users\Spencer\Desktop\Keyboard\Firmware\build\libraries\Bluefruit52Lib\BLEAdvertising.cpp.o
 .text.sd_ble_gap_tx_power_set
                0x000264a8        0x4 c:\Users\Spencer\Desktop\Keyboard\Firmware\build\libraries\Bluefruit52Lib\BLEAdvertising.cpp.o
 .text._ZN18BLEAdvertisingData7addUuidEP7BLEUuidh.constprop.2
                0x000264ac       0x70 c:\Users\Spencer\Desktop\Keyboard\Firmware\build\libraries\Bluefruit52Lib\BLEAdvertising.cpp.o
 .text._ZN18BLEAdvertisingDataC2Ev
                0x0002651c        0x8 c:\Users\Spencer\Desktop\Keyboard\Firmware\build\libraries\Bluefruit52Lib\BLEAdvertising.cpp.o
                0x0002651c                BLEAdvertisingData::BLEAdvertisingData()
                0x0002651c                BLEAdvertisingData::BLEAdvertisingData()
 .text._ZN18BLEAdvertisingData10addServiceER10BLEService
                0x00026524       0x20 c:\Users\Spencer\Desktop\Keyboard\Firmware\build\libraries\Bluefruit52Lib\BLEAdvertising.cpp.o
                0x00026524                BLEAdvertisingData::addService(BLEService&)
 .text._ZN18BLEAdvertisingData7addNameEv
                0x00026544       0x5c c:\Users\Spencer\Desktop\Keyboard\Firmware\build\libraries\Bluefruit52Lib\BLEAdvertising.cpp.o
                0x00026544                BLEAdvertisingData::addName()
 .text._ZN18BLEAdvertisingData10addTxPowerEv
                0x000265a0       0x30 c:\Users\Spencer\Desktop\Keyboard\Firmware\build\libraries\Bluefruit52Lib\BLEAdvertising.cpp.o
                0x000265a0                BLEAdvertisingData::addTxPower()
 .text._ZN18BLEAdvertisingData8addFlagsEh
                0x000265d0       0x28 c:\Users\Spencer\Desktop\Keyboard\Firmware\build\libraries\Bluefruit52Lib\BLEAdvertising.cpp.o
                0x000265d0                BLEAdvertisingData::addFlags(unsigned char)
 .text._ZN18BLEAdvertisingData13addAppearanceEt
                0x000265f8       0x28 c:\Users\Spencer\Desktop\Keyboard\Firmware\build\libraries\Bluefruit52Lib\BLEAdvertising.cpp.o
                0x000265f8                BLEAdvertisingData::addAppearance(unsigned short)
 .text._ZN14BLEAdvertisingC2Ev
                0x00026620       0x30 c:\Users\Spencer\Desktop\Keyboard\Firmware\build\libraries\Bluefruit52Lib\BLEAdvertising.cpp.o
                0x00026620                BLEAdvertising::BLEAdvertising()
                0x00026620                BLEAdvertising::BLEAdvertising()
 .text._ZN14BLEAdvertising14setFastTimeoutEt
                0x00026650        0x4 c:\Users\Spencer\Desktop\Keyboard\Firmware\build\libraries\Bluefruit52Lib\BLEAdvertising.cpp.o
                0x00026650                BLEAdvertising::setFastTimeout(unsigned short)
 .text._ZN14BLEAdvertising11setIntervalEtt
                0x00026654        0x8 c:\Users\Spencer\Desktop\Keyboard\Firmware\build\libraries\Bluefruit52Lib\BLEAdvertising.cpp.o
                0x00026654                BLEAdvertising::setInterval(unsigned short, unsigned short)
 .text._ZN14BLEAdvertising19restartOnDisconnectEb
                0x0002665c        0x8 c:\Users\Spencer\Desktop\Keyboard\Firmware\build\libraries\Bluefruit52Lib\BLEAdvertising.cpp.o
                0x0002665c                BLEAdvertising::restartOnDisconnect(bool)
 .text._ZN14BLEAdvertising6_startEtt
                0x00026664       0xb8 c:\Users\Spencer\Desktop\Keyboard\Firmware\build\libraries\Bluefruit52Lib\BLEAdvertising.cpp.o
                0x00026664                BLEAdvertising::_start(unsigned short, unsigned short)
 .text._ZN14BLEAdvertising5startEt
                0x0002671c       0xcc c:\Users\Spencer\Desktop\Keyboard\Firmware\build\libraries\Bluefruit52Lib\BLEAdvertising.cpp.o
                0x0002671c                BLEAdvertising::start(unsigned short)
 .text._ZN14BLEAdvertising13_eventHandlerEP9ble_evt_t
                0x000267e8       0xe4 c:\Users\Spencer\Desktop\Keyboard\Firmware\build\libraries\Bluefruit52Lib\BLEAdvertising.cpp.o
                0x000267e8                BLEAdvertising::_eventHandler(ble_evt_t*)
 .text.sd_ble_gap_conn_param_update
                0x000268cc        0x4 c:\Users\Spencer\Desktop\Keyboard\Firmware\build\libraries\Bluefruit52Lib\BLECentral.cpp.o
 .text._ZN10BLECentralC2Ev
                0x000268d0       0x1c c:\Users\Spencer\Desktop\Keyboard\Firmware\build\libraries\Bluefruit52Lib\BLECentral.cpp.o
                0x000268d0                BLECentral::BLECentral()
                0x000268d0                BLECentral::BLECentral()
 .text._ZN10BLECentral5beginEv
                0x000268ec        0xc c:\Users\Spencer\Desktop\Keyboard\Firmware\build\libraries\Bluefruit52Lib\BLECentral.cpp.o
                0x000268ec                BLECentral::begin()
 .text._ZN10BLECentral9connectedEv
                0x000268f8       0x40 c:\Users\Spencer\Desktop\Keyboard\Firmware\build\libraries\Bluefruit52Lib\BLECentral.cpp.o
                0x000268f8                BLECentral::connected()
 .text._ZN10BLECentral13_eventHandlerEP9ble_evt_t
                0x00026938       0x30 c:\Users\Spencer\Desktop\Keyboard\Firmware\build\libraries\Bluefruit52Lib\BLECentral.cpp.o
                0x00026938                BLECentral::_eventHandler(ble_evt_t*)
 .text.sd_ble_gatts_characteristic_add
                0x00026968        0x4 c:\Users\Spencer\Desktop\Keyboard\Firmware\build\libraries\Bluefruit52Lib\BLECharacteristic.cpp.o
 .text.sd_ble_gatts_descriptor_add
                0x0002696c        0x4 c:\Users\Spencer\Desktop\Keyboard\Firmware\build\libraries\Bluefruit52Lib\BLECharacteristic.cpp.o
 .text.sd_ble_gatts_value_set
                0x00026970        0x4 c:\Users\Spencer\Desktop\Keyboard\Firmware\build\libraries\Bluefruit52Lib\BLECharacteristic.cpp.o
 .text.sd_ble_gatts_value_get
                0x00026974        0x4 c:\Users\Spencer\Desktop\Keyboard\Firmware\build\libraries\Bluefruit52Lib\BLECharacteristic.cpp.o
 .text.sd_ble_gatts_hvx
                0x00026978        0x4 c:\Users\Spencer\Desktop\Keyboard\Firmware\build\libraries\Bluefruit52Lib\BLECharacteristic.cpp.o
 .text.sd_ble_gatts_rw_authorize_reply
                0x0002697c        0x4 c:\Users\Spencer\Desktop\Keyboard\Firmware\build\libraries\Bluefruit52Lib\BLECharacteristic.cpp.o
 .text._ZN17BLECharacteristicD2Ev
                0x00026980        0x4 c:\Users\Spencer\Desktop\Keyboard\Firmware\build\libraries\Bluefruit52Lib\BLECharacteristic.cpp.o
                0x00026980                BLECharacteristic::~BLECharacteristic()
                0x00026980                BLECharacteristic::~BLECharacteristic()
 .text._ZN17BLECharacteristicD0Ev
                0x00026984        0xc c:\Users\Spencer\Desktop\Keyboard\Firmware\build\libraries\Bluefruit52Lib\BLECharacteristic.cpp.o
                0x00026984                BLECharacteristic::~BLECharacteristic()
 .text._ZN17BLECharacteristic5beginEv
                0x00026990      0x174 c:\Users\Spencer\Desktop\Keyboard\Firmware\build\libraries\Bluefruit52Lib\BLECharacteristic.cpp.o
                0x00026990                BLECharacteristic::begin()
 .text._ZN17BLECharacteristic13_eventHandlerEP9ble_evt_t
                0x00026b04      0x248 c:\Users\Spencer\Desktop\Keyboard\Firmware\build\libraries\Bluefruit52Lib\BLECharacteristic.cpp.o
                0x00026b04                BLECharacteristic::_eventHandler(ble_evt_t*)
 .text._ZN17BLECharacteristic6notifyEtPKvt.part.0
                0x00026d4c      0x13c c:\Users\Spencer\Desktop\Keyboard\Firmware\build\libraries\Bluefruit52Lib\BLECharacteristic.cpp.o
 .text._ZN17BLECharacteristicC2Ev
                0x00026e88       0x5c c:\Users\Spencer\Desktop\Keyboard\Firmware\build\libraries\Bluefruit52Lib\BLECharacteristic.cpp.o
                0x00026e88                BLECharacteristic::BLECharacteristic()
                0x00026e88                BLECharacteristic::BLECharacteristic()
 .text._ZN17BLECharacteristicC2E7BLEUuid
                0x00026ee4       0x70 c:\Users\Spencer\Desktop\Keyboard\Firmware\build\libraries\Bluefruit52Lib\BLECharacteristic.cpp.o
                0x00026ee4                BLECharacteristic::BLECharacteristic(BLEUuid)
                0x00026ee4                BLECharacteristic::BLECharacteristic(BLEUuid)
 .text._ZN17BLECharacteristic7setUuidE7BLEUuid
                0x00026f54       0x20 c:\Users\Spencer\Desktop\Keyboard\Firmware\build\libraries\Bluefruit52Lib\BLECharacteristic.cpp.o
                0x00026f54                BLECharacteristic::setUuid(BLEUuid)
 .text._ZN17BLECharacteristic13parentServiceEv
                0x00026f74        0x4 c:\Users\Spencer\Desktop\Keyboard\Firmware\build\libraries\Bluefruit52Lib\BLECharacteristic.cpp.o
                0x00026f74                BLECharacteristic::parentService()
 .text._ZN17BLECharacteristic13setTempMemoryEv
                0x00026f78        0x8 c:\Users\Spencer\Desktop\Keyboard\Firmware\build\libraries\Bluefruit52Lib\BLECharacteristic.cpp.o
                0x00026f78                BLECharacteristic::setTempMemory()
 .text._ZN17BLECharacteristic13setPropertiesEh
                0x00026f80        0x8 c:\Users\Spencer\Desktop\Keyboard\Firmware\build\libraries\Bluefruit52Lib\BLECharacteristic.cpp.o
                0x00026f80                BLECharacteristic::setProperties(unsigned char)
 .text._ZN17BLECharacteristic11setFixedLenEt
                0x00026f88       0x24 c:\Users\Spencer\Desktop\Keyboard\Firmware\build\libraries\Bluefruit52Lib\BLECharacteristic.cpp.o
                0x00026f88                BLECharacteristic::setFixedLen(unsigned short)
 .text._ZN17BLECharacteristic13setPermissionE15BleSecurityModeS0_
                0x00026fac        0xc c:\Users\Spencer\Desktop\Keyboard\Firmware\build\libraries\Bluefruit52Lib\BLECharacteristic.cpp.o
                0x00026fac                BLECharacteristic::setPermission(BleSecurityMode, BleSecurityMode)
 .text._ZN17BLECharacteristic16setWriteCallbackEPFvtPS_PhtEb
                0x00026fb8       0x10 c:\Users\Spencer\Desktop\Keyboard\Firmware\build\libraries\Bluefruit52Lib\BLECharacteristic.cpp.o
                0x00026fb8                BLECharacteristic::setWriteCallback(void (*)(unsigned short, BLECharacteristic*, unsigned char*, unsigned short), bool)
 .text._ZN17BLECharacteristic22setReportRefDescriptorEhh
                0x00026fc8        0x8 c:\Users\Spencer\Desktop\Keyboard\Firmware\build\libraries\Bluefruit52Lib\BLECharacteristic.cpp.o
                0x00026fc8                BLECharacteristic::setReportRefDescriptor(unsigned char, unsigned char)
 .text._ZN17BLECharacteristic7handlesEv
                0x00026fd0        0xc c:\Users\Spencer\Desktop\Keyboard\Firmware\build\libraries\Bluefruit52Lib\BLECharacteristic.cpp.o
                0x00026fd0                BLECharacteristic::handles()
 .text._ZN17BLECharacteristic5writeEPKvt
                0x00026fdc       0x38 c:\Users\Spencer\Desktop\Keyboard\Firmware\build\libraries\Bluefruit52Lib\BLECharacteristic.cpp.o
                0x00026fdc                BLECharacteristic::write(void const*, unsigned short)
 .text._ZN17BLECharacteristic6write8Eh
                0x00027014       0x40 c:\Users\Spencer\Desktop\Keyboard\Firmware\build\libraries\Bluefruit52Lib\BLECharacteristic.cpp.o
                0x00027014                BLECharacteristic::write8(unsigned char)
 .text._ZN17BLECharacteristic6notifyEtPKvt
                0x00027054       0x1c c:\Users\Spencer\Desktop\Keyboard\Firmware\build\libraries\Bluefruit52Lib\BLECharacteristic.cpp.o
                0x00027054                BLECharacteristic::notify(unsigned short, void const*, unsigned short)
 .text.sd_ble_gattc_read
                0x00027070        0x4 c:\Users\Spencer\Desktop\Keyboard\Firmware\build\libraries\Bluefruit52Lib\BLEClientCharacteristic.cpp.o
 .text.sd_ble_gattc_write
                0x00027074        0x4 c:\Users\Spencer\Desktop\Keyboard\Firmware\build\libraries\Bluefruit52Lib\BLEClientCharacteristic.cpp.o
 .text.sd_ble_gattc_hv_confirm
                0x00027078        0x4 c:\Users\Spencer\Desktop\Keyboard\Firmware\build\libraries\Bluefruit52Lib\BLEClientCharacteristic.cpp.o
 .text._ZN23BLEClientCharacteristic10disconnectEv
                0x0002707c        0x8 c:\Users\Spencer\Desktop\Keyboard\Firmware\build\libraries\Bluefruit52Lib\BLEClientCharacteristic.cpp.o
                0x0002707c                BLEClientCharacteristic::disconnect()
 .text._ZN23BLEClientCharacteristic10connHandleEv
                0x00027084        0x8 c:\Users\Spencer\Desktop\Keyboard\Firmware\build\libraries\Bluefruit52Lib\BLEClientCharacteristic.cpp.o
                0x00027084                BLEClientCharacteristic::connHandle()
 .text._ZN23BLEClientCharacteristic11valueHandleEv
                0x0002708c        0x4 c:\Users\Spencer\Desktop\Keyboard\Firmware\build\libraries\Bluefruit52Lib\BLEClientCharacteristic.cpp.o
                0x0002708c                BLEClientCharacteristic::valueHandle()
 .text._ZN23BLEClientCharacteristic13_eventHandlerEP9ble_evt_t
                0x00027090      0x1c0 c:\Users\Spencer\Desktop\Keyboard\Firmware\build\libraries\Bluefruit52Lib\BLEClientCharacteristic.cpp.o
                0x00027090                BLEClientCharacteristic::_eventHandler(ble_evt_t*)
 .text._ZN16BLEClientService10connHandleEv
                0x00027250        0x4 c:\Users\Spencer\Desktop\Keyboard\Firmware\build\libraries\Bluefruit52Lib\BLEClientService.cpp.o
                0x00027250                BLEClientService::connHandle()
 .text.sd_ble_gap_sec_params_reply
                0x00027254        0x4 c:\Users\Spencer\Desktop\Keyboard\Firmware\build\libraries\Bluefruit52Lib\BLEConnection.cpp.o
 .text.sd_ble_gap_sec_info_reply
                0x00027258        0x4 c:\Users\Spencer\Desktop\Keyboard\Firmware\build\libraries\Bluefruit52Lib\BLEConnection.cpp.o
 .text.sd_ble_gap_phy_update
                0x0002725c        0x4 c:\Users\Spencer\Desktop\Keyboard\Firmware\build\libraries\Bluefruit52Lib\BLEConnection.cpp.o
 .text.sd_ble_gap_data_length_update
                0x00027260        0x4 c:\Users\Spencer\Desktop\Keyboard\Firmware\build\libraries\Bluefruit52Lib\BLEConnection.cpp.o
 .text.sd_ble_gatts_sys_attr_set
                0x00027264        0x4 c:\Users\Spencer\Desktop\Keyboard\Firmware\build\libraries\Bluefruit52Lib\BLEConnection.cpp.o
 .text.sd_ble_gatts_exchange_mtu_reply
                0x00027268        0x4 c:\Users\Spencer\Desktop\Keyboard\Firmware\build\libraries\Bluefruit52Lib\BLEConnection.cpp.o
 .text._ZN13BLEConnectionD2Ev
                0x0002726c       0x24 c:\Users\Spencer\Desktop\Keyboard\Firmware\build\libraries\Bluefruit52Lib\BLEConnection.cpp.o
                0x0002726c                BLEConnection::~BLEConnection()
                0x0002726c                BLEConnection::~BLEConnection()
 .text._ZN13BLEConnectionD0Ev
                0x00027290       0x2c c:\Users\Spencer\Desktop\Keyboard\Firmware\build\libraries\Bluefruit52Lib\BLEConnection.cpp.o
                0x00027290                BLEConnection::~BLEConnection()
 .text._ZN13BLEConnectionC2EtPK23ble_gap_evt_connected_thh
                0x000272bc       0x60 c:\Users\Spencer\Desktop\Keyboard\Firmware\build\libraries\Bluefruit52Lib\BLEConnection.cpp.o
                0x000272bc                BLEConnection::BLEConnection(unsigned short, ble_gap_evt_connected_t const*, unsigned char, unsigned char)
                0x000272bc                BLEConnection::BLEConnection(unsigned short, ble_gap_evt_connected_t const*, unsigned char, unsigned char)
 .text._ZN13BLEConnection9connectedEv
                0x0002731c        0x4 c:\Users\Spencer\Desktop\Keyboard\Firmware\build\libraries\Bluefruit52Lib\BLEConnection.cpp.o
                0x0002731c                BLEConnection::connected()
 .text._ZN13BLEConnection6pairedEv
                0x00027320        0x4 c:\Users\Spencer\Desktop\Keyboard\Firmware\build\libraries\Bluefruit52Lib\BLEConnection.cpp.o
                0x00027320                BLEConnection::paired()
 .text._ZN13BLEConnection7getRoleEv
                0x00027324        0x4 c:\Users\Spencer\Desktop\Keyboard\Firmware\build\libraries\Bluefruit52Lib\BLEConnection.cpp.o
                0x00027324                BLEConnection::getRole()
 .text._ZN13BLEConnection6getMtuEv
                0x00027328        0x4 c:\Users\Spencer\Desktop\Keyboard\Firmware\build\libraries\Bluefruit52Lib\BLEConnection.cpp.o
                0x00027328                BLEConnection::getMtu()
 .text._ZN13BLEConnection21getConnectionIntervalEv
                0x0002732c        0x4 c:\Users\Spencer\Desktop\Keyboard\Firmware\build\libraries\Bluefruit52Lib\BLEConnection.cpp.o
                0x0002732c                BLEConnection::getConnectionInterval()
 .text._ZN13BLEConnection11getPeerNameEPct
                0x00027330       0x40 c:\Users\Spencer\Desktop\Keyboard\Firmware\build\libraries\Bluefruit52Lib\BLEConnection.cpp.o
                0x00027330                BLEConnection::getPeerName(char*, unsigned short)
 .text._ZN13BLEConnection12getHvnPacketEv
                0x00027370       0x14 c:\Users\Spencer\Desktop\Keyboard\Firmware\build\libraries\Bluefruit52Lib\BLEConnection.cpp.o
                0x00027370                BLEConnection::getHvnPacket()
 .text._ZN13BLEConnection16releaseHvnPacketEv
                0x00027384       0x18 c:\Users\Spencer\Desktop\Keyboard\Firmware\build\libraries\Bluefruit52Lib\BLEConnection.cpp.o
                0x00027384                BLEConnection::releaseHvnPacket()
 .text._ZN13BLEConnection9storeCccdEv
                0x0002739c        0xc c:\Users\Spencer\Desktop\Keyboard\Firmware\build\libraries\Bluefruit52Lib\BLEConnection.cpp.o
                0x0002739c                BLEConnection::storeCccd()
 .text._ZN13BLEConnection13_eventHandlerEP9ble_evt_t
                0x000273a8      0x290 c:\Users\Spencer\Desktop\Keyboard\Firmware\build\libraries\Bluefruit52Lib\BLEConnection.cpp.o
                0x000273a8                BLEConnection::_eventHandler(ble_evt_t*)
 .text._ZN12BLEDiscoveryC2Ev
                0x00027638       0x1c c:\Users\Spencer\Desktop\Keyboard\Firmware\build\libraries\Bluefruit52Lib\BLEDiscovery.cpp.o
                0x00027638                BLEDiscovery::BLEDiscovery()
                0x00027638                BLEDiscovery::BLEDiscovery()
 .text._ZN12BLEDiscovery5beginEv
                0x00027654       0x18 c:\Users\Spencer\Desktop\Keyboard\Firmware\build\libraries\Bluefruit52Lib\BLEDiscovery.cpp.o
                0x00027654                BLEDiscovery::begin()
 .text._ZN12BLEDiscovery5begunEv
                0x0002766c        0x4 c:\Users\Spencer\Desktop\Keyboard\Firmware\build\libraries\Bluefruit52Lib\BLEDiscovery.cpp.o
                0x0002766c                BLEDiscovery::begun()
 .text._ZN12BLEDiscovery13_eventHandlerEP9ble_evt_t
                0x00027670       0x6c c:\Users\Spencer\Desktop\Keyboard\Firmware\build\libraries\Bluefruit52Lib\BLEDiscovery.cpp.o
                0x00027670                BLEDiscovery::_eventHandler(ble_evt_t*)
 .text.sd_ble_gattc_char_value_by_uuid_read
                0x000276dc        0x4 c:\Users\Spencer\Desktop\Keyboard\Firmware\build\libraries\Bluefruit52Lib\BLEGatt.cpp.o
 .text._ZN7BLEGattC2Ev
                0x000276e0       0x24 c:\Users\Spencer\Desktop\Keyboard\Firmware\build\libraries\Bluefruit52Lib\BLEGatt.cpp.o
                0x000276e0                BLEGatt::BLEGatt()
                0x000276e0                BLEGatt::BLEGatt()
 .text._ZN7BLEGatt14readCharByUuidEt7BLEUuidPvttt
                0x00027704       0x98 c:\Users\Spencer\Desktop\Keyboard\Firmware\build\libraries\Bluefruit52Lib\BLEGatt.cpp.o
                0x00027704                BLEGatt::readCharByUuid(unsigned short, BLEUuid, void*, unsigned short, unsigned short, unsigned short)
 .text._ZN7BLEGatt13_eventHandlerEP9ble_evt_t
                0x0002779c      0x230 c:\Users\Spencer\Desktop\Keyboard\Firmware\build\libraries\Bluefruit52Lib\BLEGatt.cpp.o
                0x0002779c                BLEGatt::_eventHandler(ble_evt_t*)
 .text._ZN7BLEGatt18_addCharacteristicEP17BLECharacteristic
                0x000279cc       0x28 c:\Users\Spencer\Desktop\Keyboard\Firmware\build\libraries\Bluefruit52Lib\BLEGatt.cpp.o
                0x000279cc                BLEGatt::_addCharacteristic(BLECharacteristic*)
 .text._ZN7BLEGatt11_addServiceEP10BLEService
                0x000279f4       0x18 c:\Users\Spencer\Desktop\Keyboard\Firmware\build\libraries\Bluefruit52Lib\BLEGatt.cpp.o
                0x000279f4                BLEGatt::_addService(BLEService*)
 .text.sd_ble_gap_conn_param_update
                0x00027a0c        0x4 c:\Users\Spencer\Desktop\Keyboard\Firmware\build\libraries\Bluefruit52Lib\BLEPeriph.cpp.o
 .text.sd_ble_gap_appearance_set
                0x00027a10        0x4 c:\Users\Spencer\Desktop\Keyboard\Firmware\build\libraries\Bluefruit52Lib\BLEPeriph.cpp.o
 .text.sd_ble_gap_ppcp_set
                0x00027a14        0x4 c:\Users\Spencer\Desktop\Keyboard\Firmware\build\libraries\Bluefruit52Lib\BLEPeriph.cpp.o
 .text._ZN9BLEPeriphC2Ev
                0x00027a18       0x1c c:\Users\Spencer\Desktop\Keyboard\Firmware\build\libraries\Bluefruit52Lib\BLEPeriph.cpp.o
                0x00027a18                BLEPeriph::BLEPeriph()
                0x00027a18                BLEPeriph::BLEPeriph()
 .text._ZN9BLEPeriph5beginEv
                0x00027a34       0x18 c:\Users\Spencer\Desktop\Keyboard\Firmware\build\libraries\Bluefruit52Lib\BLEPeriph.cpp.o
                0x00027a34                BLEPeriph::begin()
 .text._ZN9BLEPeriph9connectedEv
                0x00027a4c       0x40 c:\Users\Spencer\Desktop\Keyboard\Firmware\build\libraries\Bluefruit52Lib\BLEPeriph.cpp.o
                0x00027a4c                BLEPeriph::connected()
 .text._ZN9BLEPeriph15setConnIntervalEtt
                0x00027a8c       0x14 c:\Users\Spencer\Desktop\Keyboard\Firmware\build\libraries\Bluefruit52Lib\BLEPeriph.cpp.o
                0x00027a8c                BLEPeriph::setConnInterval(unsigned short, unsigned short)
 .text._ZN9BLEPeriph13_eventHandlerEP9ble_evt_t
                0x00027aa0       0x34 c:\Users\Spencer\Desktop\Keyboard\Firmware\build\libraries\Bluefruit52Lib\BLEPeriph.cpp.o
                0x00027aa0                BLEPeriph::_eventHandler(ble_evt_t*)
 .text.sd_ble_gap_scan_start
                0x00027ad4        0x4 c:\Users\Spencer\Desktop\Keyboard\Firmware\build\libraries\Bluefruit52Lib\BLEScanner.cpp.o
 .text._ZN10BLEScannerC2Ev
                0x00027ad8       0x3c c:\Users\Spencer\Desktop\Keyboard\Firmware\build\libraries\Bluefruit52Lib\BLEScanner.cpp.o
                0x00027ad8                BLEScanner::BLEScanner()
                0x00027ad8                BLEScanner::BLEScanner()
 .text._ZN10BLEScanner18checkReportForUuidEPK24ble_gap_evt_adv_report_t7BLEUuid
                0x00027b14       0xc0 c:\Users\Spencer\Desktop\Keyboard\Firmware\build\libraries\Bluefruit52Lib\BLEScanner.cpp.o
                0x00027b14                BLEScanner::checkReportForUuid(ble_gap_evt_adv_report_t const*, BLEUuid)
 .text._ZN10BLEScanner13_eventHandlerEP9ble_evt_t
                0x00027bd4      0x168 c:\Users\Spencer\Desktop\Keyboard\Firmware\build\libraries\Bluefruit52Lib\BLEScanner.cpp.o
                0x00027bd4                BLEScanner::_eventHandler(ble_evt_t*)
 .text.sd_ble_gatts_service_add
                0x00027d3c        0x4 c:\Users\Spencer\Desktop\Keyboard\Firmware\build\libraries\Bluefruit52Lib\BLEService.cpp.o
 .text._ZN10BLEService18svc_disconnect_hdlEt
                0x00027d40        0x4 c:\Users\Spencer\Desktop\Keyboard\Firmware\build\libraries\Bluefruit52Lib\BLEService.cpp.o
                0x00027d40                BLEService::svc_disconnect_hdl(unsigned short)
                0x00027d40                BLEService::svc_connect_hdl(unsigned short)
 .text._ZN10BLEService5beginEv
                0x00027d44       0x3c c:\Users\Spencer\Desktop\Keyboard\Firmware\build\libraries\Bluefruit52Lib\BLEService.cpp.o
                0x00027d44                BLEService::begin()
 .text._ZN10BLEServiceC2E7BLEUuid
                0x00027d80       0x2c c:\Users\Spencer\Desktop\Keyboard\Firmware\build\libraries\Bluefruit52Lib\BLEService.cpp.o
                0x00027d80                BLEService::BLEService(BLEUuid)
                0x00027d80                BLEService::BLEService(BLEUuid)
 .text.sd_ble_uuid_vs_add
                0x00027dac        0x4 c:\Users\Spencer\Desktop\Keyboard\Firmware\build\libraries\Bluefruit52Lib\BLEUuid.cpp.o
 .text.sd_ble_uuid_decode
                0x00027db0        0x4 c:\Users\Spencer\Desktop\Keyboard\Firmware\build\libraries\Bluefruit52Lib\BLEUuid.cpp.o
 .text._ZN7BLEUuid3setEt
                0x00027db4        0xc c:\Users\Spencer\Desktop\Keyboard\Firmware\build\libraries\Bluefruit52Lib\BLEUuid.cpp.o
                0x00027db4                BLEUuid::set(unsigned short)
 .text._ZNK7BLEUuid4sizeEv
                0x00027dc0       0x1c c:\Users\Spencer\Desktop\Keyboard\Firmware\build\libraries\Bluefruit52Lib\BLEUuid.cpp.o
                0x00027dc0                BLEUuid::size() const
 .text._ZN7BLEUuid5beginEv
                0x00027ddc       0x2c c:\Users\Spencer\Desktop\Keyboard\Firmware\build\libraries\Bluefruit52Lib\BLEUuid.cpp.o
                0x00027ddc                BLEUuid::begin()
 .text.sd_evt_get
                0x00027e08        0x4 c:\Users\Spencer\Desktop\Keyboard\Firmware\build\libraries\Bluefruit52Lib\bluefruit.cpp.o
 .text.sd_softdevice_enable
                0x00027e0c        0x4 c:\Users\Spencer\Desktop\Keyboard\Firmware\build\libraries\Bluefruit52Lib\bluefruit.cpp.o
 .text.sd_ble_gap_device_name_set
                0x00027e10        0x4 c:\Users\Spencer\Desktop\Keyboard\Firmware\build\libraries\Bluefruit52Lib\bluefruit.cpp.o
 .text.sd_ble_gap_device_name_get
                0x00027e14        0x4 c:\Users\Spencer\Desktop\Keyboard\Firmware\build\libraries\Bluefruit52Lib\bluefruit.cpp.o
 .text.sd_ble_enable
                0x00027e18        0x4 c:\Users\Spencer\Desktop\Keyboard\Firmware\build\libraries\Bluefruit52Lib\bluefruit.cpp.o
 .text.sd_ble_cfg_set
                0x00027e1c        0x4 c:\Users\Spencer\Desktop\Keyboard\Firmware\build\libraries\Bluefruit52Lib\bluefruit.cpp.o
 .text.sd_ble_evt_get
                0x00027e20        0x4 c:\Users\Spencer\Desktop\Keyboard\Firmware\build\libraries\Bluefruit52Lib\bluefruit.cpp.o
 .text.sd_ble_user_mem_reply
                0x00027e24        0x4 c:\Users\Spencer\Desktop\Keyboard\Firmware\build\libraries\Bluefruit52Lib\bluefruit.cpp.o
 .text.sd_ble_opt_set
                0x00027e28        0x4 c:\Users\Spencer\Desktop\Keyboard\Firmware\build\libraries\Bluefruit52Lib\bluefruit.cpp.o
 .text._ZL12nrf_error_cbmmm
                0x00027e2c        0x4 c:\Users\Spencer\Desktop\Keyboard\Firmware\build\libraries\Bluefruit52Lib\bluefruit.cpp.o
 .text._ZL19bluefruit_blinky_cbPv
                0x00027e30        0x8 c:\Users\Spencer\Desktop\Keyboard\Firmware\build\libraries\Bluefruit52Lib\bluefruit.cpp.o
 .text._Z17adafruit_soc_taskPv
                0x00027e38       0x54 c:\Users\Spencer\Desktop\Keyboard\Firmware\build\libraries\Bluefruit52Lib\bluefruit.cpp.o
                0x00027e38                adafruit_soc_task(void*)
 .text._Z17adafruit_ble_taskPv
                0x00027e8c      0x320 c:\Users\Spencer\Desktop\Keyboard\Firmware\build\libraries\Bluefruit52Lib\bluefruit.cpp.o
                0x00027e8c                adafruit_ble_task(void*)
 .text._ZN17AdafruitBluefruitC2Ev
                0x000281ac       0xbc c:\Users\Spencer\Desktop\Keyboard\Firmware\build\libraries\Bluefruit52Lib\bluefruit.cpp.o
                0x000281ac                AdafruitBluefruit::AdafruitBluefruit()
                0x000281ac                AdafruitBluefruit::AdafruitBluefruit()
 .text._ZN17AdafruitBluefruit5beginEhh
                0x00028268      0x2e0 c:\Users\Spencer\Desktop\Keyboard\Firmware\build\libraries\Bluefruit52Lib\bluefruit.cpp.o
                0x00028268                AdafruitBluefruit::begin(unsigned char, unsigned char)
 .text._ZN17AdafruitBluefruit7setNameEPKc
                0x00028548       0x28 c:\Users\Spencer\Desktop\Keyboard\Firmware\build\libraries\Bluefruit52Lib\bluefruit.cpp.o
                0x00028548                AdafruitBluefruit::setName(char const*)
 .text._ZN17AdafruitBluefruit7getNameEPct
                0x00028570       0x28 c:\Users\Spencer\Desktop\Keyboard\Firmware\build\libraries\Bluefruit52Lib\bluefruit.cpp.o
                0x00028570                AdafruitBluefruit::getName(char*, unsigned short)
 .text._ZN17AdafruitBluefruit10setTxPowerEa
                0x00028598       0x70 c:\Users\Spencer\Desktop\Keyboard\Firmware\build\libraries\Bluefruit52Lib\bluefruit.cpp.o
                0x00028598                AdafruitBluefruit::setTxPower(signed char)
 .text._ZN17AdafruitBluefruit10getTxPowerEv
                0x00028608        0x8 c:\Users\Spencer\Desktop\Keyboard\Firmware\build\libraries\Bluefruit52Lib\bluefruit.cpp.o
                0x00028608                AdafruitBluefruit::getTxPower()
 .text._ZN17AdafruitBluefruit18setConnLedIntervalEm
                0x00028610       0x4c c:\Users\Spencer\Desktop\Keyboard\Firmware\build\libraries\Bluefruit52Lib\bluefruit.cpp.o
                0x00028610                AdafruitBluefruit::setConnLedInterval(unsigned long)
 .text._ZN17AdafruitBluefruit9connectedEt
                0x0002865c       0x18 c:\Users\Spencer\Desktop\Keyboard\Firmware\build\libraries\Bluefruit52Lib\bluefruit.cpp.o
                0x0002865c                AdafruitBluefruit::connected(unsigned short)
 .text._ZN17AdafruitBluefruit10connHandleEv
                0x00028674        0x8 c:\Users\Spencer\Desktop\Keyboard\Firmware\build\libraries\Bluefruit52Lib\bluefruit.cpp.o
                0x00028674                AdafruitBluefruit::connHandle()
 .text._ZN17AdafruitBluefruit9getMaxMtuEh
                0x0002867c       0x10 c:\Users\Spencer\Desktop\Keyboard\Firmware\build\libraries\Bluefruit52Lib\bluefruit.cpp.o
                0x0002867c                AdafruitBluefruit::getMaxMtu(unsigned char)
 .text._ZN17AdafruitBluefruit10ConnectionEt
                0x0002868c       0x10 c:\Users\Spencer\Desktop\Keyboard\Firmware\build\libraries\Bluefruit52Lib\bluefruit.cpp.o
                0x0002868c                AdafruitBluefruit::Connection(unsigned short)
 .text.SWI2_EGU2_IRQHandler
                0x0002869c       0x20 c:\Users\Spencer\Desktop\Keyboard\Firmware\build\libraries\Bluefruit52Lib\bluefruit.cpp.o
                0x0002869c                SWI2_EGU2_IRQHandler
 .text._ZN17AdafruitBluefruit13_startConnLedEv
                0x000286bc       0x28 c:\Users\Spencer\Desktop\Keyboard\Firmware\build\libraries\Bluefruit52Lib\bluefruit.cpp.o
                0x000286bc                AdafruitBluefruit::_startConnLed()
 .text._ZN17AdafruitBluefruit12_stopConnLedEv
                0x000286e4       0x50 c:\Users\Spencer\Desktop\Keyboard\Firmware\build\libraries\Bluefruit52Lib\bluefruit.cpp.o
                0x000286e4                AdafruitBluefruit::_stopConnLed()
 .text.startup._GLOBAL__sub_I_Bluefruit
                0x00028734        0xc c:\Users\Spencer\Desktop\Keyboard\Firmware\build\libraries\Bluefruit52Lib\bluefruit.cpp.o
 .text._ZN5Print17availableForWriteEv
                0x00028740        0x4 c:\Users\Spencer\Desktop\Keyboard\Firmware\build\libraries\Bluefruit52Lib\clients\BLEClientUart.cpp.o
                0x00028740                Print::availableForWrite()
 .text._ZN6BLEDisC2Ev
                0x00028744       0x6c c:\Users\Spencer\Desktop\Keyboard\Firmware\build\libraries\Bluefruit52Lib\services\BLEDis.cpp.o
                0x00028744                BLEDis::BLEDis()
                0x00028744                BLEDis::BLEDis()
 .text._ZN6BLEDis8setModelEPKch
                0x000287b0        0x8 c:\Users\Spencer\Desktop\Keyboard\Firmware\build\libraries\Bluefruit52Lib\services\BLEDis.cpp.o
                0x000287b0                BLEDis::setModel(char const*, unsigned char)
 .text._ZN6BLEDis15setManufacturerEPKch
                0x000287b8        0x8 c:\Users\Spencer\Desktop\Keyboard\Firmware\build\libraries\Bluefruit52Lib\services\BLEDis.cpp.o
                0x000287b8                BLEDis::setManufacturer(char const*, unsigned char)
 .text._ZN6BLEDis5beginEv
                0x000287c0       0xdc c:\Users\Spencer\Desktop\Keyboard\Firmware\build\libraries\Bluefruit52Lib\services\BLEDis.cpp.o
                0x000287c0                BLEDis::begin()
 .text._ZN14BLEHidAdafruit29blehid_ada_keyboard_output_cbEtP17BLECharacteristicPht
                0x0002889c       0x20 c:\Users\Spencer\Desktop\Keyboard\Firmware\build\libraries\Bluefruit52Lib\services\BLEHidAdafruit.cpp.o
                0x0002889c                BLEHidAdafruit::blehid_ada_keyboard_output_cb(unsigned short, BLECharacteristic*, unsigned char*, unsigned short)
 .text._ZN14BLEHidAdafruitC2Ev
                0x000288bc       0x24 c:\Users\Spencer\Desktop\Keyboard\Firmware\build\libraries\Bluefruit52Lib\services\BLEHidAdafruit.cpp.o
                0x000288bc                BLEHidAdafruit::BLEHidAdafruit()
                0x000288bc                BLEHidAdafruit::BLEHidAdafruit()
 .text._ZN14BLEHidAdafruit22setKeyboardLedCallbackEPFvthE
                0x000288e0       0x30 c:\Users\Spencer\Desktop\Keyboard\Firmware\build\libraries\Bluefruit52Lib\services\BLEHidAdafruit.cpp.o
                0x000288e0                BLEHidAdafruit::setKeyboardLedCallback(void (*)(unsigned short, unsigned char))
 .text._ZN14BLEHidAdafruit8keyPressEc
                0x00028910       0x54 c:\Users\Spencer\Desktop\Keyboard\Firmware\build\libraries\Bluefruit52Lib\services\BLEHidAdafruit.cpp.o
                0x00028910                BLEHidAdafruit::keyPress(char)
 .text._ZN14BLEHidAdafruit10keyReleaseEv
                0x00028964       0x38 c:\Users\Spencer\Desktop\Keyboard\Firmware\build\libraries\Bluefruit52Lib\services\BLEHidAdafruit.cpp.o
                0x00028964                BLEHidAdafruit::keyRelease()
 .text._ZN14BLEHidAdafruit5beginEv
                0x0002899c       0x64 c:\Users\Spencer\Desktop\Keyboard\Firmware\build\libraries\Bluefruit52Lib\services\BLEHidAdafruit.cpp.o
                0x0002899c                BLEHidAdafruit::begin()
 .text._ZN13BLEHidGeneric31blehid_generic_protocol_mode_cbEtP17BLECharacteristicPht
                0x00028a00       0x18 c:\Users\Spencer\Desktop\Keyboard\Firmware\build\libraries\Bluefruit52Lib\services\BLEHidGeneric.cpp.o
                0x00028a00                BLEHidGeneric::blehid_generic_protocol_mode_cb(unsigned short, BLECharacteristic*, unsigned char*, unsigned short)
 .text._ZN13BLEHidGenericC2Ehhh
                0x00028a18      0x118 c:\Users\Spencer\Desktop\Keyboard\Firmware\build\libraries\Bluefruit52Lib\services\BLEHidGeneric.cpp.o
                0x00028a18                BLEHidGeneric::BLEHidGeneric(unsigned char, unsigned char, unsigned char)
                0x00028a18                BLEHidGeneric::BLEHidGeneric(unsigned char, unsigned char, unsigned char)
 .text._ZN13BLEHidGeneric14enableKeyboardEb
                0x00028b30        0x4 c:\Users\Spencer\Desktop\Keyboard\Firmware\build\libraries\Bluefruit52Lib\services\BLEHidGeneric.cpp.o
                0x00028b30                BLEHidGeneric::enableKeyboard(bool)
 .text._ZN13BLEHidGeneric11enableMouseEb
                0x00028b34        0x4 c:\Users\Spencer\Desktop\Keyboard\Firmware\build\libraries\Bluefruit52Lib\services\BLEHidGeneric.cpp.o
                0x00028b34                BLEHidGeneric::enableMouse(bool)
 .text._ZN13BLEHidGeneric12setReportMapEPKhj
                0x00028b38        0x8 c:\Users\Spencer\Desktop\Keyboard\Firmware\build\libraries\Bluefruit52Lib\services\BLEHidGeneric.cpp.o
                0x00028b38                BLEHidGeneric::setReportMap(unsigned char const*, unsigned int)
 .text._ZN13BLEHidGeneric12setReportLenEPtS0_S0_
                0x00028b40        0x8 c:\Users\Spencer\Desktop\Keyboard\Firmware\build\libraries\Bluefruit52Lib\services\BLEHidGeneric.cpp.o
                0x00028b40                BLEHidGeneric::setReportLen(unsigned short*, unsigned short*, unsigned short*)
 .text._ZN13BLEHidGeneric23setOutputReportCallbackEhPFvtP17BLECharacteristicPhtE
                0x00028b48       0x20 c:\Users\Spencer\Desktop\Keyboard\Firmware\build\libraries\Bluefruit52Lib\services\BLEHidGeneric.cpp.o
                0x00028b48                BLEHidGeneric::setOutputReportCallback(unsigned char, void (*)(unsigned short, BLECharacteristic*, unsigned char*, unsigned short))
 .text._ZN13BLEHidGeneric11inputReportEthPKvi
                0x00028b68       0x24 c:\Users\Spencer\Desktop\Keyboard\Firmware\build\libraries\Bluefruit52Lib\services\BLEHidGeneric.cpp.o
                0x00028b68                BLEHidGeneric::inputReport(unsigned short, unsigned char, void const*, int)
 .text._ZN13BLEHidGeneric18bootKeyboardReportEtPKvi
                0x00028b8c        0x8 c:\Users\Spencer\Desktop\Keyboard\Firmware\build\libraries\Bluefruit52Lib\services\BLEHidGeneric.cpp.o
                0x00028b8c                BLEHidGeneric::bootKeyboardReport(unsigned short, void const*, int)
 .text._ZN13BLEHidGeneric5beginEv
                0x00028b94      0x350 c:\Users\Spencer\Desktop\Keyboard\Firmware\build\libraries\Bluefruit52Lib\services\BLEHidGeneric.cpp.o
                0x00028b94                BLEHidGeneric::begin()
 .text._ZN6AdaMsgC2Ev
                0x00028ee4       0x14 c:\Users\Spencer\Desktop\Keyboard\Firmware\build\libraries\Bluefruit52Lib\utility\AdaMsg.cpp.o
                0x00028ee4                AdaMsg::AdaMsg()
                0x00028ee4                AdaMsg::AdaMsg()
 .text._ZN6AdaMsg5beginEb
                0x00028ef8       0x14 c:\Users\Spencer\Desktop\Keyboard\Firmware\build\libraries\Bluefruit52Lib\utility\AdaMsg.cpp.o
                0x00028ef8                AdaMsg::begin(bool)
 .text._ZN6AdaMsg4stopEv
                0x00028f0c       0x24 c:\Users\Spencer\Desktop\Keyboard\Firmware\build\libraries\Bluefruit52Lib\utility\AdaMsg.cpp.o
                0x00028f0c                AdaMsg::stop()
 .text._ZN6AdaMsg7prepareEPvt
                0x00028f30        0xc c:\Users\Spencer\Desktop\Keyboard\Firmware\build\libraries\Bluefruit52Lib\utility\AdaMsg.cpp.o
                0x00028f30                AdaMsg::prepare(void*, unsigned short)
 .text._ZN6AdaMsg17waitUntilCompleteEm
                0x00028f3c       0x64 c:\Users\Spencer\Desktop\Keyboard\Firmware\build\libraries\Bluefruit52Lib\utility\AdaMsg.cpp.o
                0x00028f3c                AdaMsg::waitUntilComplete(unsigned long)
 .text._ZN6AdaMsg9isWaitingEv
                0x00028fa0        0x4 c:\Users\Spencer\Desktop\Keyboard\Firmware\build\libraries\Bluefruit52Lib\utility\AdaMsg.cpp.o
                0x00028fa0                AdaMsg::isWaiting()
 .text._ZN6AdaMsg4feedEPvt
                0x00028fa4       0x30 c:\Users\Spencer\Desktop\Keyboard\Firmware\build\libraries\Bluefruit52Lib\utility\AdaMsg.cpp.o
                0x00028fa4                AdaMsg::feed(void*, unsigned short)
 .text._ZN6AdaMsg8completeEv
                0x00028fd4       0x10 c:\Users\Spencer\Desktop\Keyboard\Firmware\build\libraries\Bluefruit52Lib\utility\AdaMsg.cpp.o
                0x00028fd4                AdaMsg::complete()
 .text.sd_ble_gatts_sys_attr_set
                0x00028fe4        0x4 c:\Users\Spencer\Desktop\Keyboard\Firmware\build\libraries\Bluefruit52Lib\utility\bonding.cpp.o
 .text.sd_ble_gatts_sys_attr_get
                0x00028fe8        0x4 c:\Users\Spencer\Desktop\Keyboard\Firmware\build\libraries\Bluefruit52Lib\utility\bonding.cpp.o
 .text._Z9bond_initv
                0x00028fec       0x4c c:\Users\Spencer\Desktop\Keyboard\Firmware\build\libraries\Bluefruit52Lib\utility\bonding.cpp.o
                0x00028fec                bond_init()
 .text._Z14bond_save_keyshtP11bond_keys_t
                0x00029038       0x28 c:\Users\Spencer\Desktop\Keyboard\Firmware\build\libraries\Bluefruit52Lib\utility\bonding.cpp.o
                0x00029038                bond_save_keys(unsigned char, unsigned short, bond_keys_t*)
 .text._Z14bond_save_cccdhtt
                0x00029060       0x38 c:\Users\Spencer\Desktop\Keyboard\Firmware\build\libraries\Bluefruit52Lib\utility\bonding.cpp.o
                0x00029060                bond_save_cccd(unsigned char, unsigned short, unsigned short)
 .text._Z14bond_load_keyshtP11bond_keys_t
                0x00029098       0x68 c:\Users\Spencer\Desktop\Keyboard\Firmware\build\libraries\Bluefruit52Lib\utility\bonding.cpp.o
                0x00029098                bond_load_keys(unsigned char, unsigned short, bond_keys_t*)
 .text._Z14bond_load_cccdhtt
                0x00029100       0xe0 c:\Users\Spencer\Desktop\Keyboard\Firmware\build\libraries\Bluefruit52Lib\utility\bonding.cpp.o
                0x00029100                bond_load_cccd(unsigned char, unsigned short, unsigned short)
 .text._ZL18bond_save_keys_dfrhtP11bond_keys_t
                0x000291e0      0x114 c:\Users\Spencer\Desktop\Keyboard\Firmware\build\libraries\Bluefruit52Lib\utility\bonding.cpp.o
 .text._ZL18bond_save_cccd_dfrhtt
                0x000292f4       0xf8 c:\Users\Spencer\Desktop\Keyboard\Firmware\build\libraries\Bluefruit52Lib\utility\bonding.cpp.o
 .text._ZN17Adafruit_LittleFSD2Ev
                0x000293ec        0x4 c:\Users\Spencer\Desktop\Keyboard\Firmware\build\libraries\Adafruit_LittleFS\Adafruit_LittleFS.cpp.o
                0x000293ec                Adafruit_LittleFS::~Adafruit_LittleFS()
                0x000293ec                Adafruit_LittleFS::~Adafruit_LittleFS()
 .text._ZN17Adafruit_LittleFSD0Ev
                0x000293f0        0xc c:\Users\Spencer\Desktop\Keyboard\Firmware\build\libraries\Adafruit_LittleFS\Adafruit_LittleFS.cpp.o
                0x000293f0                Adafruit_LittleFS::~Adafruit_LittleFS()
 .text._ZN17Adafruit_LittleFSC2EP10lfs_config
                0x000293fc       0x30 c:\Users\Spencer\Desktop\Keyboard\Firmware\build\libraries\Adafruit_LittleFS\Adafruit_LittleFS.cpp.o
                0x000293fc                Adafruit_LittleFS::Adafruit_LittleFS(lfs_config*)
                0x000293fc                Adafruit_LittleFS::Adafruit_LittleFS(lfs_config*)
 .text._ZN17Adafruit_LittleFS5beginEP10lfs_config
                0x0002942c       0x44 c:\Users\Spencer\Desktop\Keyboard\Firmware\build\libraries\Adafruit_LittleFS\Adafruit_LittleFS.cpp.o
                0x0002942c                Adafruit_LittleFS::begin(lfs_config*)
 .text._ZN17Adafruit_LittleFS6formatEv
                0x00029470       0x68 c:\Users\Spencer\Desktop\Keyboard\Firmware\build\libraries\Adafruit_LittleFS\Adafruit_LittleFS.cpp.o
                0x00029470                Adafruit_LittleFS::format()
 .text._ZN17Adafruit_LittleFS6existsEPKc
                0x000294d8       0x38 c:\Users\Spencer\Desktop\Keyboard\Firmware\build\libraries\Adafruit_LittleFS\Adafruit_LittleFS.cpp.o
                0x000294d8                Adafruit_LittleFS::exists(char const*)
 .text._ZN17Adafruit_LittleFS5mkdirEPKc
                0x00029510       0xb0 c:\Users\Spencer\Desktop\Keyboard\Firmware\build\libraries\Adafruit_LittleFS\Adafruit_LittleFS.cpp.o
                0x00029510                Adafruit_LittleFS::mkdir(char const*)
 .text._ZN17Adafruit_LittleFS6removeEPKc
                0x000295c0       0x34 c:\Users\Spencer\Desktop\Keyboard\Firmware\build\libraries\Adafruit_LittleFS\Adafruit_LittleFS.cpp.o
                0x000295c0                Adafruit_LittleFS::remove(char const*)
 .text._ZN27Adafruit_LittleFS_Namespace4File5writeEPKhj
                0x000295f4       0x40 c:\Users\Spencer\Desktop\Keyboard\Firmware\build\libraries\Adafruit_LittleFS\Adafruit_LittleFS_File.cpp.o
                0x000295f4                Adafruit_LittleFS_Namespace::File::write(unsigned char const*, unsigned int)
 .text._ZN27Adafruit_LittleFS_Namespace4File4peekEv
                0x00029634       0x70 c:\Users\Spencer\Desktop\Keyboard\Firmware\build\libraries\Adafruit_LittleFS\Adafruit_LittleFS_File.cpp.o
                0x00029634                Adafruit_LittleFS_Namespace::File::peek()
 .text._ZN27Adafruit_LittleFS_Namespace4File9availableEv
                0x000296a4       0x44 c:\Users\Spencer\Desktop\Keyboard\Firmware\build\libraries\Adafruit_LittleFS\Adafruit_LittleFS_File.cpp.o
                0x000296a4                Adafruit_LittleFS_Namespace::File::available()
 .text._ZN27Adafruit_LittleFS_Namespace4File5flushEv
                0x000296e8       0x34 c:\Users\Spencer\Desktop\Keyboard\Firmware\build\libraries\Adafruit_LittleFS\Adafruit_LittleFS_File.cpp.o
                0x000296e8                Adafruit_LittleFS_Namespace::File::flush()
 .text._ZN27Adafruit_LittleFS_Namespace4File4readEv
                0x0002971c       0x5c c:\Users\Spencer\Desktop\Keyboard\Firmware\build\libraries\Adafruit_LittleFS\Adafruit_LittleFS_File.cpp.o
                0x0002971c                Adafruit_LittleFS_Namespace::File::read()
 .text._ZN27Adafruit_LittleFS_Namespace4File5writeEh
                0x00029778       0x64 c:\Users\Spencer\Desktop\Keyboard\Firmware\build\libraries\Adafruit_LittleFS\Adafruit_LittleFS_File.cpp.o
                0x00029778                Adafruit_LittleFS_Namespace::File::write(unsigned char)
 .text._ZN27Adafruit_LittleFS_Namespace4File9_open_dirEPKc
                0x000297dc       0x64 c:\Users\Spencer\Desktop\Keyboard\Firmware\build\libraries\Adafruit_LittleFS\Adafruit_LittleFS_File.cpp.o
                0x000297dc                Adafruit_LittleFS_Namespace::File::_open_dir(char const*)
 .text._ZN27Adafruit_LittleFS_Namespace4File4readEPvt
                0x00029840       0x40 c:\Users\Spencer\Desktop\Keyboard\Firmware\build\libraries\Adafruit_LittleFS\Adafruit_LittleFS_File.cpp.o
                0x00029840                Adafruit_LittleFS_Namespace::File::read(void*, unsigned short)
 .text._ZN27Adafruit_LittleFS_Namespace4File4seekEm
                0x00029880       0x3c c:\Users\Spencer\Desktop\Keyboard\Firmware\build\libraries\Adafruit_LittleFS\Adafruit_LittleFS_File.cpp.o
                0x00029880                Adafruit_LittleFS_Namespace::File::seek(unsigned long)
 .text._ZN27Adafruit_LittleFS_Namespace4File8positionEv
                0x000298bc       0x38 c:\Users\Spencer\Desktop\Keyboard\Firmware\build\libraries\Adafruit_LittleFS\Adafruit_LittleFS_File.cpp.o
                0x000298bc                Adafruit_LittleFS_Namespace::File::position()
 .text._ZN27Adafruit_LittleFS_Namespace4File5closeEv
                0x000298f4       0x88 c:\Users\Spencer\Desktop\Keyboard\Firmware\build\libraries\Adafruit_LittleFS\Adafruit_LittleFS_File.cpp.o
                0x000298f4                Adafruit_LittleFS_Namespace::File::close()
 .text._ZN27Adafruit_LittleFS_Namespace4File6_closeEv
                0x0002997c       0x70 c:\Users\Spencer\Desktop\Keyboard\Firmware\build\libraries\Adafruit_LittleFS\Adafruit_LittleFS_File.cpp.o
                0x0002997c                Adafruit_LittleFS_Namespace::File::_close()
 .text._ZN27Adafruit_LittleFS_Namespace4FileC2EPKchR17Adafruit_LittleFS
                0x000299ec      0x138 c:\Users\Spencer\Desktop\Keyboard\Firmware\build\libraries\Adafruit_LittleFS\Adafruit_LittleFS_File.cpp.o
                0x000299ec                Adafruit_LittleFS_Namespace::File::File(char const*, unsigned char, Adafruit_LittleFS&)
                0x000299ec                Adafruit_LittleFS_Namespace::File::File(char const*, unsigned char, Adafruit_LittleFS&)
 .text._ZN27Adafruit_LittleFS_Namespace4FilecvbEv
                0x00029b24        0xc c:\Users\Spencer\Desktop\Keyboard\Firmware\build\libraries\Adafruit_LittleFS\Adafruit_LittleFS_File.cpp.o
                0x00029b24                Adafruit_LittleFS_Namespace::File::operator bool()
 .text.lfs_cache_read.isra.0.part.0
                0x00029b30       0xe8 c:\Users\Spencer\Desktop\Keyboard\Firmware\build\libraries\Adafruit_LittleFS\littlefs\lfs.c.o
 .text.lfs_cache_flush.part.0
                0x00029c18       0xa8 c:\Users\Spencer\Desktop\Keyboard\Firmware\build\libraries\Adafruit_LittleFS\littlefs\lfs.c.o
 .text.lfs_ctz_find.constprop.0
                0x00029cc0      0x134 c:\Users\Spencer\Desktop\Keyboard\Firmware\build\libraries\Adafruit_LittleFS\littlefs\lfs.c.o
 .text.lfs_cache_prog.part.0
                0x00029df4      0x188 c:\Users\Spencer\Desktop\Keyboard\Firmware\build\libraries\Adafruit_LittleFS\littlefs\lfs.c.o
 .text.lfs_dir_fetch
                0x00029f7c      0x140 c:\Users\Spencer\Desktop\Keyboard\Firmware\build\libraries\Adafruit_LittleFS\littlefs\lfs.c.o
 .text.lfs_pred
                0x0002a0bc       0x7c c:\Users\Spencer\Desktop\Keyboard\Firmware\build\libraries\Adafruit_LittleFS\littlefs\lfs.c.o
 .text.lfs_dir_next
                0x0002a138       0xc0 c:\Users\Spencer\Desktop\Keyboard\Firmware\build\libraries\Adafruit_LittleFS\littlefs\lfs.c.o
 .text.lfs_moved.part.0
                0x0002a1f8       0x70 c:\Users\Spencer\Desktop\Keyboard\Firmware\build\libraries\Adafruit_LittleFS\littlefs\lfs.c.o
 .text.lfs_parent.part.0
                0x0002a268       0x7c c:\Users\Spencer\Desktop\Keyboard\Firmware\build\libraries\Adafruit_LittleFS\littlefs\lfs.c.o
 .text.lfs_dir_find
                0x0002a2e4      0x1fc c:\Users\Spencer\Desktop\Keyboard\Firmware\build\libraries\Adafruit_LittleFS\littlefs\lfs.c.o
 .text.lfs_dir_alloc
                0x0002a4e0      0x56c c:\Users\Spencer\Desktop\Keyboard\Firmware\build\libraries\Adafruit_LittleFS\littlefs\lfs.c.o
 .text.lfs_alloc
                0x0002aa4c      0x51c c:\Users\Spencer\Desktop\Keyboard\Firmware\build\libraries\Adafruit_LittleFS\littlefs\lfs.c.o
 .text.lfs_file_relocate
                0x0002af68      0x100 c:\Users\Spencer\Desktop\Keyboard\Firmware\build\libraries\Adafruit_LittleFS\littlefs\lfs.c.o
 .text.lfs_deorphan.part.0
                0x0002b068      0x78c c:\Users\Spencer\Desktop\Keyboard\Firmware\build\libraries\Adafruit_LittleFS\littlefs\lfs.c.o
 .text.lfs_dir_commit
                0x0002b7f4      0x3e0 c:\Users\Spencer\Desktop\Keyboard\Firmware\build\libraries\Adafruit_LittleFS\littlefs\lfs.c.o
 .text.lfs_dir_append
                0x0002bbd4      0xb1c c:\Users\Spencer\Desktop\Keyboard\Firmware\build\libraries\Adafruit_LittleFS\littlefs\lfs.c.o
 .text.lfs_dir_remove
                0x0002c6f0      0x7cc c:\Users\Spencer\Desktop\Keyboard\Firmware\build\libraries\Adafruit_LittleFS\littlefs\lfs.c.o
 .text.lfs_mkdir
                0x0002cebc      0x3b0 c:\Users\Spencer\Desktop\Keyboard\Firmware\build\libraries\Adafruit_LittleFS\littlefs\lfs.c.o
                0x0002cebc                lfs_mkdir
 .text.lfs_dir_open
                0x0002d26c       0x50 c:\Users\Spencer\Desktop\Keyboard\Firmware\build\libraries\Adafruit_LittleFS\littlefs\lfs.c.o
                0x0002d26c                lfs_dir_open
 .text.lfs_dir_close
                0x0002d2bc       0x28 c:\Users\Spencer\Desktop\Keyboard\Firmware\build\libraries\Adafruit_LittleFS\littlefs\lfs.c.o
                0x0002d2bc                lfs_dir_close
 .text.lfs_file_open
                0x0002d2e4      0x164 c:\Users\Spencer\Desktop\Keyboard\Firmware\build\libraries\Adafruit_LittleFS\littlefs\lfs.c.o
                0x0002d2e4                lfs_file_open
 .text.lfs_file_write
                0x0002d448      0x3d8 c:\Users\Spencer\Desktop\Keyboard\Firmware\build\libraries\Adafruit_LittleFS\littlefs\lfs.c.o
                0x0002d448                lfs_file_write
 .text.lfs_file_flush.part.0
                0x0002d820       0xf4 c:\Users\Spencer\Desktop\Keyboard\Firmware\build\libraries\Adafruit_LittleFS\littlefs\lfs.c.o
 .text.lfs_file_sync
                0x0002d914      0x104 c:\Users\Spencer\Desktop\Keyboard\Firmware\build\libraries\Adafruit_LittleFS\littlefs\lfs.c.o
                0x0002d914                lfs_file_sync
 .text.lfs_file_close
                0x0002da18      0x144 c:\Users\Spencer\Desktop\Keyboard\Firmware\build\libraries\Adafruit_LittleFS\littlefs\lfs.c.o
                0x0002da18                lfs_file_close
 .text.lfs_file_read
                0x0002db5c      0x108 c:\Users\Spencer\Desktop\Keyboard\Firmware\build\libraries\Adafruit_LittleFS\littlefs\lfs.c.o
                0x0002db5c                lfs_file_read
 .text.lfs_file_seek
                0x0002dc64       0x60 c:\Users\Spencer\Desktop\Keyboard\Firmware\build\libraries\Adafruit_LittleFS\littlefs\lfs.c.o
                0x0002dc64                lfs_file_seek
 .text.lfs_file_tell
                0x0002dcc4        0x4 c:\Users\Spencer\Desktop\Keyboard\Firmware\build\libraries\Adafruit_LittleFS\littlefs\lfs.c.o
                0x0002dcc4                lfs_file_tell
 .text.lfs_file_size
                0x0002dcc8       0x18 c:\Users\Spencer\Desktop\Keyboard\Firmware\build\libraries\Adafruit_LittleFS\littlefs\lfs.c.o
                0x0002dcc8                lfs_file_size
 .text.lfs_stat
                0x0002dce0       0xb0 c:\Users\Spencer\Desktop\Keyboard\Firmware\build\libraries\Adafruit_LittleFS\littlefs\lfs.c.o
                0x0002dce0                lfs_stat
 .text.lfs_remove
                0x0002dd90      0x3a8 c:\Users\Spencer\Desktop\Keyboard\Firmware\build\libraries\Adafruit_LittleFS\littlefs\lfs.c.o
                0x0002dd90                lfs_remove
 .text.lfs_format
                0x0002e138      0x8c0 c:\Users\Spencer\Desktop\Keyboard\Firmware\build\libraries\Adafruit_LittleFS\littlefs\lfs.c.o
                0x0002e138                lfs_format
 .text.lfs_mount
                0x0002e9f8      0x228 c:\Users\Spencer\Desktop\Keyboard\Firmware\build\libraries\Adafruit_LittleFS\littlefs\lfs.c.o
                0x0002e9f8                lfs_mount
 .text.lfs_unmount
                0x0002ec20       0x3c c:\Users\Spencer\Desktop\Keyboard\Firmware\build\libraries\Adafruit_LittleFS\littlefs\lfs.c.o
                0x0002ec20                lfs_unmount
 .text.lfs_crc  0x0002ec5c       0x44 c:\Users\Spencer\Desktop\Keyboard\Firmware\build\libraries\Adafruit_LittleFS\littlefs\lfs_util.c.o
                0x0002ec5c                lfs_crc
 .text._ZN18InternalFileSystemD2Ev
                0x0002eca0       0x14 c:\Users\Spencer\Desktop\Keyboard\Firmware\build\libraries\InternalFileSytem\InternalFileSystem.cpp.o
                0x0002eca0                InternalFileSystem::~InternalFileSystem()
                0x0002eca0                InternalFileSystem::~InternalFileSystem()
 .text._ZN18InternalFileSystemD0Ev
                0x0002ecb4       0x1c c:\Users\Spencer\Desktop\Keyboard\Firmware\build\libraries\InternalFileSytem\InternalFileSystem.cpp.o
                0x0002ecb4                InternalFileSystem::~InternalFileSystem()
 .text._ZL20_internal_flash_syncPK10lfs_config
                0x0002ecd0        0xc c:\Users\Spencer\Desktop\Keyboard\Firmware\build\libraries\InternalFileSytem\InternalFileSystem.cpp.o
 .text._ZL21_internal_flash_erasePK10lfs_configm
                0x0002ecdc       0x2c c:\Users\Spencer\Desktop\Keyboard\Firmware\build\libraries\InternalFileSytem\InternalFileSystem.cpp.o
 .text._ZL20_internal_flash_progPK10lfs_configmmPKvm
                0x0002ed08       0x1c c:\Users\Spencer\Desktop\Keyboard\Firmware\build\libraries\InternalFileSytem\InternalFileSystem.cpp.o
 .text._ZL20_internal_flash_readPK10lfs_configmmPvm
                0x0002ed24       0x20 c:\Users\Spencer\Desktop\Keyboard\Firmware\build\libraries\InternalFileSytem\InternalFileSystem.cpp.o
 .text._ZN18InternalFileSystem5beginEv
                0x0002ed44       0x38 c:\Users\Spencer\Desktop\Keyboard\Firmware\build\libraries\InternalFileSytem\InternalFileSystem.cpp.o
                0x0002ed44                InternalFileSystem::begin()
 .text.startup._GLOBAL__sub_I_InternalFS
                0x0002ed7c       0x34 c:\Users\Spencer\Desktop\Keyboard\Firmware\build\libraries\InternalFileSytem\InternalFileSystem.cpp.o
 .text.flash_cache_flush
                0x0002edb0       0x40 c:\Users\Spencer\Desktop\Keyboard\Firmware\build\libraries\InternalFileSytem\flash\flash_cache.c.o
                0x0002edb0                flash_cache_flush
 .text.flash_cache_write
                0x0002edf0       0x80 c:\Users\Spencer\Desktop\Keyboard\Firmware\build\libraries\InternalFileSytem\flash\flash_cache.c.o
                0x0002edf0                flash_cache_write
 .text.flash_cache_read
                0x0002ee70       0x94 c:\Users\Spencer\Desktop\Keyboard\Firmware\build\libraries\InternalFileSytem\flash\flash_cache.c.o
                0x0002ee70                flash_cache_read
 .text.sd_flash_write
                0x0002ef04        0x4 c:\Users\Spencer\Desktop\Keyboard\Firmware\build\libraries\InternalFileSytem\flash\flash_nrf5x.c.o
 .text.sd_flash_page_erase
                0x0002ef08        0x4 c:\Users\Spencer\Desktop\Keyboard\Firmware\build\libraries\InternalFileSytem\flash\flash_nrf5x.c.o
 .text.sd_softdevice_is_enabled
                0x0002ef0c        0x4 c:\Users\Spencer\Desktop\Keyboard\Firmware\build\libraries\InternalFileSytem\flash\flash_nrf5x.c.o
 .text.fal_verify
                0x0002ef10       0x10 c:\Users\Spencer\Desktop\Keyboard\Firmware\build\libraries\InternalFileSytem\flash\flash_nrf5x.c.o
 .text.fal_read
                0x0002ef20        0xc c:\Users\Spencer\Desktop\Keyboard\Firmware\build\libraries\InternalFileSytem\flash\flash_nrf5x.c.o
 .text.fal_program
                0x0002ef2c       0x60 c:\Users\Spencer\Desktop\Keyboard\Firmware\build\libraries\InternalFileSytem\flash\flash_nrf5x.c.o
 .text.fal_erase
                0x0002ef8c       0x68 c:\Users\Spencer\Desktop\Keyboard\Firmware\build\libraries\InternalFileSytem\flash\flash_nrf5x.c.o
 .text.flash_nrf5x_event_cb
                0x0002eff4       0x18 c:\Users\Spencer\Desktop\Keyboard\Firmware\build\libraries\InternalFileSytem\flash\flash_nrf5x.c.o
                0x0002eff4                flash_nrf5x_event_cb
 .text.flash_nrf5x_flush
                0x0002f00c        0xc c:\Users\Spencer\Desktop\Keyboard\Firmware\build\libraries\InternalFileSytem\flash\flash_nrf5x.c.o
                0x0002f00c                flash_nrf5x_flush
 .text.flash_nrf5x_write
                0x0002f018       0x30 c:\Users\Spencer\Desktop\Keyboard\Firmware\build\libraries\InternalFileSytem\flash\flash_nrf5x.c.o
                0x0002f018                flash_nrf5x_write
 .text.flash_nrf5x_read
                0x0002f048       0x18 c:\Users\Spencer\Desktop\Keyboard\Firmware\build\libraries\InternalFileSytem\flash\flash_nrf5x.c.o
                0x0002f048                flash_nrf5x_read
 .text.flash_nrf5x_erase
                0x0002f060       0x68 c:\Users\Spencer\Desktop\Keyboard\Firmware\build\libraries\InternalFileSytem\flash\flash_nrf5x.c.o
                0x0002f060                flash_nrf5x_erase
 .text._Z11initVariantv
                0x0002f0c8       0x24 c:\Users\Spencer\Desktop\Keyboard\Firmware\build\core\variant.cpp.o
                0x0002f0c8                initVariant()
 .text          0x0002f0ec       0x54 c:\Users\Spencer\Desktop\Keyboard\Firmware\build/core\core.a(gcc_startup_nrf52.S.o)
                0x0002f0ec                Reset_Handler
                0x0002f12c                NMI_Handler
                0x0002f12e                HardFault_Handler
                0x0002f130                MemoryManagement_Handler
                0x0002f132                BusFault_Handler
                0x0002f134                UsageFault_Handler
                0x0002f138                DebugMon_Handler
                0x0002f13c                SysTick_Handler
                0x0002f13e                SWI0_EGU0_IRQHandler
                0x0002f13e                POWER_CLOCK_IRQHandler
                0x0002f13e                RADIO_IRQHandler
                0x0002f13e                PDM_IRQHandler
                0x0002f13e                TEMP_IRQHandler
                0x0002f13e                QDEC_IRQHandler
                0x0002f13e                TIMER3_IRQHandler
                0x0002f13e                FPU_IRQHandler
                0x0002f13e                SPIM0_SPIS0_TWIM0_TWIS0_SPI0_TWI0_IRQHandler
                0x0002f13e                PWM1_IRQHandler
                0x0002f13e                TIMER4_IRQHandler
                0x0002f13e                I2S_IRQHandler
                0x0002f13e                RTC0_IRQHandler
                0x0002f13e                TIMER0_IRQHandler
                0x0002f13e                GPIOTE_IRQHandler
                0x0002f13e                TIMER1_IRQHandler
                0x0002f13e                PWM2_IRQHandler
                0x0002f13e                ECB_IRQHandler
                0x0002f13e                SPIM1_SPIS1_TWIM1_TWIS1_SPI1_TWI1_IRQHandler
                0x0002f13e                Default_Handler
                0x0002f13e                SAADC_IRQHandler
                0x0002f13e                CCM_AAR_IRQHandler
                0x0002f13e                WDT_IRQHandler
                0x0002f13e                SWI5_EGU5_IRQHandler
                0x0002f13e                RNG_IRQHandler
                0x0002f13e                RTC2_IRQHandler
                0x0002f13e                PWM0_IRQHandler
                0x0002f13e                SWI3_EGU3_IRQHandler
                0x0002f13e                SWI1_EGU1_IRQHandler
                0x0002f13e                SPIM2_SPIS2_SPI2_IRQHandler
                0x0002f13e                NFCT_IRQHandler
                0x0002f13e                SWI4_EGU4_IRQHandler
                0x0002f13e                MWU_IRQHandler
                0x0002f13e                TIMER2_IRQHandler
                0x0002f13e                COMP_LPCOMP_IRQHandler
 .text.delay    0x0002f140       0x14 c:\Users\Spencer\Desktop\Keyboard\Firmware\build/core\core.a(delay.c.o)
                0x0002f140                delay
 .text.pvPortMalloc
                0x0002f154       0x24 c:\Users\Spencer\Desktop\Keyboard\Firmware\build/core\core.a(heap_3.c.o)
                0x0002f154                pvPortMalloc
 .text.vPortFree
                0x0002f178       0x1c c:\Users\Spencer\Desktop\Keyboard\Firmware\build/core\core.a(heap_3.c.o)
                0x0002f178                vPortFree
 .text.xQueueGenericCreateStatic
                0x0002f194       0x60 c:\Users\Spencer\Desktop\Keyboard\Firmware\build/core\core.a(queue.c.o)
                0x0002f194                xQueueGenericCreateStatic
 .text.xQueueGenericCreate
                0x0002f1f4       0x84 c:\Users\Spencer\Desktop\Keyboard\Firmware\build/core\core.a(queue.c.o)
                0x0002f1f4                xQueueGenericCreate
 .text.xQueueCreateCountingSemaphore
                0x0002f278       0x64 c:\Users\Spencer\Desktop\Keyboard\Firmware\build/core\core.a(queue.c.o)
                0x0002f278                xQueueCreateCountingSemaphore
 .text.xQueueGenericSend
                0x0002f2dc      0x360 c:\Users\Spencer\Desktop\Keyboard\Firmware\build/core\core.a(queue.c.o)
                0x0002f2dc                xQueueGenericSend
 .text.xQueueCreateMutexStatic
                0x0002f63c       0x6c c:\Users\Spencer\Desktop\Keyboard\Firmware\build/core\core.a(queue.c.o)
                0x0002f63c                xQueueCreateMutexStatic
 .text.xQueueCreateMutex
                0x0002f6a8       0x70 c:\Users\Spencer\Desktop\Keyboard\Firmware\build/core\core.a(queue.c.o)
                0x0002f6a8                xQueueCreateMutex
 .text.xQueueGenericSendFromISR
                0x0002f718       0xfc c:\Users\Spencer\Desktop\Keyboard\Firmware\build/core\core.a(queue.c.o)
                0x0002f718                xQueueGenericSendFromISR
 .text.xQueueGiveFromISR
                0x0002f814       0x60 c:\Users\Spencer\Desktop\Keyboard\Firmware\build/core\core.a(queue.c.o)
                0x0002f814                xQueueGiveFromISR
 .text.xQueueReceive
                0x0002f874      0x2b8 c:\Users\Spencer\Desktop\Keyboard\Firmware\build/core\core.a(queue.c.o)
                0x0002f874                xQueueReceive
 .text.xQueueSemaphoreTake
                0x0002fb2c      0x2f8 c:\Users\Spencer\Desktop\Keyboard\Firmware\build/core\core.a(queue.c.o)
                0x0002fb2c                xQueueSemaphoreTake
 .text.vQueueDelete
                0x0002fe24       0x48 c:\Users\Spencer\Desktop\Keyboard\Firmware\build/core\core.a(queue.c.o)
                0x0002fe24                vQueueDelete
 .text.vQueueAddToRegistry
                0x0002fe6c       0x24 c:\Users\Spencer\Desktop\Keyboard\Firmware\build/core\core.a(queue.c.o)
                0x0002fe6c                vQueueAddToRegistry
 .text.vQueueWaitForMessageRestricted
                0x0002fe90       0xcc c:\Users\Spencer\Desktop\Keyboard\Firmware\build/core\core.a(queue.c.o)
                0x0002fe90                vQueueWaitForMessageRestricted
 .text.prvAddNewTaskToReadyList
                0x0002ff5c      0x124 c:\Users\Spencer\Desktop\Keyboard\Firmware\build/core\core.a(tasks.c.o)
 .text.xTaskCreateStatic
                0x00030080       0xe0 c:\Users\Spencer\Desktop\Keyboard\Firmware\build/core\core.a(tasks.c.o)
                0x00030080                xTaskCreateStatic
 .text.xTaskCreate
                0x00030160       0xf0 c:\Users\Spencer\Desktop\Keyboard\Firmware\build/core\core.a(tasks.c.o)
                0x00030160                xTaskCreate
 .text.vTaskSuspend
                0x00030250      0x180 c:\Users\Spencer\Desktop\Keyboard\Firmware\build/core\core.a(tasks.c.o)
                0x00030250                vTaskSuspend
 .text.vTaskResume
                0x000303d0       0x94 c:\Users\Spencer\Desktop\Keyboard\Firmware\build/core\core.a(tasks.c.o)
                0x000303d0                vTaskResume
 .text.vTaskStartScheduler
                0x00030464       0xcc c:\Users\Spencer\Desktop\Keyboard\Firmware\build/core\core.a(tasks.c.o)
                0x00030464                vTaskStartScheduler
 .text.vTaskSuspendAll
                0x00030530       0x10 c:\Users\Spencer\Desktop\Keyboard\Firmware\build/core\core.a(tasks.c.o)
                0x00030530                vTaskSuspendAll
 .text.xTaskGetTickCount
                0x00030540        0xc c:\Users\Spencer\Desktop\Keyboard\Firmware\build/core\core.a(tasks.c.o)
                0x00030540                xTaskGetTickCount
 .text.vTaskStepTick
                0x0003054c       0x10 c:\Users\Spencer\Desktop\Keyboard\Firmware\build/core\core.a(tasks.c.o)
                0x0003054c                vTaskStepTick
 .text.xTaskIncrementTick
                0x0003055c      0x134 c:\Users\Spencer\Desktop\Keyboard\Firmware\build/core\core.a(tasks.c.o)
                0x0003055c                xTaskIncrementTick
 .text.xTaskResumeAll
                0x00030690      0x120 c:\Users\Spencer\Desktop\Keyboard\Firmware\build/core\core.a(tasks.c.o)
                0x00030690                xTaskResumeAll
 .text.vTaskDelay
                0x000307b0       0x84 c:\Users\Spencer\Desktop\Keyboard\Firmware\build/core\core.a(tasks.c.o)
                0x000307b0                vTaskDelay
 .text.prvIdleTask
                0x00030834      0x118 c:\Users\Spencer\Desktop\Keyboard\Firmware\build/core\core.a(tasks.c.o)
 .text.vTaskSwitchContext
                0x0003094c       0xbc c:\Users\Spencer\Desktop\Keyboard\Firmware\build/core\core.a(tasks.c.o)
                0x0003094c                vTaskSwitchContext
 .text.vTaskPlaceOnEventList
                0x00030a08       0x78 c:\Users\Spencer\Desktop\Keyboard\Firmware\build/core\core.a(tasks.c.o)
                0x00030a08                vTaskPlaceOnEventList
 .text.vTaskPlaceOnEventListRestricted
                0x00030a80       0x80 c:\Users\Spencer\Desktop\Keyboard\Firmware\build/core\core.a(tasks.c.o)
                0x00030a80                vTaskPlaceOnEventListRestricted
 .text.xTaskRemoveFromEventList
                0x00030b00       0xa4 c:\Users\Spencer\Desktop\Keyboard\Firmware\build/core\core.a(tasks.c.o)
                0x00030b00                xTaskRemoveFromEventList
 .text.vTaskInternalSetTimeOutState
                0x00030ba4       0x18 c:\Users\Spencer\Desktop\Keyboard\Firmware\build/core\core.a(tasks.c.o)
                0x00030ba4                vTaskInternalSetTimeOutState
 .text.xTaskCheckForTimeOut
                0x00030bbc       0x68 c:\Users\Spencer\Desktop\Keyboard\Firmware\build/core\core.a(tasks.c.o)
                0x00030bbc                xTaskCheckForTimeOut
 .text.vTaskMissedYield
                0x00030c24        0xc c:\Users\Spencer\Desktop\Keyboard\Firmware\build/core\core.a(tasks.c.o)
                0x00030c24                vTaskMissedYield
 .text.eTaskConfirmSleepModeStatus
                0x00030c30       0x38 c:\Users\Spencer\Desktop\Keyboard\Firmware\build/core\core.a(tasks.c.o)
                0x00030c30                eTaskConfirmSleepModeStatus
 .text.xTaskGetSchedulerState
                0x00030c68       0x20 c:\Users\Spencer\Desktop\Keyboard\Firmware\build/core\core.a(tasks.c.o)
                0x00030c68                xTaskGetSchedulerState
 .text.xTaskPriorityInherit
                0x00030c88       0x8c c:\Users\Spencer\Desktop\Keyboard\Firmware\build/core\core.a(tasks.c.o)
                0x00030c88                xTaskPriorityInherit
 .text.xTaskPriorityDisinherit
                0x00030d14       0x60 c:\Users\Spencer\Desktop\Keyboard\Firmware\build/core\core.a(tasks.c.o)
                0x00030d14                xTaskPriorityDisinherit
 .text.vTaskPriorityDisinheritAfterTimeout
                0x00030d74       0x74 c:\Users\Spencer\Desktop\Keyboard\Firmware\build/core\core.a(tasks.c.o)
                0x00030d74                vTaskPriorityDisinheritAfterTimeout
 .text.pvTaskIncrementMutexHeldCount
                0x00030de8       0x18 c:\Users\Spencer\Desktop\Keyboard\Firmware\build/core\core.a(tasks.c.o)
                0x00030de8                pvTaskIncrementMutexHeldCount
 .text.prvSwitchTimerLists
                0x00030e00       0x88 c:\Users\Spencer\Desktop\Keyboard\Firmware\build/core\core.a(timers.c.o)
 .text.prvTimerTask
                0x00030e88      0x240 c:\Users\Spencer\Desktop\Keyboard\Firmware\build/core\core.a(timers.c.o)
 .text.xTimerCreateTimerTask
                0x000310c8       0xac c:\Users\Spencer\Desktop\Keyboard\Firmware\build/core\core.a(timers.c.o)
                0x000310c8                xTimerCreateTimerTask
 .text.xTimerCreate
                0x00031174       0xac c:\Users\Spencer\Desktop\Keyboard\Firmware\build/core\core.a(timers.c.o)
                0x00031174                xTimerCreate
 .text.xTimerGenericCommand
                0x00031220       0x58 c:\Users\Spencer\Desktop\Keyboard\Firmware\build/core\core.a(timers.c.o)
                0x00031220                xTimerGenericCommand
 .text.xTimerIsTimerActive
                0x00031278       0x20 c:\Users\Spencer\Desktop\Keyboard\Firmware\build/core\core.a(timers.c.o)
                0x00031278                xTimerIsTimerActive
 .text.prvTaskExitError
                0x00031298        0x8 c:\Users\Spencer\Desktop\Keyboard\Firmware\build/core\core.a(port_cmsis.c.o)
 .text.pxPortInitialiseStack
                0x000312a0       0x2c c:\Users\Spencer\Desktop\Keyboard\Firmware\build/core\core.a(port_cmsis.c.o)
                0x000312a0                pxPortInitialiseStack
 .text.xPortStartScheduler
                0x000312cc       0x4c c:\Users\Spencer\Desktop\Keyboard\Firmware\build/core\core.a(port_cmsis.c.o)
                0x000312cc                xPortStartScheduler
 .text.vPortEnterCritical
                0x00031318       0x14 c:\Users\Spencer\Desktop\Keyboard\Firmware\build/core\core.a(port_cmsis.c.o)
                0x00031318                vPortEnterCritical
 .text.vPortExitCritical
                0x0003132c       0x14 c:\Users\Spencer\Desktop\Keyboard\Firmware\build/core\core.a(port_cmsis.c.o)
                0x0003132c                vPortExitCritical
 .text.sd_app_evt_wait
                0x00031340        0x4 c:\Users\Spencer\Desktop\Keyboard\Firmware\build/core\core.a(port_cmsis_systick.c.o)
 .text.sd_softdevice_is_enabled
                0x00031344        0x4 c:\Users\Spencer\Desktop\Keyboard\Firmware\build/core\core.a(port_cmsis_systick.c.o)
 .text.RTC1_IRQHandler
                0x00031348       0x88 c:\Users\Spencer\Desktop\Keyboard\Firmware\build/core\core.a(port_cmsis_systick.c.o)
                0x00031348                RTC1_IRQHandler
 .text.vPortSetupTimerInterrupt
                0x000313d0       0x3c c:\Users\Spencer\Desktop\Keyboard\Firmware\build/core\core.a(port_cmsis_systick.c.o)
                0x000313d0                vPortSetupTimerInterrupt
 .text.vPortSuppressTicksAndSleep
                0x0003140c      0x1c0 c:\Users\Spencer\Desktop\Keyboard\Firmware\build/core\core.a(port_cmsis_systick.c.o)
                0x0003140c                vPortSuppressTicksAndSleep
 .text.vPortStartFirstTask
                0x000315cc       0x24 c:\Users\Spencer\Desktop\Keyboard\Firmware\build/core\core.a(port.c.o)
                0x000315cc                vPortStartFirstTask
 .text.SVC_Handler
                0x000315f0       0x20 c:\Users\Spencer\Desktop\Keyboard\Firmware\build/core\core.a(port.c.o)
                0x000315f0                SVC_Handler
 .text.PendSV_Handler
                0x00031610       0x60 c:\Users\Spencer\Desktop\Keyboard\Firmware\build/core\core.a(port.c.o)
                0x00031610                PendSV_Handler
 .text.__empty  0x00031670        0x4 c:\Users\Spencer\Desktop\Keyboard\Firmware\build/core\core.a(hooks.c.o)
                0x00031670                vApplicationIdleHook
 .text.SystemInit
                0x00031674      0x388 c:\Users\Spencer\Desktop\Keyboard\Firmware\build/core\core.a(system_nrf52.c.o)
                0x00031674                SystemInit
 .text.adafruit_callback_task
                0x000319fc       0xa4 c:\Users\Spencer\Desktop\Keyboard\Firmware\build/core\core.a(AdaCallback.c.o)
                0x000319fc                adafruit_callback_task
 .text.ada_callback_queue
                0x00031aa0       0xd8 c:\Users\Spencer\Desktop\Keyboard\Firmware\build/core\core.a(AdaCallback.c.o)
                0x00031aa0                ada_callback_queue
 .text.ada_callback_invoke
                0x00031b78       0xd4 c:\Users\Spencer\Desktop\Keyboard\Firmware\build/core\core.a(AdaCallback.c.o)
                0x00031b78                ada_callback_invoke
 .text.ada_callback_init
                0x00031c4c       0x48 c:\Users\Spencer\Desktop\Keyboard\Firmware\build/core\core.a(AdaCallback.c.o)
                0x00031c4c                ada_callback_init
 .text.getBootloaderVersion
                0x00031c94       0x80 c:\Users\Spencer\Desktop\Keyboard\Firmware\build/core\core.a(utilities.c.o)
                0x00031c94                getBootloaderVersion
 .text.getMcuUniqueID
                0x00031d14       0x28 c:\Users\Spencer\Desktop\Keyboard\Firmware\build/core\core.a(utilities.c.o)
                0x00031d14                getMcuUniqueID
 .text.init     0x00031d3c       0x5c c:\Users\Spencer\Desktop\Keyboard\Firmware\build/core\core.a(wiring.c.o)
                0x00031d3c                init
 .text.pinMode  0x00031d98       0x84 c:\Users\Spencer\Desktop\Keyboard\Firmware\build/core\core.a(wiring_digital.c.o)
                0x00031d98                pinMode
 .text.digitalWrite
                0x00031e1c       0x2c c:\Users\Spencer\Desktop\Keyboard\Firmware\build/core\core.a(wiring_digital.c.o)
                0x00031e1c                digitalWrite
 .text.digitalToggle
                0x00031e48       0x40 c:\Users\Spencer\Desktop\Keyboard\Firmware\build/core\core.a(wiring_digital.c.o)
                0x00031e48                digitalToggle
 .text.ledOn    0x00031e88       0x1c c:\Users\Spencer\Desktop\Keyboard\Firmware\build/core\core.a(wiring_digital.c.o)
                0x00031e88                ledOn
 .text.ledOff   0x00031ea4       0x1c c:\Users\Spencer\Desktop\Keyboard\Firmware\build/core\core.a(wiring_digital.c.o)
                0x00031ea4                ledOff
 .text._ZN5Print5writeEPKhj
                0x00031ec0       0x2c c:\Users\Spencer\Desktop\Keyboard\Firmware\build/core\core.a(Print.cpp.o)
                0x00031ec0                Print::write(unsigned char const*, unsigned int)
 .text._ZN5Print7printlnEv
                0x00031eec       0x40 c:\Users\Spencer\Desktop\Keyboard\Firmware\build/core\core.a(Print.cpp.o)
                0x00031eec                Print::println()
 .text._ZN5Print7printlnEPKc
                0x00031f2c       0xa0 c:\Users\Spencer\Desktop\Keyboard\Firmware\build/core\core.a(Print.cpp.o)
                0x00031f2c                Print::println(char const*)
 .text._ZN4UartcvbEv
                0x00031fcc        0x8 c:\Users\Spencer\Desktop\Keyboard\Firmware\build/core\core.a(Uart.cpp.o)
                0x00031fcc                Uart::operator bool()
 .text._ZN4Uart3endEv
                0x00031fd4       0x70 c:\Users\Spencer\Desktop\Keyboard\Firmware\build/core\core.a(Uart.cpp.o)
                0x00031fd4                Uart::end()
 .text._ZN4Uart9availableEv
                0x00032044        0x8 c:\Users\Spencer\Desktop\Keyboard\Firmware\build/core\core.a(Uart.cpp.o)
                0x00032044                Uart::available()
 .text._ZN4Uart4peekEv
                0x0003204c        0x8 c:\Users\Spencer\Desktop\Keyboard\Firmware\build/core\core.a(Uart.cpp.o)
                0x0003204c                Uart::peek()
 .text._ZN4Uart4readEv
                0x00032054        0x8 c:\Users\Spencer\Desktop\Keyboard\Firmware\build/core\core.a(Uart.cpp.o)
                0x00032054                Uart::read()
 .text._ZN4Uart5flushEv
                0x0003205c       0x2c c:\Users\Spencer\Desktop\Keyboard\Firmware\build/core\core.a(Uart.cpp.o)
                0x0003205c                Uart::flush()
 .text._ZN4Uart5writeEh
                0x00032088       0x48 c:\Users\Spencer\Desktop\Keyboard\Firmware\build/core\core.a(Uart.cpp.o)
                0x00032088                Uart::write(unsigned char)
 .text._ZN4Uart5writeEPKhj
                0x000320d0       0x54 c:\Users\Spencer\Desktop\Keyboard\Firmware\build/core\core.a(Uart.cpp.o)
                0x000320d0                Uart::write(unsigned char const*, unsigned int)
 .text._ZN4Uart5beginEm
                0x00032124      0x1bc c:\Users\Spencer\Desktop\Keyboard\Firmware\build/core\core.a(Uart.cpp.o)
                0x00032124                Uart::begin(unsigned long)
 .text._ZN4Uart5beginEmt
                0x000322e0      0x1a0 c:\Users\Spencer\Desktop\Keyboard\Firmware\build/core\core.a(Uart.cpp.o)
                0x000322e0                Uart::begin(unsigned long, unsigned short)
 .text._Z14serialEventRunv
                0x00032480       0x20 c:\Users\Spencer\Desktop\Keyboard\Firmware\build/core\core.a(Uart.cpp.o)
                0x00032480                serialEventRun()
 .text.UARTE0_UART0_IRQHandler
                0x000324a0       0x4c c:\Users\Spencer\Desktop\Keyboard\Firmware\build/core\core.a(Uart.cpp.o)
                0x000324a0                UARTE0_UART0_IRQHandler
 .text.startup._GLOBAL__sub_I__ZN4UartC2EP14NRF_UARTE_Type9IRQn_Typehh
                0x000324ec       0x4c c:\Users\Spencer\Desktop\Keyboard\Firmware\build/core\core.a(Uart.cpp.o)
 .text._ZL9loop_taskPv
                0x00032538       0x54 c:\Users\Spencer\Desktop\Keyboard\Firmware\build/core\core.a(main.cpp.o)
 .text.startup.main
                0x0003258c       0x5c c:\Users\Spencer\Desktop\Keyboard\Firmware\build/core\core.a(main.cpp.o)
                0x0003258c                main
 .text._write   0x000325e8       0x14 c:\Users\Spencer\Desktop\Keyboard\Firmware\build/core\core.a(main.cpp.o)
                0x000325e8                _write
 .text._Znwj    0x000325fc       0x20 c:\Users\Spencer\Desktop\Keyboard\Firmware\build/core\core.a(new.cpp.o)
                0x000325fc                operator new(unsigned int)
 .text._Znaj    0x0003261c       0x20 c:\Users\Spencer\Desktop\Keyboard\Firmware\build/core\core.a(new.cpp.o)
                0x0003261c                operator new[](unsigned int)
 .text._ZdlPv   0x0003263c       0x20 c:\Users\Spencer\Desktop\Keyboard\Firmware\build/core\core.a(new.cpp.o)
                0x0003263c                operator delete(void*)
 .text._sbrk    0x0003265c       0x2c c:\Users\Spencer\Desktop\Keyboard\Firmware\build/core\core.a(new.cpp.o)
                0x0003265c                _sbrk
 .text.__malloc_lock
                0x00032688        0x4 c:\Users\Spencer\Desktop\Keyboard\Firmware\build/core\core.a(new.cpp.o)
                0x00032688                __malloc_lock
 .text.__malloc_unlock
                0x0003268c        0x4 c:\Users\Spencer\Desktop\Keyboard\Firmware\build/core\core.a(new.cpp.o)
                0x0003268c                __malloc_unlock
 .text.yield    0x00032690       0x18 c:\Users\Spencer\Desktop\Keyboard\Firmware\build/core\core.a(rtos.cpp.o)
                0x00032690                yield
 .text.vApplicationStackOverflowHook
                0x000326a8        0x4 c:\Users\Spencer\Desktop\Keyboard\Firmware\build/core\core.a(rtos.cpp.o)
                0x000326a8                vApplicationStackOverflowHook
 .text.vApplicationMallocFailedHook
                0x000326ac        0x4 c:\Users\Spencer\Desktop\Keyboard\Firmware\build/core\core.a(rtos.cpp.o)
                0x000326ac                vApplicationMallocFailedHook
 .text.vApplicationGetIdleTaskMemory
                0x000326b0       0x1c c:\Users\Spencer\Desktop\Keyboard\Firmware\build/core\core.a(rtos.cpp.o)
                0x000326b0                vApplicationGetIdleTaskMemory
 .text.vApplicationGetTimerTaskMemory
                0x000326cc       0x20 c:\Users\Spencer\Desktop\Keyboard\Firmware\build/core\core.a(rtos.cpp.o)
                0x000326cc                vApplicationGetTimerTaskMemory
 .text.vListInitialise
                0x000326ec       0x18 c:\Users\Spencer\Desktop\Keyboard\Firmware\build/core\core.a(list.c.o)
                0x000326ec                vListInitialise
 .text.vListInitialiseItem
                0x00032704        0x8 c:\Users\Spencer\Desktop\Keyboard\Firmware\build/core\core.a(list.c.o)
                0x00032704                vListInitialiseItem
 .text.vListInsertEnd
                0x0003270c       0x20 c:\Users\Spencer\Desktop\Keyboard\Firmware\build/core\core.a(list.c.o)
                0x0003270c                vListInsertEnd
 .text.vListInsert
                0x0003272c       0x30 c:\Users\Spencer\Desktop\Keyboard\Firmware\build/core\core.a(list.c.o)
                0x0003272c                vListInsert
 .text.uxListRemove
                0x0003275c       0x28 c:\Users\Spencer\Desktop\Keyboard\Firmware\build/core\core.a(list.c.o)
                0x0003275c                uxListRemove
 .text._ZN10RingBufferC2Ev
                0x00032784       0x18 c:\Users\Spencer\Desktop\Keyboard\Firmware\build/core\core.a(RingBuffer.cpp.o)
                0x00032784                RingBuffer::RingBuffer()
                0x00032784                RingBuffer::RingBuffer()
 .text._ZN10RingBuffer10store_charEh
                0x0003279c       0x1c c:\Users\Spencer\Desktop\Keyboard\Firmware\build/core\core.a(RingBuffer.cpp.o)
                0x0003279c                RingBuffer::store_char(unsigned char)
 .text._ZN10RingBuffer5clearEv
                0x000327b8        0x8 c:\Users\Spencer\Desktop\Keyboard\Firmware\build/core\core.a(RingBuffer.cpp.o)
                0x000327b8                RingBuffer::clear()
 .text._ZN10RingBuffer9read_charEv
                0x000327c0       0x1c c:\Users\Spencer\Desktop\Keyboard\Firmware\build/core\core.a(RingBuffer.cpp.o)
                0x000327c0                RingBuffer::read_char()
 .text._ZN10RingBuffer9availableEv
                0x000327dc        0xc c:\Users\Spencer\Desktop\Keyboard\Firmware\build/core\core.a(RingBuffer.cpp.o)
                0x000327dc                RingBuffer::available()
 .text._ZN10RingBuffer4peekEv
                0x000327e8       0x10 c:\Users\Spencer\Desktop\Keyboard\Firmware\build/core\core.a(RingBuffer.cpp.o)
                0x000327e8                RingBuffer::peek()
 .text          0x000327f8      0x378 c:/users/spencer/appdata/local/arduino15/packages/adafruit/tools/arm-none-eabi-gcc/9-2019q4/bin/../lib/gcc/arm-none-eabi/9.2.1/thumb/v7e-m+fp/hard\libgcc.a(_arm_addsubdf3.o)
                0x000327f8                __aeabi_drsub
                0x00032800                __aeabi_dsub
                0x00032800                __subdf3
                0x00032804                __aeabi_dadd
                0x00032804                __adddf3
                0x00032a7c                __floatunsidf
                0x00032a7c                __aeabi_ui2d
                0x00032a9c                __floatsidf
                0x00032a9c                __aeabi_i2d
                0x00032ac0                __aeabi_f2d
                0x00032ac0                __extendsfdf2
                0x00032b04                __floatundidf
                0x00032b04                __aeabi_ul2d
                0x00032b14                __floatdidf
                0x00032b14                __aeabi_l2d
 .text          0x00032b70       0x28 c:/users/spencer/appdata/local/arduino15/packages/adafruit/tools/arm-none-eabi-gcc/9-2019q4/bin/../lib/gcc/arm-none-eabi/9.2.1/thumb/v7e-m+fp/hard\libgcc.a(_popcountsi2.o)
                0x00032b70                __popcountsi2
 .text.__aeabi_atexit
                0x00032b98        0xa c:/users/spencer/appdata/local/arduino15/packages/adafruit/tools/arm-none-eabi-gcc/9-2019q4/bin/../lib/gcc/arm-none-eabi/9.2.1/../../../../arm-none-eabi/lib/thumb/v7e-m+fp/hard\libc_nano.a(lib_a-aeabi_atexit.o)
                0x00032b98                __aeabi_atexit
 *fill*         0x00032ba2        0x2 
 .text.__assert_func
                0x00032ba4       0x3c c:/users/spencer/appdata/local/arduino15/packages/adafruit/tools/arm-none-eabi-gcc/9-2019q4/bin/../lib/gcc/arm-none-eabi/9.2.1/../../../../arm-none-eabi/lib/thumb/v7e-m+fp/hard\libc_nano.a(lib_a-assert.o)
                0x00032ba4                __assert_func
 .text.__cxa_atexit
                0x00032be0       0x1c c:/users/spencer/appdata/local/arduino15/packages/adafruit/tools/arm-none-eabi-gcc/9-2019q4/bin/../lib/gcc/arm-none-eabi/9.2.1/../../../../arm-none-eabi/lib/thumb/v7e-m+fp/hard\libc_nano.a(lib_a-cxa_atexit.o)
                0x00032be0                __cxa_atexit
 .text.__errno  0x00032bfc        0xc c:/users/spencer/appdata/local/arduino15/packages/adafruit/tools/arm-none-eabi-gcc/9-2019q4/bin/../lib/gcc/arm-none-eabi/9.2.1/../../../../arm-none-eabi/lib/thumb/v7e-m+fp/hard\libc_nano.a(lib_a-errno.o)
                0x00032bfc                __errno
 .text.exit     0x00032c08       0x28 c:/users/spencer/appdata/local/arduino15/packages/adafruit/tools/arm-none-eabi-gcc/9-2019q4/bin/../lib/gcc/arm-none-eabi/9.2.1/../../../../arm-none-eabi/lib/thumb/v7e-m+fp/hard\libc_nano.a(lib_a-exit.o)
                0x00032c08                exit
 .text.fprintf  0x00032c30       0x24 c:/users/spencer/appdata/local/arduino15/packages/adafruit/tools/arm-none-eabi-gcc/9-2019q4/bin/../lib/gcc/arm-none-eabi/9.2.1/../../../../arm-none-eabi/lib/thumb/v7e-m+fp/hard\libc_nano.a(lib_a-fprintf.o)
                0x00032c30                fiprintf
                0x00032c30                fprintf
 .text.__libc_init_array
                0x00032c54       0x48 c:/users/spencer/appdata/local/arduino15/packages/adafruit/tools/arm-none-eabi-gcc/9-2019q4/bin/../lib/gcc/arm-none-eabi/9.2.1/../../../../arm-none-eabi/lib/thumb/v7e-m+fp/hard\libc_nano.a(lib_a-init.o)
                0x00032c54                __libc_init_array
 .text.malloc   0x00032c9c       0x10 c:/users/spencer/appdata/local/arduino15/packages/adafruit/tools/arm-none-eabi-gcc/9-2019q4/bin/../lib/gcc/arm-none-eabi/9.2.1/../../../../arm-none-eabi/lib/thumb/v7e-m+fp/hard\libc_nano.a(lib_a-malloc.o)
                0x00032c9c                malloc
 .text.free     0x00032cac       0x10 c:/users/spencer/appdata/local/arduino15/packages/adafruit/tools/arm-none-eabi-gcc/9-2019q4/bin/../lib/gcc/arm-none-eabi/9.2.1/../../../../arm-none-eabi/lib/thumb/v7e-m+fp/hard\libc_nano.a(lib_a-malloc.o)
                0x00032cac                free
 .text.memcmp   0x00032cbc       0x1c c:/users/spencer/appdata/local/arduino15/packages/adafruit/tools/arm-none-eabi-gcc/9-2019q4/bin/../lib/gcc/arm-none-eabi/9.2.1/../../../../arm-none-eabi/lib/thumb/v7e-m+fp/hard\libc_nano.a(lib_a-memcmp.o)
                0x00032cbc                memcmp
 .text.memcpy   0x00032cd8       0x1c c:/users/spencer/appdata/local/arduino15/packages/adafruit/tools/arm-none-eabi-gcc/9-2019q4/bin/../lib/gcc/arm-none-eabi/9.2.1/../../../../arm-none-eabi/lib/thumb/v7e-m+fp/hard\libc_nano.a(lib_a-memcpy-stub.o)
                0x00032cd8                memcpy
 .text.memmove  0x00032cf4       0x34 c:/users/spencer/appdata/local/arduino15/packages/adafruit/tools/arm-none-eabi-gcc/9-2019q4/bin/../lib/gcc/arm-none-eabi/9.2.1/../../../../arm-none-eabi/lib/thumb/v7e-m+fp/hard\libc_nano.a(lib_a-memmove.o)
                0x00032cf4                memmove
 .text.memset   0x00032d28       0x10 c:/users/spencer/appdata/local/arduino15/packages/adafruit/tools/arm-none-eabi-gcc/9-2019q4/bin/../lib/gcc/arm-none-eabi/9.2.1/../../../../arm-none-eabi/lib/thumb/v7e-m+fp/hard\libc_nano.a(lib_a-memset.o)
                0x00032d28                memset
 .text._free_r  0x00032d38       0xa0 c:/users/spencer/appdata/local/arduino15/packages/adafruit/tools/arm-none-eabi-gcc/9-2019q4/bin/../lib/gcc/arm-none-eabi/9.2.1/../../../../arm-none-eabi/lib/thumb/v7e-m+fp/hard\libc_nano.a(lib_a-nano-freer.o)
                0x00032d38                _free_r
 .text._malloc_r
                0x00032dd8       0xb4 c:/users/spencer/appdata/local/arduino15/packages/adafruit/tools/arm-none-eabi-gcc/9-2019q4/bin/../lib/gcc/arm-none-eabi/9.2.1/../../../../arm-none-eabi/lib/thumb/v7e-m+fp/hard\libc_nano.a(lib_a-nano-mallocr.o)
                0x00032dd8                _malloc_r
 .text.__sfputc_r
                0x00032e8c       0x2e c:/users/spencer/appdata/local/arduino15/packages/adafruit/tools/arm-none-eabi-gcc/9-2019q4/bin/../lib/gcc/arm-none-eabi/9.2.1/../../../../arm-none-eabi/lib/thumb/v7e-m+fp/hard\libc_nano.a(lib_a-nano-vfprintf.o)
 .text.__sfputs_r
                0x00032eba       0x24 c:/users/spencer/appdata/local/arduino15/packages/adafruit/tools/arm-none-eabi-gcc/9-2019q4/bin/../lib/gcc/arm-none-eabi/9.2.1/../../../../arm-none-eabi/lib/thumb/v7e-m+fp/hard\libc_nano.a(lib_a-nano-vfprintf.o)
                0x00032eba                __sfputs_r
 *fill*         0x00032ede        0x2 
 .text._vfprintf_r
                0x00032ee0      0x260 c:/users/spencer/appdata/local/arduino15/packages/adafruit/tools/arm-none-eabi-gcc/9-2019q4/bin/../lib/gcc/arm-none-eabi/9.2.1/../../../../arm-none-eabi/lib/thumb/v7e-m+fp/hard\libc_nano.a(lib_a-nano-vfprintf.o)
                0x00032ee0                _vfprintf_r
                0x00032ee0                _vfiprintf_r
 .text.__cvt    0x00033140       0xc4 c:/users/spencer/appdata/local/arduino15/packages/adafruit/tools/arm-none-eabi-gcc/9-2019q4/bin/../lib/gcc/arm-none-eabi/9.2.1/../../../../arm-none-eabi/lib/thumb/v7e-m+fp/hard\libc_nano.a(lib_a-nano-vfprintf_float.o)
                0x00033140                __cvt
 .text.__exponent
                0x00033204       0x7c c:/users/spencer/appdata/local/arduino15/packages/adafruit/tools/arm-none-eabi-gcc/9-2019q4/bin/../lib/gcc/arm-none-eabi/9.2.1/../../../../arm-none-eabi/lib/thumb/v7e-m+fp/hard\libc_nano.a(lib_a-nano-vfprintf_float.o)
                0x00033204                __exponent
 .text._printf_float